# 
# Steps log generated by v++
# This log file contains a collection of steps that describe the kernel compilation flow
# Note: Some steps are tagged as internal, these steps are for debugging purposes and 
#       are not expected to be able to run independently.
# 

# The following environment variables are set when running vitis-run
Environment variables :
------------------------------------------
ALLUSERSPROFILE=C:\ProgramData
APPDATA=C:\Users\Nani\AppData\Roaming
arr.length=0
arr.Ubound=-1
CHARPOP=1
CMAKE_OBJECT_PATH_MAX=4096
CommonProgramFiles=C:\Program Files\Common Files
CommonProgramFiles(x86)=C:\Program Files (x86)\Common Files
CommonProgramW6432=C:\Program Files\Common Files
COMPUTERNAME=LAPTOP-BUVLRENO
ComSpec=C:\WINDOWS\system32\cmd.exe
DriverData=C:\Windows\System32\Drivers\DriverData
EFC_18968=1
FPS_BROWSER_APP_PROFILE_STRING=Internet Explorer
FPS_BROWSER_USER_PROFILE_STRING=Default
HDI_APPROOT=C:/Xilinx/2025.1/Vitis
HDI_PROCESSOR=i686
HOMEDRIVE=C:
HOMEPATH=\Users\Nani
HW_SERVER_DJTG_DISABLE=1
HW_SERVER_FTDIMGR_DISABLE=1
IDE_SKIP_SERVER_LICENSE=1
IDF_TOOLS_PATH=C:\Espressif
INT_VARIABLE_NAME=XILINX_PATH
ISL_IOSTREAMS_RSA=C:/Xilinx/2025.1/Vitis/tps/isl
JAVA_EXE=C:/Xilinx/2025.1/Vitis\tps\win64\jre11.0.16_1\bin\java.exe
JAVA_HOME=C:/Xilinx/2025.1/Vitis\tps\win64\jre11.0.16_1
LC_NUMERIC=C
LIBCLANG_PATH=C:\Users\Nani\.rustup\toolchains\esp\xtensa-esp32-elf-clang\esp-16.0.0-20230516\esp-clang\bin\libclang.dll
LM_LICENSE_FILE=C:\flexlm\LR-275437_License.dat
LOCALAPPDATA=C:\Users\Nani\AppData\Local
LOGONSERVER=\\LAPTOP-BUVLRENO
LOPPER_DTC_FLAGS=-b 0 -@
NOSPLASH=false
NUMBER_OF_PROCESSORS=16
OneDrive=C:\Users\Nani\OneDrive
OneDriveConsumer=C:\Users\Nani\OneDrive
ORIGINAL_XDG_CURRENT_DESKTOP=undefined
OS=Windows_NT
PATH=C:/Xilinx/2025.1/Vivado/tps/win64/binutils-2.26/bin;C:/Xilinx/2025.1/Vitis/bin/../gnu/aarch64/nt/aarch64-linux/bin;C:/Xilinx/2025.1/Vitis/bin/../gnu/ppc64le/4.9.3/win64/bin;C:/Xilinx/2025.1/Vitis/bin/../gnu/aarch32/nt/gcc-arm-linux-gnueabi/bin;C:/Xilinx/2025.1/Vitis/tps/mingw/6.2.0/win64.o/nt/bin;C:/Xilinx/2025.1/Vivado\gnuwin\bin;C:/Xilinx/2025.1/Vivado\gnu\microblaze\nt\bin;C:/Xilinx/2025.1/Vitis/bin;C:/Xilinx/2025.1/Vitis\tps\win64;C:/Xilinx/2025.1/Vitis/tps/win64/java-cef-95.0.4638.69/bin/lib/win64;C:/Xilinx/2025.1/Vitis/tps/win64/javafx-sdk-11.0.2/lib;C:/Xilinx/2025.1/Vitis/tps/win64/javafx-sdk-11.0.2/bin;C:/Xilinx/2025.1/Vitis/lib/win64.o;C:/Xilinx/2025.1/Vitis/tps/win64/jre11.0.16_1/bin/server;C:/Xilinx/2025.1/Vitis/tps/win64/jre11.0.16_1/bin;C:/Xilinx/2025.1/Vitis\tps\win64\cmake-3.24.2\bin;C:/Xilinx/2025.1/Vitis\gnu\microblaze\nt\bin;C:/Xilinx/2025.1/Vitis\gnu\microblaze\linux_toolchain\nt64_le\bin;C:/Xilinx/2025.1/Vitis\gnu\aarch32\nt\gcc-arm-linux-gnueabi\bin;C:/Xilinx/2025.1/Vitis\gnu\aarch32\nt\gcc-arm-none-eabi\bin;C:/Xilinx/2025.1/Vitis\gnu\aarch64\nt\aarch64-linux\bin;C:/Xilinx/2025.1/Vitis\gnu\aarch64\nt\aarch64-none\bin;C:/Xilinx/2025.1/Vitis\gnu\armr5\nt\gcc-arm-none-eabi\bin;C:/Xilinx/2025.1/Vitis\gnuwin\bin;C:/Xilinx/2025.1/Vitis\tps\win64\python-3.13.0;C:/Xilinx/2025.1/Vitis\tps\win64\libxslt\bin;C:/Xilinx/2025.1/Vitis\gnu\arm\nt\bin;C:/Xilinx/2025.1/Vitis\gnu\microblaze\linux_toolchain\nt64_be\bin;C:/Xilinx/2025.1/Vitis\gnu\riscv\nt\riscv64-unknown-elf\bin;C:/Xilinx/2025.1/Vivado\tps\win64\python-3.13.0;C:/Xilinx/2025.1/Vivado\tps\win64\git-2.46.0\bin;C:/Xilinx/2025.1/Vivado\tps\win64\cmake-3.24.2\bin;C:/Xilinx/2025.1/Vitis/win64/tools/vcxx\libexec;C:/Xilinx/2025.1/Vivado\tps\win64\jre11.0.16_1\bin;C:/Xilinx/2025.1/Vivado\tps\win64\libxslt/bin;C:\Windows\system32;C:\Windows;C:\Windows\System32\Wbem;C:\Windows\System32\WindowsPowerShell\v1.0\;C:\Windows\System32\OpenSSH\;C:\Program Files\NVIDIA Corporation\NVIDIA NvDLISR;C:\MinGW\bin;C:\MinGW\mingw32\bin;C:\Program Files\MATLAB\R2024a\bin;C:\Program Files\Microsoft SQL Server\Client SDK\ODBC\110\Tools\Binn\;C:\Program Files (x86)\Microsoft SQL Server\120\Tools\Binn\;C:\Program Files\Microsoft SQL Server\120\Tools\Binn\;C:\Program Files\Microsoft SQL Server\120\DTS\Binn\;C:\Program Files (x86)\Windows Kits\8.1\Windows Performance Toolkit\;C:\Program Files\dotnet\;C:\Program Files\PuTTY\;C:\Program Files\Git\cmd;C:\Program Files\WireGuard\;C:\Program Files\Tailscale\;C:\Users\Nani\.rustup\toolchains\esp\xtensa-esp32-elf\esp-12.2.0_20230208\xtensa-esp32-elf\bin;C:\Users\Nani\.rustup\toolchains\esp\xtensa-esp32s2-elf\esp-12.2.0_20230208\xtensa-esp32s2-elf\bin;C:\Users\Nani\.rustup\toolchains\esp\riscv32-esp-elf\esp-12.2.0_20230208\riscv32-esp-elf\bin;C:\Users\Nani\.rustup\toolchains\esp\xtensa-esp32s3-elf\esp-12.2.0_20230208\xtensa-esp32s3-elf\bin;C:\Users\Nani\.rustup\toolchains\esp\xtensa-esp32-elf-clang\esp-16.0.0-20230516\esp-clang\bin;C:\Espressif\tools\idf-python\3.11.2\;C:\Espressif\tools\idf-git\2.39.2\cmd\;C:\Program Files\Google\Chrome\Application;C:\Program Files (x86)\NVIDIA Corporation\PhysX\Common;C:\Program Files\MATLAB\R2023a\runtime\win64;C:\Program Files\MATLAB\R2023a\bin;C:\Users\Nani\AppData\Local\Programs\Python\Python311\Scripts\;C:\Users\Nani\AppData\Local\Programs\Python\Python311\;C:\Users\Nani\AppData\Local\Microsoft\WindowsApps;C:\Users\Nani\AppData\Local\Programs\Microsoft VS Code\bin;C:\Program Files (x86)\Atmel\Flip 3.4.7\bin;C:\Users\Nani\.cargo\bin;C:\Users\Nani\AppData\Local\Programs\jaguar;C:\altera_pro\25.3\questa_fe\win64;C:\altera_pro\25.3\questa_fse\win64;C:\Users\Nani\AppData\Local\Programs\Antigravity\bin;C:\Users\Nani\AppData\Roaming\TinyTeX\bin\windows;C:/Xilinx/2025.1/Vitis\tps\mingw\6.2.0\win64.o\nt\bin;C:/Xilinx/2025.1/Vitis\tps\mingw\6.2.0\win64.o\nt\libexec\gcc\x86_64-w64-mingw32\6.2.0
PATHEXT=.COM;.EXE;.BAT;.CMD;.VBS;.VBE;.JS;.JSE;.WSF;.WSH;.MSC
PROCESSOR_ARCHITECTURE=AMD64
PROCESSOR_IDENTIFIER=Intel64 Family 6 Model 154 Stepping 3, GenuineIntel
PROCESSOR_LEVEL=6
PROCESSOR_REVISION=9a03
PRODVERSION_EXE=C:/Xilinx/2025.1/Vitis/bin/unwrapped/win64.o/prodversion.exe
ProgramData=C:\ProgramData
ProgramFiles=C:\Program Files
ProgramFiles(x86)=C:\Program Files (x86)
ProgramW6432=C:\Program Files
PROMPT=$P$G
PSModulePath=%ProgramFiles%\WindowsPowerShell\Modules;C:\WINDOWS\system32\WindowsPowerShell\v1.0\Modules;C:\Program Files (x86)\Microsoft SQL Server\120\Tools\PowerShell\Modules\
PUBLIC=C:\Users\Public
PYTHONPATH=C:/Xilinx/2025.1/Vitis\cli;C:/Xilinx/2025.1/Vitis\cli\python-packages\win64;C:/Xilinx/2025.1/Vitis\cli\python-packages\site-packages;C:/Xilinx/2025.1/Vitis\cli\proto;C:/Xilinx/2025.1/Vitis\scripts\python_pkg;
python_path=C:/Xilinx/2025.1/Vitis\cli;C:/Xilinx/2025.1/Vitis\cli\python-packages\win64;C:/Xilinx/2025.1/Vitis\cli\python-packages\site-packages;C:/Xilinx/2025.1/Vitis\cli\proto;C:/Xilinx/2025.1/Vitis\scripts\python_pkg;
QSYS_ROOTDIR=C:/altera_pro/25.3\qsys\bin
QUARTUS_ROOTDIR=C:\altera_pro\25.3\quartus
RDI_APPROOT=C:/Xilinx/2025.1/Vitis
RDI_ARGS= --mode hls --csim --config C:\Users\Nani\workspace\Vanilla_FA\FlashAtt1\hls_config.cfg --work_dir FlashAtt1
RDI_ARGS_FUNCTION=RDI_EXEC_DEFAULT
RDI_BASEROOT=C:/Xilinx/2025.1
RDI_BINDIR=C:/Xilinx/2025.1/Vitis/bin
RDI_BINROOT=C:/Xilinx/2025.1/Vitis/bin
RDI_BUILD=yes
RDI_CHECK_PROG=True
RDI_DATADIR=C:/Xilinx/2025.1/SharedData/data;C:/Xilinx/2025.1/Vitis/data
RDI_INSTALLROOT=C:/Xilinx
RDI_INSTALLVER=Vitis
RDI_INSTALLVERSION=2025.1
RDI_JAVACEFROOT=C:/Xilinx/2025.1/Vitis/tps/win64/java-cef-95.0.4638.69
RDI_JAVAFXROOT=C:/Xilinx/2025.1/Vitis/tps/win64/javafx-sdk-11.0.2
RDI_JAVAROOT=C:/Xilinx/2025.1/Vitis/tps/win64/jre11.0.16_1
RDI_JAVA_VERSION=11.0.16_1
RDI_LIBDIR=C:/Xilinx/2025.1/Vitis/lib/win64.o
RDI_MINGW_LIB=C:/Xilinx/2025.1/Vitis\tps\mingw\6.2.0\win64.o\nt\bin;C:/Xilinx/2025.1/Vitis\tps\mingw\6.2.0\win64.o\nt\libexec\gcc\x86_64-w64-mingw32\6.2.0
RDI_OPT_EXT=.o
RDI_OS_ARCH=64
RDI_PLATFORM=win64
RDI_PREPEND_PATH=C:/Xilinx/2025.1/Vitis/bin
RDI_PROG=C:/Xilinx/2025.1/Vitis/bin/unwrapped/win64.o/vitis-run.exe
RDI_PROGNAME=vitis-run.exe
RDI_SESSION_INFO=C:\Xilinx\2025.1\Vitis\bin:LAPTOP-BUVLRENO-22-03-2026_17-17-50.76
RDI_SHARED_DATA=C:/Xilinx/2025.1/SharedData/data
RDI_TEMPINSTALL=C:\Xilinx\2025.1
RDI_TPS_ROOT=C:/Xilinx/2025.1/Vivado/tps/win64
RDI_USE_JDK11=1
RDI_VERBOSE=False
RT_LIBPATH=C:/Xilinx/2025.1/Vitis/scripts/rt/data
RT_TCL_PATH=C:/Xilinx/2025.1/Vitis/scripts/rt/base_tcl/tcl
SALT_LICENSE_SERVER=C:\flexlm\LR-275437_License.dat
SESSIONNAME=Console
session_string=C:\Users\Nani\workspace\Vanilla_FA\FlashAtt1:LAPTOP-BUVLRENO-22-03-2026_17-41-09.63
STM32CubeMX_PATH=C:\Users\Nani\AppData\Local\Programs\STM32CubeMX
STM32_PRG_PATH=C:\Program Files\STMicroelectronics\STM32Cube\STM32CubeProgrammer\bin
supports_classic_ide=true
SYNTH_COMMON=C:/Xilinx/2025.1/Vitis/scripts/rt/data
SystemDrive=C:
SystemRoot=C:\WINDOWS
TCL_LIBRARY=C:/Xilinx/2025.1/Vitis/tps/tcl/tcl8.6
TCMALLOC_LARGE_ALLOC_REPORT_THRESHOLD=4294967296
TEMP=C:\Users\Nani\AppData\Local\Temp
THEIA_APP_PROJECT_PATH=C:\Xilinx\2025.1\Vitis\ide\electron-app\win64\resources\app
THEIA_CONFIG_DIR=C:\Users\Nani\.theia
THEIA_DEFAULT_PLUGINS=local-dir:C:\Xilinx\2025.1\Vitis\ide\electron-app\win64\resources\app\plugins
THEIA_ELECTRON_TOKEN={"value":"ea73b9cd-f8a7-423d-a2ba-f9221f10e61e"}
THEIA_ELECTRON_VERSION=30.1.2
THEIA_PLUGINS=local-dir:C:\Users\Nani\.theia\plugins
TMP=C:\Users\Nani\AppData\Local\Temp
tooldir=tps\win64\git-2.46.0
TOOLS_CLANGD=C:/Xilinx/2025.1/Vitis/win64/tools/vcxx\libexec
TPS_CMAKE=C:/Xilinx/2025.1/Vivado\tps\win64\cmake-3.24.2
TPS_GIT=C:/Xilinx/2025.1/Vivado\tps\win64\git-2.46.0
TPS_LIBXSLT=C:/Xilinx/2025.1/Vivado\tps\win64\libxslt
TPS_PYTHON=C:/Xilinx/2025.1/Vivado\tps\win64\python-3.13.0
USERDOMAIN=LAPTOP-BUVLRENO
USERDOMAIN_ROAMINGPROFILE=LAPTOP-BUVLRENO
USERNAME=Nani
USERPROFILE=C:\Users\Nani
VALIDATE_ARGS="False"
VITISNEW=true
VSCODE_API_VERSION=1.95.3
windir=C:\WINDOWS
XILINX_HLS=C:/Xilinx/2025.1/Vitis
XILINX_PLANAHEAD=C:/Xilinx/2025.1/Vitis
XILINX_SDK=C:/Xilinx/2025.1/Vitis
XILINX_VCXX=C:/Xilinx/2025.1/Vitis/win64/tools/vcxx
XILINX_VERSION_DEFAULT=2025.1
XILINX_VERSION_VITIS=2025.1
XILINX_VITIS=C:/Xilinx/2025.1/Vitis
XILINX_VITIS_GIT=C:/Xilinx/2025.1/Vivado\tps\win64\git-2.46.0\bin
XILINX_VITIS_VERSION=Vitis v2025.1 (64-bit)
XILINX_VIVADO=C:/Xilinx/2025.1/Vivado
XIL_CHECK_TCL_DEBUG=False
XIL_NO_OVERRIDE=0
XIL_SUPPRESS_OVERRIDE_WARNINGS=1
XVREDIST=C:/Xilinx/2025.1/Vitis\tps\win64\xvcredist.exe
ZES_ENABLE_SYSMAN=1
_RDI_BINROOT=C:\Xilinx\2025.1\Vitis\bin
_RDI_CWD=C:\Users\Nani\workspace\Vanilla_FA\FlashAtt1
_RDI_DONT_SET_XILINX_AS_PATH=True
_RDI_VERSION_PROG=vitis-run
_valid=False
XILINX_CD_CONNECT_ID=64397
XILINX_CD_SESSION=966d213d-ec1d-44af-80eb-68abb9fcf5bd


VITIS-RUN command line:
------------------------------------------
C:/Xilinx/2025.1/Vitis/bin/unwrapped/win64.o/vitis-run.exe --mode hls --csim --config C:\Users\Nani\workspace\Vanilla_FA\FlashAtt1\hls_config.cfg --work_dir FlashAtt1 

FINAL PROGRAM OPTIONS
--config C:\Users\Nani\workspace\Vanilla_FA\FlashAtt1\hls_config.cfg
--csim
--hls.clock 10ns
--hls.flow_target vivado
--hls.package.output.format ip_catalog
--hls.package.output.syn false
--hls.syn.file flashattentiontypes.h
--hls.syn.file flashattentiongemm.h
--hls.syn.file flashattentionsoftmax.h
--hls.syn.file flashattentionmemory.h
--hls.syn.file flashattentionkernal.cpp
--hls.tb.file flashattentiontb.cpp
--mode hls
--part xcvh1582-lsva4737-2LHP-e-S
--work_dir FlashAtt1

PARSED COMMAND LINE OPTIONS
--mode hls 
--csim 
--config C:\Users\Nani\workspace\Vanilla_FA\FlashAtt1\hls_config.cfg 
--work_dir FlashAtt1 

PARSED CONFIG FILE (1) OPTIONS
file: C:\Users\Nani\workspace\Vanilla_FA\FlashAtt1\hls_config.cfg
part xcvh1582-lsva4737-2LHP-e-S 
hls.flow_target vivado 
hls.package.output.format ip_catalog 
hls.package.output.syn false 
hls.clock 10ns 
hls.syn.file flashattentiontypes.h 
hls.syn.file flashattentiongemm.h 
hls.syn.file flashattentionsoftmax.h 
hls.syn.file flashattentionmemory.h 
hls.syn.file flashattentionkernal.cpp 
hls.tb.file flashattentiontb.cpp 


==========================================
new:  steps log generated by v++ for new launch 
timestamp: 22 Mar 2026 17:41:14

------------------------------------------
VITIS-RUN command line :
------------------------------------------
C:/Xilinx/2025.1/Vitis/bin/unwrapped/win64.o/vitis-run.exe --mode hls --csim --config C:\Users\Nani\workspace\Vanilla_FA\FlashAtt1\FlashAtt1\hls-debug.cfg --config C:\Users\Nani\workspace\Vanilla_FA\FlashAtt1\hls_config.cfg --work_dir FlashAtt1 
  Options from -O    : 
  Options from *.ini : 
  Options from Hw Platform : 

==========================================
new:  steps log generated by v++ for new launch 
timestamp: 22 Mar 2026 17:42:52

------------------------------------------
VITIS-RUN command line :
------------------------------------------
C:/Xilinx/2025.1/Vitis/bin/unwrapped/win64.o/vitis-run.exe --mode hls --csim --config C:\Users\Nani\workspace\Vanilla_FA\FlashAtt1\hls_config.cfg --work_dir FlashAtt1 
  Options from -O    : 
  Options from *.ini : 
  Options from Hw Platform : 

==========================================
new:  steps log generated by v++ for new launch 
timestamp: 22 Mar 2026 17:44:38

------------------------------------------
V++ command line :
------------------------------------------
C:/Xilinx/2025.1/Vitis/bin/unwrapped/win64.o/v++.exe -c --mode hls --config C:\Users\Nani\workspace\Vanilla_FA\FlashAtt1\hls_config.cfg --work_dir FlashAtt1 
  Options from -O    : 
  Options from *.ini : 
  Options from Hw Platform : 

==========================================
new:  steps log generated by v++ for new launch 
timestamp: 22 Mar 2026 17:47:08

------------------------------------------
V++ command line :
------------------------------------------
C:/Xilinx/2025.1/Vitis/bin/unwrapped/win64.o/v++.exe -c --mode hls --config C:\Users\Nani\workspace\Vanilla_FA\FlashAtt1\hls_config.cfg --work_dir FlashAtt1 
  Options from -O    : 
  Options from *.ini : 
  Options from Hw Platform : 

==========================================
new:  steps log generated by v++ for new launch 
timestamp: 22 Mar 2026 17:48:30

------------------------------------------
VITIS-RUN command line :
------------------------------------------
C:/Xilinx/2025.1/Vitis/bin/unwrapped/win64.o/vitis-run.exe --mode hls --csim --config C:\Users\Nani\workspace\Vanilla_FA\FlashAtt1\hls_config.cfg --work_dir FlashAtt1 
  Options from -O    : 
  Options from *.ini : 
  Options from Hw Platform : 

==========================================
new:  steps log generated by v++ for new launch 
timestamp: 22 Mar 2026 17:49:57

------------------------------------------
V++ command line :
------------------------------------------
C:/Xilinx/2025.1/Vitis/bin/unwrapped/win64.o/v++.exe -c --mode hls --config C:\Users\Nani\workspace\Vanilla_FA\FlashAtt1\hls_config.cfg --work_dir FlashAtt1 
  Options from -O    : 
  Options from *.ini : 
  Options from Hw Platform : 

==========================================
new:  steps log generated by v++ for new launch 
timestamp: 22 Mar 2026 17:50:54

------------------------------------------
V++ command line :
------------------------------------------
C:/Xilinx/2025.1/Vitis/bin/unwrapped/win64.o/v++.exe -c --mode hls --config C:\Users\Nani\workspace\Vanilla_FA\FlashAtt1\hls_config.cfg --work_dir FlashAtt1 
  Options from -O    : 
  Options from *.ini : 
  Options from Hw Platform : 

==========================================
new:  steps log generated by v++ for new launch 
timestamp: 22 Mar 2026 17:52:13

------------------------------------------
VITIS-RUN command line :
------------------------------------------
C:/Xilinx/2025.1/Vitis/bin/unwrapped/win64.o/vitis-run.exe --mode hls --cosim --config C:\Users\Nani\workspace\Vanilla_FA\FlashAtt1\hls_config.cfg --work_dir FlashAtt1 
  Options from -O    : 
  Options from *.ini : 
  Options from Hw Platform : 

==========================================
new:  steps log generated by v++ for new launch 
timestamp: 22 Mar 2026 17:59:50

------------------------------------------
VITIS-RUN command line :
------------------------------------------
C:/Xilinx/2025.1/Vitis/bin/unwrapped/win64.o/vitis-run.exe --mode hls --csim --config C:\Users\Nani\workspace\Vanilla_FA\FlashAtt1\hls_config.cfg --work_dir FlashAtt1 
  Options from -O    : 
  Options from *.ini : 
  Options from Hw Platform : 

==========================================
new:  steps log generated by v++ for new launch 
timestamp: 22 Mar 2026 18:01:29

------------------------------------------
VITIS-RUN command line :
------------------------------------------
C:/Xilinx/2025.1/Vitis/bin/unwrapped/win64.o/vitis-run.exe --mode hls --cosim --config C:\Users\Nani\workspace\Vanilla_FA\FlashAtt1\hls_config.cfg --work_dir FlashAtt1 
  Options from -O    : 
  Options from *.ini : 
  Options from Hw Platform : 

==========================================
new:  steps log generated by v++ for new launch 
timestamp: 22 Mar 2026 18:03:01

------------------------------------------
V++ command line :
------------------------------------------
C:/Xilinx/2025.1/Vitis/bin/unwrapped/win64.o/v++.exe -c --mode hls --config C:\Users\Nani\workspace\Vanilla_FA\FlashAtt1\hls_config.cfg --work_dir FlashAtt1 
  Options from -O    : 
  Options from *.ini : 
  Options from Hw Platform : 

==========================================
new:  steps log generated by v++ for new launch 
timestamp: 22 Mar 2026 18:04:30

------------------------------------------
VITIS-RUN command line :
------------------------------------------
C:/Xilinx/2025.1/Vitis/bin/unwrapped/win64.o/vitis-run.exe --mode hls --cosim --config C:\Users\Nani\workspace\Vanilla_FA\FlashAtt1\hls_config.cfg --work_dir FlashAtt1 
  Options from -O    : 
  Options from *.ini : 
  Options from Hw Platform : 

==========================================
new:  steps log generated by v++ for new launch 
timestamp: 22 Mar 2026 18:08:20
