  **** HLS Build v2025.1 6135595
INFO: [HLS 200-2005] Using work_dir C:/Users/Nani/workspace/Vanilla_FA/FlashAtt1/FlashAtt1 
INFO: [HLS 200-2176] Writing Vitis IDE component file C:/Users/Nani/workspace/Vanilla_FA/FlashAtt1/FlashAtt1/vitis-comp.json
INFO: [HLS 200-10] Creating and opening component 'C:/Users/Nani/workspace/Vanilla_FA/FlashAtt1/FlashAtt1'.
INFO: [HLS 200-1505] Using default flow_target 'vivado'
Resolution: For help on HLS 200-1505 see docs.xilinx.com/access/sources/dita/topic?Doc_Version=2025.1%20English&url=ug1448-hls-guidance&resourceid=200-1505.html
INFO: [HLS 200-2174] Applying component config ini file C:/Users/Nani/workspace/Vanilla_FA/FlashAtt1/hls_config.cfg
INFO: [HLS 200-1465] Applying config ini 'syn.file=flashattentiontypes.h' from C:/Users/Nani/workspace/Vanilla_FA/FlashAtt1/hls_config.cfg(8)
INFO: [HLS 200-10] Adding design file 'C:/Users/Nani/workspace/Vanilla_FA/FlashAtt1/flashattentiontypes.h' to the project
INFO: [HLS 200-1465] Applying config ini 'syn.file=flashattentiongemm.h' from C:/Users/Nani/workspace/Vanilla_FA/FlashAtt1/hls_config.cfg(9)
INFO: [HLS 200-10] Adding design file 'C:/Users/Nani/workspace/Vanilla_FA/FlashAtt1/flashattentiongemm.h' to the project
INFO: [HLS 200-1465] Applying config ini 'syn.file=flashattentionsoftmax.h' from C:/Users/Nani/workspace/Vanilla_FA/FlashAtt1/hls_config.cfg(10)
INFO: [HLS 200-10] Adding design file 'C:/Users/Nani/workspace/Vanilla_FA/FlashAtt1/flashattentionsoftmax.h' to the project
INFO: [HLS 200-1465] Applying config ini 'syn.file=flashattentionmemory.h' from C:/Users/Nani/workspace/Vanilla_FA/FlashAtt1/hls_config.cfg(11)
INFO: [HLS 200-10] Adding design file 'C:/Users/Nani/workspace/Vanilla_FA/FlashAtt1/flashattentionmemory.h' to the project
INFO: [HLS 200-1465] Applying config ini 'syn.file=flashattentionkernal.cpp' from C:/Users/Nani/workspace/Vanilla_FA/FlashAtt1/hls_config.cfg(12)
INFO: [HLS 200-10] Adding design file 'C:/Users/Nani/workspace/Vanilla_FA/FlashAtt1/flashattentionkernal.cpp' to the project
INFO: [HLS 200-1465] Applying config ini 'tb.file=flashattentiontb.cpp' from C:/Users/Nani/workspace/Vanilla_FA/FlashAtt1/hls_config.cfg(13)
INFO: [HLS 200-10] Adding test bench file 'C:/Users/Nani/workspace/Vanilla_FA/FlashAtt1/flashattentiontb.cpp' to the project
INFO: [HLS 200-1465] Applying config ini 'syn.top=flashattentionkernal.cpp' from C:/Users/Nani/workspace/Vanilla_FA/FlashAtt1/hls_config.cfg(14)
INFO: [HLS 200-1465] Applying config ini 'flow_target=vivado' from C:/Users/Nani/workspace/Vanilla_FA/FlashAtt1/hls_config.cfg(4)
INFO: [HLS 200-1505] Using flow_target 'vivado'
Resolution: For help on HLS 200-1505 see docs.xilinx.com/access/sources/dita/topic?Doc_Version=2025.1%20English&url=ug1448-hls-guidance&resourceid=200-1505.html
INFO: [HLS 200-1465] Applying config ini 'part=xcvh1582-lsva4737-2LHP-e-S' from C:/Users/Nani/workspace/Vanilla_FA/FlashAtt1/hls_config.cfg(1)
WARNING: [HLS 200-655] The device family 'versalhbm-2LHP' is new to HLS - using 'versalaicore-2HP' characterization library
INFO: [HLS 200-1611] Setting target device to 'xcvh1582-lsva4737-2LHP-e-S'
INFO: [HLS 200-1465] Applying config ini 'clock=10ns' from C:/Users/Nani/workspace/Vanilla_FA/FlashAtt1/hls_config.cfg(7)
INFO: [SYN 201-201] Setting up clock 'default' with a period of 10ns.
INFO: [HLS 200-1465] Applying config ini 'package.output.format=ip_catalog' from C:/Users/Nani/workspace/Vanilla_FA/FlashAtt1/hls_config.cfg(5)
INFO: [HLS 200-2176] Writing Vitis IDE component file C:/Users/Nani/workspace/Vanilla_FA/FlashAtt1/FlashAtt1/vitis-comp.json
INFO: [HLS 200-111] Finished File checks and directory preparation: CPU user time: 1 seconds. CPU system time: 0 seconds. Elapsed time: 5.628 seconds; current allocated memory: 427.391 MB.
INFO: [HLS 200-10] Analyzing design file 'flashattentionkernal.cpp' ... 
WARNING: [HLS 207-1016] unknown warning group '-Wmisleading-indentation', ignored (C:/Xilinx/2025.1/Vitis/common/technology/autopilot/etc/hls_sqrt_apfixed.h:16:34)
WARNING: [HLS 200-1986] Could not apply TOP directive, invalid function, label, or variable (:0)
INFO: [HLS 200-111] Finished Source Code Analysis and Preprocessing: CPU user time: 0 seconds. CPU system time: 0 seconds. Elapsed time: 26.569 seconds; current allocated memory: 436.047 MB.
ERROR: [HLS 214-157] Top function not found: there is no function named 'flashattentionkernal.cpp'
error: Top function not found: there is no function named 'flashattentionkernal.cpp'
ERROR: Error in opt
INFO: [HLS 200-112] Total CPU user time: 1 seconds. Total CPU system time: 0 seconds. Total elapsed time: 35.456 seconds; peak allocated memory: 436.320 MB.
