

================================================================
== Vitis HLS Report for 'gemm_pv'
================================================================
* Date:           Sun Mar 22 18:06:56 2026

* Version:        2025.1 (Build 6135595 on May 21 2025)
* Project:        FlashAtt1
* Solution:       hls (Vivado IP Flow Target)
* Product family: versalhbm
* Target device:  xcvh1582-lsva4737-2LHP-e-S


================================================================
== Performance Estimates
================================================================
+ Timing: 
    * Summary: 
    +--------+----------+----------+------------+
    |  Clock |  Target  | Estimated| Uncertainty|
    +--------+----------+----------+------------+
    |ap_clk  |  10.00 ns|  6.377 ns|     2.70 ns|
    +--------+----------+----------+------------+

+ Latency: 
    * Summary: 
    +---------+---------+----------+----------+-------+-------+---------+
    |  Latency (cycles) |  Latency (absolute) |    Interval   | Pipeline|
    |   min   |   max   |    min   |    max   |  min  |  max  |   Type  |
    +---------+---------+----------+----------+-------+-------+---------+
    |    34625|    34625|  0.346 ms|  0.346 ms|  34625|  34625|       no|
    +---------+---------+----------+----------+-------+-------+---------+

    + Detail: 
        * Instance: 
        +------------------------------------------------------+-------------------------------------------+---------+---------+----------+----------+-----+-----+------------------------------------------------+
        |                                                      |                                           |  Latency (cycles) |  Latency (absolute) |  Interval |                    Pipeline                    |
        |                       Instance                       |                   Module                  |   min   |   max   |    min   |    max   | min | max |                      Type                      |
        +------------------------------------------------------+-------------------------------------------+---------+---------+----------+----------+-----+-----+------------------------------------------------+
        |grp_gemm_pv_Pipeline_INIT_PV_ACC_fu_200               |gemm_pv_Pipeline_INIT_PV_ACC               |       10|       10|  0.100 us|  0.100 us|    9|    9|  loop auto-rewind stp (delay=0 clock cycles(s))|
        |grp_gemm_pv_Pipeline_GEMM_PV_RED_GEMM_PV_DCOL_fu_220  |gemm_pv_Pipeline_GEMM_PV_RED_GEMM_PV_DCOL  |      515|      515|  5.150 us|  5.150 us|  513|  513|  loop auto-rewind stp (delay=0 clock cycles(s))|
        |grp_gemm_pv_Pipeline_STORE_PV_ROW_fu_291              |gemm_pv_Pipeline_STORE_PV_ROW              |       10|       10|  0.100 us|  0.100 us|    9|    9|  loop auto-rewind stp (delay=0 clock cycles(s))|
        +------------------------------------------------------+-------------------------------------------+---------+---------+----------+----------+-----+-----+------------------------------------------------+

        * Loop: 
        +---------------+---------+---------+----------+-----------+-----------+------+----------+
        |               |  Latency (cycles) | Iteration|  Initiation Interval  | Trip |          |
        |   Loop Name   |   min   |   max   |  Latency |  achieved |   target  | Count| Pipelined|
        +---------------+---------+---------+----------+-----------+-----------+------+----------+
        |- GEMM_PV_ROW  |    34624|    34624|       541|          -|          -|    64|        no|
        +---------------+---------+---------+----------+-----------+-----------+------+----------+



================================================================
== Utilization Estimates
================================================================
* Summary: 
+---------------------+---------+------+---------+---------+------+
|         Name        | BRAM_18K|  DSP |    FF   |   LUT   | URAM |
+---------------------+---------+------+---------+---------+------+
|DSP                  |        -|     -|        -|        -|     -|
|Expression           |        -|     -|        0|       27|     -|
|FIFO                 |        -|     -|        -|        -|     -|
|Instance             |        -|    16|      651|      768|     -|
|Memory               |        0|     -|     1024|      528|     0|
|Multiplexer          |        -|     -|        0|      699|     -|
|Register             |        -|     -|       31|        -|     -|
+---------------------+---------+------+---------+---------+------+
|Total                |        0|    16|     1706|     2022|     0|
+---------------------+---------+------+---------+---------+------+
|Available SLR        |     2541|  3696|  1753984|   876992|   650|
+---------------------+---------+------+---------+---------+------+
|Utilization SLR (%)  |        0|    ~0|       ~0|       ~0|     0|
+---------------------+---------+------+---------+---------+------+
|Available            |     5082|  7392|  3507968|  1753984|  1301|
+---------------------+---------+------+---------+---------+------+
|Utilization (%)      |        0|    ~0|       ~0|       ~0|     0|
+---------------------+---------+------+---------+---------+------+

+ Detail: 
    * Instance: 
    +------------------------------------------------------+-------------------------------------------+---------+----+-----+-----+-----+
    |                       Instance                       |                   Module                  | BRAM_18K| DSP|  FF | LUT | URAM|
    +------------------------------------------------------+-------------------------------------------+---------+----+-----+-----+-----+
    |grp_gemm_pv_Pipeline_GEMM_PV_RED_GEMM_PV_DCOL_fu_220  |gemm_pv_Pipeline_GEMM_PV_RED_GEMM_PV_DCOL  |        0|  16|  626|  235|    0|
    |grp_gemm_pv_Pipeline_INIT_PV_ACC_fu_200               |gemm_pv_Pipeline_INIT_PV_ACC               |        0|   0|   10|   25|    0|
    |grp_gemm_pv_Pipeline_STORE_PV_ROW_fu_291              |gemm_pv_Pipeline_STORE_PV_ROW              |        0|   0|   15|  508|    0|
    +------------------------------------------------------+-------------------------------------------+---------+----+-----+-----+-----+
    |Total                                                 |                                           |        0|  16|  651|  768|    0|
    +------------------------------------------------------+-------------------------------------------+---------+----+-----+-----+-----+

    * DSP: 
    N/A

    * Memory: 
    +------------+-----------------------------+---------+----+----+-----+------+-----+------+-------------+
    |   Memory   |            Module           | BRAM_18K| FF | LUT| URAM| Words| Bits| Banks| W*Bits*Banks|
    +------------+-----------------------------+---------+----+----+-----+------+-----+------+-------------+
    |acc_d_U     |gemm_pv_acc_d_RAM_AUTO_1R1W  |        0|  64|  33|    0|     8|   32|     1|          256|
    |acc_d_1_U   |gemm_pv_acc_d_RAM_AUTO_1R1W  |        0|  64|  33|    0|     8|   32|     1|          256|
    |acc_d_2_U   |gemm_pv_acc_d_RAM_AUTO_1R1W  |        0|  64|  33|    0|     8|   32|     1|          256|
    |acc_d_3_U   |gemm_pv_acc_d_RAM_AUTO_1R1W  |        0|  64|  33|    0|     8|   32|     1|          256|
    |acc_d_4_U   |gemm_pv_acc_d_RAM_AUTO_1R1W  |        0|  64|  33|    0|     8|   32|     1|          256|
    |acc_d_5_U   |gemm_pv_acc_d_RAM_AUTO_1R1W  |        0|  64|  33|    0|     8|   32|     1|          256|
    |acc_d_6_U   |gemm_pv_acc_d_RAM_AUTO_1R1W  |        0|  64|  33|    0|     8|   32|     1|          256|
    |acc_d_7_U   |gemm_pv_acc_d_RAM_AUTO_1R1W  |        0|  64|  33|    0|     8|   32|     1|          256|
    |acc_d_8_U   |gemm_pv_acc_d_RAM_AUTO_1R1W  |        0|  64|  33|    0|     8|   32|     1|          256|
    |acc_d_9_U   |gemm_pv_acc_d_RAM_AUTO_1R1W  |        0|  64|  33|    0|     8|   32|     1|          256|
    |acc_d_10_U  |gemm_pv_acc_d_RAM_AUTO_1R1W  |        0|  64|  33|    0|     8|   32|     1|          256|
    |acc_d_11_U  |gemm_pv_acc_d_RAM_AUTO_1R1W  |        0|  64|  33|    0|     8|   32|     1|          256|
    |acc_d_12_U  |gemm_pv_acc_d_RAM_AUTO_1R1W  |        0|  64|  33|    0|     8|   32|     1|          256|
    |acc_d_13_U  |gemm_pv_acc_d_RAM_AUTO_1R1W  |        0|  64|  33|    0|     8|   32|     1|          256|
    |acc_d_14_U  |gemm_pv_acc_d_RAM_AUTO_1R1W  |        0|  64|  33|    0|     8|   32|     1|          256|
    |acc_d_15_U  |gemm_pv_acc_d_RAM_AUTO_1R1W  |        0|  64|  33|    0|     8|   32|     1|          256|
    +------------+-----------------------------+---------+----+----+-----+------+-----+------+-------------+
    |Total       |                             |        0|1024| 528|    0|   128|  512|    16|         4096|
    +------------+-----------------------------+---------+----+----+-----+------+-----+------+-------------+

    * FIFO: 
    N/A

    * Expression: 
    +----------------------+----------+----+---+----+------------+------------+
    |     Variable Name    | Operation| DSP| FF| LUT| Bitwidth P0| Bitwidth P1|
    +----------------------+----------+----+---+----+------------+------------+
    |add_ln135_fu_353_p2   |         +|   0|  0|   8|           7|           1|
    |cmp9_fu_377_p2        |      icmp|   0|  0|  16|          32|          32|
    |icmp_ln135_fu_359_p2  |      icmp|   0|  0|   3|           7|           8|
    +----------------------+----------+----+---+----+------------+------------+
    |Total                 |          |   0|  0|  27|          46|          41|
    +----------------------+----------+----+---+----+------------+------------+

    * Multiplexer: 
    +-------------------+----+-----------+-----+-----------+
    |        Name       | LUT| Input Size| Bits| Total Bits|
    +-------------------+----+-----------+-----+-----------+
    |acc_d_10_address0  |   8|          4|    3|         12|
    |acc_d_10_ce0       |   1|          4|    1|          4|
    |acc_d_10_ce1       |   1|          2|    1|          2|
    |acc_d_10_d0        |  32|          3|   32|         96|
    |acc_d_10_we0       |   1|          3|    1|          3|
    |acc_d_11_address0  |   8|          4|    3|         12|
    |acc_d_11_ce0       |   1|          4|    1|          4|
    |acc_d_11_ce1       |   1|          2|    1|          2|
    |acc_d_11_d0        |  32|          3|   32|         96|
    |acc_d_11_we0       |   1|          3|    1|          3|
    |acc_d_12_address0  |   8|          4|    3|         12|
    |acc_d_12_ce0       |   1|          4|    1|          4|
    |acc_d_12_ce1       |   1|          2|    1|          2|
    |acc_d_12_d0        |  32|          3|   32|         96|
    |acc_d_12_we0       |   1|          3|    1|          3|
    |acc_d_13_address0  |   8|          4|    3|         12|
    |acc_d_13_ce0       |   1|          4|    1|          4|
    |acc_d_13_ce1       |   1|          2|    1|          2|
    |acc_d_13_d0        |  32|          3|   32|         96|
    |acc_d_13_we0       |   1|          3|    1|          3|
    |acc_d_14_address0  |   8|          4|    3|         12|
    |acc_d_14_ce0       |   1|          4|    1|          4|
    |acc_d_14_ce1       |   1|          2|    1|          2|
    |acc_d_14_d0        |  32|          3|   32|         96|
    |acc_d_14_we0       |   1|          3|    1|          3|
    |acc_d_15_address0  |   8|          4|    3|         12|
    |acc_d_15_ce0       |   1|          4|    1|          4|
    |acc_d_15_ce1       |   1|          2|    1|          2|
    |acc_d_15_d0        |  32|          3|   32|         96|
    |acc_d_15_we0       |   1|          3|    1|          3|
    |acc_d_1_address0   |   8|          4|    3|         12|
    |acc_d_1_ce0        |   1|          4|    1|          4|
    |acc_d_1_ce1        |   1|          2|    1|          2|
    |acc_d_1_d0         |  32|          3|   32|         96|
    |acc_d_1_we0        |   1|          3|    1|          3|
    |acc_d_2_address0   |   8|          4|    3|         12|
    |acc_d_2_ce0        |   1|          4|    1|          4|
    |acc_d_2_ce1        |   1|          2|    1|          2|
    |acc_d_2_d0         |  32|          3|   32|         96|
    |acc_d_2_we0        |   1|          3|    1|          3|
    |acc_d_3_address0   |   8|          4|    3|         12|
    |acc_d_3_ce0        |   1|          4|    1|          4|
    |acc_d_3_ce1        |   1|          2|    1|          2|
    |acc_d_3_d0         |  32|          3|   32|         96|
    |acc_d_3_we0        |   1|          3|    1|          3|
    |acc_d_4_address0   |   8|          4|    3|         12|
    |acc_d_4_ce0        |   1|          4|    1|          4|
    |acc_d_4_ce1        |   1|          2|    1|          2|
    |acc_d_4_d0         |  32|          3|   32|         96|
    |acc_d_4_we0        |   1|          3|    1|          3|
    |acc_d_5_address0   |   8|          4|    3|         12|
    |acc_d_5_ce0        |   1|          4|    1|          4|
    |acc_d_5_ce1        |   1|          2|    1|          2|
    |acc_d_5_d0         |  32|          3|   32|         96|
    |acc_d_5_we0        |   1|          3|    1|          3|
    |acc_d_6_address0   |   8|          4|    3|         12|
    |acc_d_6_ce0        |   1|          4|    1|          4|
    |acc_d_6_ce1        |   1|          2|    1|          2|
    |acc_d_6_d0         |  32|          3|   32|         96|
    |acc_d_6_we0        |   1|          3|    1|          3|
    |acc_d_7_address0   |   8|          4|    3|         12|
    |acc_d_7_ce0        |   1|          4|    1|          4|
    |acc_d_7_ce1        |   1|          2|    1|          2|
    |acc_d_7_d0         |  32|          3|   32|         96|
    |acc_d_7_we0        |   1|          3|    1|          3|
    |acc_d_8_address0   |   8|          4|    3|         12|
    |acc_d_8_ce0        |   1|          4|    1|          4|
    |acc_d_8_ce1        |   1|          2|    1|          2|
    |acc_d_8_d0         |  32|          3|   32|         96|
    |acc_d_8_we0        |   1|          3|    1|          3|
    |acc_d_9_address0   |   8|          4|    3|         12|
    |acc_d_9_ce0        |   1|          4|    1|          4|
    |acc_d_9_ce1        |   1|          2|    1|          2|
    |acc_d_9_d0         |  32|          3|   32|         96|
    |acc_d_9_we0        |   1|          3|    1|          3|
    |acc_d_address0     |   8|          4|    3|         12|
    |acc_d_ce0          |   1|          4|    1|          4|
    |acc_d_ce1          |   1|          2|    1|          2|
    |acc_d_d0           |  32|          3|   32|         96|
    |acc_d_we0          |   1|          3|    1|          3|
    |ap_NS_fsm          |   3|          8|    1|          8|
    |i_fu_120           |   8|          2|    7|         14|
    +-------------------+----+-----------+-----+-----------+
    |Total              | 699|        266|  616|       1894|
    +-------------------+----+-----------+-----+-----------+

    * Register: 
    +-------------------------------------------------------------------+---+----+-----+-----------+
    |                                Name                               | FF| LUT| Bits| Const Bits|
    +-------------------------------------------------------------------+---+----+-----+-----------+
    |ap_CS_fsm                                                          |  7|   0|    7|          0|
    |cmp9_reg_416                                                       |  1|   0|    1|          0|
    |grp_gemm_pv_Pipeline_GEMM_PV_RED_GEMM_PV_DCOL_fu_220_ap_start_reg  |  1|   0|    1|          0|
    |grp_gemm_pv_Pipeline_INIT_PV_ACC_fu_200_ap_start_reg               |  1|   0|    1|          0|
    |grp_gemm_pv_Pipeline_STORE_PV_ROW_fu_291_ap_start_reg              |  1|   0|    1|          0|
    |i_7_reg_401                                                        |  7|   0|    7|          0|
    |i_fu_120                                                           |  7|   0|    7|          0|
    |trunc_ln135_reg_410                                                |  6|   0|    6|          0|
    +-------------------------------------------------------------------+---+----+-----+-----------+
    |Total                                                              | 31|   0|   31|          0|
    +-------------------------------------------------------------------+---+----+-----+-----------+



================================================================
== Interface
================================================================
* Summary: 
+---------------------+-----+-----+------------+--------------+--------------+
|      RTL Ports      | Dir | Bits|  Protocol  | Source Object|    C Type    |
+---------------------+-----+-----+------------+--------------+--------------+
|ap_clk               |   in|    1|  ap_ctrl_hs|       gemm_pv|  return value|
|ap_rst               |   in|    1|  ap_ctrl_hs|       gemm_pv|  return value|
|ap_start             |   in|    1|  ap_ctrl_hs|       gemm_pv|  return value|
|ap_done              |  out|    1|  ap_ctrl_hs|       gemm_pv|  return value|
|ap_idle              |  out|    1|  ap_ctrl_hs|       gemm_pv|  return value|
|ap_ready             |  out|    1|  ap_ctrl_hs|       gemm_pv|  return value|
|P_tile_0_address0    |  out|    9|   ap_memory|      P_tile_0|         array|
|P_tile_0_ce0         |  out|    1|   ap_memory|      P_tile_0|         array|
|P_tile_0_q0          |   in|   16|   ap_memory|      P_tile_0|         array|
|P_tile_1_address0    |  out|    9|   ap_memory|      P_tile_1|         array|
|P_tile_1_ce0         |  out|    1|   ap_memory|      P_tile_1|         array|
|P_tile_1_q0          |   in|   16|   ap_memory|      P_tile_1|         array|
|P_tile_2_address0    |  out|    9|   ap_memory|      P_tile_2|         array|
|P_tile_2_ce0         |  out|    1|   ap_memory|      P_tile_2|         array|
|P_tile_2_q0          |   in|   16|   ap_memory|      P_tile_2|         array|
|P_tile_3_address0    |  out|    9|   ap_memory|      P_tile_3|         array|
|P_tile_3_ce0         |  out|    1|   ap_memory|      P_tile_3|         array|
|P_tile_3_q0          |   in|   16|   ap_memory|      P_tile_3|         array|
|P_tile_4_address0    |  out|    9|   ap_memory|      P_tile_4|         array|
|P_tile_4_ce0         |  out|    1|   ap_memory|      P_tile_4|         array|
|P_tile_4_q0          |   in|   16|   ap_memory|      P_tile_4|         array|
|P_tile_5_address0    |  out|    9|   ap_memory|      P_tile_5|         array|
|P_tile_5_ce0         |  out|    1|   ap_memory|      P_tile_5|         array|
|P_tile_5_q0          |   in|   16|   ap_memory|      P_tile_5|         array|
|P_tile_6_address0    |  out|    9|   ap_memory|      P_tile_6|         array|
|P_tile_6_ce0         |  out|    1|   ap_memory|      P_tile_6|         array|
|P_tile_6_q0          |   in|   16|   ap_memory|      P_tile_6|         array|
|P_tile_7_address0    |  out|    9|   ap_memory|      P_tile_7|         array|
|P_tile_7_ce0         |  out|    1|   ap_memory|      P_tile_7|         array|
|P_tile_7_q0          |   in|   16|   ap_memory|      P_tile_7|         array|
|V_tile_0_address0    |  out|    9|   ap_memory|      V_tile_0|         array|
|V_tile_0_ce0         |  out|    1|   ap_memory|      V_tile_0|         array|
|V_tile_0_q0          |   in|   16|   ap_memory|      V_tile_0|         array|
|V_tile_1_address0    |  out|    9|   ap_memory|      V_tile_1|         array|
|V_tile_1_ce0         |  out|    1|   ap_memory|      V_tile_1|         array|
|V_tile_1_q0          |   in|   16|   ap_memory|      V_tile_1|         array|
|V_tile_2_address0    |  out|    9|   ap_memory|      V_tile_2|         array|
|V_tile_2_ce0         |  out|    1|   ap_memory|      V_tile_2|         array|
|V_tile_2_q0          |   in|   16|   ap_memory|      V_tile_2|         array|
|V_tile_3_address0    |  out|    9|   ap_memory|      V_tile_3|         array|
|V_tile_3_ce0         |  out|    1|   ap_memory|      V_tile_3|         array|
|V_tile_3_q0          |   in|   16|   ap_memory|      V_tile_3|         array|
|V_tile_4_address0    |  out|    9|   ap_memory|      V_tile_4|         array|
|V_tile_4_ce0         |  out|    1|   ap_memory|      V_tile_4|         array|
|V_tile_4_q0          |   in|   16|   ap_memory|      V_tile_4|         array|
|V_tile_5_address0    |  out|    9|   ap_memory|      V_tile_5|         array|
|V_tile_5_ce0         |  out|    1|   ap_memory|      V_tile_5|         array|
|V_tile_5_q0          |   in|   16|   ap_memory|      V_tile_5|         array|
|V_tile_6_address0    |  out|    9|   ap_memory|      V_tile_6|         array|
|V_tile_6_ce0         |  out|    1|   ap_memory|      V_tile_6|         array|
|V_tile_6_q0          |   in|   16|   ap_memory|      V_tile_6|         array|
|V_tile_7_address0    |  out|    9|   ap_memory|      V_tile_7|         array|
|V_tile_7_ce0         |  out|    1|   ap_memory|      V_tile_7|         array|
|V_tile_7_q0          |   in|   16|   ap_memory|      V_tile_7|         array|
|V_tile_8_address0    |  out|    9|   ap_memory|      V_tile_8|         array|
|V_tile_8_ce0         |  out|    1|   ap_memory|      V_tile_8|         array|
|V_tile_8_q0          |   in|   16|   ap_memory|      V_tile_8|         array|
|V_tile_9_address0    |  out|    9|   ap_memory|      V_tile_9|         array|
|V_tile_9_ce0         |  out|    1|   ap_memory|      V_tile_9|         array|
|V_tile_9_q0          |   in|   16|   ap_memory|      V_tile_9|         array|
|V_tile_10_address0   |  out|    9|   ap_memory|     V_tile_10|         array|
|V_tile_10_ce0        |  out|    1|   ap_memory|     V_tile_10|         array|
|V_tile_10_q0         |   in|   16|   ap_memory|     V_tile_10|         array|
|V_tile_11_address0   |  out|    9|   ap_memory|     V_tile_11|         array|
|V_tile_11_ce0        |  out|    1|   ap_memory|     V_tile_11|         array|
|V_tile_11_q0         |   in|   16|   ap_memory|     V_tile_11|         array|
|V_tile_12_address0   |  out|    9|   ap_memory|     V_tile_12|         array|
|V_tile_12_ce0        |  out|    1|   ap_memory|     V_tile_12|         array|
|V_tile_12_q0         |   in|   16|   ap_memory|     V_tile_12|         array|
|V_tile_13_address0   |  out|    9|   ap_memory|     V_tile_13|         array|
|V_tile_13_ce0        |  out|    1|   ap_memory|     V_tile_13|         array|
|V_tile_13_q0         |   in|   16|   ap_memory|     V_tile_13|         array|
|V_tile_14_address0   |  out|    9|   ap_memory|     V_tile_14|         array|
|V_tile_14_ce0        |  out|    1|   ap_memory|     V_tile_14|         array|
|V_tile_14_q0         |   in|   16|   ap_memory|     V_tile_14|         array|
|V_tile_15_address0   |  out|    9|   ap_memory|     V_tile_15|         array|
|V_tile_15_ce0        |  out|    1|   ap_memory|     V_tile_15|         array|
|V_tile_15_q0         |   in|   16|   ap_memory|     V_tile_15|         array|
|PV_tile_0_address1   |  out|    9|   ap_memory|     PV_tile_0|         array|
|PV_tile_0_ce1        |  out|    1|   ap_memory|     PV_tile_0|         array|
|PV_tile_0_we1        |  out|    1|   ap_memory|     PV_tile_0|         array|
|PV_tile_0_d1         |  out|   32|   ap_memory|     PV_tile_0|         array|
|PV_tile_1_address1   |  out|    9|   ap_memory|     PV_tile_1|         array|
|PV_tile_1_ce1        |  out|    1|   ap_memory|     PV_tile_1|         array|
|PV_tile_1_we1        |  out|    1|   ap_memory|     PV_tile_1|         array|
|PV_tile_1_d1         |  out|   32|   ap_memory|     PV_tile_1|         array|
|PV_tile_2_address1   |  out|    9|   ap_memory|     PV_tile_2|         array|
|PV_tile_2_ce1        |  out|    1|   ap_memory|     PV_tile_2|         array|
|PV_tile_2_we1        |  out|    1|   ap_memory|     PV_tile_2|         array|
|PV_tile_2_d1         |  out|   32|   ap_memory|     PV_tile_2|         array|
|PV_tile_3_address1   |  out|    9|   ap_memory|     PV_tile_3|         array|
|PV_tile_3_ce1        |  out|    1|   ap_memory|     PV_tile_3|         array|
|PV_tile_3_we1        |  out|    1|   ap_memory|     PV_tile_3|         array|
|PV_tile_3_d1         |  out|   32|   ap_memory|     PV_tile_3|         array|
|PV_tile_4_address1   |  out|    9|   ap_memory|     PV_tile_4|         array|
|PV_tile_4_ce1        |  out|    1|   ap_memory|     PV_tile_4|         array|
|PV_tile_4_we1        |  out|    1|   ap_memory|     PV_tile_4|         array|
|PV_tile_4_d1         |  out|   32|   ap_memory|     PV_tile_4|         array|
|PV_tile_5_address1   |  out|    9|   ap_memory|     PV_tile_5|         array|
|PV_tile_5_ce1        |  out|    1|   ap_memory|     PV_tile_5|         array|
|PV_tile_5_we1        |  out|    1|   ap_memory|     PV_tile_5|         array|
|PV_tile_5_d1         |  out|   32|   ap_memory|     PV_tile_5|         array|
|PV_tile_6_address1   |  out|    9|   ap_memory|     PV_tile_6|         array|
|PV_tile_6_ce1        |  out|    1|   ap_memory|     PV_tile_6|         array|
|PV_tile_6_we1        |  out|    1|   ap_memory|     PV_tile_6|         array|
|PV_tile_6_d1         |  out|   32|   ap_memory|     PV_tile_6|         array|
|PV_tile_7_address1   |  out|    9|   ap_memory|     PV_tile_7|         array|
|PV_tile_7_ce1        |  out|    1|   ap_memory|     PV_tile_7|         array|
|PV_tile_7_we1        |  out|    1|   ap_memory|     PV_tile_7|         array|
|PV_tile_7_d1         |  out|   32|   ap_memory|     PV_tile_7|         array|
|PV_tile_8_address1   |  out|    9|   ap_memory|     PV_tile_8|         array|
|PV_tile_8_ce1        |  out|    1|   ap_memory|     PV_tile_8|         array|
|PV_tile_8_we1        |  out|    1|   ap_memory|     PV_tile_8|         array|
|PV_tile_8_d1         |  out|   32|   ap_memory|     PV_tile_8|         array|
|PV_tile_9_address1   |  out|    9|   ap_memory|     PV_tile_9|         array|
|PV_tile_9_ce1        |  out|    1|   ap_memory|     PV_tile_9|         array|
|PV_tile_9_we1        |  out|    1|   ap_memory|     PV_tile_9|         array|
|PV_tile_9_d1         |  out|   32|   ap_memory|     PV_tile_9|         array|
|PV_tile_10_address1  |  out|    9|   ap_memory|    PV_tile_10|         array|
|PV_tile_10_ce1       |  out|    1|   ap_memory|    PV_tile_10|         array|
|PV_tile_10_we1       |  out|    1|   ap_memory|    PV_tile_10|         array|
|PV_tile_10_d1        |  out|   32|   ap_memory|    PV_tile_10|         array|
|PV_tile_11_address1  |  out|    9|   ap_memory|    PV_tile_11|         array|
|PV_tile_11_ce1       |  out|    1|   ap_memory|    PV_tile_11|         array|
|PV_tile_11_we1       |  out|    1|   ap_memory|    PV_tile_11|         array|
|PV_tile_11_d1        |  out|   32|   ap_memory|    PV_tile_11|         array|
|PV_tile_12_address1  |  out|    9|   ap_memory|    PV_tile_12|         array|
|PV_tile_12_ce1       |  out|    1|   ap_memory|    PV_tile_12|         array|
|PV_tile_12_we1       |  out|    1|   ap_memory|    PV_tile_12|         array|
|PV_tile_12_d1        |  out|   32|   ap_memory|    PV_tile_12|         array|
|PV_tile_13_address1  |  out|    9|   ap_memory|    PV_tile_13|         array|
|PV_tile_13_ce1       |  out|    1|   ap_memory|    PV_tile_13|         array|
|PV_tile_13_we1       |  out|    1|   ap_memory|    PV_tile_13|         array|
|PV_tile_13_d1        |  out|   32|   ap_memory|    PV_tile_13|         array|
|PV_tile_14_address1  |  out|    9|   ap_memory|    PV_tile_14|         array|
|PV_tile_14_ce1       |  out|    1|   ap_memory|    PV_tile_14|         array|
|PV_tile_14_we1       |  out|    1|   ap_memory|    PV_tile_14|         array|
|PV_tile_14_d1        |  out|   32|   ap_memory|    PV_tile_14|         array|
|PV_tile_15_address1  |  out|    9|   ap_memory|    PV_tile_15|         array|
|PV_tile_15_ce1       |  out|    1|   ap_memory|    PV_tile_15|         array|
|PV_tile_15_we1       |  out|    1|   ap_memory|    PV_tile_15|         array|
|PV_tile_15_d1        |  out|   32|   ap_memory|    PV_tile_15|         array|
|br_actual            |   in|   32|     ap_none|     br_actual|        scalar|
|bc_actual            |   in|   32|     ap_none|     bc_actual|        scalar|
+---------------------+-----+-----+------------+--------------+--------------+

