

================================================================
== Vitis HLS Report for 'gemm_qkt_Pipeline_STORE_S_ROW'
================================================================
* Date:           Sun Mar 22 18:06:50 2026

* Version:        2025.1 (Build 6135595 on May 21 2025)
* Project:        FlashAtt1
* Solution:       hls (Vivado IP Flow Target)
* Product family: versalhbm
* Target device:  xcvh1582-lsva4737-2LHP-e-S


================================================================
== Performance Estimates
================================================================
+ Timing: 
    * Summary: 
    +--------+----------+----------+------------+
    |  Clock |  Target  | Estimated| Uncertainty|
    +--------+----------+----------+------------+
    |ap_clk  |  10.00 ns|  2.988 ns|     2.70 ns|
    +--------+----------+----------+------------+

+ Latency: 
    * Summary: 
    +---------+---------+----------+----------+-----+-----+------------------------------------------------+
    |  Latency (cycles) |  Latency (absolute) |  Interval |                    Pipeline                    |
    |   min   |   max   |    min   |    max   | min | max |                      Type                      |
    +---------+---------+----------+----------+-----+-----+------------------------------------------------+
    |       10|       10|  0.100 us|  0.100 us|    9|    9|  loop auto-rewind stp (delay=0 clock cycles(s))|
    +---------+---------+----------+----------+-----+-----+------------------------------------------------+

    + Detail: 
        * Instance: 
        N/A

        * Loop: 
        +---------------+---------+---------+----------+-----------+-----------+------+----------+
        |               |  Latency (cycles) | Iteration|  Initiation Interval  | Trip |          |
        |   Loop Name   |   min   |   max   |  Latency |  achieved |   target  | Count| Pipelined|
        +---------------+---------+---------+----------+-----------+-----------+------+----------+
        |- STORE_S_ROW  |        8|        8|         1|          1|          1|     8|       yes|
        +---------------+---------+---------+----------+-----------+-----------+------+----------+



================================================================
== Utilization Estimates
================================================================
* Summary: 
+---------------------+---------+------+---------+---------+------+
|         Name        | BRAM_18K|  DSP |    FF   |   LUT   | URAM |
+---------------------+---------+------+---------+---------+------+
|DSP                  |        -|     -|        -|        -|     -|
|Expression           |        -|     -|        0|      384|     -|
|FIFO                 |        -|     -|        -|        -|     -|
|Instance             |        -|     -|        0|     5376|     -|
|Memory               |        -|     -|        -|        -|     -|
|Multiplexer          |        -|     -|        0|       17|     -|
|Register             |        -|     -|        9|        -|     -|
+---------------------+---------+------+---------+---------+------+
|Total                |        0|     0|        9|     5777|     0|
+---------------------+---------+------+---------+---------+------+
|Available SLR        |     2541|  3696|  1753984|   876992|   650|
+---------------------+---------+------+---------+---------+------+
|Utilization SLR (%)  |        0|     0|       ~0|       ~0|     0|
+---------------------+---------+------+---------+---------+------+
|Available            |     5082|  7392|  3507968|  1753984|  1301|
+---------------------+---------+------+---------+---------+------+
|Utilization (%)      |        0|     0|       ~0|       ~0|     0|
+---------------------+---------+------+---------+---------+------+

+ Detail: 
    * Instance: 
    +----------------------------+-----------------------+---------+----+---+-----+-----+
    |          Instance          |         Module        | BRAM_18K| DSP| FF| LUT | URAM|
    +----------------------------+-----------------------+---------+----+---+-----+-----+
    |sparsemux_17_6_32_1_1_U532  |sparsemux_17_6_32_1_1  |        0|   0|  0|  672|    0|
    |sparsemux_17_6_32_1_1_U533  |sparsemux_17_6_32_1_1  |        0|   0|  0|  672|    0|
    |sparsemux_17_6_32_1_1_U534  |sparsemux_17_6_32_1_1  |        0|   0|  0|  672|    0|
    |sparsemux_17_6_32_1_1_U535  |sparsemux_17_6_32_1_1  |        0|   0|  0|  672|    0|
    |sparsemux_17_6_32_1_1_U536  |sparsemux_17_6_32_1_1  |        0|   0|  0|  672|    0|
    |sparsemux_17_6_32_1_1_U537  |sparsemux_17_6_32_1_1  |        0|   0|  0|  672|    0|
    |sparsemux_17_6_32_1_1_U538  |sparsemux_17_6_32_1_1  |        0|   0|  0|  672|    0|
    |sparsemux_17_6_32_1_1_U539  |sparsemux_17_6_32_1_1  |        0|   0|  0|  672|    0|
    +----------------------------+-----------------------+---------+----+---+-----+-----+
    |Total                       |                       |        0|   0|  0| 5376|    0|
    +----------------------------+-----------------------+---------+----+---+-----+-----+

    * DSP: 
    N/A

    * Memory: 
    N/A

    * FIFO: 
    N/A

    * Expression: 
    +-------------------------+----------+----+---+----+------------+------------+
    |      Variable Name      | Operation| DSP| FF| LUT| Bitwidth P0| Bitwidth P1|
    +-------------------------+----------+----+---+----+------------+------------+
    |add_ln99_fu_806_p2       |         +|   0|  0|   8|           7|           4|
    |and_ln102_1_fu_947_p2    |       and|   0|  0|   2|           1|           1|
    |and_ln102_2_fu_1038_p2   |       and|   0|  0|   2|           1|           1|
    |and_ln102_3_fu_1119_p2   |       and|   0|  0|   2|           1|           1|
    |and_ln102_4_fu_1200_p2   |       and|   0|  0|   2|           1|           1|
    |and_ln102_5_fu_1293_p2   |       and|   0|  0|   2|           1|           1|
    |and_ln102_6_fu_1374_p2   |       and|   0|  0|   2|           1|           1|
    |and_ln102_7_fu_1455_p2   |       and|   0|  0|   2|           1|           1|
    |and_ln102_fu_856_p2      |       and|   0|  0|   2|           1|           1|
    |icmp_ln102_1_fu_941_p2   |      icmp|   0|  0|  16|          32|          32|
    |icmp_ln102_2_fu_1032_p2  |      icmp|   0|  0|  16|          32|          32|
    |icmp_ln102_3_fu_1113_p2  |      icmp|   0|  0|  16|          32|          32|
    |icmp_ln102_4_fu_1194_p2  |      icmp|   0|  0|  16|          32|          32|
    |icmp_ln102_5_fu_1287_p2  |      icmp|   0|  0|  16|          32|          32|
    |icmp_ln102_6_fu_1368_p2  |      icmp|   0|  0|  16|          32|          32|
    |icmp_ln102_7_fu_1449_p2  |      icmp|   0|  0|  16|          32|          32|
    |icmp_ln102_fu_850_p2     |      icmp|   0|  0|  16|          32|          32|
    |cond_1_fu_993_p3         |    select|   0|  0|  29|           1|          32|
    |cond_2_fu_1084_p3        |    select|   0|  0|  29|           1|          32|
    |cond_3_fu_1165_p3        |    select|   0|  0|  29|           1|          32|
    |cond_4_fu_1246_p3        |    select|   0|  0|  29|           1|          32|
    |cond_5_fu_1339_p3        |    select|   0|  0|  29|           1|          32|
    |cond_6_fu_1420_p3        |    select|   0|  0|  29|           1|          32|
    |cond_7_fu_1501_p3        |    select|   0|  0|  29|           1|          32|
    |cond_fu_902_p3           |    select|   0|  0|  29|           1|          32|
    +-------------------------+----------+----+---+----+------------+------------+
    |Total                    |          |   0|  0| 384|         279|         524|
    +-------------------------+----------+----+---+----+------------+------------+

    * Multiplexer: 
    +----------------------+----+-----------+-----+-----------+
    |         Name         | LUT| Input Size| Bits| Total Bits|
    +----------------------+----+-----------+-----+-----------+
    |ap_done_int           |   1|          2|    1|          2|
    |ap_sig_allocacmp_j_2  |   8|          2|    7|         14|
    |j_fu_248              |   8|          2|    7|         14|
    +----------------------+----+-----------+-----+-----------+
    |Total                 |  17|          6|   15|         30|
    +----------------------+----+-----------+-----+-----------+

    * Register: 
    +-------------+---+----+-----+-----------+
    |     Name    | FF| LUT| Bits| Const Bits|
    +-------------+---+----+-----+-----------+
    |ap_CS_fsm    |  1|   0|    1|          0|
    |ap_done_reg  |  1|   0|    1|          0|
    |j_fu_248     |  7|   0|    7|          0|
    +-------------+---+----+-----+-----------+
    |Total        |  9|   0|    9|          0|
    +-------------+---+----+-----+-----------+



================================================================
== Interface
================================================================
* Summary: 
+------------------------+-----+-----+------------+-------------------------------+--------------+
|        RTL Ports       | Dir | Bits|  Protocol  |         Source Object         |    C Type    |
+------------------------+-----+-----+------------+-------------------------------+--------------+
|ap_clk                  |   in|    1|  ap_ctrl_hs|  gemm_qkt_Pipeline_STORE_S_ROW|  return value|
|ap_rst                  |   in|    1|  ap_ctrl_hs|  gemm_qkt_Pipeline_STORE_S_ROW|  return value|
|ap_start                |   in|    1|  ap_ctrl_hs|  gemm_qkt_Pipeline_STORE_S_ROW|  return value|
|ap_done                 |  out|    1|  ap_ctrl_hs|  gemm_qkt_Pipeline_STORE_S_ROW|  return value|
|ap_idle                 |  out|    1|  ap_ctrl_hs|  gemm_qkt_Pipeline_STORE_S_ROW|  return value|
|ap_ready                |  out|    1|  ap_ctrl_hs|  gemm_qkt_Pipeline_STORE_S_ROW|  return value|
|i                       |   in|    6|     ap_none|                              i|        scalar|
|S_tile_0_address1       |  out|    9|   ap_memory|                       S_tile_0|         array|
|S_tile_0_ce1            |  out|    1|   ap_memory|                       S_tile_0|         array|
|S_tile_0_we1            |  out|    1|   ap_memory|                       S_tile_0|         array|
|S_tile_0_d1             |  out|   32|   ap_memory|                       S_tile_0|         array|
|S_tile_1_address1       |  out|    9|   ap_memory|                       S_tile_1|         array|
|S_tile_1_ce1            |  out|    1|   ap_memory|                       S_tile_1|         array|
|S_tile_1_we1            |  out|    1|   ap_memory|                       S_tile_1|         array|
|S_tile_1_d1             |  out|   32|   ap_memory|                       S_tile_1|         array|
|S_tile_2_address1       |  out|    9|   ap_memory|                       S_tile_2|         array|
|S_tile_2_ce1            |  out|    1|   ap_memory|                       S_tile_2|         array|
|S_tile_2_we1            |  out|    1|   ap_memory|                       S_tile_2|         array|
|S_tile_2_d1             |  out|   32|   ap_memory|                       S_tile_2|         array|
|S_tile_3_address1       |  out|    9|   ap_memory|                       S_tile_3|         array|
|S_tile_3_ce1            |  out|    1|   ap_memory|                       S_tile_3|         array|
|S_tile_3_we1            |  out|    1|   ap_memory|                       S_tile_3|         array|
|S_tile_3_d1             |  out|   32|   ap_memory|                       S_tile_3|         array|
|S_tile_4_address1       |  out|    9|   ap_memory|                       S_tile_4|         array|
|S_tile_4_ce1            |  out|    1|   ap_memory|                       S_tile_4|         array|
|S_tile_4_we1            |  out|    1|   ap_memory|                       S_tile_4|         array|
|S_tile_4_d1             |  out|   32|   ap_memory|                       S_tile_4|         array|
|S_tile_5_address1       |  out|    9|   ap_memory|                       S_tile_5|         array|
|S_tile_5_ce1            |  out|    1|   ap_memory|                       S_tile_5|         array|
|S_tile_5_we1            |  out|    1|   ap_memory|                       S_tile_5|         array|
|S_tile_5_d1             |  out|   32|   ap_memory|                       S_tile_5|         array|
|S_tile_6_address1       |  out|    9|   ap_memory|                       S_tile_6|         array|
|S_tile_6_ce1            |  out|    1|   ap_memory|                       S_tile_6|         array|
|S_tile_6_we1            |  out|    1|   ap_memory|                       S_tile_6|         array|
|S_tile_6_d1             |  out|   32|   ap_memory|                       S_tile_6|         array|
|S_tile_7_address1       |  out|    9|   ap_memory|                       S_tile_7|         array|
|S_tile_7_ce1            |  out|    1|   ap_memory|                       S_tile_7|         array|
|S_tile_7_we1            |  out|    1|   ap_memory|                       S_tile_7|         array|
|S_tile_7_d1             |  out|   32|   ap_memory|                       S_tile_7|         array|
|bc_actual               |   in|   32|     ap_none|                      bc_actual|        scalar|
|cmp60                   |   in|    1|     ap_none|                          cmp60|        scalar|
|acc_row_load_reload     |   in|   32|     ap_none|            acc_row_load_reload|        scalar|
|acc_row_8_load_reload   |   in|   32|     ap_none|          acc_row_8_load_reload|        scalar|
|acc_row_16_load_reload  |   in|   32|     ap_none|         acc_row_16_load_reload|        scalar|
|acc_row_24_load_reload  |   in|   32|     ap_none|         acc_row_24_load_reload|        scalar|
|acc_row_32_load_reload  |   in|   32|     ap_none|         acc_row_32_load_reload|        scalar|
|acc_row_40_load_reload  |   in|   32|     ap_none|         acc_row_40_load_reload|        scalar|
|acc_row_48_load_reload  |   in|   32|     ap_none|         acc_row_48_load_reload|        scalar|
|acc_row_56_load_reload  |   in|   32|     ap_none|         acc_row_56_load_reload|        scalar|
|acc_row_1_load_reload   |   in|   32|     ap_none|          acc_row_1_load_reload|        scalar|
|acc_row_9_load_reload   |   in|   32|     ap_none|          acc_row_9_load_reload|        scalar|
|acc_row_17_load_reload  |   in|   32|     ap_none|         acc_row_17_load_reload|        scalar|
|acc_row_25_load_reload  |   in|   32|     ap_none|         acc_row_25_load_reload|        scalar|
|acc_row_33_load_reload  |   in|   32|     ap_none|         acc_row_33_load_reload|        scalar|
|acc_row_41_load_reload  |   in|   32|     ap_none|         acc_row_41_load_reload|        scalar|
|acc_row_49_load_reload  |   in|   32|     ap_none|         acc_row_49_load_reload|        scalar|
|acc_row_57_load_reload  |   in|   32|     ap_none|         acc_row_57_load_reload|        scalar|
|acc_row_2_load_reload   |   in|   32|     ap_none|          acc_row_2_load_reload|        scalar|
|acc_row_10_load_reload  |   in|   32|     ap_none|         acc_row_10_load_reload|        scalar|
|acc_row_18_load_reload  |   in|   32|     ap_none|         acc_row_18_load_reload|        scalar|
|acc_row_26_load_reload  |   in|   32|     ap_none|         acc_row_26_load_reload|        scalar|
|acc_row_34_load_reload  |   in|   32|     ap_none|         acc_row_34_load_reload|        scalar|
|acc_row_42_load_reload  |   in|   32|     ap_none|         acc_row_42_load_reload|        scalar|
|acc_row_50_load_reload  |   in|   32|     ap_none|         acc_row_50_load_reload|        scalar|
|acc_row_58_load_reload  |   in|   32|     ap_none|         acc_row_58_load_reload|        scalar|
|acc_row_3_load_reload   |   in|   32|     ap_none|          acc_row_3_load_reload|        scalar|
|acc_row_11_load_reload  |   in|   32|     ap_none|         acc_row_11_load_reload|        scalar|
|acc_row_19_load_reload  |   in|   32|     ap_none|         acc_row_19_load_reload|        scalar|
|acc_row_27_load_reload  |   in|   32|     ap_none|         acc_row_27_load_reload|        scalar|
|acc_row_35_load_reload  |   in|   32|     ap_none|         acc_row_35_load_reload|        scalar|
|acc_row_43_load_reload  |   in|   32|     ap_none|         acc_row_43_load_reload|        scalar|
|acc_row_51_load_reload  |   in|   32|     ap_none|         acc_row_51_load_reload|        scalar|
|acc_row_59_load_reload  |   in|   32|     ap_none|         acc_row_59_load_reload|        scalar|
|acc_row_4_load_reload   |   in|   32|     ap_none|          acc_row_4_load_reload|        scalar|
|acc_row_12_load_reload  |   in|   32|     ap_none|         acc_row_12_load_reload|        scalar|
|acc_row_20_load_reload  |   in|   32|     ap_none|         acc_row_20_load_reload|        scalar|
|acc_row_28_load_reload  |   in|   32|     ap_none|         acc_row_28_load_reload|        scalar|
|acc_row_36_load_reload  |   in|   32|     ap_none|         acc_row_36_load_reload|        scalar|
|acc_row_44_load_reload  |   in|   32|     ap_none|         acc_row_44_load_reload|        scalar|
|acc_row_52_load_reload  |   in|   32|     ap_none|         acc_row_52_load_reload|        scalar|
|acc_row_60_load_reload  |   in|   32|     ap_none|         acc_row_60_load_reload|        scalar|
|acc_row_5_load_reload   |   in|   32|     ap_none|          acc_row_5_load_reload|        scalar|
|acc_row_13_load_reload  |   in|   32|     ap_none|         acc_row_13_load_reload|        scalar|
|acc_row_21_load_reload  |   in|   32|     ap_none|         acc_row_21_load_reload|        scalar|
|acc_row_29_load_reload  |   in|   32|     ap_none|         acc_row_29_load_reload|        scalar|
|acc_row_37_load_reload  |   in|   32|     ap_none|         acc_row_37_load_reload|        scalar|
|acc_row_45_load_reload  |   in|   32|     ap_none|         acc_row_45_load_reload|        scalar|
|acc_row_53_load_reload  |   in|   32|     ap_none|         acc_row_53_load_reload|        scalar|
|acc_row_61_load_reload  |   in|   32|     ap_none|         acc_row_61_load_reload|        scalar|
|acc_row_6_load_reload   |   in|   32|     ap_none|          acc_row_6_load_reload|        scalar|
|acc_row_14_load_reload  |   in|   32|     ap_none|         acc_row_14_load_reload|        scalar|
|acc_row_22_load_reload  |   in|   32|     ap_none|         acc_row_22_load_reload|        scalar|
|acc_row_30_load_reload  |   in|   32|     ap_none|         acc_row_30_load_reload|        scalar|
|acc_row_38_load_reload  |   in|   32|     ap_none|         acc_row_38_load_reload|        scalar|
|acc_row_46_load_reload  |   in|   32|     ap_none|         acc_row_46_load_reload|        scalar|
|acc_row_54_load_reload  |   in|   32|     ap_none|         acc_row_54_load_reload|        scalar|
|acc_row_62_load_reload  |   in|   32|     ap_none|         acc_row_62_load_reload|        scalar|
|acc_row_7_load_reload   |   in|   32|     ap_none|          acc_row_7_load_reload|        scalar|
|acc_row_15_load_reload  |   in|   32|     ap_none|         acc_row_15_load_reload|        scalar|
|acc_row_23_load_reload  |   in|   32|     ap_none|         acc_row_23_load_reload|        scalar|
|acc_row_31_load_reload  |   in|   32|     ap_none|         acc_row_31_load_reload|        scalar|
|acc_row_39_load_reload  |   in|   32|     ap_none|         acc_row_39_load_reload|        scalar|
|acc_row_47_load_reload  |   in|   32|     ap_none|         acc_row_47_load_reload|        scalar|
|acc_row_55_load_reload  |   in|   32|     ap_none|         acc_row_55_load_reload|        scalar|
|acc_row_63_load_reload  |   in|   32|     ap_none|         acc_row_63_load_reload|        scalar|
+------------------------+-----+-----+------------+-------------------------------+--------------+

