

================================================================
== Vitis HLS Report for 'gemm_qkt_Pipeline_GEMM_QKT_KK_GEMM_QKT_COL'
================================================================
* Date:           Sun Mar 22 18:06:49 2026

* Version:        2025.1 (Build 6135595 on May 21 2025)
* Project:        FlashAtt1
* Solution:       hls (Vivado IP Flow Target)
* Product family: versalhbm
* Target device:  xcvh1582-lsva4737-2LHP-e-S


================================================================
== Performance Estimates
================================================================
+ Timing: 
    * Summary: 
    +--------+----------+----------+------------+
    |  Clock |  Target  | Estimated| Uncertainty|
    +--------+----------+----------+------------+
    |ap_clk  |  10.00 ns|  7.283 ns|     2.70 ns|
    +--------+----------+----------+------------+

+ Latency: 
    * Summary: 
    +---------+---------+----------+----------+-----+-----+------------------------------------------------+
    |  Latency (cycles) |  Latency (absolute) |  Interval |                    Pipeline                    |
    |   min   |   max   |    min   |    max   | min | max |                      Type                      |
    +---------+---------+----------+----------+-----+-----+------------------------------------------------+
    |      530|      530|  5.300 us|  5.300 us|  513|  513|  loop auto-rewind stp (delay=0 clock cycles(s))|
    +---------+---------+----------+----------+-----+-----+------------------------------------------------+

    + Detail: 
        * Instance: 
        N/A

        * Loop: 
        +----------------------------+---------+---------+----------+-----------+-----------+------+----------+
        |                            |  Latency (cycles) | Iteration|  Initiation Interval  | Trip |          |
        |          Loop Name         |   min   |   max   |  Latency |  achieved |   target  | Count| Pipelined|
        +----------------------------+---------+---------+----------+-----------+-----------+------+----------+
        |- GEMM_QKT_KK_GEMM_QKT_COL  |      528|      528|        18|          1|          1|   512|       yes|
        +----------------------------+---------+---------+----------+-----------+-----------+------+----------+



================================================================
== Utilization Estimates
================================================================
* Summary: 
+---------------------+---------+------+---------+---------+------+
|         Name        | BRAM_18K|  DSP |    FF   |   LUT   | URAM |
+---------------------+---------+------+---------+---------+------+
|DSP                  |        -|     -|        -|        -|     -|
|Expression           |        -|     -|        0|       62|     -|
|FIFO                 |        -|     -|        -|        -|     -|
|Instance             |        -|    17|        0|      688|     -|
|Memory               |        -|     -|        -|        -|     -|
|Multiplexer          |        -|     -|        0|     2114|     -|
|Register             |        -|     -|     2986|       26|     -|
+---------------------+---------+------+---------+---------+------+
|Total                |        0|    17|     2986|     2890|     0|
+---------------------+---------+------+---------+---------+------+
|Available SLR        |     2541|  3696|  1753984|   876992|   650|
+---------------------+---------+------+---------+---------+------+
|Utilization SLR (%)  |        0|    ~0|       ~0|       ~0|     0|
+---------------------+---------+------+---------+---------+------+
|Available            |     5082|  7392|  3507968|  1753984|  1301|
+---------------------+---------+------+---------+---------+------+
|Utilization (%)      |        0|    ~0|       ~0|       ~0|     0|
+---------------------+---------+------+---------+---------+------+

+ Detail: 
    * Instance: 
    +-----------------------------------------------------+------------------------------------------------+---------+----+---+-----+-----+
    |                       Instance                      |                     Module                     | BRAM_18K| DSP| FF| LUT | URAM|
    +-----------------------------------------------------+------------------------------------------------+---------+----+---+-----+-----+
    |fadd_32ns_32ns_32_1_primitive_dsp_1_U382             |fadd_32ns_32ns_32_1_primitive_dsp_1             |        0|   1|  0|    0|    0|
    |fmadd_32ns_32ns_32ns_32ns_32_1_primitive_dsp_1_U415  |fmadd_32ns_32ns_32ns_32ns_32_1_primitive_dsp_1  |        0|   1|  0|    1|    0|
    |fmadd_32ns_32ns_32ns_32ns_32_1_primitive_dsp_1_U416  |fmadd_32ns_32ns_32ns_32ns_32_1_primitive_dsp_1  |        0|   1|  0|    1|    0|
    |fmadd_32ns_32ns_32ns_32ns_32_1_primitive_dsp_1_U417  |fmadd_32ns_32ns_32ns_32ns_32_1_primitive_dsp_1  |        0|   1|  0|    1|    0|
    |fmadd_32ns_32ns_32ns_32ns_32_1_primitive_dsp_1_U418  |fmadd_32ns_32ns_32ns_32ns_32_1_primitive_dsp_1  |        0|   1|  0|    1|    0|
    |fmadd_32ns_32ns_32ns_32ns_32_1_primitive_dsp_1_U419  |fmadd_32ns_32ns_32ns_32ns_32_1_primitive_dsp_1  |        0|   1|  0|    1|    0|
    |fmadd_32ns_32ns_32ns_32ns_32_1_primitive_dsp_1_U420  |fmadd_32ns_32ns_32ns_32ns_32_1_primitive_dsp_1  |        0|   1|  0|    1|    0|
    |fmadd_32ns_32ns_32ns_32ns_32_1_primitive_dsp_1_U421  |fmadd_32ns_32ns_32ns_32ns_32_1_primitive_dsp_1  |        0|   1|  0|    1|    0|
    |fmadd_32ns_32ns_32ns_32ns_32_1_primitive_dsp_1_U422  |fmadd_32ns_32ns_32ns_32ns_32_1_primitive_dsp_1  |        0|   1|  0|    1|    0|
    |fmadd_32ns_32ns_32ns_32ns_32_1_primitive_dsp_1_U423  |fmadd_32ns_32ns_32ns_32ns_32_1_primitive_dsp_1  |        0|   1|  0|    1|    0|
    |fmadd_32ns_32ns_32ns_32ns_32_1_primitive_dsp_1_U424  |fmadd_32ns_32ns_32ns_32ns_32_1_primitive_dsp_1  |        0|   1|  0|    1|    0|
    |fmadd_32ns_32ns_32ns_32ns_32_1_primitive_dsp_1_U425  |fmadd_32ns_32ns_32ns_32ns_32_1_primitive_dsp_1  |        0|   1|  0|    1|    0|
    |fmadd_32ns_32ns_32ns_32ns_32_1_primitive_dsp_1_U426  |fmadd_32ns_32ns_32ns_32ns_32_1_primitive_dsp_1  |        0|   1|  0|    1|    0|
    |fmadd_32ns_32ns_32ns_32ns_32_1_primitive_dsp_1_U427  |fmadd_32ns_32ns_32ns_32ns_32_1_primitive_dsp_1  |        0|   1|  0|    1|    0|
    |fmadd_32ns_32ns_32ns_32ns_32_1_primitive_dsp_1_U428  |fmadd_32ns_32ns_32ns_32ns_32_1_primitive_dsp_1  |        0|   1|  0|    1|    0|
    |fmadd_32ns_32ns_32ns_32ns_32_1_primitive_dsp_1_U429  |fmadd_32ns_32ns_32ns_32ns_32_1_primitive_dsp_1  |        0|   1|  0|    1|    0|
    |fmadd_32ns_32ns_32ns_32ns_32_1_primitive_dsp_1_U430  |fmadd_32ns_32ns_32ns_32ns_32_1_primitive_dsp_1  |        0|   1|  0|    1|    0|
    |hptosp_16ns_32_1_no_dsp_1_U383                       |hptosp_16ns_32_1_no_dsp_1                       |        0|   0|  0|    0|    0|
    |hptosp_16ns_32_1_no_dsp_1_U384                       |hptosp_16ns_32_1_no_dsp_1                       |        0|   0|  0|    0|    0|
    |hptosp_16ns_32_1_no_dsp_1_U385                       |hptosp_16ns_32_1_no_dsp_1                       |        0|   0|  0|    0|    0|
    |hptosp_16ns_32_1_no_dsp_1_U386                       |hptosp_16ns_32_1_no_dsp_1                       |        0|   0|  0|    0|    0|
    |hptosp_16ns_32_1_no_dsp_1_U387                       |hptosp_16ns_32_1_no_dsp_1                       |        0|   0|  0|    0|    0|
    |hptosp_16ns_32_1_no_dsp_1_U388                       |hptosp_16ns_32_1_no_dsp_1                       |        0|   0|  0|    0|    0|
    |hptosp_16ns_32_1_no_dsp_1_U389                       |hptosp_16ns_32_1_no_dsp_1                       |        0|   0|  0|    0|    0|
    |hptosp_16ns_32_1_no_dsp_1_U390                       |hptosp_16ns_32_1_no_dsp_1                       |        0|   0|  0|    0|    0|
    |hptosp_16ns_32_1_no_dsp_1_U391                       |hptosp_16ns_32_1_no_dsp_1                       |        0|   0|  0|    0|    0|
    |hptosp_16ns_32_1_no_dsp_1_U392                       |hptosp_16ns_32_1_no_dsp_1                       |        0|   0|  0|    0|    0|
    |hptosp_16ns_32_1_no_dsp_1_U393                       |hptosp_16ns_32_1_no_dsp_1                       |        0|   0|  0|    0|    0|
    |hptosp_16ns_32_1_no_dsp_1_U394                       |hptosp_16ns_32_1_no_dsp_1                       |        0|   0|  0|    0|    0|
    |hptosp_16ns_32_1_no_dsp_1_U395                       |hptosp_16ns_32_1_no_dsp_1                       |        0|   0|  0|    0|    0|
    |hptosp_16ns_32_1_no_dsp_1_U396                       |hptosp_16ns_32_1_no_dsp_1                       |        0|   0|  0|    0|    0|
    |hptosp_16ns_32_1_no_dsp_1_U397                       |hptosp_16ns_32_1_no_dsp_1                       |        0|   0|  0|    0|    0|
    |hptosp_16ns_32_1_no_dsp_1_U398                       |hptosp_16ns_32_1_no_dsp_1                       |        0|   0|  0|    0|    0|
    |hptosp_16ns_32_1_no_dsp_1_U399                       |hptosp_16ns_32_1_no_dsp_1                       |        0|   0|  0|    0|    0|
    |hptosp_16ns_32_1_no_dsp_1_U400                       |hptosp_16ns_32_1_no_dsp_1                       |        0|   0|  0|    0|    0|
    |hptosp_16ns_32_1_no_dsp_1_U401                       |hptosp_16ns_32_1_no_dsp_1                       |        0|   0|  0|    0|    0|
    |hptosp_16ns_32_1_no_dsp_1_U402                       |hptosp_16ns_32_1_no_dsp_1                       |        0|   0|  0|    0|    0|
    |hptosp_16ns_32_1_no_dsp_1_U403                       |hptosp_16ns_32_1_no_dsp_1                       |        0|   0|  0|    0|    0|
    |hptosp_16ns_32_1_no_dsp_1_U404                       |hptosp_16ns_32_1_no_dsp_1                       |        0|   0|  0|    0|    0|
    |hptosp_16ns_32_1_no_dsp_1_U405                       |hptosp_16ns_32_1_no_dsp_1                       |        0|   0|  0|    0|    0|
    |hptosp_16ns_32_1_no_dsp_1_U406                       |hptosp_16ns_32_1_no_dsp_1                       |        0|   0|  0|    0|    0|
    |hptosp_16ns_32_1_no_dsp_1_U407                       |hptosp_16ns_32_1_no_dsp_1                       |        0|   0|  0|    0|    0|
    |hptosp_16ns_32_1_no_dsp_1_U408                       |hptosp_16ns_32_1_no_dsp_1                       |        0|   0|  0|    0|    0|
    |hptosp_16ns_32_1_no_dsp_1_U409                       |hptosp_16ns_32_1_no_dsp_1                       |        0|   0|  0|    0|    0|
    |hptosp_16ns_32_1_no_dsp_1_U410                       |hptosp_16ns_32_1_no_dsp_1                       |        0|   0|  0|    0|    0|
    |hptosp_16ns_32_1_no_dsp_1_U411                       |hptosp_16ns_32_1_no_dsp_1                       |        0|   0|  0|    0|    0|
    |hptosp_16ns_32_1_no_dsp_1_U412                       |hptosp_16ns_32_1_no_dsp_1                       |        0|   0|  0|    0|    0|
    |hptosp_16ns_32_1_no_dsp_1_U413                       |hptosp_16ns_32_1_no_dsp_1                       |        0|   0|  0|    0|    0|
    |hptosp_16ns_32_1_no_dsp_1_U414                       |hptosp_16ns_32_1_no_dsp_1                       |        0|   0|  0|    0|    0|
    |sparsemux_129_6_32_1_1_U431                          |sparsemux_129_6_32_1_1                          |        0|   0|  0|  672|    0|
    +-----------------------------------------------------+------------------------------------------------+---------+----+---+-----+-----+
    |Total                                                |                                                |        0|  17|  0|  688|    0|
    +-----------------------------------------------------+------------------------------------------------+---------+----+---+-----+-----+

    * DSP: 
    N/A

    * Memory: 
    N/A

    * FIFO: 
    N/A

    * Expression: 
    +--------------------------+----------+----+---+----+------------+------------+
    |       Variable Name      | Operation| DSP| FF| LUT| Bitwidth P0| Bitwidth P1|
    +--------------------------+----------+----+---+----+------------+------------+
    |add_ln65_1_fu_2121_p2     |         +|   0|  0|  10|          10|           1|
    |add_ln65_fu_2139_p2       |         +|   0|  0|   6|           4|           1|
    |add_ln73_fu_2175_p2       |         +|   0|  0|   9|           9|           9|
    |add_ln78_fu_2334_p2       |         +|   0|  0|   8|           7|           1|
    |add_ln90_fu_2189_p2       |         +|   0|  0|   9|           9|           9|
    |icmp_ln65_fu_2127_p2      |      icmp|   0|  0|   4|          10|          11|
    |icmp_ln78_fu_2145_p2      |      icmp|   0|  0|   3|           7|           8|
    |select_ln65_1_fu_2163_p3  |    select|   0|  0|   4|           1|           4|
    |select_ln65_fu_2151_p3    |    select|   0|  0|   7|           1|           1|
    |ap_enable_pp0             |       xor|   0|  0|   2|           1|           2|
    +--------------------------+----------+----+---+----+------------+------------+
    |Total                     |          |   0|  0|  62|          59|          47|
    +--------------------------+----------+----+---+----+------------+------------+

    * Multiplexer: 
    +--------------------------------------+----+-----------+-----+-----------+
    |                 Name                 | LUT| Input Size| Bits| Total Bits|
    +--------------------------------------+----+-----------+-----+-----------+
    |acc_row_10_fu_608                     |  32|          2|   32|         64|
    |acc_row_11_fu_604                     |  32|          2|   32|         64|
    |acc_row_12_fu_600                     |  32|          2|   32|         64|
    |acc_row_13_fu_596                     |  32|          2|   32|         64|
    |acc_row_14_fu_592                     |  32|          2|   32|         64|
    |acc_row_15_fu_588                     |  32|          2|   32|         64|
    |acc_row_16_fu_584                     |  32|          2|   32|         64|
    |acc_row_17_fu_580                     |  32|          2|   32|         64|
    |acc_row_18_fu_576                     |  32|          2|   32|         64|
    |acc_row_19_fu_572                     |  32|          2|   32|         64|
    |acc_row_1_fu_644                      |  32|          2|   32|         64|
    |acc_row_20_fu_568                     |  32|          2|   32|         64|
    |acc_row_21_fu_564                     |  32|          2|   32|         64|
    |acc_row_22_fu_560                     |  32|          2|   32|         64|
    |acc_row_23_fu_556                     |  32|          2|   32|         64|
    |acc_row_24_fu_552                     |  32|          2|   32|         64|
    |acc_row_25_fu_548                     |  32|          2|   32|         64|
    |acc_row_26_fu_544                     |  32|          2|   32|         64|
    |acc_row_27_fu_540                     |  32|          2|   32|         64|
    |acc_row_28_fu_536                     |  32|          2|   32|         64|
    |acc_row_29_fu_532                     |  32|          2|   32|         64|
    |acc_row_2_fu_640                      |  32|          2|   32|         64|
    |acc_row_30_fu_528                     |  32|          2|   32|         64|
    |acc_row_31_fu_524                     |  32|          2|   32|         64|
    |acc_row_32_fu_520                     |  32|          2|   32|         64|
    |acc_row_33_fu_516                     |  32|          2|   32|         64|
    |acc_row_34_fu_512                     |  32|          2|   32|         64|
    |acc_row_35_fu_508                     |  32|          2|   32|         64|
    |acc_row_36_fu_504                     |  32|          2|   32|         64|
    |acc_row_37_fu_500                     |  32|          2|   32|         64|
    |acc_row_38_fu_496                     |  32|          2|   32|         64|
    |acc_row_39_fu_492                     |  32|          2|   32|         64|
    |acc_row_3_fu_636                      |  32|          2|   32|         64|
    |acc_row_40_fu_488                     |  32|          2|   32|         64|
    |acc_row_41_fu_484                     |  32|          2|   32|         64|
    |acc_row_42_fu_480                     |  32|          2|   32|         64|
    |acc_row_43_fu_476                     |  32|          2|   32|         64|
    |acc_row_44_fu_472                     |  32|          2|   32|         64|
    |acc_row_45_fu_468                     |  32|          2|   32|         64|
    |acc_row_46_fu_464                     |  32|          2|   32|         64|
    |acc_row_47_fu_460                     |  32|          2|   32|         64|
    |acc_row_48_fu_456                     |  32|          2|   32|         64|
    |acc_row_49_fu_452                     |  32|          2|   32|         64|
    |acc_row_4_fu_632                      |  32|          2|   32|         64|
    |acc_row_50_fu_448                     |  32|          2|   32|         64|
    |acc_row_51_fu_444                     |  32|          2|   32|         64|
    |acc_row_52_fu_440                     |  32|          2|   32|         64|
    |acc_row_53_fu_436                     |  32|          2|   32|         64|
    |acc_row_54_fu_432                     |  32|          2|   32|         64|
    |acc_row_55_fu_428                     |  32|          2|   32|         64|
    |acc_row_56_fu_424                     |  32|          2|   32|         64|
    |acc_row_57_fu_420                     |  32|          2|   32|         64|
    |acc_row_58_fu_416                     |  32|          2|   32|         64|
    |acc_row_59_fu_412                     |  32|          2|   32|         64|
    |acc_row_5_fu_628                      |  32|          2|   32|         64|
    |acc_row_60_fu_408                     |  32|          2|   32|         64|
    |acc_row_61_fu_404                     |  32|          2|   32|         64|
    |acc_row_62_fu_400                     |  32|          2|   32|         64|
    |acc_row_63_fu_396                     |  32|          2|   32|         64|
    |acc_row_6_fu_624                      |  32|          2|   32|         64|
    |acc_row_7_fu_620                      |  32|          2|   32|         64|
    |acc_row_8_fu_616                      |  32|          2|   32|         64|
    |acc_row_9_fu_612                      |  32|          2|   32|         64|
    |acc_row_fu_648                        |  32|          2|   32|         64|
    |ap_done_int                           |   1|          2|    1|          2|
    |ap_enable_reg_pp0_iter1               |   1|          2|    1|          2|
    |ap_sig_allocacmp_indvar_flatten_load  |  16|          2|   10|         20|
    |ap_sig_allocacmp_j_2_load             |   8|          2|    7|         14|
    |ap_sig_allocacmp_kk_load              |   8|          2|    4|          8|
    |indvar_flatten_fu_392                 |  16|          2|   10|         20|
    |j_2_fu_384                            |   8|          2|    7|         14|
    |kk_fu_388                             |   8|          2|    4|          8|
    +--------------------------------------+----+-----------+-----+-----------+
    |Total                                 |2114|        144| 2092|       4184|
    +--------------------------------------+----+-----------+-----+-----------+

    * Register: 
    +-----------------------------------+----+----+-----+-----------+
    |                Name               | FF | LUT| Bits| Const Bits|
    +-----------------------------------+----+----+-----+-----------+
    |K_tile_0_load_reg_4411             |  16|   0|   16|          0|
    |K_tile_10_load_reg_4631            |  16|   0|   16|          0|
    |K_tile_11_load_reg_4653            |  16|   0|   16|          0|
    |K_tile_12_load_reg_4675            |  16|   0|   16|          0|
    |K_tile_13_load_reg_4697            |  16|   0|   16|          0|
    |K_tile_14_load_reg_4724            |  16|   0|   16|          0|
    |K_tile_1_load_reg_4433             |  16|   0|   16|          0|
    |K_tile_2_load_reg_4455             |  16|   0|   16|          0|
    |K_tile_3_load_reg_4477             |  16|   0|   16|          0|
    |K_tile_4_load_reg_4499             |  16|   0|   16|          0|
    |K_tile_5_load_reg_4521             |  16|   0|   16|          0|
    |K_tile_6_load_reg_4543             |  16|   0|   16|          0|
    |K_tile_7_load_reg_4565             |  16|   0|   16|          0|
    |K_tile_8_load_reg_4587             |  16|   0|   16|          0|
    |K_tile_9_load_reg_4609             |  16|   0|   16|          0|
    |acc_row_10_fu_608                  |  32|   0|   32|          0|
    |acc_row_11_fu_604                  |  32|   0|   32|          0|
    |acc_row_12_fu_600                  |  32|   0|   32|          0|
    |acc_row_13_fu_596                  |  32|   0|   32|          0|
    |acc_row_14_fu_592                  |  32|   0|   32|          0|
    |acc_row_15_fu_588                  |  32|   0|   32|          0|
    |acc_row_16_fu_584                  |  32|   0|   32|          0|
    |acc_row_17_fu_580                  |  32|   0|   32|          0|
    |acc_row_18_fu_576                  |  32|   0|   32|          0|
    |acc_row_19_fu_572                  |  32|   0|   32|          0|
    |acc_row_1_fu_644                   |  32|   0|   32|          0|
    |acc_row_20_fu_568                  |  32|   0|   32|          0|
    |acc_row_21_fu_564                  |  32|   0|   32|          0|
    |acc_row_22_fu_560                  |  32|   0|   32|          0|
    |acc_row_23_fu_556                  |  32|   0|   32|          0|
    |acc_row_24_fu_552                  |  32|   0|   32|          0|
    |acc_row_25_fu_548                  |  32|   0|   32|          0|
    |acc_row_26_fu_544                  |  32|   0|   32|          0|
    |acc_row_27_fu_540                  |  32|   0|   32|          0|
    |acc_row_28_fu_536                  |  32|   0|   32|          0|
    |acc_row_29_fu_532                  |  32|   0|   32|          0|
    |acc_row_2_fu_640                   |  32|   0|   32|          0|
    |acc_row_30_fu_528                  |  32|   0|   32|          0|
    |acc_row_31_fu_524                  |  32|   0|   32|          0|
    |acc_row_32_fu_520                  |  32|   0|   32|          0|
    |acc_row_33_fu_516                  |  32|   0|   32|          0|
    |acc_row_34_fu_512                  |  32|   0|   32|          0|
    |acc_row_35_fu_508                  |  32|   0|   32|          0|
    |acc_row_36_fu_504                  |  32|   0|   32|          0|
    |acc_row_37_fu_500                  |  32|   0|   32|          0|
    |acc_row_38_fu_496                  |  32|   0|   32|          0|
    |acc_row_39_fu_492                  |  32|   0|   32|          0|
    |acc_row_3_fu_636                   |  32|   0|   32|          0|
    |acc_row_40_fu_488                  |  32|   0|   32|          0|
    |acc_row_41_fu_484                  |  32|   0|   32|          0|
    |acc_row_42_fu_480                  |  32|   0|   32|          0|
    |acc_row_43_fu_476                  |  32|   0|   32|          0|
    |acc_row_44_fu_472                  |  32|   0|   32|          0|
    |acc_row_45_fu_468                  |  32|   0|   32|          0|
    |acc_row_46_fu_464                  |  32|   0|   32|          0|
    |acc_row_47_fu_460                  |  32|   0|   32|          0|
    |acc_row_48_fu_456                  |  32|   0|   32|          0|
    |acc_row_49_fu_452                  |  32|   0|   32|          0|
    |acc_row_4_fu_632                   |  32|   0|   32|          0|
    |acc_row_50_fu_448                  |  32|   0|   32|          0|
    |acc_row_51_fu_444                  |  32|   0|   32|          0|
    |acc_row_52_fu_440                  |  32|   0|   32|          0|
    |acc_row_53_fu_436                  |  32|   0|   32|          0|
    |acc_row_54_fu_432                  |  32|   0|   32|          0|
    |acc_row_55_fu_428                  |  32|   0|   32|          0|
    |acc_row_56_fu_424                  |  32|   0|   32|          0|
    |acc_row_57_fu_420                  |  32|   0|   32|          0|
    |acc_row_58_fu_416                  |  32|   0|   32|          0|
    |acc_row_59_fu_412                  |  32|   0|   32|          0|
    |acc_row_5_fu_628                   |  32|   0|   32|          0|
    |acc_row_60_fu_408                  |  32|   0|   32|          0|
    |acc_row_61_fu_404                  |  32|   0|   32|          0|
    |acc_row_62_fu_400                  |  32|   0|   32|          0|
    |acc_row_63_fu_396                  |  32|   0|   32|          0|
    |acc_row_6_fu_624                   |  32|   0|   32|          0|
    |acc_row_7_fu_620                   |  32|   0|   32|          0|
    |acc_row_8_fu_616                   |  32|   0|   32|          0|
    |acc_row_9_fu_612                   |  32|   0|   32|          0|
    |acc_row_fu_648                     |  32|   0|   32|          0|
    |add_ln73_reg_4353                  |   9|   0|    9|          0|
    |ap_CS_fsm                          |   1|   0|    1|          0|
    |ap_done_reg                        |   1|   0|    1|          0|
    |ap_enable_reg_pp0_iter1            |   1|   0|    1|          0|
    |ap_enable_reg_pp0_iter10           |   1|   0|    1|          0|
    |ap_enable_reg_pp0_iter11           |   1|   0|    1|          0|
    |ap_enable_reg_pp0_iter12           |   1|   0|    1|          0|
    |ap_enable_reg_pp0_iter13           |   1|   0|    1|          0|
    |ap_enable_reg_pp0_iter14           |   1|   0|    1|          0|
    |ap_enable_reg_pp0_iter15           |   1|   0|    1|          0|
    |ap_enable_reg_pp0_iter16           |   1|   0|    1|          0|
    |ap_enable_reg_pp0_iter17           |   1|   0|    1|          0|
    |ap_enable_reg_pp0_iter2            |   1|   0|    1|          0|
    |ap_enable_reg_pp0_iter3            |   1|   0|    1|          0|
    |ap_enable_reg_pp0_iter4            |   1|   0|    1|          0|
    |ap_enable_reg_pp0_iter5            |   1|   0|    1|          0|
    |ap_enable_reg_pp0_iter6            |   1|   0|    1|          0|
    |ap_enable_reg_pp0_iter7            |   1|   0|    1|          0|
    |ap_enable_reg_pp0_iter8            |   1|   0|    1|          0|
    |ap_enable_reg_pp0_iter9            |   1|   0|    1|          0|
    |ap_loop_exit_ready_pp0_iter10_reg  |   1|   0|    1|          0|
    |ap_loop_exit_ready_pp0_iter11_reg  |   1|   0|    1|          0|
    |ap_loop_exit_ready_pp0_iter12_reg  |   1|   0|    1|          0|
    |ap_loop_exit_ready_pp0_iter13_reg  |   1|   0|    1|          0|
    |ap_loop_exit_ready_pp0_iter14_reg  |   1|   0|    1|          0|
    |ap_loop_exit_ready_pp0_iter15_reg  |   1|   0|    1|          0|
    |ap_loop_exit_ready_pp0_iter16_reg  |   1|   0|    1|          0|
    |ap_loop_exit_ready_pp0_iter1_reg   |   1|   0|    1|          0|
    |ap_loop_exit_ready_pp0_iter2_reg   |   1|   0|    1|          0|
    |ap_loop_exit_ready_pp0_iter3_reg   |   1|   0|    1|          0|
    |ap_loop_exit_ready_pp0_iter4_reg   |   1|   0|    1|          0|
    |ap_loop_exit_ready_pp0_iter5_reg   |   1|   0|    1|          0|
    |ap_loop_exit_ready_pp0_iter6_reg   |   1|   0|    1|          0|
    |ap_loop_exit_ready_pp0_iter7_reg   |   1|   0|    1|          0|
    |ap_loop_exit_ready_pp0_iter8_reg   |   1|   0|    1|          0|
    |ap_loop_exit_ready_pp0_iter9_reg   |   1|   0|    1|          0|
    |ap_predicate_pred1835_state18      |   1|   0|    1|          0|
    |ap_predicate_pred1867_state18      |   1|   0|    1|          0|
    |ap_predicate_pred1878_state18      |   1|   0|    1|          0|
    |ap_predicate_pred1889_state18      |   1|   0|    1|          0|
    |ap_predicate_pred1900_state18      |   1|   0|    1|          0|
    |ap_predicate_pred1911_state18      |   1|   0|    1|          0|
    |ap_predicate_pred1922_state18      |   1|   0|    1|          0|
    |ap_predicate_pred1933_state18      |   1|   0|    1|          0|
    |ap_predicate_pred1944_state18      |   1|   0|    1|          0|
    |ap_predicate_pred1955_state18      |   1|   0|    1|          0|
    |ap_predicate_pred1966_state18      |   1|   0|    1|          0|
    |ap_predicate_pred1977_state18      |   1|   0|    1|          0|
    |ap_predicate_pred1988_state18      |   1|   0|    1|          0|
    |ap_predicate_pred1999_state18      |   1|   0|    1|          0|
    |ap_predicate_pred2010_state18      |   1|   0|    1|          0|
    |ap_predicate_pred2021_state18      |   1|   0|    1|          0|
    |ap_predicate_pred2032_state18      |   1|   0|    1|          0|
    |ap_predicate_pred2043_state18      |   1|   0|    1|          0|
    |ap_predicate_pred2054_state18      |   1|   0|    1|          0|
    |ap_predicate_pred2065_state18      |   1|   0|    1|          0|
    |ap_predicate_pred2076_state18      |   1|   0|    1|          0|
    |ap_predicate_pred2087_state18      |   1|   0|    1|          0|
    |ap_predicate_pred2098_state18      |   1|   0|    1|          0|
    |ap_predicate_pred2109_state18      |   1|   0|    1|          0|
    |ap_predicate_pred2120_state18      |   1|   0|    1|          0|
    |ap_predicate_pred2131_state18      |   1|   0|    1|          0|
    |ap_predicate_pred2142_state18      |   1|   0|    1|          0|
    |ap_predicate_pred2153_state18      |   1|   0|    1|          0|
    |ap_predicate_pred2164_state18      |   1|   0|    1|          0|
    |ap_predicate_pred2175_state18      |   1|   0|    1|          0|
    |ap_predicate_pred2186_state18      |   1|   0|    1|          0|
    |ap_predicate_pred2197_state18      |   1|   0|    1|          0|
    |ap_predicate_pred2208_state18      |   1|   0|    1|          0|
    |ap_predicate_pred2219_state18      |   1|   0|    1|          0|
    |ap_predicate_pred2230_state18      |   1|   0|    1|          0|
    |ap_predicate_pred2241_state18      |   1|   0|    1|          0|
    |ap_predicate_pred2252_state18      |   1|   0|    1|          0|
    |ap_predicate_pred2263_state18      |   1|   0|    1|          0|
    |ap_predicate_pred2274_state18      |   1|   0|    1|          0|
    |ap_predicate_pred2285_state18      |   1|   0|    1|          0|
    |ap_predicate_pred2296_state18      |   1|   0|    1|          0|
    |ap_predicate_pred2307_state18      |   1|   0|    1|          0|
    |ap_predicate_pred2318_state18      |   1|   0|    1|          0|
    |ap_predicate_pred2329_state18      |   1|   0|    1|          0|
    |ap_predicate_pred2340_state18      |   1|   0|    1|          0|
    |ap_predicate_pred2351_state18      |   1|   0|    1|          0|
    |ap_predicate_pred2362_state18      |   1|   0|    1|          0|
    |ap_predicate_pred2373_state18      |   1|   0|    1|          0|
    |ap_predicate_pred2384_state18      |   1|   0|    1|          0|
    |ap_predicate_pred2395_state18      |   1|   0|    1|          0|
    |ap_predicate_pred2406_state18      |   1|   0|    1|          0|
    |ap_predicate_pred2417_state18      |   1|   0|    1|          0|
    |ap_predicate_pred2428_state18      |   1|   0|    1|          0|
    |ap_predicate_pred2439_state18      |   1|   0|    1|          0|
    |ap_predicate_pred2450_state18      |   1|   0|    1|          0|
    |ap_predicate_pred2461_state18      |   1|   0|    1|          0|
    |ap_predicate_pred2472_state18      |   1|   0|    1|          0|
    |ap_predicate_pred2483_state18      |   1|   0|    1|          0|
    |ap_predicate_pred2494_state18      |   1|   0|    1|          0|
    |ap_predicate_pred2505_state18      |   1|   0|    1|          0|
    |ap_predicate_pred2516_state18      |   1|   0|    1|          0|
    |ap_predicate_pred2527_state18      |   1|   0|    1|          0|
    |ap_predicate_pred2538_state18      |   1|   0|    1|          0|
    |ap_predicate_pred2549_state18      |   1|   0|    1|          0|
    |conv40_14_reg_4742                 |  32|   0|   32|          0|
    |conv_s_reg_4730                    |  32|   0|   32|          0|
    |icmp_ln65_reg_4344                 |   1|   0|    1|          0|
    |indvar_flatten_fu_392              |  10|   0|   10|          0|
    |j_2_fu_384                         |   7|   0|    7|          0|
    |kk_fu_388                          |   4|   0|    4|          0|
    |partial_10_reg_4647                |  32|   0|   32|          0|
    |partial_11_reg_4669                |  32|   0|   32|          0|
    |partial_12_reg_4691                |  32|   0|   32|          0|
    |partial_13_reg_4718                |  32|   0|   32|          0|
    |partial_14_reg_4736                |  32|   0|   32|          0|
    |partial_1_reg_4449                 |  32|   0|   32|          0|
    |partial_2_reg_4471                 |  32|   0|   32|          0|
    |partial_3_reg_4493                 |  32|   0|   32|          0|
    |partial_4_reg_4515                 |  32|   0|   32|          0|
    |partial_5_reg_4537                 |  32|   0|   32|          0|
    |partial_6_reg_4559                 |  32|   0|   32|          0|
    |partial_7_reg_4581                 |  32|   0|   32|          0|
    |partial_8_reg_4603                 |  32|   0|   32|          0|
    |partial_9_reg_4625                 |  32|   0|   32|          0|
    |partial_reg_4427                   |  32|   0|   32|          0|
    |trunc_ln65_reg_4348                |   6|   0|    6|          0|
    |zext_ln73_2_reg_4382               |   9|   0|   64|         55|
    |zext_ln90_reg_4358                 |   9|   0|   64|         55|
    |icmp_ln65_reg_4344                 |   0|   2|    1|          0|
    |trunc_ln65_reg_4348                |   0|   8|    6|          0|
    |zext_ln73_2_reg_4382               |   0|   8|   64|         55|
    |zext_ln90_reg_4358                 |   0|   8|   64|         55|
    +-----------------------------------+----+----+-----+-----------+
    |Total                              |2986|  26| 3231|        220|
    +-----------------------------------+----+----+-----+-----------+



================================================================
== Interface
================================================================
* Summary: 
+----------------------------+-----+-----+------------+--------------------------------------------+--------------+
|          RTL Ports         | Dir | Bits|  Protocol  |                Source Object               |    C Type    |
+----------------------------+-----+-----+------------+--------------------------------------------+--------------+
|ap_clk                      |   in|    1|  ap_ctrl_hs|  gemm_qkt_Pipeline_GEMM_QKT_KK_GEMM_QKT_COL|  return value|
|ap_rst                      |   in|    1|  ap_ctrl_hs|  gemm_qkt_Pipeline_GEMM_QKT_KK_GEMM_QKT_COL|  return value|
|ap_start                    |   in|    1|  ap_ctrl_hs|  gemm_qkt_Pipeline_GEMM_QKT_KK_GEMM_QKT_COL|  return value|
|ap_done                     |  out|    1|  ap_ctrl_hs|  gemm_qkt_Pipeline_GEMM_QKT_KK_GEMM_QKT_COL|  return value|
|ap_idle                     |  out|    1|  ap_ctrl_hs|  gemm_qkt_Pipeline_GEMM_QKT_KK_GEMM_QKT_COL|  return value|
|ap_ready                    |  out|    1|  ap_ctrl_hs|  gemm_qkt_Pipeline_GEMM_QKT_KK_GEMM_QKT_COL|  return value|
|zext_ln73                   |   in|    9|     ap_none|                                   zext_ln73|        scalar|
|Q_tile_0_address0           |  out|    9|   ap_memory|                                    Q_tile_0|         array|
|Q_tile_0_ce0                |  out|    1|   ap_memory|                                    Q_tile_0|         array|
|Q_tile_0_q0                 |   in|   16|   ap_memory|                                    Q_tile_0|         array|
|Q_tile_1_address0           |  out|    9|   ap_memory|                                    Q_tile_1|         array|
|Q_tile_1_ce0                |  out|    1|   ap_memory|                                    Q_tile_1|         array|
|Q_tile_1_q0                 |   in|   16|   ap_memory|                                    Q_tile_1|         array|
|Q_tile_2_address0           |  out|    9|   ap_memory|                                    Q_tile_2|         array|
|Q_tile_2_ce0                |  out|    1|   ap_memory|                                    Q_tile_2|         array|
|Q_tile_2_q0                 |   in|   16|   ap_memory|                                    Q_tile_2|         array|
|Q_tile_3_address0           |  out|    9|   ap_memory|                                    Q_tile_3|         array|
|Q_tile_3_ce0                |  out|    1|   ap_memory|                                    Q_tile_3|         array|
|Q_tile_3_q0                 |   in|   16|   ap_memory|                                    Q_tile_3|         array|
|Q_tile_4_address0           |  out|    9|   ap_memory|                                    Q_tile_4|         array|
|Q_tile_4_ce0                |  out|    1|   ap_memory|                                    Q_tile_4|         array|
|Q_tile_4_q0                 |   in|   16|   ap_memory|                                    Q_tile_4|         array|
|Q_tile_5_address0           |  out|    9|   ap_memory|                                    Q_tile_5|         array|
|Q_tile_5_ce0                |  out|    1|   ap_memory|                                    Q_tile_5|         array|
|Q_tile_5_q0                 |   in|   16|   ap_memory|                                    Q_tile_5|         array|
|Q_tile_6_address0           |  out|    9|   ap_memory|                                    Q_tile_6|         array|
|Q_tile_6_ce0                |  out|    1|   ap_memory|                                    Q_tile_6|         array|
|Q_tile_6_q0                 |   in|   16|   ap_memory|                                    Q_tile_6|         array|
|Q_tile_7_address0           |  out|    9|   ap_memory|                                    Q_tile_7|         array|
|Q_tile_7_ce0                |  out|    1|   ap_memory|                                    Q_tile_7|         array|
|Q_tile_7_q0                 |   in|   16|   ap_memory|                                    Q_tile_7|         array|
|Q_tile_8_address0           |  out|    9|   ap_memory|                                    Q_tile_8|         array|
|Q_tile_8_ce0                |  out|    1|   ap_memory|                                    Q_tile_8|         array|
|Q_tile_8_q0                 |   in|   16|   ap_memory|                                    Q_tile_8|         array|
|Q_tile_9_address0           |  out|    9|   ap_memory|                                    Q_tile_9|         array|
|Q_tile_9_ce0                |  out|    1|   ap_memory|                                    Q_tile_9|         array|
|Q_tile_9_q0                 |   in|   16|   ap_memory|                                    Q_tile_9|         array|
|Q_tile_10_address0          |  out|    9|   ap_memory|                                   Q_tile_10|         array|
|Q_tile_10_ce0               |  out|    1|   ap_memory|                                   Q_tile_10|         array|
|Q_tile_10_q0                |   in|   16|   ap_memory|                                   Q_tile_10|         array|
|Q_tile_11_address0          |  out|    9|   ap_memory|                                   Q_tile_11|         array|
|Q_tile_11_ce0               |  out|    1|   ap_memory|                                   Q_tile_11|         array|
|Q_tile_11_q0                |   in|   16|   ap_memory|                                   Q_tile_11|         array|
|Q_tile_12_address0          |  out|    9|   ap_memory|                                   Q_tile_12|         array|
|Q_tile_12_ce0               |  out|    1|   ap_memory|                                   Q_tile_12|         array|
|Q_tile_12_q0                |   in|   16|   ap_memory|                                   Q_tile_12|         array|
|Q_tile_13_address0          |  out|    9|   ap_memory|                                   Q_tile_13|         array|
|Q_tile_13_ce0               |  out|    1|   ap_memory|                                   Q_tile_13|         array|
|Q_tile_13_q0                |   in|   16|   ap_memory|                                   Q_tile_13|         array|
|Q_tile_14_address0          |  out|    9|   ap_memory|                                   Q_tile_14|         array|
|Q_tile_14_ce0               |  out|    1|   ap_memory|                                   Q_tile_14|         array|
|Q_tile_14_q0                |   in|   16|   ap_memory|                                   Q_tile_14|         array|
|Q_tile_15_address0          |  out|    9|   ap_memory|                                   Q_tile_15|         array|
|Q_tile_15_ce0               |  out|    1|   ap_memory|                                   Q_tile_15|         array|
|Q_tile_15_q0                |   in|   16|   ap_memory|                                   Q_tile_15|         array|
|K_tile_0_address0           |  out|    9|   ap_memory|                                    K_tile_0|         array|
|K_tile_0_ce0                |  out|    1|   ap_memory|                                    K_tile_0|         array|
|K_tile_0_q0                 |   in|   16|   ap_memory|                                    K_tile_0|         array|
|K_tile_1_address0           |  out|    9|   ap_memory|                                    K_tile_1|         array|
|K_tile_1_ce0                |  out|    1|   ap_memory|                                    K_tile_1|         array|
|K_tile_1_q0                 |   in|   16|   ap_memory|                                    K_tile_1|         array|
|K_tile_2_address0           |  out|    9|   ap_memory|                                    K_tile_2|         array|
|K_tile_2_ce0                |  out|    1|   ap_memory|                                    K_tile_2|         array|
|K_tile_2_q0                 |   in|   16|   ap_memory|                                    K_tile_2|         array|
|K_tile_3_address0           |  out|    9|   ap_memory|                                    K_tile_3|         array|
|K_tile_3_ce0                |  out|    1|   ap_memory|                                    K_tile_3|         array|
|K_tile_3_q0                 |   in|   16|   ap_memory|                                    K_tile_3|         array|
|K_tile_4_address0           |  out|    9|   ap_memory|                                    K_tile_4|         array|
|K_tile_4_ce0                |  out|    1|   ap_memory|                                    K_tile_4|         array|
|K_tile_4_q0                 |   in|   16|   ap_memory|                                    K_tile_4|         array|
|K_tile_5_address0           |  out|    9|   ap_memory|                                    K_tile_5|         array|
|K_tile_5_ce0                |  out|    1|   ap_memory|                                    K_tile_5|         array|
|K_tile_5_q0                 |   in|   16|   ap_memory|                                    K_tile_5|         array|
|K_tile_6_address0           |  out|    9|   ap_memory|                                    K_tile_6|         array|
|K_tile_6_ce0                |  out|    1|   ap_memory|                                    K_tile_6|         array|
|K_tile_6_q0                 |   in|   16|   ap_memory|                                    K_tile_6|         array|
|K_tile_7_address0           |  out|    9|   ap_memory|                                    K_tile_7|         array|
|K_tile_7_ce0                |  out|    1|   ap_memory|                                    K_tile_7|         array|
|K_tile_7_q0                 |   in|   16|   ap_memory|                                    K_tile_7|         array|
|K_tile_8_address0           |  out|    9|   ap_memory|                                    K_tile_8|         array|
|K_tile_8_ce0                |  out|    1|   ap_memory|                                    K_tile_8|         array|
|K_tile_8_q0                 |   in|   16|   ap_memory|                                    K_tile_8|         array|
|K_tile_9_address0           |  out|    9|   ap_memory|                                    K_tile_9|         array|
|K_tile_9_ce0                |  out|    1|   ap_memory|                                    K_tile_9|         array|
|K_tile_9_q0                 |   in|   16|   ap_memory|                                    K_tile_9|         array|
|K_tile_10_address0          |  out|    9|   ap_memory|                                   K_tile_10|         array|
|K_tile_10_ce0               |  out|    1|   ap_memory|                                   K_tile_10|         array|
|K_tile_10_q0                |   in|   16|   ap_memory|                                   K_tile_10|         array|
|K_tile_11_address0          |  out|    9|   ap_memory|                                   K_tile_11|         array|
|K_tile_11_ce0               |  out|    1|   ap_memory|                                   K_tile_11|         array|
|K_tile_11_q0                |   in|   16|   ap_memory|                                   K_tile_11|         array|
|K_tile_12_address0          |  out|    9|   ap_memory|                                   K_tile_12|         array|
|K_tile_12_ce0               |  out|    1|   ap_memory|                                   K_tile_12|         array|
|K_tile_12_q0                |   in|   16|   ap_memory|                                   K_tile_12|         array|
|K_tile_13_address0          |  out|    9|   ap_memory|                                   K_tile_13|         array|
|K_tile_13_ce0               |  out|    1|   ap_memory|                                   K_tile_13|         array|
|K_tile_13_q0                |   in|   16|   ap_memory|                                   K_tile_13|         array|
|K_tile_14_address0          |  out|    9|   ap_memory|                                   K_tile_14|         array|
|K_tile_14_ce0               |  out|    1|   ap_memory|                                   K_tile_14|         array|
|K_tile_14_q0                |   in|   16|   ap_memory|                                   K_tile_14|         array|
|K_tile_15_address0          |  out|    9|   ap_memory|                                   K_tile_15|         array|
|K_tile_15_ce0               |  out|    1|   ap_memory|                                   K_tile_15|         array|
|K_tile_15_q0                |   in|   16|   ap_memory|                                   K_tile_15|         array|
|acc_row_load_out            |  out|   32|      ap_vld|                            acc_row_load_out|       pointer|
|acc_row_load_out_ap_vld     |  out|    1|      ap_vld|                            acc_row_load_out|       pointer|
|acc_row_1_load_out          |  out|   32|      ap_vld|                          acc_row_1_load_out|       pointer|
|acc_row_1_load_out_ap_vld   |  out|    1|      ap_vld|                          acc_row_1_load_out|       pointer|
|acc_row_2_load_out          |  out|   32|      ap_vld|                          acc_row_2_load_out|       pointer|
|acc_row_2_load_out_ap_vld   |  out|    1|      ap_vld|                          acc_row_2_load_out|       pointer|
|acc_row_3_load_out          |  out|   32|      ap_vld|                          acc_row_3_load_out|       pointer|
|acc_row_3_load_out_ap_vld   |  out|    1|      ap_vld|                          acc_row_3_load_out|       pointer|
|acc_row_4_load_out          |  out|   32|      ap_vld|                          acc_row_4_load_out|       pointer|
|acc_row_4_load_out_ap_vld   |  out|    1|      ap_vld|                          acc_row_4_load_out|       pointer|
|acc_row_5_load_out          |  out|   32|      ap_vld|                          acc_row_5_load_out|       pointer|
|acc_row_5_load_out_ap_vld   |  out|    1|      ap_vld|                          acc_row_5_load_out|       pointer|
|acc_row_6_load_out          |  out|   32|      ap_vld|                          acc_row_6_load_out|       pointer|
|acc_row_6_load_out_ap_vld   |  out|    1|      ap_vld|                          acc_row_6_load_out|       pointer|
|acc_row_7_load_out          |  out|   32|      ap_vld|                          acc_row_7_load_out|       pointer|
|acc_row_7_load_out_ap_vld   |  out|    1|      ap_vld|                          acc_row_7_load_out|       pointer|
|acc_row_8_load_out          |  out|   32|      ap_vld|                          acc_row_8_load_out|       pointer|
|acc_row_8_load_out_ap_vld   |  out|    1|      ap_vld|                          acc_row_8_load_out|       pointer|
|acc_row_9_load_out          |  out|   32|      ap_vld|                          acc_row_9_load_out|       pointer|
|acc_row_9_load_out_ap_vld   |  out|    1|      ap_vld|                          acc_row_9_load_out|       pointer|
|acc_row_10_load_out         |  out|   32|      ap_vld|                         acc_row_10_load_out|       pointer|
|acc_row_10_load_out_ap_vld  |  out|    1|      ap_vld|                         acc_row_10_load_out|       pointer|
|acc_row_11_load_out         |  out|   32|      ap_vld|                         acc_row_11_load_out|       pointer|
|acc_row_11_load_out_ap_vld  |  out|    1|      ap_vld|                         acc_row_11_load_out|       pointer|
|acc_row_12_load_out         |  out|   32|      ap_vld|                         acc_row_12_load_out|       pointer|
|acc_row_12_load_out_ap_vld  |  out|    1|      ap_vld|                         acc_row_12_load_out|       pointer|
|acc_row_13_load_out         |  out|   32|      ap_vld|                         acc_row_13_load_out|       pointer|
|acc_row_13_load_out_ap_vld  |  out|    1|      ap_vld|                         acc_row_13_load_out|       pointer|
|acc_row_14_load_out         |  out|   32|      ap_vld|                         acc_row_14_load_out|       pointer|
|acc_row_14_load_out_ap_vld  |  out|    1|      ap_vld|                         acc_row_14_load_out|       pointer|
|acc_row_15_load_out         |  out|   32|      ap_vld|                         acc_row_15_load_out|       pointer|
|acc_row_15_load_out_ap_vld  |  out|    1|      ap_vld|                         acc_row_15_load_out|       pointer|
|acc_row_16_load_out         |  out|   32|      ap_vld|                         acc_row_16_load_out|       pointer|
|acc_row_16_load_out_ap_vld  |  out|    1|      ap_vld|                         acc_row_16_load_out|       pointer|
|acc_row_17_load_out         |  out|   32|      ap_vld|                         acc_row_17_load_out|       pointer|
|acc_row_17_load_out_ap_vld  |  out|    1|      ap_vld|                         acc_row_17_load_out|       pointer|
|acc_row_18_load_out         |  out|   32|      ap_vld|                         acc_row_18_load_out|       pointer|
|acc_row_18_load_out_ap_vld  |  out|    1|      ap_vld|                         acc_row_18_load_out|       pointer|
|acc_row_19_load_out         |  out|   32|      ap_vld|                         acc_row_19_load_out|       pointer|
|acc_row_19_load_out_ap_vld  |  out|    1|      ap_vld|                         acc_row_19_load_out|       pointer|
|acc_row_20_load_out         |  out|   32|      ap_vld|                         acc_row_20_load_out|       pointer|
|acc_row_20_load_out_ap_vld  |  out|    1|      ap_vld|                         acc_row_20_load_out|       pointer|
|acc_row_21_load_out         |  out|   32|      ap_vld|                         acc_row_21_load_out|       pointer|
|acc_row_21_load_out_ap_vld  |  out|    1|      ap_vld|                         acc_row_21_load_out|       pointer|
|acc_row_22_load_out         |  out|   32|      ap_vld|                         acc_row_22_load_out|       pointer|
|acc_row_22_load_out_ap_vld  |  out|    1|      ap_vld|                         acc_row_22_load_out|       pointer|
|acc_row_23_load_out         |  out|   32|      ap_vld|                         acc_row_23_load_out|       pointer|
|acc_row_23_load_out_ap_vld  |  out|    1|      ap_vld|                         acc_row_23_load_out|       pointer|
|acc_row_24_load_out         |  out|   32|      ap_vld|                         acc_row_24_load_out|       pointer|
|acc_row_24_load_out_ap_vld  |  out|    1|      ap_vld|                         acc_row_24_load_out|       pointer|
|acc_row_25_load_out         |  out|   32|      ap_vld|                         acc_row_25_load_out|       pointer|
|acc_row_25_load_out_ap_vld  |  out|    1|      ap_vld|                         acc_row_25_load_out|       pointer|
|acc_row_26_load_out         |  out|   32|      ap_vld|                         acc_row_26_load_out|       pointer|
|acc_row_26_load_out_ap_vld  |  out|    1|      ap_vld|                         acc_row_26_load_out|       pointer|
|acc_row_27_load_out         |  out|   32|      ap_vld|                         acc_row_27_load_out|       pointer|
|acc_row_27_load_out_ap_vld  |  out|    1|      ap_vld|                         acc_row_27_load_out|       pointer|
|acc_row_28_load_out         |  out|   32|      ap_vld|                         acc_row_28_load_out|       pointer|
|acc_row_28_load_out_ap_vld  |  out|    1|      ap_vld|                         acc_row_28_load_out|       pointer|
|acc_row_29_load_out         |  out|   32|      ap_vld|                         acc_row_29_load_out|       pointer|
|acc_row_29_load_out_ap_vld  |  out|    1|      ap_vld|                         acc_row_29_load_out|       pointer|
|acc_row_30_load_out         |  out|   32|      ap_vld|                         acc_row_30_load_out|       pointer|
|acc_row_30_load_out_ap_vld  |  out|    1|      ap_vld|                         acc_row_30_load_out|       pointer|
|acc_row_31_load_out         |  out|   32|      ap_vld|                         acc_row_31_load_out|       pointer|
|acc_row_31_load_out_ap_vld  |  out|    1|      ap_vld|                         acc_row_31_load_out|       pointer|
|acc_row_32_load_out         |  out|   32|      ap_vld|                         acc_row_32_load_out|       pointer|
|acc_row_32_load_out_ap_vld  |  out|    1|      ap_vld|                         acc_row_32_load_out|       pointer|
|acc_row_33_load_out         |  out|   32|      ap_vld|                         acc_row_33_load_out|       pointer|
|acc_row_33_load_out_ap_vld  |  out|    1|      ap_vld|                         acc_row_33_load_out|       pointer|
|acc_row_34_load_out         |  out|   32|      ap_vld|                         acc_row_34_load_out|       pointer|
|acc_row_34_load_out_ap_vld  |  out|    1|      ap_vld|                         acc_row_34_load_out|       pointer|
|acc_row_35_load_out         |  out|   32|      ap_vld|                         acc_row_35_load_out|       pointer|
|acc_row_35_load_out_ap_vld  |  out|    1|      ap_vld|                         acc_row_35_load_out|       pointer|
|acc_row_36_load_out         |  out|   32|      ap_vld|                         acc_row_36_load_out|       pointer|
|acc_row_36_load_out_ap_vld  |  out|    1|      ap_vld|                         acc_row_36_load_out|       pointer|
|acc_row_37_load_out         |  out|   32|      ap_vld|                         acc_row_37_load_out|       pointer|
|acc_row_37_load_out_ap_vld  |  out|    1|      ap_vld|                         acc_row_37_load_out|       pointer|
|acc_row_38_load_out         |  out|   32|      ap_vld|                         acc_row_38_load_out|       pointer|
|acc_row_38_load_out_ap_vld  |  out|    1|      ap_vld|                         acc_row_38_load_out|       pointer|
|acc_row_39_load_out         |  out|   32|      ap_vld|                         acc_row_39_load_out|       pointer|
|acc_row_39_load_out_ap_vld  |  out|    1|      ap_vld|                         acc_row_39_load_out|       pointer|
|acc_row_40_load_out         |  out|   32|      ap_vld|                         acc_row_40_load_out|       pointer|
|acc_row_40_load_out_ap_vld  |  out|    1|      ap_vld|                         acc_row_40_load_out|       pointer|
|acc_row_41_load_out         |  out|   32|      ap_vld|                         acc_row_41_load_out|       pointer|
|acc_row_41_load_out_ap_vld  |  out|    1|      ap_vld|                         acc_row_41_load_out|       pointer|
|acc_row_42_load_out         |  out|   32|      ap_vld|                         acc_row_42_load_out|       pointer|
|acc_row_42_load_out_ap_vld  |  out|    1|      ap_vld|                         acc_row_42_load_out|       pointer|
|acc_row_43_load_out         |  out|   32|      ap_vld|                         acc_row_43_load_out|       pointer|
|acc_row_43_load_out_ap_vld  |  out|    1|      ap_vld|                         acc_row_43_load_out|       pointer|
|acc_row_44_load_out         |  out|   32|      ap_vld|                         acc_row_44_load_out|       pointer|
|acc_row_44_load_out_ap_vld  |  out|    1|      ap_vld|                         acc_row_44_load_out|       pointer|
|acc_row_45_load_out         |  out|   32|      ap_vld|                         acc_row_45_load_out|       pointer|
|acc_row_45_load_out_ap_vld  |  out|    1|      ap_vld|                         acc_row_45_load_out|       pointer|
|acc_row_46_load_out         |  out|   32|      ap_vld|                         acc_row_46_load_out|       pointer|
|acc_row_46_load_out_ap_vld  |  out|    1|      ap_vld|                         acc_row_46_load_out|       pointer|
|acc_row_47_load_out         |  out|   32|      ap_vld|                         acc_row_47_load_out|       pointer|
|acc_row_47_load_out_ap_vld  |  out|    1|      ap_vld|                         acc_row_47_load_out|       pointer|
|acc_row_48_load_out         |  out|   32|      ap_vld|                         acc_row_48_load_out|       pointer|
|acc_row_48_load_out_ap_vld  |  out|    1|      ap_vld|                         acc_row_48_load_out|       pointer|
|acc_row_49_load_out         |  out|   32|      ap_vld|                         acc_row_49_load_out|       pointer|
|acc_row_49_load_out_ap_vld  |  out|    1|      ap_vld|                         acc_row_49_load_out|       pointer|
|acc_row_50_load_out         |  out|   32|      ap_vld|                         acc_row_50_load_out|       pointer|
|acc_row_50_load_out_ap_vld  |  out|    1|      ap_vld|                         acc_row_50_load_out|       pointer|
|acc_row_51_load_out         |  out|   32|      ap_vld|                         acc_row_51_load_out|       pointer|
|acc_row_51_load_out_ap_vld  |  out|    1|      ap_vld|                         acc_row_51_load_out|       pointer|
|acc_row_52_load_out         |  out|   32|      ap_vld|                         acc_row_52_load_out|       pointer|
|acc_row_52_load_out_ap_vld  |  out|    1|      ap_vld|                         acc_row_52_load_out|       pointer|
|acc_row_53_load_out         |  out|   32|      ap_vld|                         acc_row_53_load_out|       pointer|
|acc_row_53_load_out_ap_vld  |  out|    1|      ap_vld|                         acc_row_53_load_out|       pointer|
|acc_row_54_load_out         |  out|   32|      ap_vld|                         acc_row_54_load_out|       pointer|
|acc_row_54_load_out_ap_vld  |  out|    1|      ap_vld|                         acc_row_54_load_out|       pointer|
|acc_row_55_load_out         |  out|   32|      ap_vld|                         acc_row_55_load_out|       pointer|
|acc_row_55_load_out_ap_vld  |  out|    1|      ap_vld|                         acc_row_55_load_out|       pointer|
|acc_row_56_load_out         |  out|   32|      ap_vld|                         acc_row_56_load_out|       pointer|
|acc_row_56_load_out_ap_vld  |  out|    1|      ap_vld|                         acc_row_56_load_out|       pointer|
|acc_row_57_load_out         |  out|   32|      ap_vld|                         acc_row_57_load_out|       pointer|
|acc_row_57_load_out_ap_vld  |  out|    1|      ap_vld|                         acc_row_57_load_out|       pointer|
|acc_row_58_load_out         |  out|   32|      ap_vld|                         acc_row_58_load_out|       pointer|
|acc_row_58_load_out_ap_vld  |  out|    1|      ap_vld|                         acc_row_58_load_out|       pointer|
|acc_row_59_load_out         |  out|   32|      ap_vld|                         acc_row_59_load_out|       pointer|
|acc_row_59_load_out_ap_vld  |  out|    1|      ap_vld|                         acc_row_59_load_out|       pointer|
|acc_row_60_load_out         |  out|   32|      ap_vld|                         acc_row_60_load_out|       pointer|
|acc_row_60_load_out_ap_vld  |  out|    1|      ap_vld|                         acc_row_60_load_out|       pointer|
|acc_row_61_load_out         |  out|   32|      ap_vld|                         acc_row_61_load_out|       pointer|
|acc_row_61_load_out_ap_vld  |  out|    1|      ap_vld|                         acc_row_61_load_out|       pointer|
|acc_row_62_load_out         |  out|   32|      ap_vld|                         acc_row_62_load_out|       pointer|
|acc_row_62_load_out_ap_vld  |  out|    1|      ap_vld|                         acc_row_62_load_out|       pointer|
|acc_row_63_load_out         |  out|   32|      ap_vld|                         acc_row_63_load_out|       pointer|
|acc_row_63_load_out_ap_vld  |  out|    1|      ap_vld|                         acc_row_63_load_out|       pointer|
+----------------------------+-----+-----+------------+--------------------------------------------+--------------+

