

================================================================
== Vitis HLS Report for 'gemm_pv_Pipeline_GEMM_PV_RED_GEMM_PV_DCOL'
================================================================
* Date:           Sun Mar 22 18:06:55 2026

* Version:        2025.1 (Build 6135595 on May 21 2025)
* Project:        FlashAtt1
* Solution:       hls (Vivado IP Flow Target)
* Product family: versalhbm
* Target device:  xcvh1582-lsva4737-2LHP-e-S


================================================================
== Performance Estimates
================================================================
+ Timing: 
    * Summary: 
    +--------+----------+----------+------------+
    |  Clock |  Target  | Estimated| Uncertainty|
    +--------+----------+----------+------------+
    |ap_clk  |  10.00 ns|  6.377 ns|     2.70 ns|
    +--------+----------+----------+------------+

+ Latency: 
    * Summary: 
    +---------+---------+----------+----------+-----+-----+------------------------------------------------+
    |  Latency (cycles) |  Latency (absolute) |  Interval |                    Pipeline                    |
    |   min   |   max   |    min   |    max   | min | max |                      Type                      |
    +---------+---------+----------+----------+-----+-----+------------------------------------------------+
    |      515|      515|  5.150 us|  5.150 us|  513|  513|  loop auto-rewind stp (delay=0 clock cycles(s))|
    +---------+---------+----------+----------+-----+-----+------------------------------------------------+

    + Detail: 
        * Instance: 
        N/A

        * Loop: 
        +----------------------------+---------+---------+----------+-----------+-----------+------+----------+
        |                            |  Latency (cycles) | Iteration|  Initiation Interval  | Trip |          |
        |          Loop Name         |   min   |   max   |  Latency |  achieved |   target  | Count| Pipelined|
        +----------------------------+---------+---------+----------+-----------+-----------+------+----------+
        |- GEMM_PV_RED_GEMM_PV_DCOL  |      513|      513|         3|          1|          1|   512|       yes|
        +----------------------------+---------+---------+----------+-----------+-----------+------+----------+



================================================================
== Utilization Estimates
================================================================
* Summary: 
+---------------------+---------+------+---------+---------+------+
|         Name        | BRAM_18K|  DSP |    FF   |   LUT   | URAM |
+---------------------+---------+------+---------+---------+------+
|DSP                  |        -|     -|        -|        -|     -|
|Expression           |        -|     -|        0|      105|     -|
|FIFO                 |        -|     -|        -|        -|     -|
|Instance             |        -|    16|        0|       64|     -|
|Memory               |        -|     -|        -|        -|     -|
|Multiplexer          |        -|     -|        0|       66|     -|
|Register             |        -|     -|      626|        -|     -|
+---------------------+---------+------+---------+---------+------+
|Total                |        0|    16|      626|      235|     0|
+---------------------+---------+------+---------+---------+------+
|Available SLR        |     2541|  3696|  1753984|   876992|   650|
+---------------------+---------+------+---------+---------+------+
|Utilization SLR (%)  |        0|    ~0|       ~0|       ~0|     0|
+---------------------+---------+------+---------+---------+------+
|Available            |     5082|  7392|  3507968|  1753984|  1301|
+---------------------+---------+------+---------+---------+------+
|Utilization (%)      |        0|    ~0|       ~0|       ~0|     0|
+---------------------+---------+------+---------+---------+------+

+ Detail: 
    * Instance: 
    +------------------------------------------------------+------------------------------------------------+---------+----+---+----+-----+
    |                       Instance                       |                     Module                     | BRAM_18K| DSP| FF| LUT| URAM|
    +------------------------------------------------------+------------------------------------------------+---------+----+---+----+-----+
    |fmadd_32ns_32ns_32ns_32ns_32_1_primitive_dsp_1_U1021  |fmadd_32ns_32ns_32ns_32ns_32_1_primitive_dsp_1  |        0|   1|  0|   1|    0|
    |fmadd_32ns_32ns_32ns_32ns_32_1_primitive_dsp_1_U1022  |fmadd_32ns_32ns_32ns_32ns_32_1_primitive_dsp_1  |        0|   1|  0|   1|    0|
    |fmadd_32ns_32ns_32ns_32ns_32_1_primitive_dsp_1_U1023  |fmadd_32ns_32ns_32ns_32ns_32_1_primitive_dsp_1  |        0|   1|  0|   1|    0|
    |fmadd_32ns_32ns_32ns_32ns_32_1_primitive_dsp_1_U1024  |fmadd_32ns_32ns_32ns_32ns_32_1_primitive_dsp_1  |        0|   1|  0|   1|    0|
    |fmadd_32ns_32ns_32ns_32ns_32_1_primitive_dsp_1_U1025  |fmadd_32ns_32ns_32ns_32ns_32_1_primitive_dsp_1  |        0|   1|  0|   1|    0|
    |fmadd_32ns_32ns_32ns_32ns_32_1_primitive_dsp_1_U1026  |fmadd_32ns_32ns_32ns_32ns_32_1_primitive_dsp_1  |        0|   1|  0|   1|    0|
    |fmadd_32ns_32ns_32ns_32ns_32_1_primitive_dsp_1_U1027  |fmadd_32ns_32ns_32ns_32ns_32_1_primitive_dsp_1  |        0|   1|  0|   1|    0|
    |fmadd_32ns_32ns_32ns_32ns_32_1_primitive_dsp_1_U1028  |fmadd_32ns_32ns_32ns_32ns_32_1_primitive_dsp_1  |        0|   1|  0|   1|    0|
    |fmadd_32ns_32ns_32ns_32ns_32_1_primitive_dsp_1_U1029  |fmadd_32ns_32ns_32ns_32ns_32_1_primitive_dsp_1  |        0|   1|  0|   1|    0|
    |fmadd_32ns_32ns_32ns_32ns_32_1_primitive_dsp_1_U1030  |fmadd_32ns_32ns_32ns_32ns_32_1_primitive_dsp_1  |        0|   1|  0|   1|    0|
    |fmadd_32ns_32ns_32ns_32ns_32_1_primitive_dsp_1_U1031  |fmadd_32ns_32ns_32ns_32ns_32_1_primitive_dsp_1  |        0|   1|  0|   1|    0|
    |fmadd_32ns_32ns_32ns_32ns_32_1_primitive_dsp_1_U1032  |fmadd_32ns_32ns_32ns_32ns_32_1_primitive_dsp_1  |        0|   1|  0|   1|    0|
    |fmadd_32ns_32ns_32ns_32ns_32_1_primitive_dsp_1_U1033  |fmadd_32ns_32ns_32ns_32ns_32_1_primitive_dsp_1  |        0|   1|  0|   1|    0|
    |fmadd_32ns_32ns_32ns_32ns_32_1_primitive_dsp_1_U1034  |fmadd_32ns_32ns_32ns_32ns_32_1_primitive_dsp_1  |        0|   1|  0|   1|    0|
    |fmadd_32ns_32ns_32ns_32ns_32_1_primitive_dsp_1_U1035  |fmadd_32ns_32ns_32ns_32ns_32_1_primitive_dsp_1  |        0|   1|  0|   1|    0|
    |fmadd_32ns_32ns_32ns_32ns_32_1_primitive_dsp_1_U1036  |fmadd_32ns_32ns_32ns_32ns_32_1_primitive_dsp_1  |        0|   1|  0|   1|    0|
    |hptosp_16ns_32_1_no_dsp_1_U1004                       |hptosp_16ns_32_1_no_dsp_1                       |        0|   0|  0|   0|    0|
    |hptosp_16ns_32_1_no_dsp_1_U1005                       |hptosp_16ns_32_1_no_dsp_1                       |        0|   0|  0|   0|    0|
    |hptosp_16ns_32_1_no_dsp_1_U1006                       |hptosp_16ns_32_1_no_dsp_1                       |        0|   0|  0|   0|    0|
    |hptosp_16ns_32_1_no_dsp_1_U1007                       |hptosp_16ns_32_1_no_dsp_1                       |        0|   0|  0|   0|    0|
    |hptosp_16ns_32_1_no_dsp_1_U1008                       |hptosp_16ns_32_1_no_dsp_1                       |        0|   0|  0|   0|    0|
    |hptosp_16ns_32_1_no_dsp_1_U1009                       |hptosp_16ns_32_1_no_dsp_1                       |        0|   0|  0|   0|    0|
    |hptosp_16ns_32_1_no_dsp_1_U1010                       |hptosp_16ns_32_1_no_dsp_1                       |        0|   0|  0|   0|    0|
    |hptosp_16ns_32_1_no_dsp_1_U1011                       |hptosp_16ns_32_1_no_dsp_1                       |        0|   0|  0|   0|    0|
    |hptosp_16ns_32_1_no_dsp_1_U1012                       |hptosp_16ns_32_1_no_dsp_1                       |        0|   0|  0|   0|    0|
    |hptosp_16ns_32_1_no_dsp_1_U1013                       |hptosp_16ns_32_1_no_dsp_1                       |        0|   0|  0|   0|    0|
    |hptosp_16ns_32_1_no_dsp_1_U1014                       |hptosp_16ns_32_1_no_dsp_1                       |        0|   0|  0|   0|    0|
    |hptosp_16ns_32_1_no_dsp_1_U1015                       |hptosp_16ns_32_1_no_dsp_1                       |        0|   0|  0|   0|    0|
    |hptosp_16ns_32_1_no_dsp_1_U1016                       |hptosp_16ns_32_1_no_dsp_1                       |        0|   0|  0|   0|    0|
    |hptosp_16ns_32_1_no_dsp_1_U1017                       |hptosp_16ns_32_1_no_dsp_1                       |        0|   0|  0|   0|    0|
    |hptosp_16ns_32_1_no_dsp_1_U1018                       |hptosp_16ns_32_1_no_dsp_1                       |        0|   0|  0|   0|    0|
    |hptosp_16ns_32_1_no_dsp_1_U1019                       |hptosp_16ns_32_1_no_dsp_1                       |        0|   0|  0|   0|    0|
    |hptosp_16ns_32_1_no_dsp_1_U1020                       |hptosp_16ns_32_1_no_dsp_1                       |        0|   0|  0|   0|    0|
    |sparsemux_17_3_16_1_1_U1037                           |sparsemux_17_3_16_1_1                           |        0|   0|  0|  48|    0|
    +------------------------------------------------------+------------------------------------------------+---------+----+---+----+-----+
    |Total                                                 |                                                |        0|  16|  0|  64|    0|
    +------------------------------------------------------+------------------------------------------------+---------+----+---+----+-----+

    * DSP: 
    N/A

    * Memory: 
    N/A

    * FIFO: 
    N/A

    * Expression: 
    +-----------------------------------+----------+----+---+----+------------+------------+
    |           Variable Name           | Operation| DSP| FF| LUT| Bitwidth P0| Bitwidth P1|
    +-----------------------------------+----------+----+---+----+------------+------------+
    |add_ln149_1_fu_1011_p2             |         +|   0|  0|  10|          10|           1|
    |add_ln149_fu_1029_p2               |         +|   0|  0|   8|           7|           1|
    |add_ln157_fu_1239_p2               |         +|   0|  0|   6|           4|           1|
    |add_ln166_fu_1149_p2               |         +|   0|  0|   9|           9|           9|
    |and_ln152_fu_1260_p2               |       and|   0|  0|   2|           1|           1|
    |ap_block_pp0                       |       and|   0|  0|   2|           1|           1|
    |ap_enable_state2_pp0_iter1_stage0  |       and|   0|  0|   2|           1|           1|
    |ap_enable_state3_pp0_iter2_stage0  |       and|   0|  0|   2|           1|           1|
    |icmp_ln149_fu_1017_p2              |      icmp|   0|  0|   4|          10|          11|
    |icmp_ln152_fu_1107_p2              |      icmp|   0|  0|  16|          32|          32|
    |icmp_ln157_fu_1035_p2              |      icmp|   0|  0|   2|           4|           5|
    |p_val_fu_1308_p3                   |    select|   0|  0|  29|           1|          32|
    |select_ln149_1_fu_1049_p3          |    select|   0|  0|   7|           1|           7|
    |select_ln149_fu_1041_p3            |    select|   0|  0|   4|           1|           1|
    |ap_enable_pp0                      |       xor|   0|  0|   2|           1|           2|
    +-----------------------------------+----------+----+---+----+------------+------------+
    |Total                              |          |   0|  0| 105|          84|         106|
    +-----------------------------------+----------+----+---+----+------------+------------+

    * Multiplexer: 
    +--------------------------------------+----+-----------+-----+-----------+
    |                 Name                 | LUT| Input Size| Bits| Total Bits|
    +--------------------------------------+----+-----------+-----+-----------+
    |ap_done_int                           |   1|          2|    1|          2|
    |ap_enable_reg_pp0_iter1               |   1|          2|    1|          2|
    |ap_sig_allocacmp_indvar_flatten_load  |  16|          2|   10|         20|
    |ap_sig_allocacmp_j_load               |   8|          2|    7|         14|
    |ap_sig_allocacmp_kk_load              |   8|          2|    4|          8|
    |indvar_flatten_fu_176                 |  16|          2|   10|         20|
    |j_fu_172                              |   8|          2|    7|         14|
    |kk_fu_168                             |   8|          2|    4|          8|
    +--------------------------------------+----+-----------+-----+-----------+
    |Total                                 |  66|         16|   44|         88|
    +--------------------------------------+----+-----------+-----+-----------+

    * Register: 
    +----------------------------------+----+----+-----+-----------+
    |               Name               | FF | LUT| Bits| Const Bits|
    +----------------------------------+----+----+-----+-----------+
    |acc_d_10_addr_reg_2012            |   3|   0|    3|          0|
    |acc_d_11_addr_reg_2019            |   3|   0|    3|          0|
    |acc_d_12_addr_reg_2026            |   3|   0|    3|          0|
    |acc_d_13_addr_reg_2033            |   3|   0|    3|          0|
    |acc_d_14_addr_reg_2040            |   3|   0|    3|          0|
    |acc_d_15_addr_reg_2137            |   3|   0|    3|          0|
    |acc_d_1_addr_reg_1949             |   3|   0|    3|          0|
    |acc_d_2_addr_reg_1956             |   3|   0|    3|          0|
    |acc_d_3_addr_reg_1963             |   3|   0|    3|          0|
    |acc_d_4_addr_reg_1970             |   3|   0|    3|          0|
    |acc_d_5_addr_reg_1977             |   3|   0|    3|          0|
    |acc_d_6_addr_reg_1984             |   3|   0|    3|          0|
    |acc_d_7_addr_reg_1991             |   3|   0|    3|          0|
    |acc_d_8_addr_reg_1998             |   3|   0|    3|          0|
    |acc_d_9_addr_reg_2005             |   3|   0|    3|          0|
    |acc_d_addr_reg_1942               |   3|   0|    3|          0|
    |ap_CS_fsm                         |   1|   0|    1|          0|
    |ap_done_reg                       |   1|   0|    1|          0|
    |ap_enable_reg_pp0_iter1           |   1|   0|    1|          0|
    |ap_enable_reg_pp0_iter2           |   1|   0|    1|          0|
    |ap_loop_exit_ready_pp0_iter1_reg  |   1|   0|    1|          0|
    |conv17_reg_1936                   |  32|   0|   32|          0|
    |conv27_10_reg_2107                |  32|   0|   32|          0|
    |conv27_11_reg_2113                |  32|   0|   32|          0|
    |conv27_12_reg_2119                |  32|   0|   32|          0|
    |conv27_13_reg_2125                |  32|   0|   32|          0|
    |conv27_14_reg_2131                |  32|   0|   32|          0|
    |conv27_1_reg_2047                 |  32|   0|   32|          0|
    |conv27_2_reg_2053                 |  32|   0|   32|          0|
    |conv27_3_reg_2059                 |  32|   0|   32|          0|
    |conv27_4_reg_2065                 |  32|   0|   32|          0|
    |conv27_5_reg_2071                 |  32|   0|   32|          0|
    |conv27_6_reg_2077                 |  32|   0|   32|          0|
    |conv27_7_reg_2083                 |  32|   0|   32|          0|
    |conv27_8_reg_2089                 |  32|   0|   32|          0|
    |conv27_9_reg_2095                 |  32|   0|   32|          0|
    |conv27_s_reg_2101                 |  32|   0|   32|          0|
    |icmp_ln152_reg_1815               |   1|   0|    1|          0|
    |indvar_flatten_fu_176             |  10|   0|   10|          0|
    |j_fu_172                          |   7|   0|    7|          0|
    |kk_fu_168                         |   4|   0|    4|          0|
    |p_val_reg_1900                    |  32|   0|   32|          0|
    |select_ln149_reg_1765             |   4|   0|    4|          0|
    |trunc_ln149_reg_1770              |   3|   0|    3|          0|
    +----------------------------------+----+----+-----+-----------+
    |Total                             | 626|   0|  626|          0|
    +----------------------------------+----+----+-----+-----------+



================================================================
== Interface
================================================================
* Summary: 
+--------------------+-----+-----+------------+-------------------------------------------+--------------+
|      RTL Ports     | Dir | Bits|  Protocol  |               Source Object               |    C Type    |
+--------------------+-----+-----+------------+-------------------------------------------+--------------+
|ap_clk              |   in|    1|  ap_ctrl_hs|  gemm_pv_Pipeline_GEMM_PV_RED_GEMM_PV_DCOL|  return value|
|ap_rst              |   in|    1|  ap_ctrl_hs|  gemm_pv_Pipeline_GEMM_PV_RED_GEMM_PV_DCOL|  return value|
|ap_start            |   in|    1|  ap_ctrl_hs|  gemm_pv_Pipeline_GEMM_PV_RED_GEMM_PV_DCOL|  return value|
|ap_done             |  out|    1|  ap_ctrl_hs|  gemm_pv_Pipeline_GEMM_PV_RED_GEMM_PV_DCOL|  return value|
|ap_idle             |  out|    1|  ap_ctrl_hs|  gemm_pv_Pipeline_GEMM_PV_RED_GEMM_PV_DCOL|  return value|
|ap_ready            |  out|    1|  ap_ctrl_hs|  gemm_pv_Pipeline_GEMM_PV_RED_GEMM_PV_DCOL|  return value|
|i                   |   in|    6|     ap_none|                                          i|        scalar|
|P_tile_0_address0   |  out|    9|   ap_memory|                                   P_tile_0|         array|
|P_tile_0_ce0        |  out|    1|   ap_memory|                                   P_tile_0|         array|
|P_tile_0_q0         |   in|   16|   ap_memory|                                   P_tile_0|         array|
|P_tile_1_address0   |  out|    9|   ap_memory|                                   P_tile_1|         array|
|P_tile_1_ce0        |  out|    1|   ap_memory|                                   P_tile_1|         array|
|P_tile_1_q0         |   in|   16|   ap_memory|                                   P_tile_1|         array|
|P_tile_2_address0   |  out|    9|   ap_memory|                                   P_tile_2|         array|
|P_tile_2_ce0        |  out|    1|   ap_memory|                                   P_tile_2|         array|
|P_tile_2_q0         |   in|   16|   ap_memory|                                   P_tile_2|         array|
|P_tile_3_address0   |  out|    9|   ap_memory|                                   P_tile_3|         array|
|P_tile_3_ce0        |  out|    1|   ap_memory|                                   P_tile_3|         array|
|P_tile_3_q0         |   in|   16|   ap_memory|                                   P_tile_3|         array|
|P_tile_4_address0   |  out|    9|   ap_memory|                                   P_tile_4|         array|
|P_tile_4_ce0        |  out|    1|   ap_memory|                                   P_tile_4|         array|
|P_tile_4_q0         |   in|   16|   ap_memory|                                   P_tile_4|         array|
|P_tile_5_address0   |  out|    9|   ap_memory|                                   P_tile_5|         array|
|P_tile_5_ce0        |  out|    1|   ap_memory|                                   P_tile_5|         array|
|P_tile_5_q0         |   in|   16|   ap_memory|                                   P_tile_5|         array|
|P_tile_6_address0   |  out|    9|   ap_memory|                                   P_tile_6|         array|
|P_tile_6_ce0        |  out|    1|   ap_memory|                                   P_tile_6|         array|
|P_tile_6_q0         |   in|   16|   ap_memory|                                   P_tile_6|         array|
|P_tile_7_address0   |  out|    9|   ap_memory|                                   P_tile_7|         array|
|P_tile_7_ce0        |  out|    1|   ap_memory|                                   P_tile_7|         array|
|P_tile_7_q0         |   in|   16|   ap_memory|                                   P_tile_7|         array|
|bc_actual           |   in|   32|     ap_none|                                  bc_actual|        scalar|
|cmp9                |   in|    1|     ap_none|                                       cmp9|        scalar|
|V_tile_0_address0   |  out|    9|   ap_memory|                                   V_tile_0|         array|
|V_tile_0_ce0        |  out|    1|   ap_memory|                                   V_tile_0|         array|
|V_tile_0_q0         |   in|   16|   ap_memory|                                   V_tile_0|         array|
|V_tile_1_address0   |  out|    9|   ap_memory|                                   V_tile_1|         array|
|V_tile_1_ce0        |  out|    1|   ap_memory|                                   V_tile_1|         array|
|V_tile_1_q0         |   in|   16|   ap_memory|                                   V_tile_1|         array|
|V_tile_2_address0   |  out|    9|   ap_memory|                                   V_tile_2|         array|
|V_tile_2_ce0        |  out|    1|   ap_memory|                                   V_tile_2|         array|
|V_tile_2_q0         |   in|   16|   ap_memory|                                   V_tile_2|         array|
|V_tile_3_address0   |  out|    9|   ap_memory|                                   V_tile_3|         array|
|V_tile_3_ce0        |  out|    1|   ap_memory|                                   V_tile_3|         array|
|V_tile_3_q0         |   in|   16|   ap_memory|                                   V_tile_3|         array|
|V_tile_4_address0   |  out|    9|   ap_memory|                                   V_tile_4|         array|
|V_tile_4_ce0        |  out|    1|   ap_memory|                                   V_tile_4|         array|
|V_tile_4_q0         |   in|   16|   ap_memory|                                   V_tile_4|         array|
|V_tile_5_address0   |  out|    9|   ap_memory|                                   V_tile_5|         array|
|V_tile_5_ce0        |  out|    1|   ap_memory|                                   V_tile_5|         array|
|V_tile_5_q0         |   in|   16|   ap_memory|                                   V_tile_5|         array|
|V_tile_6_address0   |  out|    9|   ap_memory|                                   V_tile_6|         array|
|V_tile_6_ce0        |  out|    1|   ap_memory|                                   V_tile_6|         array|
|V_tile_6_q0         |   in|   16|   ap_memory|                                   V_tile_6|         array|
|V_tile_7_address0   |  out|    9|   ap_memory|                                   V_tile_7|         array|
|V_tile_7_ce0        |  out|    1|   ap_memory|                                   V_tile_7|         array|
|V_tile_7_q0         |   in|   16|   ap_memory|                                   V_tile_7|         array|
|V_tile_8_address0   |  out|    9|   ap_memory|                                   V_tile_8|         array|
|V_tile_8_ce0        |  out|    1|   ap_memory|                                   V_tile_8|         array|
|V_tile_8_q0         |   in|   16|   ap_memory|                                   V_tile_8|         array|
|V_tile_9_address0   |  out|    9|   ap_memory|                                   V_tile_9|         array|
|V_tile_9_ce0        |  out|    1|   ap_memory|                                   V_tile_9|         array|
|V_tile_9_q0         |   in|   16|   ap_memory|                                   V_tile_9|         array|
|V_tile_10_address0  |  out|    9|   ap_memory|                                  V_tile_10|         array|
|V_tile_10_ce0       |  out|    1|   ap_memory|                                  V_tile_10|         array|
|V_tile_10_q0        |   in|   16|   ap_memory|                                  V_tile_10|         array|
|V_tile_11_address0  |  out|    9|   ap_memory|                                  V_tile_11|         array|
|V_tile_11_ce0       |  out|    1|   ap_memory|                                  V_tile_11|         array|
|V_tile_11_q0        |   in|   16|   ap_memory|                                  V_tile_11|         array|
|V_tile_12_address0  |  out|    9|   ap_memory|                                  V_tile_12|         array|
|V_tile_12_ce0       |  out|    1|   ap_memory|                                  V_tile_12|         array|
|V_tile_12_q0        |   in|   16|   ap_memory|                                  V_tile_12|         array|
|V_tile_13_address0  |  out|    9|   ap_memory|                                  V_tile_13|         array|
|V_tile_13_ce0       |  out|    1|   ap_memory|                                  V_tile_13|         array|
|V_tile_13_q0        |   in|   16|   ap_memory|                                  V_tile_13|         array|
|V_tile_14_address0  |  out|    9|   ap_memory|                                  V_tile_14|         array|
|V_tile_14_ce0       |  out|    1|   ap_memory|                                  V_tile_14|         array|
|V_tile_14_q0        |   in|   16|   ap_memory|                                  V_tile_14|         array|
|V_tile_15_address0  |  out|    9|   ap_memory|                                  V_tile_15|         array|
|V_tile_15_ce0       |  out|    1|   ap_memory|                                  V_tile_15|         array|
|V_tile_15_q0        |   in|   16|   ap_memory|                                  V_tile_15|         array|
|acc_d_15_address0   |  out|    3|   ap_memory|                                   acc_d_15|         array|
|acc_d_15_ce0        |  out|    1|   ap_memory|                                   acc_d_15|         array|
|acc_d_15_we0        |  out|    1|   ap_memory|                                   acc_d_15|         array|
|acc_d_15_d0         |  out|   32|   ap_memory|                                   acc_d_15|         array|
|acc_d_15_address1   |  out|    3|   ap_memory|                                   acc_d_15|         array|
|acc_d_15_ce1        |  out|    1|   ap_memory|                                   acc_d_15|         array|
|acc_d_15_q1         |   in|   32|   ap_memory|                                   acc_d_15|         array|
|acc_d_14_address0   |  out|    3|   ap_memory|                                   acc_d_14|         array|
|acc_d_14_ce0        |  out|    1|   ap_memory|                                   acc_d_14|         array|
|acc_d_14_we0        |  out|    1|   ap_memory|                                   acc_d_14|         array|
|acc_d_14_d0         |  out|   32|   ap_memory|                                   acc_d_14|         array|
|acc_d_14_address1   |  out|    3|   ap_memory|                                   acc_d_14|         array|
|acc_d_14_ce1        |  out|    1|   ap_memory|                                   acc_d_14|         array|
|acc_d_14_q1         |   in|   32|   ap_memory|                                   acc_d_14|         array|
|acc_d_13_address0   |  out|    3|   ap_memory|                                   acc_d_13|         array|
|acc_d_13_ce0        |  out|    1|   ap_memory|                                   acc_d_13|         array|
|acc_d_13_we0        |  out|    1|   ap_memory|                                   acc_d_13|         array|
|acc_d_13_d0         |  out|   32|   ap_memory|                                   acc_d_13|         array|
|acc_d_13_address1   |  out|    3|   ap_memory|                                   acc_d_13|         array|
|acc_d_13_ce1        |  out|    1|   ap_memory|                                   acc_d_13|         array|
|acc_d_13_q1         |   in|   32|   ap_memory|                                   acc_d_13|         array|
|acc_d_12_address0   |  out|    3|   ap_memory|                                   acc_d_12|         array|
|acc_d_12_ce0        |  out|    1|   ap_memory|                                   acc_d_12|         array|
|acc_d_12_we0        |  out|    1|   ap_memory|                                   acc_d_12|         array|
|acc_d_12_d0         |  out|   32|   ap_memory|                                   acc_d_12|         array|
|acc_d_12_address1   |  out|    3|   ap_memory|                                   acc_d_12|         array|
|acc_d_12_ce1        |  out|    1|   ap_memory|                                   acc_d_12|         array|
|acc_d_12_q1         |   in|   32|   ap_memory|                                   acc_d_12|         array|
|acc_d_11_address0   |  out|    3|   ap_memory|                                   acc_d_11|         array|
|acc_d_11_ce0        |  out|    1|   ap_memory|                                   acc_d_11|         array|
|acc_d_11_we0        |  out|    1|   ap_memory|                                   acc_d_11|         array|
|acc_d_11_d0         |  out|   32|   ap_memory|                                   acc_d_11|         array|
|acc_d_11_address1   |  out|    3|   ap_memory|                                   acc_d_11|         array|
|acc_d_11_ce1        |  out|    1|   ap_memory|                                   acc_d_11|         array|
|acc_d_11_q1         |   in|   32|   ap_memory|                                   acc_d_11|         array|
|acc_d_10_address0   |  out|    3|   ap_memory|                                   acc_d_10|         array|
|acc_d_10_ce0        |  out|    1|   ap_memory|                                   acc_d_10|         array|
|acc_d_10_we0        |  out|    1|   ap_memory|                                   acc_d_10|         array|
|acc_d_10_d0         |  out|   32|   ap_memory|                                   acc_d_10|         array|
|acc_d_10_address1   |  out|    3|   ap_memory|                                   acc_d_10|         array|
|acc_d_10_ce1        |  out|    1|   ap_memory|                                   acc_d_10|         array|
|acc_d_10_q1         |   in|   32|   ap_memory|                                   acc_d_10|         array|
|acc_d_9_address0    |  out|    3|   ap_memory|                                    acc_d_9|         array|
|acc_d_9_ce0         |  out|    1|   ap_memory|                                    acc_d_9|         array|
|acc_d_9_we0         |  out|    1|   ap_memory|                                    acc_d_9|         array|
|acc_d_9_d0          |  out|   32|   ap_memory|                                    acc_d_9|         array|
|acc_d_9_address1    |  out|    3|   ap_memory|                                    acc_d_9|         array|
|acc_d_9_ce1         |  out|    1|   ap_memory|                                    acc_d_9|         array|
|acc_d_9_q1          |   in|   32|   ap_memory|                                    acc_d_9|         array|
|acc_d_8_address0    |  out|    3|   ap_memory|                                    acc_d_8|         array|
|acc_d_8_ce0         |  out|    1|   ap_memory|                                    acc_d_8|         array|
|acc_d_8_we0         |  out|    1|   ap_memory|                                    acc_d_8|         array|
|acc_d_8_d0          |  out|   32|   ap_memory|                                    acc_d_8|         array|
|acc_d_8_address1    |  out|    3|   ap_memory|                                    acc_d_8|         array|
|acc_d_8_ce1         |  out|    1|   ap_memory|                                    acc_d_8|         array|
|acc_d_8_q1          |   in|   32|   ap_memory|                                    acc_d_8|         array|
|acc_d_7_address0    |  out|    3|   ap_memory|                                    acc_d_7|         array|
|acc_d_7_ce0         |  out|    1|   ap_memory|                                    acc_d_7|         array|
|acc_d_7_we0         |  out|    1|   ap_memory|                                    acc_d_7|         array|
|acc_d_7_d0          |  out|   32|   ap_memory|                                    acc_d_7|         array|
|acc_d_7_address1    |  out|    3|   ap_memory|                                    acc_d_7|         array|
|acc_d_7_ce1         |  out|    1|   ap_memory|                                    acc_d_7|         array|
|acc_d_7_q1          |   in|   32|   ap_memory|                                    acc_d_7|         array|
|acc_d_6_address0    |  out|    3|   ap_memory|                                    acc_d_6|         array|
|acc_d_6_ce0         |  out|    1|   ap_memory|                                    acc_d_6|         array|
|acc_d_6_we0         |  out|    1|   ap_memory|                                    acc_d_6|         array|
|acc_d_6_d0          |  out|   32|   ap_memory|                                    acc_d_6|         array|
|acc_d_6_address1    |  out|    3|   ap_memory|                                    acc_d_6|         array|
|acc_d_6_ce1         |  out|    1|   ap_memory|                                    acc_d_6|         array|
|acc_d_6_q1          |   in|   32|   ap_memory|                                    acc_d_6|         array|
|acc_d_5_address0    |  out|    3|   ap_memory|                                    acc_d_5|         array|
|acc_d_5_ce0         |  out|    1|   ap_memory|                                    acc_d_5|         array|
|acc_d_5_we0         |  out|    1|   ap_memory|                                    acc_d_5|         array|
|acc_d_5_d0          |  out|   32|   ap_memory|                                    acc_d_5|         array|
|acc_d_5_address1    |  out|    3|   ap_memory|                                    acc_d_5|         array|
|acc_d_5_ce1         |  out|    1|   ap_memory|                                    acc_d_5|         array|
|acc_d_5_q1          |   in|   32|   ap_memory|                                    acc_d_5|         array|
|acc_d_4_address0    |  out|    3|   ap_memory|                                    acc_d_4|         array|
|acc_d_4_ce0         |  out|    1|   ap_memory|                                    acc_d_4|         array|
|acc_d_4_we0         |  out|    1|   ap_memory|                                    acc_d_4|         array|
|acc_d_4_d0          |  out|   32|   ap_memory|                                    acc_d_4|         array|
|acc_d_4_address1    |  out|    3|   ap_memory|                                    acc_d_4|         array|
|acc_d_4_ce1         |  out|    1|   ap_memory|                                    acc_d_4|         array|
|acc_d_4_q1          |   in|   32|   ap_memory|                                    acc_d_4|         array|
|acc_d_3_address0    |  out|    3|   ap_memory|                                    acc_d_3|         array|
|acc_d_3_ce0         |  out|    1|   ap_memory|                                    acc_d_3|         array|
|acc_d_3_we0         |  out|    1|   ap_memory|                                    acc_d_3|         array|
|acc_d_3_d0          |  out|   32|   ap_memory|                                    acc_d_3|         array|
|acc_d_3_address1    |  out|    3|   ap_memory|                                    acc_d_3|         array|
|acc_d_3_ce1         |  out|    1|   ap_memory|                                    acc_d_3|         array|
|acc_d_3_q1          |   in|   32|   ap_memory|                                    acc_d_3|         array|
|acc_d_2_address0    |  out|    3|   ap_memory|                                    acc_d_2|         array|
|acc_d_2_ce0         |  out|    1|   ap_memory|                                    acc_d_2|         array|
|acc_d_2_we0         |  out|    1|   ap_memory|                                    acc_d_2|         array|
|acc_d_2_d0          |  out|   32|   ap_memory|                                    acc_d_2|         array|
|acc_d_2_address1    |  out|    3|   ap_memory|                                    acc_d_2|         array|
|acc_d_2_ce1         |  out|    1|   ap_memory|                                    acc_d_2|         array|
|acc_d_2_q1          |   in|   32|   ap_memory|                                    acc_d_2|         array|
|acc_d_1_address0    |  out|    3|   ap_memory|                                    acc_d_1|         array|
|acc_d_1_ce0         |  out|    1|   ap_memory|                                    acc_d_1|         array|
|acc_d_1_we0         |  out|    1|   ap_memory|                                    acc_d_1|         array|
|acc_d_1_d0          |  out|   32|   ap_memory|                                    acc_d_1|         array|
|acc_d_1_address1    |  out|    3|   ap_memory|                                    acc_d_1|         array|
|acc_d_1_ce1         |  out|    1|   ap_memory|                                    acc_d_1|         array|
|acc_d_1_q1          |   in|   32|   ap_memory|                                    acc_d_1|         array|
|acc_d_address0      |  out|    3|   ap_memory|                                      acc_d|         array|
|acc_d_ce0           |  out|    1|   ap_memory|                                      acc_d|         array|
|acc_d_we0           |  out|    1|   ap_memory|                                      acc_d|         array|
|acc_d_d0            |  out|   32|   ap_memory|                                      acc_d|         array|
|acc_d_address1      |  out|    3|   ap_memory|                                      acc_d|         array|
|acc_d_ce1           |  out|    1|   ap_memory|                                      acc_d|         array|
|acc_d_q1            |   in|   32|   ap_memory|                                      acc_d|         array|
+--------------------+-----+-----+------------+-------------------------------------------+--------------+

