

================================================================
== Vitis HLS Report for 'load_stats_fp32'
================================================================
* Date:           Sun Mar 22 18:06:45 2026

* Version:        2025.1 (Build 6135595 on May 21 2025)
* Project:        FlashAtt1
* Solution:       hls (Vivado IP Flow Target)
* Product family: versalhbm
* Target device:  xcvh1582-lsva4737-2LHP-e-S


================================================================
== Performance Estimates
================================================================
+ Timing: 
    * Summary: 
    +--------+----------+----------+------------+
    |  Clock |  Target  | Estimated| Uncertainty|
    +--------+----------+----------+------------+
    |ap_clk  |  10.00 ns|  7.300 ns|     2.70 ns|
    +--------+----------+----------+------------+

+ Latency: 
    * Summary: 
    +---------+---------+----------+----------+-----+-----+---------+
    |  Latency (cycles) |  Latency (absolute) |  Interval | Pipeline|
    |   min   |   max   |    min   |    max   | min | max |   Type  |
    +---------+---------+----------+----------+-----+-----+---------+
    |        ?|        ?|         ?|         ?|    ?|    ?|       no|
    +---------+---------+----------+----------+-----+-----+---------+

    + Detail: 
        * Instance: 
        +------------------------------------------------------+-------------------------------------------+---------+-----------+-----------+-----------+-----+-----------+------------------------------------------------+
        |                                                      |                                           |   Latency (cycles)  |   Latency (absolute)  |     Interval    |                    Pipeline                    |
        |                       Instance                       |                   Module                  |   min   |    max    |    min    |    max    | min |    max    |                      Type                      |
        +------------------------------------------------------+-------------------------------------------+---------+-----------+-----------+-----------+-----+-----------+------------------------------------------------+
        |grp_load_stats_fp32_Pipeline_LOAD_STATS_fu_220        |load_stats_fp32_Pipeline_LOAD_STATS        |        2|  134217729|  20.000 ns|  1.342 sec|    1|  134217728|  loop auto-rewind stp (delay=0 clock cycles(s))|
        |grp_load_stats_fp32_Pipeline_VITIS_LOOP_254_2_fu_357  |load_stats_fp32_Pipeline_VITIS_LOOP_254_2  |        ?|          ?|          ?|          ?|    0|          0|  loop auto-rewind stp (delay=0 clock cycles(s))|
        +------------------------------------------------------+-------------------------------------------+---------+-----------+-----------+-----------+-----+-----------+------------------------------------------------+

        * Loop: 
        N/A



================================================================
== Utilization Estimates
================================================================
* Summary: 
+---------------------+---------+------+---------+---------+------+
|         Name        | BRAM_18K|  DSP |    FF   |   LUT   | URAM |
+---------------------+---------+------+---------+---------+------+
|DSP                  |        -|     -|        -|        -|     -|
|Expression           |        -|     -|        0|      225|     -|
|FIFO                 |        -|     -|        -|        -|     -|
|Instance             |        -|     -|      140|      528|     -|
|Memory               |        -|     -|        -|        -|     -|
|Multiplexer          |        -|     -|        0|     4360|     -|
|Register             |        -|     -|     2215|        -|     -|
+---------------------+---------+------+---------+---------+------+
|Total                |        0|     0|     2355|     5113|     0|
+---------------------+---------+------+---------+---------+------+
|Available SLR        |     2541|  3696|  1753984|   876992|   650|
+---------------------+---------+------+---------+---------+------+
|Utilization SLR (%)  |        0|     0|       ~0|       ~0|     0|
+---------------------+---------+------+---------+---------+------+
|Available            |     5082|  7392|  3507968|  1753984|  1301|
+---------------------+---------+------+---------+---------+------+
|Utilization (%)      |        0|     0|       ~0|       ~0|     0|
+---------------------+---------+------+---------+---------+------+

+ Detail: 
    * Instance: 
    +------------------------------------------------------+-------------------------------------------+---------+----+----+-----+-----+
    |                       Instance                       |                   Module                  | BRAM_18K| DSP| FF | LUT | URAM|
    +------------------------------------------------------+-------------------------------------------+---------+----+----+-----+-----+
    |grp_load_stats_fp32_Pipeline_LOAD_STATS_fu_220        |load_stats_fp32_Pipeline_LOAD_STATS        |        0|   0|  73|  368|    0|
    |grp_load_stats_fp32_Pipeline_VITIS_LOOP_254_2_fu_357  |load_stats_fp32_Pipeline_VITIS_LOOP_254_2  |        0|   0|  67|  160|    0|
    +------------------------------------------------------+-------------------------------------------+---------+----+----+-----+-----+
    |Total                                                 |                                           |        0|   0| 140|  528|    0|
    +------------------------------------------------------+-------------------------------------------+---------+----+----+-----+-----+

    * DSP: 
    N/A

    * Memory: 
    N/A

    * FIFO: 
    N/A

    * Expression: 
    +-----------------------+----------+----+---+----+------------+------------+
    |     Variable Name     | Operation| DSP| FF| LUT| Bitwidth P0| Bitwidth P1|
    +-----------------------+----------+----+---+----+------------+------------+
    |add_ln233_fu_490_p2    |         +|   0|  0|  32|          32|           4|
    |add_ln237_fu_580_p2    |         +|   0|  0|  64|          64|          64|
    |sub_ln233_1_fu_524_p2  |         -|   0|  0|  29|           1|          29|
    |sub_ln233_fu_504_p2    |         -|   0|  0|  32|           5|          32|
    |icmp_ln237_fu_552_p2   |      icmp|   0|  0|  16|          32|           1|
    |empty_fu_607_p3        |    select|   0|  0|  26|           1|          29|
    |total_beats_fu_544_p3  |    select|   0|  0|  26|           1|          29|
    +-----------------------+----------+----+---+----+------------+------------+
    |Total                  |          |   0|  0| 225|         136|         188|
    +-----------------------+----------+----+---+----+------------+------------+

    * Multiplexer: 
    +-------------------------+----+-----------+-----+-----------+
    |           Name          | LUT| Input Size| Bits| Total Bits|
    +-------------------------+----+-----------+-----+-----------+
    |ap_NS_fsm                |  43|         79|    1|         79|
    |gmem_l_blk_n_AR          |   1|          2|    1|          2|
    |m_axi_gmem_l_0_ARADDR    |  64|          3|   64|        192|
    |m_axi_gmem_l_0_ARBURST   |   8|          2|    2|          4|
    |m_axi_gmem_l_0_ARCACHE   |   8|          2|    4|          8|
    |m_axi_gmem_l_0_ARID      |   1|          2|    1|          2|
    |m_axi_gmem_l_0_ARLEN     |  32|          3|   32|         96|
    |m_axi_gmem_l_0_ARLOCK    |   8|          2|    2|          4|
    |m_axi_gmem_l_0_ARPROT    |   8|          2|    3|          6|
    |m_axi_gmem_l_0_ARQOS     |   8|          2|    4|          8|
    |m_axi_gmem_l_0_ARREGION  |   8|          2|    4|          8|
    |m_axi_gmem_l_0_ARSIZE    |   8|          2|    3|          6|
    |m_axi_gmem_l_0_ARUSER    |   1|          2|    1|          2|
    |m_axi_gmem_l_0_ARVALID   |   1|          3|    1|          3|
    |m_axi_gmem_l_0_RREADY    |   1|          2|    1|          2|
    |stats_0                  |  32|          3|   32|         96|
    |stats_0_ap_vld           |   1|          3|    1|          3|
    |stats_0_reg              |  32|          2|   32|         64|
    |stats_1                  |  32|          3|   32|         96|
    |stats_10                 |  32|          3|   32|         96|
    |stats_10_ap_vld          |   1|          3|    1|          3|
    |stats_10_reg             |  32|          2|   32|         64|
    |stats_11                 |  32|          3|   32|         96|
    |stats_11_ap_vld          |   1|          3|    1|          3|
    |stats_11_reg             |  32|          2|   32|         64|
    |stats_12                 |  32|          3|   32|         96|
    |stats_12_ap_vld          |   1|          3|    1|          3|
    |stats_12_reg             |  32|          2|   32|         64|
    |stats_13                 |  32|          3|   32|         96|
    |stats_13_ap_vld          |   1|          3|    1|          3|
    |stats_13_reg             |  32|          2|   32|         64|
    |stats_14                 |  32|          3|   32|         96|
    |stats_14_ap_vld          |   1|          3|    1|          3|
    |stats_14_reg             |  32|          2|   32|         64|
    |stats_15                 |  32|          3|   32|         96|
    |stats_15_ap_vld          |   1|          3|    1|          3|
    |stats_15_reg             |  32|          2|   32|         64|
    |stats_16                 |  32|          3|   32|         96|
    |stats_16_ap_vld          |   1|          3|    1|          3|
    |stats_16_reg             |  32|          2|   32|         64|
    |stats_17                 |  32|          3|   32|         96|
    |stats_17_ap_vld          |   1|          3|    1|          3|
    |stats_17_reg             |  32|          2|   32|         64|
    |stats_18                 |  32|          3|   32|         96|
    |stats_18_ap_vld          |   1|          3|    1|          3|
    |stats_18_reg             |  32|          2|   32|         64|
    |stats_19                 |  32|          3|   32|         96|
    |stats_19_ap_vld          |   1|          3|    1|          3|
    |stats_19_reg             |  32|          2|   32|         64|
    |stats_1_ap_vld           |   1|          3|    1|          3|
    |stats_1_reg              |  32|          2|   32|         64|
    |stats_2                  |  32|          3|   32|         96|
    |stats_20                 |  32|          3|   32|         96|
    |stats_20_ap_vld          |   1|          3|    1|          3|
    |stats_20_reg             |  32|          2|   32|         64|
    |stats_21                 |  32|          3|   32|         96|
    |stats_21_ap_vld          |   1|          3|    1|          3|
    |stats_21_reg             |  32|          2|   32|         64|
    |stats_22                 |  32|          3|   32|         96|
    |stats_22_ap_vld          |   1|          3|    1|          3|
    |stats_22_reg             |  32|          2|   32|         64|
    |stats_23                 |  32|          3|   32|         96|
    |stats_23_ap_vld          |   1|          3|    1|          3|
    |stats_23_reg             |  32|          2|   32|         64|
    |stats_24                 |  32|          3|   32|         96|
    |stats_24_ap_vld          |   1|          3|    1|          3|
    |stats_24_reg             |  32|          2|   32|         64|
    |stats_25                 |  32|          3|   32|         96|
    |stats_25_ap_vld          |   1|          3|    1|          3|
    |stats_25_reg             |  32|          2|   32|         64|
    |stats_26                 |  32|          3|   32|         96|
    |stats_26_ap_vld          |   1|          3|    1|          3|
    |stats_26_reg             |  32|          2|   32|         64|
    |stats_27                 |  32|          3|   32|         96|
    |stats_27_ap_vld          |   1|          3|    1|          3|
    |stats_27_reg             |  32|          2|   32|         64|
    |stats_28                 |  32|          3|   32|         96|
    |stats_28_ap_vld          |   1|          3|    1|          3|
    |stats_28_reg             |  32|          2|   32|         64|
    |stats_29                 |  32|          3|   32|         96|
    |stats_29_ap_vld          |   1|          3|    1|          3|
    |stats_29_reg             |  32|          2|   32|         64|
    |stats_2_ap_vld           |   1|          3|    1|          3|
    |stats_2_reg              |  32|          2|   32|         64|
    |stats_3                  |  32|          3|   32|         96|
    |stats_30                 |  32|          3|   32|         96|
    |stats_30_ap_vld          |   1|          3|    1|          3|
    |stats_30_reg             |  32|          2|   32|         64|
    |stats_31                 |  32|          3|   32|         96|
    |stats_31_ap_vld          |   1|          3|    1|          3|
    |stats_31_reg             |  32|          2|   32|         64|
    |stats_32                 |  32|          3|   32|         96|
    |stats_32_ap_vld          |   1|          3|    1|          3|
    |stats_32_reg             |  32|          2|   32|         64|
    |stats_33                 |  32|          3|   32|         96|
    |stats_33_ap_vld          |   1|          3|    1|          3|
    |stats_33_reg             |  32|          2|   32|         64|
    |stats_34                 |  32|          3|   32|         96|
    |stats_34_ap_vld          |   1|          3|    1|          3|
    |stats_34_reg             |  32|          2|   32|         64|
    |stats_35                 |  32|          3|   32|         96|
    |stats_35_ap_vld          |   1|          3|    1|          3|
    |stats_35_reg             |  32|          2|   32|         64|
    |stats_36                 |  32|          3|   32|         96|
    |stats_36_ap_vld          |   1|          3|    1|          3|
    |stats_36_reg             |  32|          2|   32|         64|
    |stats_37                 |  32|          3|   32|         96|
    |stats_37_ap_vld          |   1|          3|    1|          3|
    |stats_37_reg             |  32|          2|   32|         64|
    |stats_38                 |  32|          3|   32|         96|
    |stats_38_ap_vld          |   1|          3|    1|          3|
    |stats_38_reg             |  32|          2|   32|         64|
    |stats_39                 |  32|          3|   32|         96|
    |stats_39_ap_vld          |   1|          3|    1|          3|
    |stats_39_reg             |  32|          2|   32|         64|
    |stats_3_ap_vld           |   1|          3|    1|          3|
    |stats_3_reg              |  32|          2|   32|         64|
    |stats_4                  |  32|          3|   32|         96|
    |stats_40                 |  32|          3|   32|         96|
    |stats_40_ap_vld          |   1|          3|    1|          3|
    |stats_40_reg             |  32|          2|   32|         64|
    |stats_41                 |  32|          3|   32|         96|
    |stats_41_ap_vld          |   1|          3|    1|          3|
    |stats_41_reg             |  32|          2|   32|         64|
    |stats_42                 |  32|          3|   32|         96|
    |stats_42_ap_vld          |   1|          3|    1|          3|
    |stats_42_reg             |  32|          2|   32|         64|
    |stats_43                 |  32|          3|   32|         96|
    |stats_43_ap_vld          |   1|          3|    1|          3|
    |stats_43_reg             |  32|          2|   32|         64|
    |stats_44                 |  32|          3|   32|         96|
    |stats_44_ap_vld          |   1|          3|    1|          3|
    |stats_44_reg             |  32|          2|   32|         64|
    |stats_45                 |  32|          3|   32|         96|
    |stats_45_ap_vld          |   1|          3|    1|          3|
    |stats_45_reg             |  32|          2|   32|         64|
    |stats_46                 |  32|          3|   32|         96|
    |stats_46_ap_vld          |   1|          3|    1|          3|
    |stats_46_reg             |  32|          2|   32|         64|
    |stats_47                 |  32|          3|   32|         96|
    |stats_47_ap_vld          |   1|          3|    1|          3|
    |stats_47_reg             |  32|          2|   32|         64|
    |stats_48                 |  32|          3|   32|         96|
    |stats_48_ap_vld          |   1|          3|    1|          3|
    |stats_48_reg             |  32|          2|   32|         64|
    |stats_49                 |  32|          3|   32|         96|
    |stats_49_ap_vld          |   1|          3|    1|          3|
    |stats_49_reg             |  32|          2|   32|         64|
    |stats_4_ap_vld           |   1|          3|    1|          3|
    |stats_4_reg              |  32|          2|   32|         64|
    |stats_5                  |  32|          3|   32|         96|
    |stats_50                 |  32|          3|   32|         96|
    |stats_50_ap_vld          |   1|          3|    1|          3|
    |stats_50_reg             |  32|          2|   32|         64|
    |stats_51                 |  32|          3|   32|         96|
    |stats_51_ap_vld          |   1|          3|    1|          3|
    |stats_51_reg             |  32|          2|   32|         64|
    |stats_52                 |  32|          3|   32|         96|
    |stats_52_ap_vld          |   1|          3|    1|          3|
    |stats_52_reg             |  32|          2|   32|         64|
    |stats_53                 |  32|          3|   32|         96|
    |stats_53_ap_vld          |   1|          3|    1|          3|
    |stats_53_reg             |  32|          2|   32|         64|
    |stats_54                 |  32|          3|   32|         96|
    |stats_54_ap_vld          |   1|          3|    1|          3|
    |stats_54_reg             |  32|          2|   32|         64|
    |stats_55                 |  32|          3|   32|         96|
    |stats_55_ap_vld          |   1|          3|    1|          3|
    |stats_55_reg             |  32|          2|   32|         64|
    |stats_56                 |  32|          3|   32|         96|
    |stats_56_ap_vld          |   1|          3|    1|          3|
    |stats_56_reg             |  32|          2|   32|         64|
    |stats_57                 |  32|          3|   32|         96|
    |stats_57_ap_vld          |   1|          3|    1|          3|
    |stats_57_reg             |  32|          2|   32|         64|
    |stats_58                 |  32|          3|   32|         96|
    |stats_58_ap_vld          |   1|          3|    1|          3|
    |stats_58_reg             |  32|          2|   32|         64|
    |stats_59                 |  32|          3|   32|         96|
    |stats_59_ap_vld          |   1|          3|    1|          3|
    |stats_59_reg             |  32|          2|   32|         64|
    |stats_5_ap_vld           |   1|          3|    1|          3|
    |stats_5_reg              |  32|          2|   32|         64|
    |stats_6                  |  32|          3|   32|         96|
    |stats_60                 |  32|          3|   32|         96|
    |stats_60_ap_vld          |   1|          3|    1|          3|
    |stats_60_reg             |  32|          2|   32|         64|
    |stats_61                 |  32|          3|   32|         96|
    |stats_61_ap_vld          |   1|          3|    1|          3|
    |stats_61_reg             |  32|          2|   32|         64|
    |stats_62                 |  32|          3|   32|         96|
    |stats_62_ap_vld          |   1|          3|    1|          3|
    |stats_62_reg             |  32|          2|   32|         64|
    |stats_63                 |  32|          3|   32|         96|
    |stats_63_ap_vld          |   1|          3|    1|          3|
    |stats_63_reg             |  32|          2|   32|         64|
    |stats_6_ap_vld           |   1|          3|    1|          3|
    |stats_6_reg              |  32|          2|   32|         64|
    |stats_7                  |  32|          3|   32|         96|
    |stats_7_ap_vld           |   1|          3|    1|          3|
    |stats_7_reg              |  32|          2|   32|         64|
    |stats_8                  |  32|          3|   32|         96|
    |stats_8_ap_vld           |   1|          3|    1|          3|
    |stats_8_reg              |  32|          2|   32|         64|
    |stats_9                  |  32|          3|   32|         96|
    |stats_9_ap_vld           |   1|          3|    1|          3|
    |stats_9_reg              |  32|          2|   32|         64|
    +-------------------------+----+-----------+-----+-----------+
    |Total                    |4360|        622| 4284|      10854|
    +-------------------------+----+-----------+-----+-----------+

    * Register: 
    +-------------------------------------------------------------------+----+----+-----+-----------+
    |                                Name                               | FF | LUT| Bits| Const Bits|
    +-------------------------------------------------------------------+----+----+-----+-----------+
    |ap_CS_fsm                                                          |  78|   0|   78|          0|
    |grp_load_stats_fp32_Pipeline_LOAD_STATS_fu_220_ap_start_reg        |   1|   0|    1|          0|
    |grp_load_stats_fp32_Pipeline_VITIS_LOOP_254_2_fu_357_ap_start_reg  |   1|   0|    1|          0|
    |stats_0_reg                                                        |  32|   0|   32|          0|
    |stats_10_reg                                                       |  32|   0|   32|          0|
    |stats_11_reg                                                       |  32|   0|   32|          0|
    |stats_12_reg                                                       |  32|   0|   32|          0|
    |stats_13_reg                                                       |  32|   0|   32|          0|
    |stats_14_reg                                                       |  32|   0|   32|          0|
    |stats_15_reg                                                       |  32|   0|   32|          0|
    |stats_16_reg                                                       |  32|   0|   32|          0|
    |stats_17_reg                                                       |  32|   0|   32|          0|
    |stats_18_reg                                                       |  32|   0|   32|          0|
    |stats_19_reg                                                       |  32|   0|   32|          0|
    |stats_1_reg                                                        |  32|   0|   32|          0|
    |stats_20_reg                                                       |  32|   0|   32|          0|
    |stats_21_reg                                                       |  32|   0|   32|          0|
    |stats_22_reg                                                       |  32|   0|   32|          0|
    |stats_23_reg                                                       |  32|   0|   32|          0|
    |stats_24_reg                                                       |  32|   0|   32|          0|
    |stats_25_reg                                                       |  32|   0|   32|          0|
    |stats_26_reg                                                       |  32|   0|   32|          0|
    |stats_27_reg                                                       |  32|   0|   32|          0|
    |stats_28_reg                                                       |  32|   0|   32|          0|
    |stats_29_reg                                                       |  32|   0|   32|          0|
    |stats_2_reg                                                        |  32|   0|   32|          0|
    |stats_30_reg                                                       |  32|   0|   32|          0|
    |stats_31_reg                                                       |  32|   0|   32|          0|
    |stats_32_reg                                                       |  32|   0|   32|          0|
    |stats_33_reg                                                       |  32|   0|   32|          0|
    |stats_34_reg                                                       |  32|   0|   32|          0|
    |stats_35_reg                                                       |  32|   0|   32|          0|
    |stats_36_reg                                                       |  32|   0|   32|          0|
    |stats_37_reg                                                       |  32|   0|   32|          0|
    |stats_38_reg                                                       |  32|   0|   32|          0|
    |stats_39_reg                                                       |  32|   0|   32|          0|
    |stats_3_reg                                                        |  32|   0|   32|          0|
    |stats_40_reg                                                       |  32|   0|   32|          0|
    |stats_41_reg                                                       |  32|   0|   32|          0|
    |stats_42_reg                                                       |  32|   0|   32|          0|
    |stats_43_reg                                                       |  32|   0|   32|          0|
    |stats_44_reg                                                       |  32|   0|   32|          0|
    |stats_45_reg                                                       |  32|   0|   32|          0|
    |stats_46_reg                                                       |  32|   0|   32|          0|
    |stats_47_reg                                                       |  32|   0|   32|          0|
    |stats_48_reg                                                       |  32|   0|   32|          0|
    |stats_49_reg                                                       |  32|   0|   32|          0|
    |stats_4_reg                                                        |  32|   0|   32|          0|
    |stats_50_reg                                                       |  32|   0|   32|          0|
    |stats_51_reg                                                       |  32|   0|   32|          0|
    |stats_52_reg                                                       |  32|   0|   32|          0|
    |stats_53_reg                                                       |  32|   0|   32|          0|
    |stats_54_reg                                                       |  32|   0|   32|          0|
    |stats_55_reg                                                       |  32|   0|   32|          0|
    |stats_56_reg                                                       |  32|   0|   32|          0|
    |stats_57_reg                                                       |  32|   0|   32|          0|
    |stats_58_reg                                                       |  32|   0|   32|          0|
    |stats_59_reg                                                       |  32|   0|   32|          0|
    |stats_5_reg                                                        |  32|   0|   32|          0|
    |stats_60_reg                                                       |  32|   0|   32|          0|
    |stats_61_reg                                                       |  32|   0|   32|          0|
    |stats_62_reg                                                       |  32|   0|   32|          0|
    |stats_63_reg                                                       |  32|   0|   32|          0|
    |stats_6_reg                                                        |  32|   0|   32|          0|
    |stats_7_reg                                                        |  32|   0|   32|          0|
    |stats_8_reg                                                        |  32|   0|   32|          0|
    |stats_9_reg                                                        |  32|   0|   32|          0|
    |total_beats_reg_638                                                |  29|   0|   29|          0|
    |trunc_ln7_reg_643                                                  |  58|   0|   58|          0|
    +-------------------------------------------------------------------+----+----+-----+-----------+
    |Total                                                              |2215|   0| 2215|          0|
    +-------------------------------------------------------------------+----+----+-----+-----------+



================================================================
== Interface
================================================================
* Summary: 
+-------------------------+-----+-----+------------+-----------------+--------------+
|        RTL Ports        | Dir | Bits|  Protocol  |  Source Object  |    C Type    |
+-------------------------+-----+-----+------------+-----------------+--------------+
|ap_clk                   |   in|    1|  ap_ctrl_hs|  load_stats_fp32|  return value|
|ap_rst                   |   in|    1|  ap_ctrl_hs|  load_stats_fp32|  return value|
|ap_start                 |   in|    1|  ap_ctrl_hs|  load_stats_fp32|  return value|
|ap_done                  |  out|    1|  ap_ctrl_hs|  load_stats_fp32|  return value|
|ap_idle                  |  out|    1|  ap_ctrl_hs|  load_stats_fp32|  return value|
|ap_ready                 |  out|    1|  ap_ctrl_hs|  load_stats_fp32|  return value|
|m_axi_gmem_l_0_AWVALID   |  out|    1|       m_axi|           gmem_l|       pointer|
|m_axi_gmem_l_0_AWREADY   |   in|    1|       m_axi|           gmem_l|       pointer|
|m_axi_gmem_l_0_AWADDR    |  out|   64|       m_axi|           gmem_l|       pointer|
|m_axi_gmem_l_0_AWID      |  out|    1|       m_axi|           gmem_l|       pointer|
|m_axi_gmem_l_0_AWLEN     |  out|   32|       m_axi|           gmem_l|       pointer|
|m_axi_gmem_l_0_AWSIZE    |  out|    3|       m_axi|           gmem_l|       pointer|
|m_axi_gmem_l_0_AWBURST   |  out|    2|       m_axi|           gmem_l|       pointer|
|m_axi_gmem_l_0_AWLOCK    |  out|    2|       m_axi|           gmem_l|       pointer|
|m_axi_gmem_l_0_AWCACHE   |  out|    4|       m_axi|           gmem_l|       pointer|
|m_axi_gmem_l_0_AWPROT    |  out|    3|       m_axi|           gmem_l|       pointer|
|m_axi_gmem_l_0_AWQOS     |  out|    4|       m_axi|           gmem_l|       pointer|
|m_axi_gmem_l_0_AWREGION  |  out|    4|       m_axi|           gmem_l|       pointer|
|m_axi_gmem_l_0_AWUSER    |  out|    1|       m_axi|           gmem_l|       pointer|
|m_axi_gmem_l_0_WVALID    |  out|    1|       m_axi|           gmem_l|       pointer|
|m_axi_gmem_l_0_WREADY    |   in|    1|       m_axi|           gmem_l|       pointer|
|m_axi_gmem_l_0_WDATA     |  out|  512|       m_axi|           gmem_l|       pointer|
|m_axi_gmem_l_0_WSTRB     |  out|   64|       m_axi|           gmem_l|       pointer|
|m_axi_gmem_l_0_WLAST     |  out|    1|       m_axi|           gmem_l|       pointer|
|m_axi_gmem_l_0_WID       |  out|    1|       m_axi|           gmem_l|       pointer|
|m_axi_gmem_l_0_WUSER     |  out|    1|       m_axi|           gmem_l|       pointer|
|m_axi_gmem_l_0_ARVALID   |  out|    1|       m_axi|           gmem_l|       pointer|
|m_axi_gmem_l_0_ARREADY   |   in|    1|       m_axi|           gmem_l|       pointer|
|m_axi_gmem_l_0_ARADDR    |  out|   64|       m_axi|           gmem_l|       pointer|
|m_axi_gmem_l_0_ARID      |  out|    1|       m_axi|           gmem_l|       pointer|
|m_axi_gmem_l_0_ARLEN     |  out|   32|       m_axi|           gmem_l|       pointer|
|m_axi_gmem_l_0_ARSIZE    |  out|    3|       m_axi|           gmem_l|       pointer|
|m_axi_gmem_l_0_ARBURST   |  out|    2|       m_axi|           gmem_l|       pointer|
|m_axi_gmem_l_0_ARLOCK    |  out|    2|       m_axi|           gmem_l|       pointer|
|m_axi_gmem_l_0_ARCACHE   |  out|    4|       m_axi|           gmem_l|       pointer|
|m_axi_gmem_l_0_ARPROT    |  out|    3|       m_axi|           gmem_l|       pointer|
|m_axi_gmem_l_0_ARQOS     |  out|    4|       m_axi|           gmem_l|       pointer|
|m_axi_gmem_l_0_ARREGION  |  out|    4|       m_axi|           gmem_l|       pointer|
|m_axi_gmem_l_0_ARUSER    |  out|    1|       m_axi|           gmem_l|       pointer|
|m_axi_gmem_l_0_RVALID    |   in|    1|       m_axi|           gmem_l|       pointer|
|m_axi_gmem_l_0_RREADY    |  out|    1|       m_axi|           gmem_l|       pointer|
|m_axi_gmem_l_0_RDATA     |   in|  512|       m_axi|           gmem_l|       pointer|
|m_axi_gmem_l_0_RLAST     |   in|    1|       m_axi|           gmem_l|       pointer|
|m_axi_gmem_l_0_RID       |   in|    1|       m_axi|           gmem_l|       pointer|
|m_axi_gmem_l_0_RFIFONUM  |   in|    9|       m_axi|           gmem_l|       pointer|
|m_axi_gmem_l_0_RUSER     |   in|    1|       m_axi|           gmem_l|       pointer|
|m_axi_gmem_l_0_RRESP     |   in|    2|       m_axi|           gmem_l|       pointer|
|m_axi_gmem_l_0_BVALID    |   in|    1|       m_axi|           gmem_l|       pointer|
|m_axi_gmem_l_0_BREADY    |  out|    1|       m_axi|           gmem_l|       pointer|
|m_axi_gmem_l_0_BRESP     |   in|    2|       m_axi|           gmem_l|       pointer|
|m_axi_gmem_l_0_BID       |   in|    1|       m_axi|           gmem_l|       pointer|
|m_axi_gmem_l_0_BUSER     |   in|    1|       m_axi|           gmem_l|       pointer|
|hbm_port                 |   in|   64|     ap_none|         hbm_port|        scalar|
|stats_0                  |  out|   32|      ap_vld|          stats_0|       pointer|
|stats_0_ap_vld           |  out|    1|      ap_vld|          stats_0|       pointer|
|stats_1                  |  out|   32|      ap_vld|          stats_1|       pointer|
|stats_1_ap_vld           |  out|    1|      ap_vld|          stats_1|       pointer|
|stats_2                  |  out|   32|      ap_vld|          stats_2|       pointer|
|stats_2_ap_vld           |  out|    1|      ap_vld|          stats_2|       pointer|
|stats_3                  |  out|   32|      ap_vld|          stats_3|       pointer|
|stats_3_ap_vld           |  out|    1|      ap_vld|          stats_3|       pointer|
|stats_4                  |  out|   32|      ap_vld|          stats_4|       pointer|
|stats_4_ap_vld           |  out|    1|      ap_vld|          stats_4|       pointer|
|stats_5                  |  out|   32|      ap_vld|          stats_5|       pointer|
|stats_5_ap_vld           |  out|    1|      ap_vld|          stats_5|       pointer|
|stats_6                  |  out|   32|      ap_vld|          stats_6|       pointer|
|stats_6_ap_vld           |  out|    1|      ap_vld|          stats_6|       pointer|
|stats_7                  |  out|   32|      ap_vld|          stats_7|       pointer|
|stats_7_ap_vld           |  out|    1|      ap_vld|          stats_7|       pointer|
|stats_8                  |  out|   32|      ap_vld|          stats_8|       pointer|
|stats_8_ap_vld           |  out|    1|      ap_vld|          stats_8|       pointer|
|stats_9                  |  out|   32|      ap_vld|          stats_9|       pointer|
|stats_9_ap_vld           |  out|    1|      ap_vld|          stats_9|       pointer|
|stats_10                 |  out|   32|      ap_vld|         stats_10|       pointer|
|stats_10_ap_vld          |  out|    1|      ap_vld|         stats_10|       pointer|
|stats_11                 |  out|   32|      ap_vld|         stats_11|       pointer|
|stats_11_ap_vld          |  out|    1|      ap_vld|         stats_11|       pointer|
|stats_12                 |  out|   32|      ap_vld|         stats_12|       pointer|
|stats_12_ap_vld          |  out|    1|      ap_vld|         stats_12|       pointer|
|stats_13                 |  out|   32|      ap_vld|         stats_13|       pointer|
|stats_13_ap_vld          |  out|    1|      ap_vld|         stats_13|       pointer|
|stats_14                 |  out|   32|      ap_vld|         stats_14|       pointer|
|stats_14_ap_vld          |  out|    1|      ap_vld|         stats_14|       pointer|
|stats_15                 |  out|   32|      ap_vld|         stats_15|       pointer|
|stats_15_ap_vld          |  out|    1|      ap_vld|         stats_15|       pointer|
|stats_16                 |  out|   32|      ap_vld|         stats_16|       pointer|
|stats_16_ap_vld          |  out|    1|      ap_vld|         stats_16|       pointer|
|stats_17                 |  out|   32|      ap_vld|         stats_17|       pointer|
|stats_17_ap_vld          |  out|    1|      ap_vld|         stats_17|       pointer|
|stats_18                 |  out|   32|      ap_vld|         stats_18|       pointer|
|stats_18_ap_vld          |  out|    1|      ap_vld|         stats_18|       pointer|
|stats_19                 |  out|   32|      ap_vld|         stats_19|       pointer|
|stats_19_ap_vld          |  out|    1|      ap_vld|         stats_19|       pointer|
|stats_20                 |  out|   32|      ap_vld|         stats_20|       pointer|
|stats_20_ap_vld          |  out|    1|      ap_vld|         stats_20|       pointer|
|stats_21                 |  out|   32|      ap_vld|         stats_21|       pointer|
|stats_21_ap_vld          |  out|    1|      ap_vld|         stats_21|       pointer|
|stats_22                 |  out|   32|      ap_vld|         stats_22|       pointer|
|stats_22_ap_vld          |  out|    1|      ap_vld|         stats_22|       pointer|
|stats_23                 |  out|   32|      ap_vld|         stats_23|       pointer|
|stats_23_ap_vld          |  out|    1|      ap_vld|         stats_23|       pointer|
|stats_24                 |  out|   32|      ap_vld|         stats_24|       pointer|
|stats_24_ap_vld          |  out|    1|      ap_vld|         stats_24|       pointer|
|stats_25                 |  out|   32|      ap_vld|         stats_25|       pointer|
|stats_25_ap_vld          |  out|    1|      ap_vld|         stats_25|       pointer|
|stats_26                 |  out|   32|      ap_vld|         stats_26|       pointer|
|stats_26_ap_vld          |  out|    1|      ap_vld|         stats_26|       pointer|
|stats_27                 |  out|   32|      ap_vld|         stats_27|       pointer|
|stats_27_ap_vld          |  out|    1|      ap_vld|         stats_27|       pointer|
|stats_28                 |  out|   32|      ap_vld|         stats_28|       pointer|
|stats_28_ap_vld          |  out|    1|      ap_vld|         stats_28|       pointer|
|stats_29                 |  out|   32|      ap_vld|         stats_29|       pointer|
|stats_29_ap_vld          |  out|    1|      ap_vld|         stats_29|       pointer|
|stats_30                 |  out|   32|      ap_vld|         stats_30|       pointer|
|stats_30_ap_vld          |  out|    1|      ap_vld|         stats_30|       pointer|
|stats_31                 |  out|   32|      ap_vld|         stats_31|       pointer|
|stats_31_ap_vld          |  out|    1|      ap_vld|         stats_31|       pointer|
|stats_32                 |  out|   32|      ap_vld|         stats_32|       pointer|
|stats_32_ap_vld          |  out|    1|      ap_vld|         stats_32|       pointer|
|stats_33                 |  out|   32|      ap_vld|         stats_33|       pointer|
|stats_33_ap_vld          |  out|    1|      ap_vld|         stats_33|       pointer|
|stats_34                 |  out|   32|      ap_vld|         stats_34|       pointer|
|stats_34_ap_vld          |  out|    1|      ap_vld|         stats_34|       pointer|
|stats_35                 |  out|   32|      ap_vld|         stats_35|       pointer|
|stats_35_ap_vld          |  out|    1|      ap_vld|         stats_35|       pointer|
|stats_36                 |  out|   32|      ap_vld|         stats_36|       pointer|
|stats_36_ap_vld          |  out|    1|      ap_vld|         stats_36|       pointer|
|stats_37                 |  out|   32|      ap_vld|         stats_37|       pointer|
|stats_37_ap_vld          |  out|    1|      ap_vld|         stats_37|       pointer|
|stats_38                 |  out|   32|      ap_vld|         stats_38|       pointer|
|stats_38_ap_vld          |  out|    1|      ap_vld|         stats_38|       pointer|
|stats_39                 |  out|   32|      ap_vld|         stats_39|       pointer|
|stats_39_ap_vld          |  out|    1|      ap_vld|         stats_39|       pointer|
|stats_40                 |  out|   32|      ap_vld|         stats_40|       pointer|
|stats_40_ap_vld          |  out|    1|      ap_vld|         stats_40|       pointer|
|stats_41                 |  out|   32|      ap_vld|         stats_41|       pointer|
|stats_41_ap_vld          |  out|    1|      ap_vld|         stats_41|       pointer|
|stats_42                 |  out|   32|      ap_vld|         stats_42|       pointer|
|stats_42_ap_vld          |  out|    1|      ap_vld|         stats_42|       pointer|
|stats_43                 |  out|   32|      ap_vld|         stats_43|       pointer|
|stats_43_ap_vld          |  out|    1|      ap_vld|         stats_43|       pointer|
|stats_44                 |  out|   32|      ap_vld|         stats_44|       pointer|
|stats_44_ap_vld          |  out|    1|      ap_vld|         stats_44|       pointer|
|stats_45                 |  out|   32|      ap_vld|         stats_45|       pointer|
|stats_45_ap_vld          |  out|    1|      ap_vld|         stats_45|       pointer|
|stats_46                 |  out|   32|      ap_vld|         stats_46|       pointer|
|stats_46_ap_vld          |  out|    1|      ap_vld|         stats_46|       pointer|
|stats_47                 |  out|   32|      ap_vld|         stats_47|       pointer|
|stats_47_ap_vld          |  out|    1|      ap_vld|         stats_47|       pointer|
|stats_48                 |  out|   32|      ap_vld|         stats_48|       pointer|
|stats_48_ap_vld          |  out|    1|      ap_vld|         stats_48|       pointer|
|stats_49                 |  out|   32|      ap_vld|         stats_49|       pointer|
|stats_49_ap_vld          |  out|    1|      ap_vld|         stats_49|       pointer|
|stats_50                 |  out|   32|      ap_vld|         stats_50|       pointer|
|stats_50_ap_vld          |  out|    1|      ap_vld|         stats_50|       pointer|
|stats_51                 |  out|   32|      ap_vld|         stats_51|       pointer|
|stats_51_ap_vld          |  out|    1|      ap_vld|         stats_51|       pointer|
|stats_52                 |  out|   32|      ap_vld|         stats_52|       pointer|
|stats_52_ap_vld          |  out|    1|      ap_vld|         stats_52|       pointer|
|stats_53                 |  out|   32|      ap_vld|         stats_53|       pointer|
|stats_53_ap_vld          |  out|    1|      ap_vld|         stats_53|       pointer|
|stats_54                 |  out|   32|      ap_vld|         stats_54|       pointer|
|stats_54_ap_vld          |  out|    1|      ap_vld|         stats_54|       pointer|
|stats_55                 |  out|   32|      ap_vld|         stats_55|       pointer|
|stats_55_ap_vld          |  out|    1|      ap_vld|         stats_55|       pointer|
|stats_56                 |  out|   32|      ap_vld|         stats_56|       pointer|
|stats_56_ap_vld          |  out|    1|      ap_vld|         stats_56|       pointer|
|stats_57                 |  out|   32|      ap_vld|         stats_57|       pointer|
|stats_57_ap_vld          |  out|    1|      ap_vld|         stats_57|       pointer|
|stats_58                 |  out|   32|      ap_vld|         stats_58|       pointer|
|stats_58_ap_vld          |  out|    1|      ap_vld|         stats_58|       pointer|
|stats_59                 |  out|   32|      ap_vld|         stats_59|       pointer|
|stats_59_ap_vld          |  out|    1|      ap_vld|         stats_59|       pointer|
|stats_60                 |  out|   32|      ap_vld|         stats_60|       pointer|
|stats_60_ap_vld          |  out|    1|      ap_vld|         stats_60|       pointer|
|stats_61                 |  out|   32|      ap_vld|         stats_61|       pointer|
|stats_61_ap_vld          |  out|    1|      ap_vld|         stats_61|       pointer|
|stats_62                 |  out|   32|      ap_vld|         stats_62|       pointer|
|stats_62_ap_vld          |  out|    1|      ap_vld|         stats_62|       pointer|
|stats_63                 |  out|   32|      ap_vld|         stats_63|       pointer|
|stats_63_ap_vld          |  out|    1|      ap_vld|         stats_63|       pointer|
|base_idx                 |   in|   31|     ap_none|         base_idx|        scalar|
|num_elements             |   in|   32|     ap_none|     num_elements|        scalar|
+-------------------------+-----+-----+------------+-----------------+--------------+

