

================================================================
== Vitis HLS Report for 'load_tile_fp16_bc_Pipeline_LOAD_KV_ROWS_LOAD_KV_BEATS'
================================================================
* Date:           Sun Mar 22 18:06:36 2026

* Version:        2025.1 (Build 6135595 on May 21 2025)
* Project:        FlashAtt1
* Solution:       hls (Vivado IP Flow Target)
* Product family: versalhbm
* Target device:  xcvh1582-lsva4737-2LHP-e-S


================================================================
== Performance Estimates
================================================================
+ Timing: 
    * Summary: 
    +--------+----------+----------+------------+
    |  Clock |  Target  | Estimated| Uncertainty|
    +--------+----------+----------+------------+
    |ap_clk  |  10.00 ns|  2.457 ns|     2.70 ns|
    +--------+----------+----------+------------+

+ Latency: 
    * Summary: 
    +---------+---------+----------+----------+-----+-----+------------------------------------------------+
    |  Latency (cycles) |  Latency (absolute) |  Interval |                    Pipeline                    |
    |   min   |   max   |    min   |    max   | min | max |                      Type                      |
    +---------+---------+----------+----------+-----+-----+------------------------------------------------+
    |        ?|        ?|         ?|         ?|    0|    0|  loop auto-rewind stp (delay=0 clock cycles(s))|
    +---------+---------+----------+----------+-----+-----+------------------------------------------------+

    + Detail: 
        * Instance: 
        N/A

        * Loop: 
        +------------------------------+---------+---------+----------+-----------+-----------+------+----------+
        |                              |  Latency (cycles) | Iteration|  Initiation Interval  | Trip |          |
        |           Loop Name          |   min   |   max   |  Latency |  achieved |   target  | Count| Pipelined|
        +------------------------------+---------+---------+----------+-----------+-----------+------+----------+
        |- LOAD_KV_ROWS_LOAD_KV_BEATS  |        ?|        ?|         3|          2|          1|     ?|       yes|
        +------------------------------+---------+---------+----------+-----------+-----------+------+----------+



================================================================
== Utilization Estimates
================================================================
* Summary: 
+---------------------+---------+------+---------+---------+------+
|         Name        | BRAM_18K|  DSP |    FF   |   LUT   | URAM |
+---------------------+---------+------+---------+---------+------+
|DSP                  |        -|     -|        -|        -|     -|
|Expression           |        -|     -|        0|      124|     -|
|FIFO                 |        -|     -|        -|        -|     -|
|Instance             |        -|     -|        -|        -|     -|
|Memory               |        -|     -|        -|        -|     -|
|Multiplexer          |        -|     -|        0|      620|     -|
|Register             |        -|     -|      338|        -|     -|
+---------------------+---------+------+---------+---------+------+
|Total                |        0|     0|      338|      744|     0|
+---------------------+---------+------+---------+---------+------+
|Available SLR        |     2541|  3696|  1753984|   876992|   650|
+---------------------+---------+------+---------+---------+------+
|Utilization SLR (%)  |        0|     0|       ~0|       ~0|     0|
+---------------------+---------+------+---------+---------+------+
|Available            |     5082|  7392|  3507968|  1753984|  1301|
+---------------------+---------+------+---------+---------+------+
|Utilization (%)      |        0|     0|       ~0|       ~0|     0|
+---------------------+---------+------+---------+---------+------+

+ Detail: 
    * Instance: 
    N/A

    * DSP: 
    N/A

    * Memory: 
    N/A

    * FIFO: 
    N/A

    * Expression: 
    +---------------------------------------+----------+----+---+----+------------+------------+
    |             Variable Name             | Operation| DSP| FF| LUT| Bitwidth P0| Bitwidth P1|
    +---------------------------------------+----------+----+---+----+------------+------------+
    |add_ln158_1_fu_641_p2                  |         +|   0|  0|  31|          31|           1|
    |add_ln158_fu_613_p2                    |         +|   0|  0|  33|          33|           1|
    |add_ln162_fu_1169_p2                   |         +|   0|  0|   6|           3|           1|
    |ap_block_pp0_stage0_11001_grp1         |       and|   0|  0|   2|           1|           1|
    |ap_block_state3_pp0_stage0_iter1_grp1  |       and|   0|  0|   2|           1|           1|
    |ap_condition_871                       |       and|   0|  0|   2|           1|           1|
    |icmp_ln158_fu_619_p2                   |      icmp|   0|  0|  13|          33|          33|
    |icmp_ln162_fu_647_p2                   |      icmp|   0|  0|   2|           3|           4|
    |select_ln158_1_fu_661_p3               |    select|   0|  0|  28|           1|          31|
    |select_ln158_fu_653_p3                 |    select|   0|  0|   3|           1|           1|
    |ap_enable_pp0                          |       xor|   0|  0|   2|           1|           2|
    +---------------------------------------+----------+----+---+----+------------+------------+
    |Total                                  |          |   0|  0| 124|         109|          77|
    +---------------------------------------+----------+----+---+----+------------+------------+

    * Multiplexer: 
    +-------------------------+----+-----------+-----+-----------+
    |           Name          | LUT| Input Size| Bits| Total Bits|
    +-------------------------+----+-----------+-----+-----------+
    |ap_NS_fsm                |   1|          3|    1|          3|
    |ap_done_int              |   1|          2|    1|          2|
    |ap_enable_reg_pp0_iter0  |   1|          2|    1|          2|
    |ap_enable_reg_pp0_iter1  |   1|          2|    1|          2|
    |b_fu_162                 |   8|          2|    3|          6|
    |gmem_K_blk_n_R           |   1|          2|    1|          2|
    |indvar_flatten_fu_170    |  63|          2|   33|         66|
    |r_fu_166                 |  32|          2|   31|         62|
    |tile_0_address1_local    |  16|          3|    9|         27|
    |tile_0_d1_local          |  16|          3|   16|         48|
    |tile_10_address1_local   |  16|          3|    9|         27|
    |tile_10_d1_local         |  16|          3|   16|         48|
    |tile_11_address1_local   |  16|          3|    9|         27|
    |tile_11_d1_local         |  16|          3|   16|         48|
    |tile_12_address1_local   |  16|          3|    9|         27|
    |tile_12_d1_local         |  16|          3|   16|         48|
    |tile_13_address1_local   |  16|          3|    9|         27|
    |tile_13_d1_local         |  16|          3|   16|         48|
    |tile_14_address1_local   |  16|          3|    9|         27|
    |tile_14_d1_local         |  16|          3|   16|         48|
    |tile_15_address1_local   |  16|          3|    9|         27|
    |tile_15_d1_local         |  16|          3|   16|         48|
    |tile_1_address1_local    |  16|          3|    9|         27|
    |tile_1_d1_local          |  16|          3|   16|         48|
    |tile_2_address1_local    |  16|          3|    9|         27|
    |tile_2_d1_local          |  16|          3|   16|         48|
    |tile_3_address1_local    |  16|          3|    9|         27|
    |tile_3_d1_local          |  16|          3|   16|         48|
    |tile_4_address1_local    |  16|          3|    9|         27|
    |tile_4_d1_local          |  16|          3|   16|         48|
    |tile_5_address1_local    |  16|          3|    9|         27|
    |tile_5_d1_local          |  16|          3|   16|         48|
    |tile_6_address1_local    |  16|          3|    9|         27|
    |tile_6_d1_local          |  16|          3|   16|         48|
    |tile_7_address1_local    |  16|          3|    9|         27|
    |tile_7_d1_local          |  16|          3|   16|         48|
    |tile_8_address1_local    |  16|          3|    9|         27|
    |tile_8_d1_local          |  16|          3|   16|         48|
    |tile_9_address1_local    |  16|          3|    9|         27|
    |tile_9_d1_local          |  16|          3|   16|         48|
    +-------------------------+----+-----------+-----+-----------+
    |Total                    | 620|        113|  472|       1345|
    +-------------------------+----+-----------+-----+-----------+

    * Register: 
    +-------------------------------------------+----+----+-----+-----------+
    |                    Name                   | FF | LUT| Bits| Const Bits|
    +-------------------------------------------+----+----+-----+-----------+
    |ap_CS_fsm                                  |   2|   0|    2|          0|
    |ap_block_pp0_stage0_subdone_grp0_done_reg  |   1|   0|    1|          0|
    |ap_done_reg                                |   1|   0|    1|          0|
    |ap_enable_reg_pp0_iter0_reg                |   1|   0|    1|          0|
    |ap_enable_reg_pp0_iter1                    |   1|   0|    1|          0|
    |b_fu_162                                   |   3|   0|    3|          0|
    |icmp_ln158_reg_1436                        |   1|   0|    1|          0|
    |indvar_flatten_fu_170                      |  33|   0|   33|          0|
    |r_fu_166                                   |  31|   0|   31|          0|
    |tmp_29_reg_1445                            |  16|   0|   16|          0|
    |tmp_30_reg_1450                            |  16|   0|   16|          0|
    |tmp_31_reg_1455                            |  16|   0|   16|          0|
    |tmp_32_reg_1460                            |  16|   0|   16|          0|
    |tmp_33_reg_1465                            |  16|   0|   16|          0|
    |tmp_34_reg_1470                            |  16|   0|   16|          0|
    |tmp_35_reg_1475                            |  16|   0|   16|          0|
    |tmp_36_reg_1480                            |  16|   0|   16|          0|
    |tmp_37_reg_1485                            |  16|   0|   16|          0|
    |tmp_38_reg_1490                            |  16|   0|   16|          0|
    |tmp_39_reg_1495                            |  16|   0|   16|          0|
    |tmp_40_reg_1500                            |  16|   0|   16|          0|
    |tmp_41_reg_1505                            |  16|   0|   16|          0|
    |tmp_42_reg_1510                            |  16|   0|   16|          0|
    |tmp_43_reg_1515                            |  16|   0|   16|          0|
    |tmp_44_reg_1520                            |  16|   0|   16|          0|
    |trunc_ln163_reg_1440                       |   6|   0|    6|          0|
    |trunc_ln173_reg_1525                       |   2|   0|    2|          0|
    +-------------------------------------------+----+----+-----+-----------+
    |Total                                      | 338|   0|  338|          0|
    +-------------------------------------------+----+----+-----+-----------+



================================================================
== Interface
================================================================
* Summary: 
+-------------------------+-----+-----+------------+-------------------------------------------------------+--------------+
|        RTL Ports        | Dir | Bits|  Protocol  |                     Source Object                     |    C Type    |
+-------------------------+-----+-----+------------+-------------------------------------------------------+--------------+
|ap_clk                   |   in|    1|  ap_ctrl_hs|  load_tile_fp16_bc_Pipeline_LOAD_KV_ROWS_LOAD_KV_BEATS|  return value|
|ap_rst                   |   in|    1|  ap_ctrl_hs|  load_tile_fp16_bc_Pipeline_LOAD_KV_ROWS_LOAD_KV_BEATS|  return value|
|ap_start                 |   in|    1|  ap_ctrl_hs|  load_tile_fp16_bc_Pipeline_LOAD_KV_ROWS_LOAD_KV_BEATS|  return value|
|ap_done                  |  out|    1|  ap_ctrl_hs|  load_tile_fp16_bc_Pipeline_LOAD_KV_ROWS_LOAD_KV_BEATS|  return value|
|ap_idle                  |  out|    1|  ap_ctrl_hs|  load_tile_fp16_bc_Pipeline_LOAD_KV_ROWS_LOAD_KV_BEATS|  return value|
|ap_ready                 |  out|    1|  ap_ctrl_hs|  load_tile_fp16_bc_Pipeline_LOAD_KV_ROWS_LOAD_KV_BEATS|  return value|
|tmp_47                   |   in|   33|     ap_none|                                                 tmp_47|        scalar|
|m_axi_gmem_K_0_AWVALID   |  out|    1|       m_axi|                                                 gmem_K|       pointer|
|m_axi_gmem_K_0_AWREADY   |   in|    1|       m_axi|                                                 gmem_K|       pointer|
|m_axi_gmem_K_0_AWADDR    |  out|   64|       m_axi|                                                 gmem_K|       pointer|
|m_axi_gmem_K_0_AWID      |  out|    1|       m_axi|                                                 gmem_K|       pointer|
|m_axi_gmem_K_0_AWLEN     |  out|   32|       m_axi|                                                 gmem_K|       pointer|
|m_axi_gmem_K_0_AWSIZE    |  out|    3|       m_axi|                                                 gmem_K|       pointer|
|m_axi_gmem_K_0_AWBURST   |  out|    2|       m_axi|                                                 gmem_K|       pointer|
|m_axi_gmem_K_0_AWLOCK    |  out|    2|       m_axi|                                                 gmem_K|       pointer|
|m_axi_gmem_K_0_AWCACHE   |  out|    4|       m_axi|                                                 gmem_K|       pointer|
|m_axi_gmem_K_0_AWPROT    |  out|    3|       m_axi|                                                 gmem_K|       pointer|
|m_axi_gmem_K_0_AWQOS     |  out|    4|       m_axi|                                                 gmem_K|       pointer|
|m_axi_gmem_K_0_AWREGION  |  out|    4|       m_axi|                                                 gmem_K|       pointer|
|m_axi_gmem_K_0_AWUSER    |  out|    1|       m_axi|                                                 gmem_K|       pointer|
|m_axi_gmem_K_0_WVALID    |  out|    1|       m_axi|                                                 gmem_K|       pointer|
|m_axi_gmem_K_0_WREADY    |   in|    1|       m_axi|                                                 gmem_K|       pointer|
|m_axi_gmem_K_0_WDATA     |  out|  512|       m_axi|                                                 gmem_K|       pointer|
|m_axi_gmem_K_0_WSTRB     |  out|   64|       m_axi|                                                 gmem_K|       pointer|
|m_axi_gmem_K_0_WLAST     |  out|    1|       m_axi|                                                 gmem_K|       pointer|
|m_axi_gmem_K_0_WID       |  out|    1|       m_axi|                                                 gmem_K|       pointer|
|m_axi_gmem_K_0_WUSER     |  out|    1|       m_axi|                                                 gmem_K|       pointer|
|m_axi_gmem_K_0_ARVALID   |  out|    1|       m_axi|                                                 gmem_K|       pointer|
|m_axi_gmem_K_0_ARREADY   |   in|    1|       m_axi|                                                 gmem_K|       pointer|
|m_axi_gmem_K_0_ARADDR    |  out|   64|       m_axi|                                                 gmem_K|       pointer|
|m_axi_gmem_K_0_ARID      |  out|    1|       m_axi|                                                 gmem_K|       pointer|
|m_axi_gmem_K_0_ARLEN     |  out|   32|       m_axi|                                                 gmem_K|       pointer|
|m_axi_gmem_K_0_ARSIZE    |  out|    3|       m_axi|                                                 gmem_K|       pointer|
|m_axi_gmem_K_0_ARBURST   |  out|    2|       m_axi|                                                 gmem_K|       pointer|
|m_axi_gmem_K_0_ARLOCK    |  out|    2|       m_axi|                                                 gmem_K|       pointer|
|m_axi_gmem_K_0_ARCACHE   |  out|    4|       m_axi|                                                 gmem_K|       pointer|
|m_axi_gmem_K_0_ARPROT    |  out|    3|       m_axi|                                                 gmem_K|       pointer|
|m_axi_gmem_K_0_ARQOS     |  out|    4|       m_axi|                                                 gmem_K|       pointer|
|m_axi_gmem_K_0_ARREGION  |  out|    4|       m_axi|                                                 gmem_K|       pointer|
|m_axi_gmem_K_0_ARUSER    |  out|    1|       m_axi|                                                 gmem_K|       pointer|
|m_axi_gmem_K_0_RVALID    |   in|    1|       m_axi|                                                 gmem_K|       pointer|
|m_axi_gmem_K_0_RREADY    |  out|    1|       m_axi|                                                 gmem_K|       pointer|
|m_axi_gmem_K_0_RDATA     |   in|  512|       m_axi|                                                 gmem_K|       pointer|
|m_axi_gmem_K_0_RLAST     |   in|    1|       m_axi|                                                 gmem_K|       pointer|
|m_axi_gmem_K_0_RID       |   in|    1|       m_axi|                                                 gmem_K|       pointer|
|m_axi_gmem_K_0_RFIFONUM  |   in|   11|       m_axi|                                                 gmem_K|       pointer|
|m_axi_gmem_K_0_RUSER     |   in|    1|       m_axi|                                                 gmem_K|       pointer|
|m_axi_gmem_K_0_RRESP     |   in|    2|       m_axi|                                                 gmem_K|       pointer|
|m_axi_gmem_K_0_BVALID    |   in|    1|       m_axi|                                                 gmem_K|       pointer|
|m_axi_gmem_K_0_BREADY    |  out|    1|       m_axi|                                                 gmem_K|       pointer|
|m_axi_gmem_K_0_BRESP     |   in|    2|       m_axi|                                                 gmem_K|       pointer|
|m_axi_gmem_K_0_BID       |   in|    1|       m_axi|                                                 gmem_K|       pointer|
|m_axi_gmem_K_0_BUSER     |   in|    1|       m_axi|                                                 gmem_K|       pointer|
|sext_ln158_2             |   in|   58|     ap_none|                                           sext_ln158_2|        scalar|
|tile_15_address1         |  out|    9|   ap_memory|                                                tile_15|         array|
|tile_15_ce1              |  out|    1|   ap_memory|                                                tile_15|         array|
|tile_15_we1              |  out|    1|   ap_memory|                                                tile_15|         array|
|tile_15_d1               |  out|   16|   ap_memory|                                                tile_15|         array|
|tile_14_address1         |  out|    9|   ap_memory|                                                tile_14|         array|
|tile_14_ce1              |  out|    1|   ap_memory|                                                tile_14|         array|
|tile_14_we1              |  out|    1|   ap_memory|                                                tile_14|         array|
|tile_14_d1               |  out|   16|   ap_memory|                                                tile_14|         array|
|tile_13_address1         |  out|    9|   ap_memory|                                                tile_13|         array|
|tile_13_ce1              |  out|    1|   ap_memory|                                                tile_13|         array|
|tile_13_we1              |  out|    1|   ap_memory|                                                tile_13|         array|
|tile_13_d1               |  out|   16|   ap_memory|                                                tile_13|         array|
|tile_12_address1         |  out|    9|   ap_memory|                                                tile_12|         array|
|tile_12_ce1              |  out|    1|   ap_memory|                                                tile_12|         array|
|tile_12_we1              |  out|    1|   ap_memory|                                                tile_12|         array|
|tile_12_d1               |  out|   16|   ap_memory|                                                tile_12|         array|
|tile_11_address1         |  out|    9|   ap_memory|                                                tile_11|         array|
|tile_11_ce1              |  out|    1|   ap_memory|                                                tile_11|         array|
|tile_11_we1              |  out|    1|   ap_memory|                                                tile_11|         array|
|tile_11_d1               |  out|   16|   ap_memory|                                                tile_11|         array|
|tile_10_address1         |  out|    9|   ap_memory|                                                tile_10|         array|
|tile_10_ce1              |  out|    1|   ap_memory|                                                tile_10|         array|
|tile_10_we1              |  out|    1|   ap_memory|                                                tile_10|         array|
|tile_10_d1               |  out|   16|   ap_memory|                                                tile_10|         array|
|tile_9_address1          |  out|    9|   ap_memory|                                                 tile_9|         array|
|tile_9_ce1               |  out|    1|   ap_memory|                                                 tile_9|         array|
|tile_9_we1               |  out|    1|   ap_memory|                                                 tile_9|         array|
|tile_9_d1                |  out|   16|   ap_memory|                                                 tile_9|         array|
|tile_8_address1          |  out|    9|   ap_memory|                                                 tile_8|         array|
|tile_8_ce1               |  out|    1|   ap_memory|                                                 tile_8|         array|
|tile_8_we1               |  out|    1|   ap_memory|                                                 tile_8|         array|
|tile_8_d1                |  out|   16|   ap_memory|                                                 tile_8|         array|
|tile_7_address1          |  out|    9|   ap_memory|                                                 tile_7|         array|
|tile_7_ce1               |  out|    1|   ap_memory|                                                 tile_7|         array|
|tile_7_we1               |  out|    1|   ap_memory|                                                 tile_7|         array|
|tile_7_d1                |  out|   16|   ap_memory|                                                 tile_7|         array|
|tile_6_address1          |  out|    9|   ap_memory|                                                 tile_6|         array|
|tile_6_ce1               |  out|    1|   ap_memory|                                                 tile_6|         array|
|tile_6_we1               |  out|    1|   ap_memory|                                                 tile_6|         array|
|tile_6_d1                |  out|   16|   ap_memory|                                                 tile_6|         array|
|tile_5_address1          |  out|    9|   ap_memory|                                                 tile_5|         array|
|tile_5_ce1               |  out|    1|   ap_memory|                                                 tile_5|         array|
|tile_5_we1               |  out|    1|   ap_memory|                                                 tile_5|         array|
|tile_5_d1                |  out|   16|   ap_memory|                                                 tile_5|         array|
|tile_4_address1          |  out|    9|   ap_memory|                                                 tile_4|         array|
|tile_4_ce1               |  out|    1|   ap_memory|                                                 tile_4|         array|
|tile_4_we1               |  out|    1|   ap_memory|                                                 tile_4|         array|
|tile_4_d1                |  out|   16|   ap_memory|                                                 tile_4|         array|
|tile_3_address1          |  out|    9|   ap_memory|                                                 tile_3|         array|
|tile_3_ce1               |  out|    1|   ap_memory|                                                 tile_3|         array|
|tile_3_we1               |  out|    1|   ap_memory|                                                 tile_3|         array|
|tile_3_d1                |  out|   16|   ap_memory|                                                 tile_3|         array|
|tile_2_address1          |  out|    9|   ap_memory|                                                 tile_2|         array|
|tile_2_ce1               |  out|    1|   ap_memory|                                                 tile_2|         array|
|tile_2_we1               |  out|    1|   ap_memory|                                                 tile_2|         array|
|tile_2_d1                |  out|   16|   ap_memory|                                                 tile_2|         array|
|tile_1_address1          |  out|    9|   ap_memory|                                                 tile_1|         array|
|tile_1_ce1               |  out|    1|   ap_memory|                                                 tile_1|         array|
|tile_1_we1               |  out|    1|   ap_memory|                                                 tile_1|         array|
|tile_1_d1                |  out|   16|   ap_memory|                                                 tile_1|         array|
|tile_0_address1          |  out|    9|   ap_memory|                                                 tile_0|         array|
|tile_0_ce1               |  out|    1|   ap_memory|                                                 tile_0|         array|
|tile_0_we1               |  out|    1|   ap_memory|                                                 tile_0|         array|
|tile_0_d1                |  out|   16|   ap_memory|                                                 tile_0|         array|
+-------------------------+-----+-----+------------+-------------------------------------------------------+--------------+

