

================================================================
== Vitis HLS Report for 'load_tile_fp16_Pipeline_LOAD_TILE_ROWS'
================================================================
* Date:           Sun Mar 22 18:06:40 2026

* Version:        2025.1 (Build 6135595 on May 21 2025)
* Project:        FlashAtt1
* Solution:       hls (Vivado IP Flow Target)
* Product family: versalhbm
* Target device:  xcvh1582-lsva4737-2LHP-e-S


================================================================
== Performance Estimates
================================================================
+ Timing: 
    * Summary: 
    +--------+----------+----------+------------+
    |  Clock |  Target  | Estimated| Uncertainty|
    +--------+----------+----------+------------+
    |ap_clk  |  10.00 ns|  2.792 ns|     2.70 ns|
    +--------+----------+----------+------------+

+ Latency: 
    * Summary: 
    +---------+---------+----------+----------+-----+-----+------------------------------------------------+
    |  Latency (cycles) |  Latency (absolute) |  Interval |                    Pipeline                    |
    |   min   |   max   |    min   |    max   | min | max |                      Type                      |
    +---------+---------+----------+----------+-----+-----+------------------------------------------------+
    |        ?|        ?|         ?|         ?|    0|    0|  loop auto-rewind stp (delay=0 clock cycles(s))|
    +---------+---------+----------+----------+-----+-----+------------------------------------------------+

    + Detail: 
        * Instance: 
        N/A

        * Loop: 
        +------------------+---------+---------+----------+-----------+-----------+------+----------+
        |                  |  Latency (cycles) | Iteration|  Initiation Interval  | Trip |          |
        |     Loop Name    |   min   |   max   |  Latency |  achieved |   target  | Count| Pipelined|
        +------------------+---------+---------+----------+-----------+-----------+------+----------+
        |- LOAD_TILE_ROWS  |        ?|        ?|         9|          8|          1|     ?|       yes|
        +------------------+---------+---------+----------+-----------+-----------+------+----------+



================================================================
== Utilization Estimates
================================================================
* Summary: 
+---------------------+---------+------+---------+---------+------+
|         Name        | BRAM_18K|  DSP |    FF   |   LUT   | URAM |
+---------------------+---------+------+---------+---------+------+
|DSP                  |        -|     -|        -|        -|     -|
|Expression           |        -|     -|        0|       38|     -|
|FIFO                 |        -|     -|        -|        -|     -|
|Instance             |        -|     -|        -|        -|     -|
|Memory               |        -|     -|        -|        -|     -|
|Multiplexer          |        -|     -|        0|     2602|     -|
|Register             |        -|     -|     1071|        -|     -|
+---------------------+---------+------+---------+---------+------+
|Total                |        0|     0|     1071|     2640|     0|
+---------------------+---------+------+---------+---------+------+
|Available SLR        |     2541|  3696|  1753984|   876992|   650|
+---------------------+---------+------+---------+---------+------+
|Utilization SLR (%)  |        0|     0|       ~0|       ~0|     0|
+---------------------+---------+------+---------+---------+------+
|Available            |     5082|  7392|  3507968|  1753984|  1301|
+---------------------+---------+------+---------+---------+------+
|Utilization (%)      |        0|     0|       ~0|       ~0|     0|
+---------------------+---------+------+---------+---------+------+

+ Detail: 
    * Instance: 
    N/A

    * DSP: 
    N/A

    * Memory: 
    N/A

    * FIFO: 
    N/A

    * Expression: 
    +---------------------------------------+----------+----+---+----+------------+------------+
    |             Variable Name             | Operation| DSP| FF| LUT| Bitwidth P0| Bitwidth P1|
    +---------------------------------------+----------+----+---+----+------------+------------+
    |add_ln112_fu_1739_p2                   |         +|   0|  0|  10|          10|           1|
    |ap_block_pp0_stage1_11001_grp1         |       and|   0|  0|   2|           1|           1|
    |ap_block_pp0_stage2_11001_grp2         |       and|   0|  0|   2|           1|           1|
    |ap_block_pp0_stage3_11001_grp3         |       and|   0|  0|   2|           1|           1|
    |ap_block_pp0_stage4_11001_grp4         |       and|   0|  0|   2|           1|           1|
    |ap_block_state2_pp0_stage1_iter0_grp1  |       and|   0|  0|   2|           1|           1|
    |icmp_ln112_fu_1749_p2                  |      icmp|   0|  0|  16|          32|          32|
    |ap_enable_pp0                          |       xor|   0|  0|   2|           1|           2|
    +---------------------------------------+----------+----+---+----+------------+------------+
    |Total                                  |          |   0|  0|  38|          48|          40|
    +---------------------------------------+----------+----+---+----+------------+------------+

    * Multiplexer: 
    +-----------------------------+----+-----------+-----+-----------+
    |             Name            | LUT| Input Size| Bits| Total Bits|
    +-----------------------------+----+-----------+-----+-----------+
    |ap_NS_fsm                    |   5|          9|    1|          9|
    |ap_done_int                  |   1|          2|    1|          2|
    |ap_enable_reg_pp0_iter0      |   1|          2|    1|          2|
    |ap_enable_reg_pp0_iter0_reg  |   1|          2|    1|          2|
    |ap_enable_reg_pp0_iter1      |   1|          2|    1|          2|
    |ap_sig_allocacmp_r_1         |  16|          2|   10|         20|
    |gmem_Q_blk_n_R               |   1|          2|    1|          2|
    |r_fu_164                     |  16|          2|   10|         20|
    |tile_0_address1_local        |  80|          9|    9|         81|
    |tile_0_d1_local              |  80|          9|   16|        144|
    |tile_10_address1_local       |  80|          9|    9|         81|
    |tile_10_d1_local             |  80|          9|   16|        144|
    |tile_11_address1_local       |  80|          9|    9|         81|
    |tile_11_d1_local             |  80|          9|   16|        144|
    |tile_12_address1_local       |  80|          9|    9|         81|
    |tile_12_d1_local             |  80|          9|   16|        144|
    |tile_13_address1_local       |  80|          9|    9|         81|
    |tile_13_d1_local             |  80|          9|   16|        144|
    |tile_14_address1_local       |  80|          9|    9|         81|
    |tile_14_d1_local             |  80|          9|   16|        144|
    |tile_15_address1_local       |  80|          9|    9|         81|
    |tile_15_d1_local             |  80|          9|   16|        144|
    |tile_1_address1_local        |  80|          9|    9|         81|
    |tile_1_d1_local              |  80|          9|   16|        144|
    |tile_2_address1_local        |  80|          9|    9|         81|
    |tile_2_d1_local              |  80|          9|   16|        144|
    |tile_3_address1_local        |  80|          9|    9|         81|
    |tile_3_d1_local              |  80|          9|   16|        144|
    |tile_4_address1_local        |  80|          9|    9|         81|
    |tile_4_d1_local              |  80|          9|   16|        144|
    |tile_5_address1_local        |  80|          9|    9|         81|
    |tile_5_d1_local              |  80|          9|   16|        144|
    |tile_6_address1_local        |  80|          9|    9|         81|
    |tile_6_d1_local              |  80|          9|   16|        144|
    |tile_7_address1_local        |  80|          9|    9|         81|
    |tile_7_d1_local              |  80|          9|   16|        144|
    |tile_8_address1_local        |  80|          9|    9|         81|
    |tile_8_d1_local              |  80|          9|   16|        144|
    |tile_9_address1_local        |  80|          9|    9|         81|
    |tile_9_d1_local              |  80|          9|   16|        144|
    +-----------------------------+----+-----------+-----+-----------+
    |Total                        |2602|        311|  426|       3659|
    +-----------------------------+----+-----------+-----+-----------+

    * Register: 
    +-------------------------------------------+----+----+-----+-----------+
    |                    Name                   | FF | LUT| Bits| Const Bits|
    +-------------------------------------------+----+----+-----+-----------+
    |ap_CS_fsm                                  |   8|   0|    8|          0|
    |ap_block_pp0_stage2_subdone_grp0_done_reg  |   1|   0|    1|          0|
    |ap_block_pp0_stage3_subdone_grp0_done_reg  |   1|   0|    1|          0|
    |ap_block_pp0_stage4_subdone_grp0_done_reg  |   1|   0|    1|          0|
    |ap_done_reg                                |   1|   0|    1|          0|
    |ap_enable_reg_pp0_iter0_reg                |   1|   0|    1|          0|
    |ap_enable_reg_pp0_iter1                    |   1|   0|    1|          0|
    |icmp_ln112_reg_3644                        |   1|   0|    1|          0|
    |r_fu_164                                   |  10|   0|   10|          0|
    |reg_1603                                   |  16|   0|   16|          0|
    |reg_1607                                   |  16|   0|   16|          0|
    |reg_1611                                   |  16|   0|   16|          0|
    |reg_1615                                   |  16|   0|   16|          0|
    |reg_1619                                   |  16|   0|   16|          0|
    |reg_1623                                   |  16|   0|   16|          0|
    |reg_1627                                   |  16|   0|   16|          0|
    |reg_1631                                   |  16|   0|   16|          0|
    |reg_1635                                   |  16|   0|   16|          0|
    |reg_1639                                   |  16|   0|   16|          0|
    |reg_1643                                   |  16|   0|   16|          0|
    |reg_1647                                   |  16|   0|   16|          0|
    |reg_1651                                   |  16|   0|   16|          0|
    |reg_1655                                   |  16|   0|   16|          0|
    |reg_1659                                   |  16|   0|   16|          0|
    |reg_1663                                   |  16|   0|   16|          0|
    |reg_1667                                   |  16|   0|   16|          0|
    |reg_1671                                   |  16|   0|   16|          0|
    |reg_1675                                   |  16|   0|   16|          0|
    |reg_1679                                   |  16|   0|   16|          0|
    |reg_1683                                   |  16|   0|   16|          0|
    |reg_1687                                   |  16|   0|   16|          0|
    |reg_1691                                   |  16|   0|   16|          0|
    |reg_1695                                   |  16|   0|   16|          0|
    |reg_1699                                   |  16|   0|   16|          0|
    |reg_1703                                   |  16|   0|   16|          0|
    |reg_1707                                   |  16|   0|   16|          0|
    |reg_1711                                   |  16|   0|   16|          0|
    |reg_1715                                   |  16|   0|   16|          0|
    |reg_1719                                   |  16|   0|   16|          0|
    |reg_1723                                   |  16|   0|   16|          0|
    |tmp_123_reg_3675                           |  16|   0|   16|          0|
    |tmp_124_reg_3680                           |  16|   0|   16|          0|
    |tmp_125_reg_3685                           |  16|   0|   16|          0|
    |tmp_126_reg_3690                           |  16|   0|   16|          0|
    |tmp_127_reg_3695                           |  16|   0|   16|          0|
    |tmp_128_reg_3700                           |  16|   0|   16|          0|
    |tmp_129_reg_3705                           |  16|   0|   16|          0|
    |tmp_130_reg_3710                           |  16|   0|   16|          0|
    |tmp_131_reg_3715                           |  16|   0|   16|          0|
    |tmp_132_reg_3720                           |  16|   0|   16|          0|
    |tmp_133_reg_3725                           |  16|   0|   16|          0|
    |tmp_134_reg_3730                           |  16|   0|   16|          0|
    |tmp_135_reg_3735                           |  16|   0|   16|          0|
    |tmp_136_reg_3740                           |  16|   0|   16|          0|
    |tmp_137_reg_3745                           |  16|   0|   16|          0|
    |tmp_138_reg_3750                           |  16|   0|   16|          0|
    |tmp_140_reg_3760                           |  16|   0|   16|          0|
    |tmp_141_reg_3765                           |  16|   0|   16|          0|
    |tmp_142_reg_3770                           |  16|   0|   16|          0|
    |tmp_143_reg_3775                           |  16|   0|   16|          0|
    |tmp_144_reg_3780                           |  16|   0|   16|          0|
    |tmp_145_reg_3785                           |  16|   0|   16|          0|
    |tmp_146_reg_3790                           |  16|   0|   16|          0|
    |tmp_147_reg_3795                           |  16|   0|   16|          0|
    |tmp_148_reg_3800                           |  16|   0|   16|          0|
    |tmp_149_reg_3805                           |  16|   0|   16|          0|
    |tmp_150_reg_3810                           |  16|   0|   16|          0|
    |tmp_151_reg_3815                           |  16|   0|   16|          0|
    |tmp_152_reg_3820                           |  16|   0|   16|          0|
    |tmp_153_reg_3825                           |  16|   0|   16|          0|
    |tmp_154_reg_3830                           |  16|   0|   16|          0|
    |trunc_ln112_reg_3648                       |   6|   0|    6|          0|
    |trunc_ln67_1_reg_3665                      |  16|   0|   16|          0|
    |trunc_ln67_2_reg_3670                      |  16|   0|   16|          0|
    |trunc_ln67_3_reg_3755                      |  16|   0|   16|          0|
    +-------------------------------------------+----+----+-----+-----------+
    |Total                                      |1071|   0| 1071|          0|
    +-------------------------------------------+----+----+-----+-----------+



================================================================
== Interface
================================================================
* Summary: 
+-------------------------+-----+-----+------------+----------------------------------------+--------------+
|        RTL Ports        | Dir | Bits|  Protocol  |              Source Object             |    C Type    |
+-------------------------+-----+-----+------------+----------------------------------------+--------------+
|ap_clk                   |   in|    1|  ap_ctrl_hs|  load_tile_fp16_Pipeline_LOAD_TILE_ROWS|  return value|
|ap_rst                   |   in|    1|  ap_ctrl_hs|  load_tile_fp16_Pipeline_LOAD_TILE_ROWS|  return value|
|ap_start                 |   in|    1|  ap_ctrl_hs|  load_tile_fp16_Pipeline_LOAD_TILE_ROWS|  return value|
|ap_done                  |  out|    1|  ap_ctrl_hs|  load_tile_fp16_Pipeline_LOAD_TILE_ROWS|  return value|
|ap_idle                  |  out|    1|  ap_ctrl_hs|  load_tile_fp16_Pipeline_LOAD_TILE_ROWS|  return value|
|ap_ready                 |  out|    1|  ap_ctrl_hs|  load_tile_fp16_Pipeline_LOAD_TILE_ROWS|  return value|
|num_rows                 |   in|   32|     ap_none|                                num_rows|        scalar|
|m_axi_gmem_Q_0_AWVALID   |  out|    1|       m_axi|                                  gmem_Q|       pointer|
|m_axi_gmem_Q_0_AWREADY   |   in|    1|       m_axi|                                  gmem_Q|       pointer|
|m_axi_gmem_Q_0_AWADDR    |  out|   64|       m_axi|                                  gmem_Q|       pointer|
|m_axi_gmem_Q_0_AWID      |  out|    1|       m_axi|                                  gmem_Q|       pointer|
|m_axi_gmem_Q_0_AWLEN     |  out|   32|       m_axi|                                  gmem_Q|       pointer|
|m_axi_gmem_Q_0_AWSIZE    |  out|    3|       m_axi|                                  gmem_Q|       pointer|
|m_axi_gmem_Q_0_AWBURST   |  out|    2|       m_axi|                                  gmem_Q|       pointer|
|m_axi_gmem_Q_0_AWLOCK    |  out|    2|       m_axi|                                  gmem_Q|       pointer|
|m_axi_gmem_Q_0_AWCACHE   |  out|    4|       m_axi|                                  gmem_Q|       pointer|
|m_axi_gmem_Q_0_AWPROT    |  out|    3|       m_axi|                                  gmem_Q|       pointer|
|m_axi_gmem_Q_0_AWQOS     |  out|    4|       m_axi|                                  gmem_Q|       pointer|
|m_axi_gmem_Q_0_AWREGION  |  out|    4|       m_axi|                                  gmem_Q|       pointer|
|m_axi_gmem_Q_0_AWUSER    |  out|    1|       m_axi|                                  gmem_Q|       pointer|
|m_axi_gmem_Q_0_WVALID    |  out|    1|       m_axi|                                  gmem_Q|       pointer|
|m_axi_gmem_Q_0_WREADY    |   in|    1|       m_axi|                                  gmem_Q|       pointer|
|m_axi_gmem_Q_0_WDATA     |  out|  512|       m_axi|                                  gmem_Q|       pointer|
|m_axi_gmem_Q_0_WSTRB     |  out|   64|       m_axi|                                  gmem_Q|       pointer|
|m_axi_gmem_Q_0_WLAST     |  out|    1|       m_axi|                                  gmem_Q|       pointer|
|m_axi_gmem_Q_0_WID       |  out|    1|       m_axi|                                  gmem_Q|       pointer|
|m_axi_gmem_Q_0_WUSER     |  out|    1|       m_axi|                                  gmem_Q|       pointer|
|m_axi_gmem_Q_0_ARVALID   |  out|    1|       m_axi|                                  gmem_Q|       pointer|
|m_axi_gmem_Q_0_ARREADY   |   in|    1|       m_axi|                                  gmem_Q|       pointer|
|m_axi_gmem_Q_0_ARADDR    |  out|   64|       m_axi|                                  gmem_Q|       pointer|
|m_axi_gmem_Q_0_ARID      |  out|    1|       m_axi|                                  gmem_Q|       pointer|
|m_axi_gmem_Q_0_ARLEN     |  out|   32|       m_axi|                                  gmem_Q|       pointer|
|m_axi_gmem_Q_0_ARSIZE    |  out|    3|       m_axi|                                  gmem_Q|       pointer|
|m_axi_gmem_Q_0_ARBURST   |  out|    2|       m_axi|                                  gmem_Q|       pointer|
|m_axi_gmem_Q_0_ARLOCK    |  out|    2|       m_axi|                                  gmem_Q|       pointer|
|m_axi_gmem_Q_0_ARCACHE   |  out|    4|       m_axi|                                  gmem_Q|       pointer|
|m_axi_gmem_Q_0_ARPROT    |  out|    3|       m_axi|                                  gmem_Q|       pointer|
|m_axi_gmem_Q_0_ARQOS     |  out|    4|       m_axi|                                  gmem_Q|       pointer|
|m_axi_gmem_Q_0_ARREGION  |  out|    4|       m_axi|                                  gmem_Q|       pointer|
|m_axi_gmem_Q_0_ARUSER    |  out|    1|       m_axi|                                  gmem_Q|       pointer|
|m_axi_gmem_Q_0_RVALID    |   in|    1|       m_axi|                                  gmem_Q|       pointer|
|m_axi_gmem_Q_0_RREADY    |  out|    1|       m_axi|                                  gmem_Q|       pointer|
|m_axi_gmem_Q_0_RDATA     |   in|  512|       m_axi|                                  gmem_Q|       pointer|
|m_axi_gmem_Q_0_RLAST     |   in|    1|       m_axi|                                  gmem_Q|       pointer|
|m_axi_gmem_Q_0_RID       |   in|    1|       m_axi|                                  gmem_Q|       pointer|
|m_axi_gmem_Q_0_RFIFONUM  |   in|   11|       m_axi|                                  gmem_Q|       pointer|
|m_axi_gmem_Q_0_RUSER     |   in|    1|       m_axi|                                  gmem_Q|       pointer|
|m_axi_gmem_Q_0_RRESP     |   in|    2|       m_axi|                                  gmem_Q|       pointer|
|m_axi_gmem_Q_0_BVALID    |   in|    1|       m_axi|                                  gmem_Q|       pointer|
|m_axi_gmem_Q_0_BREADY    |  out|    1|       m_axi|                                  gmem_Q|       pointer|
|m_axi_gmem_Q_0_BRESP     |   in|    2|       m_axi|                                  gmem_Q|       pointer|
|m_axi_gmem_Q_0_BID       |   in|    1|       m_axi|                                  gmem_Q|       pointer|
|m_axi_gmem_Q_0_BUSER     |   in|    1|       m_axi|                                  gmem_Q|       pointer|
|sext_ln112_2             |   in|   58|     ap_none|                            sext_ln112_2|        scalar|
|tile_0_address1          |  out|    9|   ap_memory|                                  tile_0|         array|
|tile_0_ce1               |  out|    1|   ap_memory|                                  tile_0|         array|
|tile_0_we1               |  out|    1|   ap_memory|                                  tile_0|         array|
|tile_0_d1                |  out|   16|   ap_memory|                                  tile_0|         array|
|tile_1_address1          |  out|    9|   ap_memory|                                  tile_1|         array|
|tile_1_ce1               |  out|    1|   ap_memory|                                  tile_1|         array|
|tile_1_we1               |  out|    1|   ap_memory|                                  tile_1|         array|
|tile_1_d1                |  out|   16|   ap_memory|                                  tile_1|         array|
|tile_2_address1          |  out|    9|   ap_memory|                                  tile_2|         array|
|tile_2_ce1               |  out|    1|   ap_memory|                                  tile_2|         array|
|tile_2_we1               |  out|    1|   ap_memory|                                  tile_2|         array|
|tile_2_d1                |  out|   16|   ap_memory|                                  tile_2|         array|
|tile_3_address1          |  out|    9|   ap_memory|                                  tile_3|         array|
|tile_3_ce1               |  out|    1|   ap_memory|                                  tile_3|         array|
|tile_3_we1               |  out|    1|   ap_memory|                                  tile_3|         array|
|tile_3_d1                |  out|   16|   ap_memory|                                  tile_3|         array|
|tile_4_address1          |  out|    9|   ap_memory|                                  tile_4|         array|
|tile_4_ce1               |  out|    1|   ap_memory|                                  tile_4|         array|
|tile_4_we1               |  out|    1|   ap_memory|                                  tile_4|         array|
|tile_4_d1                |  out|   16|   ap_memory|                                  tile_4|         array|
|tile_5_address1          |  out|    9|   ap_memory|                                  tile_5|         array|
|tile_5_ce1               |  out|    1|   ap_memory|                                  tile_5|         array|
|tile_5_we1               |  out|    1|   ap_memory|                                  tile_5|         array|
|tile_5_d1                |  out|   16|   ap_memory|                                  tile_5|         array|
|tile_6_address1          |  out|    9|   ap_memory|                                  tile_6|         array|
|tile_6_ce1               |  out|    1|   ap_memory|                                  tile_6|         array|
|tile_6_we1               |  out|    1|   ap_memory|                                  tile_6|         array|
|tile_6_d1                |  out|   16|   ap_memory|                                  tile_6|         array|
|tile_7_address1          |  out|    9|   ap_memory|                                  tile_7|         array|
|tile_7_ce1               |  out|    1|   ap_memory|                                  tile_7|         array|
|tile_7_we1               |  out|    1|   ap_memory|                                  tile_7|         array|
|tile_7_d1                |  out|   16|   ap_memory|                                  tile_7|         array|
|tile_8_address1          |  out|    9|   ap_memory|                                  tile_8|         array|
|tile_8_ce1               |  out|    1|   ap_memory|                                  tile_8|         array|
|tile_8_we1               |  out|    1|   ap_memory|                                  tile_8|         array|
|tile_8_d1                |  out|   16|   ap_memory|                                  tile_8|         array|
|tile_9_address1          |  out|    9|   ap_memory|                                  tile_9|         array|
|tile_9_ce1               |  out|    1|   ap_memory|                                  tile_9|         array|
|tile_9_we1               |  out|    1|   ap_memory|                                  tile_9|         array|
|tile_9_d1                |  out|   16|   ap_memory|                                  tile_9|         array|
|tile_10_address1         |  out|    9|   ap_memory|                                 tile_10|         array|
|tile_10_ce1              |  out|    1|   ap_memory|                                 tile_10|         array|
|tile_10_we1              |  out|    1|   ap_memory|                                 tile_10|         array|
|tile_10_d1               |  out|   16|   ap_memory|                                 tile_10|         array|
|tile_11_address1         |  out|    9|   ap_memory|                                 tile_11|         array|
|tile_11_ce1              |  out|    1|   ap_memory|                                 tile_11|         array|
|tile_11_we1              |  out|    1|   ap_memory|                                 tile_11|         array|
|tile_11_d1               |  out|   16|   ap_memory|                                 tile_11|         array|
|tile_12_address1         |  out|    9|   ap_memory|                                 tile_12|         array|
|tile_12_ce1              |  out|    1|   ap_memory|                                 tile_12|         array|
|tile_12_we1              |  out|    1|   ap_memory|                                 tile_12|         array|
|tile_12_d1               |  out|   16|   ap_memory|                                 tile_12|         array|
|tile_13_address1         |  out|    9|   ap_memory|                                 tile_13|         array|
|tile_13_ce1              |  out|    1|   ap_memory|                                 tile_13|         array|
|tile_13_we1              |  out|    1|   ap_memory|                                 tile_13|         array|
|tile_13_d1               |  out|   16|   ap_memory|                                 tile_13|         array|
|tile_14_address1         |  out|    9|   ap_memory|                                 tile_14|         array|
|tile_14_ce1              |  out|    1|   ap_memory|                                 tile_14|         array|
|tile_14_we1              |  out|    1|   ap_memory|                                 tile_14|         array|
|tile_14_d1               |  out|   16|   ap_memory|                                 tile_14|         array|
|tile_15_address1         |  out|    9|   ap_memory|                                 tile_15|         array|
|tile_15_ce1              |  out|    1|   ap_memory|                                 tile_15|         array|
|tile_15_we1              |  out|    1|   ap_memory|                                 tile_15|         array|
|tile_15_d1               |  out|   16|   ap_memory|                                 tile_15|         array|
+-------------------------+-----+-----+------------+----------------------------------------+--------------+

