

================================================================
== Vitis HLS Report for 'load_tile_fp16'
================================================================
* Date:           Sun Mar 22 18:06:42 2026

* Version:        2025.1 (Build 6135595 on May 21 2025)
* Project:        FlashAtt1
* Solution:       hls (Vivado IP Flow Target)
* Product family: versalhbm
* Target device:  xcvh1582-lsva4737-2LHP-e-S


================================================================
== Performance Estimates
================================================================
+ Timing: 
    * Summary: 
    +--------+----------+----------+------------+
    |  Clock |  Target  | Estimated| Uncertainty|
    +--------+----------+----------+------------+
    |ap_clk  |  10.00 ns|  7.300 ns|     2.70 ns|
    +--------+----------+----------+------------+

+ Latency: 
    * Summary: 
    +---------+---------+----------+----------+-----+-----+---------+
    |  Latency (cycles) |  Latency (absolute) |  Interval | Pipeline|
    |   min   |   max   |    min   |    max   | min | max |   Type  |
    +---------+---------+----------+----------+-----+-----+---------+
    |        0|        0|      0 ns|      0 ns|    0|    0|       no|
    +---------+---------+----------+----------+-----+-----+---------+

    + Detail: 
        * Instance: 
        +-------------------------------------------------------------------+--------------------------------------------------------+---------+---------+----------+----------+-----+-----+------------------------------------------------+
        |                                                                   |                                                        |  Latency (cycles) |  Latency (absolute) |  Interval |                    Pipeline                    |
        |                              Instance                             |                         Module                         |   min   |   max   |    min   |    max   | min | max |                      Type                      |
        +-------------------------------------------------------------------+--------------------------------------------------------+---------+---------+----------+----------+-----+-----+------------------------------------------------+
        |grp_load_tile_fp16_Pipeline_LOAD_TILE_ROWS_fu_124                  |load_tile_fp16_Pipeline_LOAD_TILE_ROWS                  |        ?|        ?|         ?|         ?|    0|    0|  loop auto-rewind stp (delay=0 clock cycles(s))|
        |grp_load_tile_fp16_Pipeline_LOAD_TILE_PAD_VITIS_LOOP_139_2_fu_164  |load_tile_fp16_Pipeline_LOAD_TILE_PAD_VITIS_LOOP_139_2  |        ?|        ?|         ?|         ?|    0|    0|  loop auto-rewind stp (delay=0 clock cycles(s))|
        +-------------------------------------------------------------------+--------------------------------------------------------+---------+---------+----------+----------+-----+-----+------------------------------------------------+

        * Loop: 
        N/A



================================================================
== Utilization Estimates
================================================================
* Summary: 
+---------------------+---------+------+---------+---------+------+
|         Name        | BRAM_18K|  DSP |    FF   |   LUT   | URAM |
+---------------------+---------+------+---------+---------+------+
|DSP                  |        -|     -|        -|        -|     -|
|Expression           |        -|     -|        0|      187|     -|
|FIFO                 |        -|     -|        -|        -|     -|
|Instance             |        -|     -|     1288|     3332|     -|
|Memory               |        -|     -|        -|        -|     -|
|Multiplexer          |        -|     -|        0|      744|     -|
|Register             |        -|     -|      202|        -|     -|
+---------------------+---------+------+---------+---------+------+
|Total                |        0|     0|     1490|     4263|     0|
+---------------------+---------+------+---------+---------+------+
|Available SLR        |     2541|  3696|  1753984|   876992|   650|
+---------------------+---------+------+---------+---------+------+
|Utilization SLR (%)  |        0|     0|       ~0|       ~0|     0|
+---------------------+---------+------+---------+---------+------+
|Available            |     5082|  7392|  3507968|  1753984|  1301|
+---------------------+---------+------+---------+---------+------+
|Utilization (%)      |        0|     0|       ~0|       ~0|     0|
+---------------------+---------+------+---------+---------+------+

+ Detail: 
    * Instance: 
    +-------------------------------------------------------------------+--------------------------------------------------------+---------+----+------+------+-----+
    |                              Instance                             |                         Module                         | BRAM_18K| DSP|  FF  |  LUT | URAM|
    +-------------------------------------------------------------------+--------------------------------------------------------+---------+----+------+------+-----+
    |grp_load_tile_fp16_Pipeline_LOAD_TILE_PAD_VITIS_LOOP_139_2_fu_164  |load_tile_fp16_Pipeline_LOAD_TILE_PAD_VITIS_LOOP_139_2  |        0|   0|   217|   692|    0|
    |grp_load_tile_fp16_Pipeline_LOAD_TILE_ROWS_fu_124                  |load_tile_fp16_Pipeline_LOAD_TILE_ROWS                  |        0|   0|  1071|  2640|    0|
    +-------------------------------------------------------------------+--------------------------------------------------------+---------+----+------+------+-----+
    |Total                                                              |                                                        |        0|   0|  1288|  3332|    0|
    +-------------------------------------------------------------------+--------------------------------------------------------+---------+----+------+------+-----+

    * DSP: 
    N/A

    * Memory: 
    N/A

    * FIFO: 
    N/A

    * Expression: 
    +----------------------+----------+----+---+----+------------+------------+
    |     Variable Name    | Operation| DSP| FF| LUT| Bitwidth P0| Bitwidth P1|
    +----------------------+----------+----+---+----+------------+------------+
    |add_ln112_fu_236_p2   |         +|   0|  0|  64|          64|          64|
    |sub_ln138_fu_303_p2   |         -|   0|  0|  33|          33|          33|
    |empty_82_fu_287_p2    |      icmp|   0|  0|  16|          32|           7|
    |icmp_ln112_fu_202_p2  |      icmp|   0|  0|  16|          32|           1|
    |empty_fu_263_p3       |    select|   0|  0|  30|           1|          33|
    |smax_fu_292_p3        |    select|   0|  0|  28|           1|          31|
    +----------------------+----------+----+---+----+------------+------------+
    |Total                 |          |   0|  0| 187|         163|         169|
    +----------------------+----------+----+---+----+------------+------------+

    * Multiplexer: 
    +-------------------------+----+-----------+-----+-----------+
    |           Name          | LUT| Input Size| Bits| Total Bits|
    +-------------------------+----+-----------+-----+-----------+
    |ap_NS_fsm                |  43|         79|    1|         79|
    |gmem_Q_blk_n_AR          |   1|          2|    1|          2|
    |m_axi_gmem_Q_0_ARADDR    |  64|          3|   64|        192|
    |m_axi_gmem_Q_0_ARBURST   |   8|          2|    2|          4|
    |m_axi_gmem_Q_0_ARCACHE   |   8|          2|    4|          8|
    |m_axi_gmem_Q_0_ARID      |   1|          2|    1|          2|
    |m_axi_gmem_Q_0_ARLEN     |  32|          3|   32|         96|
    |m_axi_gmem_Q_0_ARLOCK    |   8|          2|    2|          4|
    |m_axi_gmem_Q_0_ARPROT    |   8|          2|    3|          6|
    |m_axi_gmem_Q_0_ARQOS     |   8|          2|    4|          8|
    |m_axi_gmem_Q_0_ARREGION  |   8|          2|    4|          8|
    |m_axi_gmem_Q_0_ARSIZE    |   8|          2|    3|          6|
    |m_axi_gmem_Q_0_ARUSER    |   1|          2|    1|          2|
    |m_axi_gmem_Q_0_ARVALID   |   1|          3|    1|          3|
    |m_axi_gmem_Q_0_RREADY    |   1|          2|    1|          2|
    |tile_0_address1          |  16|          3|    9|         27|
    |tile_0_ce1               |   1|          3|    1|          3|
    |tile_0_d1                |  16|          3|   16|         48|
    |tile_0_we1               |   1|          3|    1|          3|
    |tile_10_address1         |  16|          3|    9|         27|
    |tile_10_ce1              |   1|          3|    1|          3|
    |tile_10_d1               |  16|          3|   16|         48|
    |tile_10_we1              |   1|          3|    1|          3|
    |tile_11_address1         |  16|          3|    9|         27|
    |tile_11_ce1              |   1|          3|    1|          3|
    |tile_11_d1               |  16|          3|   16|         48|
    |tile_11_we1              |   1|          3|    1|          3|
    |tile_12_address1         |  16|          3|    9|         27|
    |tile_12_ce1              |   1|          3|    1|          3|
    |tile_12_d1               |  16|          3|   16|         48|
    |tile_12_we1              |   1|          3|    1|          3|
    |tile_13_address1         |  16|          3|    9|         27|
    |tile_13_ce1              |   1|          3|    1|          3|
    |tile_13_d1               |  16|          3|   16|         48|
    |tile_13_we1              |   1|          3|    1|          3|
    |tile_14_address1         |  16|          3|    9|         27|
    |tile_14_ce1              |   1|          3|    1|          3|
    |tile_14_d1               |  16|          3|   16|         48|
    |tile_14_we1              |   1|          3|    1|          3|
    |tile_15_address1         |  16|          3|    9|         27|
    |tile_15_ce1              |   1|          3|    1|          3|
    |tile_15_d1               |  16|          3|   16|         48|
    |tile_15_we1              |   1|          3|    1|          3|
    |tile_1_address1          |  16|          3|    9|         27|
    |tile_1_ce1               |   1|          3|    1|          3|
    |tile_1_d1                |  16|          3|   16|         48|
    |tile_1_we1               |   1|          3|    1|          3|
    |tile_2_address1          |  16|          3|    9|         27|
    |tile_2_ce1               |   1|          3|    1|          3|
    |tile_2_d1                |  16|          3|   16|         48|
    |tile_2_we1               |   1|          3|    1|          3|
    |tile_3_address1          |  16|          3|    9|         27|
    |tile_3_ce1               |   1|          3|    1|          3|
    |tile_3_d1                |  16|          3|   16|         48|
    |tile_3_we1               |   1|          3|    1|          3|
    |tile_4_address1          |  16|          3|    9|         27|
    |tile_4_ce1               |   1|          3|    1|          3|
    |tile_4_d1                |  16|          3|   16|         48|
    |tile_4_we1               |   1|          3|    1|          3|
    |tile_5_address1          |  16|          3|    9|         27|
    |tile_5_ce1               |   1|          3|    1|          3|
    |tile_5_d1                |  16|          3|   16|         48|
    |tile_5_we1               |   1|          3|    1|          3|
    |tile_6_address1          |  16|          3|    9|         27|
    |tile_6_ce1               |   1|          3|    1|          3|
    |tile_6_d1                |  16|          3|   16|         48|
    |tile_6_we1               |   1|          3|    1|          3|
    |tile_7_address1          |  16|          3|    9|         27|
    |tile_7_ce1               |   1|          3|    1|          3|
    |tile_7_d1                |  16|          3|   16|         48|
    |tile_7_we1               |   1|          3|    1|          3|
    |tile_8_address1          |  16|          3|    9|         27|
    |tile_8_ce1               |   1|          3|    1|          3|
    |tile_8_d1                |  16|          3|   16|         48|
    |tile_8_we1               |   1|          3|    1|          3|
    |tile_9_address1          |  16|          3|    9|         27|
    |tile_9_ce1               |   1|          3|    1|          3|
    |tile_9_d1                |  16|          3|   16|         48|
    |tile_9_we1               |   1|          3|    1|          3|
    +-------------------------+----+-----------+-----+-----------+
    |Total                    | 744|        302|  556|       1718|
    +-------------------------+----+-----------+-----+-----------+

    * Register: 
    +--------------------------------------------------------------------------------+----+----+-----+-----------+
    |                                      Name                                      | FF | LUT| Bits| Const Bits|
    +--------------------------------------------------------------------------------+----+----+-----+-----------+
    |ap_CS_fsm                                                                       |  78|   0|   78|          0|
    |grp_load_tile_fp16_Pipeline_LOAD_TILE_PAD_VITIS_LOOP_139_2_fu_164_ap_start_reg  |   1|   0|    1|          0|
    |grp_load_tile_fp16_Pipeline_LOAD_TILE_ROWS_fu_124_ap_start_reg                  |   1|   0|    1|          0|
    |tmp_s_reg_346                                                                   |  33|   0|   35|          2|
    |trunc_ln112_reg_326                                                             |  31|   0|   31|          0|
    |trunc_ln_reg_331                                                                |  58|   0|   58|          0|
    +--------------------------------------------------------------------------------+----+----+-----+-----------+
    |Total                                                                           | 202|   0|  204|          2|
    +--------------------------------------------------------------------------------+----+----+-----+-----------+



================================================================
== Interface
================================================================
* Summary: 
+-------------------------+-----+-----+------------+----------------+--------------+
|        RTL Ports        | Dir | Bits|  Protocol  |  Source Object |    C Type    |
+-------------------------+-----+-----+------------+----------------+--------------+
|ap_clk                   |   in|    1|  ap_ctrl_hs|  load_tile_fp16|  return value|
|ap_rst                   |   in|    1|  ap_ctrl_hs|  load_tile_fp16|  return value|
|ap_start                 |   in|    1|  ap_ctrl_hs|  load_tile_fp16|  return value|
|ap_done                  |  out|    1|  ap_ctrl_hs|  load_tile_fp16|  return value|
|ap_idle                  |  out|    1|  ap_ctrl_hs|  load_tile_fp16|  return value|
|ap_ready                 |  out|    1|  ap_ctrl_hs|  load_tile_fp16|  return value|
|m_axi_gmem_Q_0_AWVALID   |  out|    1|       m_axi|          gmem_Q|       pointer|
|m_axi_gmem_Q_0_AWREADY   |   in|    1|       m_axi|          gmem_Q|       pointer|
|m_axi_gmem_Q_0_AWADDR    |  out|   64|       m_axi|          gmem_Q|       pointer|
|m_axi_gmem_Q_0_AWID      |  out|    1|       m_axi|          gmem_Q|       pointer|
|m_axi_gmem_Q_0_AWLEN     |  out|   32|       m_axi|          gmem_Q|       pointer|
|m_axi_gmem_Q_0_AWSIZE    |  out|    3|       m_axi|          gmem_Q|       pointer|
|m_axi_gmem_Q_0_AWBURST   |  out|    2|       m_axi|          gmem_Q|       pointer|
|m_axi_gmem_Q_0_AWLOCK    |  out|    2|       m_axi|          gmem_Q|       pointer|
|m_axi_gmem_Q_0_AWCACHE   |  out|    4|       m_axi|          gmem_Q|       pointer|
|m_axi_gmem_Q_0_AWPROT    |  out|    3|       m_axi|          gmem_Q|       pointer|
|m_axi_gmem_Q_0_AWQOS     |  out|    4|       m_axi|          gmem_Q|       pointer|
|m_axi_gmem_Q_0_AWREGION  |  out|    4|       m_axi|          gmem_Q|       pointer|
|m_axi_gmem_Q_0_AWUSER    |  out|    1|       m_axi|          gmem_Q|       pointer|
|m_axi_gmem_Q_0_WVALID    |  out|    1|       m_axi|          gmem_Q|       pointer|
|m_axi_gmem_Q_0_WREADY    |   in|    1|       m_axi|          gmem_Q|       pointer|
|m_axi_gmem_Q_0_WDATA     |  out|  512|       m_axi|          gmem_Q|       pointer|
|m_axi_gmem_Q_0_WSTRB     |  out|   64|       m_axi|          gmem_Q|       pointer|
|m_axi_gmem_Q_0_WLAST     |  out|    1|       m_axi|          gmem_Q|       pointer|
|m_axi_gmem_Q_0_WID       |  out|    1|       m_axi|          gmem_Q|       pointer|
|m_axi_gmem_Q_0_WUSER     |  out|    1|       m_axi|          gmem_Q|       pointer|
|m_axi_gmem_Q_0_ARVALID   |  out|    1|       m_axi|          gmem_Q|       pointer|
|m_axi_gmem_Q_0_ARREADY   |   in|    1|       m_axi|          gmem_Q|       pointer|
|m_axi_gmem_Q_0_ARADDR    |  out|   64|       m_axi|          gmem_Q|       pointer|
|m_axi_gmem_Q_0_ARID      |  out|    1|       m_axi|          gmem_Q|       pointer|
|m_axi_gmem_Q_0_ARLEN     |  out|   32|       m_axi|          gmem_Q|       pointer|
|m_axi_gmem_Q_0_ARSIZE    |  out|    3|       m_axi|          gmem_Q|       pointer|
|m_axi_gmem_Q_0_ARBURST   |  out|    2|       m_axi|          gmem_Q|       pointer|
|m_axi_gmem_Q_0_ARLOCK    |  out|    2|       m_axi|          gmem_Q|       pointer|
|m_axi_gmem_Q_0_ARCACHE   |  out|    4|       m_axi|          gmem_Q|       pointer|
|m_axi_gmem_Q_0_ARPROT    |  out|    3|       m_axi|          gmem_Q|       pointer|
|m_axi_gmem_Q_0_ARQOS     |  out|    4|       m_axi|          gmem_Q|       pointer|
|m_axi_gmem_Q_0_ARREGION  |  out|    4|       m_axi|          gmem_Q|       pointer|
|m_axi_gmem_Q_0_ARUSER    |  out|    1|       m_axi|          gmem_Q|       pointer|
|m_axi_gmem_Q_0_RVALID    |   in|    1|       m_axi|          gmem_Q|       pointer|
|m_axi_gmem_Q_0_RREADY    |  out|    1|       m_axi|          gmem_Q|       pointer|
|m_axi_gmem_Q_0_RDATA     |   in|  512|       m_axi|          gmem_Q|       pointer|
|m_axi_gmem_Q_0_RLAST     |   in|    1|       m_axi|          gmem_Q|       pointer|
|m_axi_gmem_Q_0_RID       |   in|    1|       m_axi|          gmem_Q|       pointer|
|m_axi_gmem_Q_0_RFIFONUM  |   in|   11|       m_axi|          gmem_Q|       pointer|
|m_axi_gmem_Q_0_RUSER     |   in|    1|       m_axi|          gmem_Q|       pointer|
|m_axi_gmem_Q_0_RRESP     |   in|    2|       m_axi|          gmem_Q|       pointer|
|m_axi_gmem_Q_0_BVALID    |   in|    1|       m_axi|          gmem_Q|       pointer|
|m_axi_gmem_Q_0_BREADY    |  out|    1|       m_axi|          gmem_Q|       pointer|
|m_axi_gmem_Q_0_BRESP     |   in|    2|       m_axi|          gmem_Q|       pointer|
|m_axi_gmem_Q_0_BID       |   in|    1|       m_axi|          gmem_Q|       pointer|
|m_axi_gmem_Q_0_BUSER     |   in|    1|       m_axi|          gmem_Q|       pointer|
|hbm_port                 |   in|   64|     ap_none|        hbm_port|        scalar|
|tile_0_address1          |  out|    9|   ap_memory|          tile_0|         array|
|tile_0_ce1               |  out|    1|   ap_memory|          tile_0|         array|
|tile_0_we1               |  out|    1|   ap_memory|          tile_0|         array|
|tile_0_d1                |  out|   16|   ap_memory|          tile_0|         array|
|tile_1_address1          |  out|    9|   ap_memory|          tile_1|         array|
|tile_1_ce1               |  out|    1|   ap_memory|          tile_1|         array|
|tile_1_we1               |  out|    1|   ap_memory|          tile_1|         array|
|tile_1_d1                |  out|   16|   ap_memory|          tile_1|         array|
|tile_2_address1          |  out|    9|   ap_memory|          tile_2|         array|
|tile_2_ce1               |  out|    1|   ap_memory|          tile_2|         array|
|tile_2_we1               |  out|    1|   ap_memory|          tile_2|         array|
|tile_2_d1                |  out|   16|   ap_memory|          tile_2|         array|
|tile_3_address1          |  out|    9|   ap_memory|          tile_3|         array|
|tile_3_ce1               |  out|    1|   ap_memory|          tile_3|         array|
|tile_3_we1               |  out|    1|   ap_memory|          tile_3|         array|
|tile_3_d1                |  out|   16|   ap_memory|          tile_3|         array|
|tile_4_address1          |  out|    9|   ap_memory|          tile_4|         array|
|tile_4_ce1               |  out|    1|   ap_memory|          tile_4|         array|
|tile_4_we1               |  out|    1|   ap_memory|          tile_4|         array|
|tile_4_d1                |  out|   16|   ap_memory|          tile_4|         array|
|tile_5_address1          |  out|    9|   ap_memory|          tile_5|         array|
|tile_5_ce1               |  out|    1|   ap_memory|          tile_5|         array|
|tile_5_we1               |  out|    1|   ap_memory|          tile_5|         array|
|tile_5_d1                |  out|   16|   ap_memory|          tile_5|         array|
|tile_6_address1          |  out|    9|   ap_memory|          tile_6|         array|
|tile_6_ce1               |  out|    1|   ap_memory|          tile_6|         array|
|tile_6_we1               |  out|    1|   ap_memory|          tile_6|         array|
|tile_6_d1                |  out|   16|   ap_memory|          tile_6|         array|
|tile_7_address1          |  out|    9|   ap_memory|          tile_7|         array|
|tile_7_ce1               |  out|    1|   ap_memory|          tile_7|         array|
|tile_7_we1               |  out|    1|   ap_memory|          tile_7|         array|
|tile_7_d1                |  out|   16|   ap_memory|          tile_7|         array|
|tile_8_address1          |  out|    9|   ap_memory|          tile_8|         array|
|tile_8_ce1               |  out|    1|   ap_memory|          tile_8|         array|
|tile_8_we1               |  out|    1|   ap_memory|          tile_8|         array|
|tile_8_d1                |  out|   16|   ap_memory|          tile_8|         array|
|tile_9_address1          |  out|    9|   ap_memory|          tile_9|         array|
|tile_9_ce1               |  out|    1|   ap_memory|          tile_9|         array|
|tile_9_we1               |  out|    1|   ap_memory|          tile_9|         array|
|tile_9_d1                |  out|   16|   ap_memory|          tile_9|         array|
|tile_10_address1         |  out|    9|   ap_memory|         tile_10|         array|
|tile_10_ce1              |  out|    1|   ap_memory|         tile_10|         array|
|tile_10_we1              |  out|    1|   ap_memory|         tile_10|         array|
|tile_10_d1               |  out|   16|   ap_memory|         tile_10|         array|
|tile_11_address1         |  out|    9|   ap_memory|         tile_11|         array|
|tile_11_ce1              |  out|    1|   ap_memory|         tile_11|         array|
|tile_11_we1              |  out|    1|   ap_memory|         tile_11|         array|
|tile_11_d1               |  out|   16|   ap_memory|         tile_11|         array|
|tile_12_address1         |  out|    9|   ap_memory|         tile_12|         array|
|tile_12_ce1              |  out|    1|   ap_memory|         tile_12|         array|
|tile_12_we1              |  out|    1|   ap_memory|         tile_12|         array|
|tile_12_d1               |  out|   16|   ap_memory|         tile_12|         array|
|tile_13_address1         |  out|    9|   ap_memory|         tile_13|         array|
|tile_13_ce1              |  out|    1|   ap_memory|         tile_13|         array|
|tile_13_we1              |  out|    1|   ap_memory|         tile_13|         array|
|tile_13_d1               |  out|   16|   ap_memory|         tile_13|         array|
|tile_14_address1         |  out|    9|   ap_memory|         tile_14|         array|
|tile_14_ce1              |  out|    1|   ap_memory|         tile_14|         array|
|tile_14_we1              |  out|    1|   ap_memory|         tile_14|         array|
|tile_14_d1               |  out|   16|   ap_memory|         tile_14|         array|
|tile_15_address1         |  out|    9|   ap_memory|         tile_15|         array|
|tile_15_ce1              |  out|    1|   ap_memory|         tile_15|         array|
|tile_15_we1              |  out|    1|   ap_memory|         tile_15|         array|
|tile_15_d1               |  out|   16|   ap_memory|         tile_15|         array|
|base_row                 |   in|   31|     ap_none|        base_row|        scalar|
|num_rows                 |   in|   32|     ap_none|        num_rows|        scalar|
+-------------------------+-----+-----+------------+----------------+--------------+

