

================================================================
== Vitis HLS Report for 'online_softmax_tile_Pipeline_SOFTMAX_PAD'
================================================================
* Date:           Sun Mar 22 18:06:52 2026

* Version:        2025.1 (Build 6135595 on May 21 2025)
* Project:        FlashAtt1
* Solution:       hls (Vivado IP Flow Target)
* Product family: versalhbm
* Target device:  xcvh1582-lsva4737-2LHP-e-S


================================================================
== Performance Estimates
================================================================
+ Timing: 
    * Summary: 
    +--------+----------+----------+------------+
    |  Clock |  Target  | Estimated| Uncertainty|
    +--------+----------+----------+------------+
    |ap_clk  |  10.00 ns|  2.365 ns|     2.70 ns|
    +--------+----------+----------+------------+

+ Latency: 
    * Summary: 
    +---------+---------+----------+----------+-----+-----+------------------------------------------------+
    |  Latency (cycles) |  Latency (absolute) |  Interval |                    Pipeline                    |
    |   min   |   max   |    min   |    max   | min | max |                      Type                      |
    +---------+---------+----------+----------+-----+-----+------------------------------------------------+
    |        ?|        ?|         ?|         ?|    0|    0|  loop auto-rewind stp (delay=0 clock cycles(s))|
    +---------+---------+----------+----------+-----+-----+------------------------------------------------+

    + Detail: 
        * Instance: 
        N/A

        * Loop: 
        +---------------+---------+---------+----------+-----------+-----------+------+----------+
        |               |  Latency (cycles) | Iteration|  Initiation Interval  | Trip |          |
        |   Loop Name   |   min   |   max   |  Latency |  achieved |   target  | Count| Pipelined|
        +---------------+---------+---------+----------+-----------+-----------+------+----------+
        |- SOFTMAX_PAD  |        ?|        ?|         8|          8|          1|     ?|       yes|
        +---------------+---------+---------+----------+-----------+-----------+------+----------+



================================================================
== Utilization Estimates
================================================================
* Summary: 
+---------------------+---------+------+---------+---------+------+
|         Name        | BRAM_18K|  DSP |    FF   |   LUT   | URAM |
+---------------------+---------+------+---------+---------+------+
|DSP                  |        -|     -|        -|        -|     -|
|Expression           |        -|     -|        0|       45|     -|
|FIFO                 |        -|     -|        -|        -|     -|
|Instance             |        -|     -|        -|        -|     -|
|Memory               |        -|     -|        -|        -|     -|
|Multiplexer          |        -|     -|        0|      710|     -|
|Register             |        -|     -|      377|        -|     -|
+---------------------+---------+------+---------+---------+------+
|Total                |        0|     0|      377|      755|     0|
+---------------------+---------+------+---------+---------+------+
|Available SLR        |     2541|  3696|  1753984|   876992|   650|
+---------------------+---------+------+---------+---------+------+
|Utilization SLR (%)  |        0|     0|       ~0|       ~0|     0|
+---------------------+---------+------+---------+---------+------+
|Available            |     5082|  7392|  3507968|  1753984|  1301|
+---------------------+---------+------+---------+---------+------+
|Utilization (%)      |        0|     0|       ~0|       ~0|     0|
+---------------------+---------+------+---------+---------+------+

+ Detail: 
    * Instance: 
    N/A

    * DSP: 
    N/A

    * Memory: 
    N/A

    * FIFO: 
    N/A

    * Expression: 
    +----------------------+----------+----+---+----+------------+------------+
    |     Variable Name    | Operation| DSP| FF| LUT| Bitwidth P0| Bitwidth P1|
    +----------------------+----------+----+---+----+------------+------------+
    |add_ln85_fu_2662_p2   |         +|   0|  0|  32|          32|           1|
    |icmp_ln85_fu_2198_p2  |      icmp|   0|  0|  13|          26|           1|
    +----------------------+----------+----+---+----+------------+------------+
    |Total                 |          |   0|  0|  45|          58|           2|
    +----------------------+----------+----+---+----+------------+------------+

    * Multiplexer: 
    +-------------------------+----+-----------+-----+-----------+
    |           Name          | LUT| Input Size| Bits| Total Bits|
    +-------------------------+----+-----------+-----+-----------+
    |P_tile_0_address1_local  |  80|          9|    9|         81|
    |P_tile_1_address1_local  |  80|          9|    9|         81|
    |P_tile_2_address1_local  |  80|          9|    9|         81|
    |P_tile_3_address1_local  |  80|          9|    9|         81|
    |P_tile_4_address1_local  |  80|          9|    9|         81|
    |P_tile_5_address1_local  |  80|          9|    9|         81|
    |P_tile_6_address1_local  |  80|          9|    9|         81|
    |P_tile_7_address1_local  |  80|          9|    9|         81|
    |ap_NS_fsm                |   5|          9|    1|          9|
    |ap_done_int              |   1|          2|    1|          2|
    |ap_sig_allocacmp_i_2     |  32|          2|   32|         64|
    |i_fu_578                 |  32|          2|   32|         64|
    +-------------------------+----+-----------+-----+-----------+
    |Total                    | 710|         87|  138|        787|
    +-------------------------+----+-----------+-----+-----------+

    * Register: 
    +--------------------------+----+----+-----+-----------+
    |           Name           | FF | LUT| Bits| Const Bits|
    +--------------------------+----+----+-----+-----------+
    |P_tile_0_addr_1_reg_2857  |   6|   0|    9|          3|
    |P_tile_0_addr_2_reg_2863  |   6|   0|    9|          3|
    |P_tile_0_addr_3_reg_2869  |   6|   0|    9|          3|
    |P_tile_0_addr_4_reg_2875  |   6|   0|    9|          3|
    |P_tile_0_addr_5_reg_2881  |   6|   0|    9|          3|
    |P_tile_0_addr_6_reg_2887  |   6|   0|    9|          3|
    |P_tile_0_addr_7_reg_2893  |   6|   0|    9|          3|
    |P_tile_1_addr_1_reg_2899  |   6|   0|    9|          3|
    |P_tile_1_addr_2_reg_2905  |   6|   0|    9|          3|
    |P_tile_1_addr_3_reg_2911  |   6|   0|    9|          3|
    |P_tile_1_addr_4_reg_2917  |   6|   0|    9|          3|
    |P_tile_1_addr_5_reg_2923  |   6|   0|    9|          3|
    |P_tile_1_addr_6_reg_2929  |   6|   0|    9|          3|
    |P_tile_1_addr_7_reg_2935  |   6|   0|    9|          3|
    |P_tile_2_addr_1_reg_2941  |   6|   0|    9|          3|
    |P_tile_2_addr_2_reg_2947  |   6|   0|    9|          3|
    |P_tile_2_addr_3_reg_2953  |   6|   0|    9|          3|
    |P_tile_2_addr_4_reg_2959  |   6|   0|    9|          3|
    |P_tile_2_addr_5_reg_2965  |   6|   0|    9|          3|
    |P_tile_2_addr_6_reg_2971  |   6|   0|    9|          3|
    |P_tile_2_addr_7_reg_2977  |   6|   0|    9|          3|
    |P_tile_3_addr_1_reg_2983  |   6|   0|    9|          3|
    |P_tile_3_addr_2_reg_2989  |   6|   0|    9|          3|
    |P_tile_3_addr_3_reg_2995  |   6|   0|    9|          3|
    |P_tile_3_addr_4_reg_3001  |   6|   0|    9|          3|
    |P_tile_3_addr_5_reg_3007  |   6|   0|    9|          3|
    |P_tile_3_addr_6_reg_3013  |   6|   0|    9|          3|
    |P_tile_3_addr_7_reg_3019  |   6|   0|    9|          3|
    |P_tile_4_addr_1_reg_3025  |   6|   0|    9|          3|
    |P_tile_4_addr_2_reg_3031  |   6|   0|    9|          3|
    |P_tile_4_addr_3_reg_3037  |   6|   0|    9|          3|
    |P_tile_4_addr_4_reg_3043  |   6|   0|    9|          3|
    |P_tile_4_addr_5_reg_3049  |   6|   0|    9|          3|
    |P_tile_4_addr_6_reg_3055  |   6|   0|    9|          3|
    |P_tile_4_addr_7_reg_3061  |   6|   0|    9|          3|
    |P_tile_5_addr_1_reg_3067  |   6|   0|    9|          3|
    |P_tile_5_addr_2_reg_3073  |   6|   0|    9|          3|
    |P_tile_5_addr_3_reg_3079  |   6|   0|    9|          3|
    |P_tile_5_addr_4_reg_3085  |   6|   0|    9|          3|
    |P_tile_5_addr_5_reg_3091  |   6|   0|    9|          3|
    |P_tile_5_addr_6_reg_3097  |   6|   0|    9|          3|
    |P_tile_5_addr_7_reg_3103  |   6|   0|    9|          3|
    |P_tile_6_addr_1_reg_3109  |   6|   0|    9|          3|
    |P_tile_6_addr_2_reg_3115  |   6|   0|    9|          3|
    |P_tile_6_addr_3_reg_3121  |   6|   0|    9|          3|
    |P_tile_6_addr_4_reg_3127  |   6|   0|    9|          3|
    |P_tile_6_addr_5_reg_3133  |   6|   0|    9|          3|
    |P_tile_6_addr_6_reg_3139  |   6|   0|    9|          3|
    |P_tile_6_addr_7_reg_3145  |   6|   0|    9|          3|
    |P_tile_7_addr_1_reg_3151  |   6|   0|    9|          3|
    |P_tile_7_addr_2_reg_3157  |   6|   0|    9|          3|
    |P_tile_7_addr_3_reg_3163  |   6|   0|    9|          3|
    |P_tile_7_addr_4_reg_3169  |   6|   0|    9|          3|
    |P_tile_7_addr_5_reg_3175  |   6|   0|    9|          3|
    |P_tile_7_addr_6_reg_3181  |   6|   0|    9|          3|
    |P_tile_7_addr_7_reg_3187  |   6|   0|    9|          3|
    |ap_CS_fsm                 |   8|   0|    8|          0|
    |ap_done_reg               |   1|   0|    1|          0|
    |i_fu_578                  |  32|   0|   32|          0|
    +--------------------------+----+----+-----+-----------+
    |Total                     | 377|   0|  545|        168|
    +--------------------------+----+----+-----+-----------+



================================================================
== Interface
================================================================
* Summary: 
+-------------------+-----+-----+------------+------------------------------------------+--------------+
|     RTL Ports     | Dir | Bits|  Protocol  |               Source Object              |    C Type    |
+-------------------+-----+-----+------------+------------------------------------------+--------------+
|ap_clk             |   in|    1|  ap_ctrl_hs|  online_softmax_tile_Pipeline_SOFTMAX_PAD|  return value|
|ap_rst             |   in|    1|  ap_ctrl_hs|  online_softmax_tile_Pipeline_SOFTMAX_PAD|  return value|
|ap_start           |   in|    1|  ap_ctrl_hs|  online_softmax_tile_Pipeline_SOFTMAX_PAD|  return value|
|ap_done            |  out|    1|  ap_ctrl_hs|  online_softmax_tile_Pipeline_SOFTMAX_PAD|  return value|
|ap_idle            |  out|    1|  ap_ctrl_hs|  online_softmax_tile_Pipeline_SOFTMAX_PAD|  return value|
|ap_ready           |  out|    1|  ap_ctrl_hs|  online_softmax_tile_Pipeline_SOFTMAX_PAD|  return value|
|br_actual          |   in|   32|     ap_none|                                 br_actual|        scalar|
|l_tilde_0          |  out|   32|      ap_vld|                                 l_tilde_0|       pointer|
|l_tilde_0_ap_vld   |  out|    1|      ap_vld|                                 l_tilde_0|       pointer|
|P_tile_0_address1  |  out|    9|   ap_memory|                                  P_tile_0|         array|
|P_tile_0_ce1       |  out|    1|   ap_memory|                                  P_tile_0|         array|
|P_tile_0_we1       |  out|    1|   ap_memory|                                  P_tile_0|         array|
|P_tile_0_d1        |  out|   16|   ap_memory|                                  P_tile_0|         array|
|P_tile_1_address1  |  out|    9|   ap_memory|                                  P_tile_1|         array|
|P_tile_1_ce1       |  out|    1|   ap_memory|                                  P_tile_1|         array|
|P_tile_1_we1       |  out|    1|   ap_memory|                                  P_tile_1|         array|
|P_tile_1_d1        |  out|   16|   ap_memory|                                  P_tile_1|         array|
|P_tile_2_address1  |  out|    9|   ap_memory|                                  P_tile_2|         array|
|P_tile_2_ce1       |  out|    1|   ap_memory|                                  P_tile_2|         array|
|P_tile_2_we1       |  out|    1|   ap_memory|                                  P_tile_2|         array|
|P_tile_2_d1        |  out|   16|   ap_memory|                                  P_tile_2|         array|
|P_tile_3_address1  |  out|    9|   ap_memory|                                  P_tile_3|         array|
|P_tile_3_ce1       |  out|    1|   ap_memory|                                  P_tile_3|         array|
|P_tile_3_we1       |  out|    1|   ap_memory|                                  P_tile_3|         array|
|P_tile_3_d1        |  out|   16|   ap_memory|                                  P_tile_3|         array|
|P_tile_4_address1  |  out|    9|   ap_memory|                                  P_tile_4|         array|
|P_tile_4_ce1       |  out|    1|   ap_memory|                                  P_tile_4|         array|
|P_tile_4_we1       |  out|    1|   ap_memory|                                  P_tile_4|         array|
|P_tile_4_d1        |  out|   16|   ap_memory|                                  P_tile_4|         array|
|P_tile_5_address1  |  out|    9|   ap_memory|                                  P_tile_5|         array|
|P_tile_5_ce1       |  out|    1|   ap_memory|                                  P_tile_5|         array|
|P_tile_5_we1       |  out|    1|   ap_memory|                                  P_tile_5|         array|
|P_tile_5_d1        |  out|   16|   ap_memory|                                  P_tile_5|         array|
|P_tile_6_address1  |  out|    9|   ap_memory|                                  P_tile_6|         array|
|P_tile_6_ce1       |  out|    1|   ap_memory|                                  P_tile_6|         array|
|P_tile_6_we1       |  out|    1|   ap_memory|                                  P_tile_6|         array|
|P_tile_6_d1        |  out|   16|   ap_memory|                                  P_tile_6|         array|
|P_tile_7_address1  |  out|    9|   ap_memory|                                  P_tile_7|         array|
|P_tile_7_ce1       |  out|    1|   ap_memory|                                  P_tile_7|         array|
|P_tile_7_we1       |  out|    1|   ap_memory|                                  P_tile_7|         array|
|P_tile_7_d1        |  out|   16|   ap_memory|                                  P_tile_7|         array|
|l_tilde_63         |  out|   32|      ap_vld|                                l_tilde_63|       pointer|
|l_tilde_63_ap_vld  |  out|    1|      ap_vld|                                l_tilde_63|       pointer|
|l_tilde_62         |  out|   32|      ap_vld|                                l_tilde_62|       pointer|
|l_tilde_62_ap_vld  |  out|    1|      ap_vld|                                l_tilde_62|       pointer|
|l_tilde_61         |  out|   32|      ap_vld|                                l_tilde_61|       pointer|
|l_tilde_61_ap_vld  |  out|    1|      ap_vld|                                l_tilde_61|       pointer|
|l_tilde_60         |  out|   32|      ap_vld|                                l_tilde_60|       pointer|
|l_tilde_60_ap_vld  |  out|    1|      ap_vld|                                l_tilde_60|       pointer|
|l_tilde_59         |  out|   32|      ap_vld|                                l_tilde_59|       pointer|
|l_tilde_59_ap_vld  |  out|    1|      ap_vld|                                l_tilde_59|       pointer|
|l_tilde_58         |  out|   32|      ap_vld|                                l_tilde_58|       pointer|
|l_tilde_58_ap_vld  |  out|    1|      ap_vld|                                l_tilde_58|       pointer|
|l_tilde_57         |  out|   32|      ap_vld|                                l_tilde_57|       pointer|
|l_tilde_57_ap_vld  |  out|    1|      ap_vld|                                l_tilde_57|       pointer|
|l_tilde_56         |  out|   32|      ap_vld|                                l_tilde_56|       pointer|
|l_tilde_56_ap_vld  |  out|    1|      ap_vld|                                l_tilde_56|       pointer|
|l_tilde_55         |  out|   32|      ap_vld|                                l_tilde_55|       pointer|
|l_tilde_55_ap_vld  |  out|    1|      ap_vld|                                l_tilde_55|       pointer|
|l_tilde_54         |  out|   32|      ap_vld|                                l_tilde_54|       pointer|
|l_tilde_54_ap_vld  |  out|    1|      ap_vld|                                l_tilde_54|       pointer|
|l_tilde_53         |  out|   32|      ap_vld|                                l_tilde_53|       pointer|
|l_tilde_53_ap_vld  |  out|    1|      ap_vld|                                l_tilde_53|       pointer|
|l_tilde_52         |  out|   32|      ap_vld|                                l_tilde_52|       pointer|
|l_tilde_52_ap_vld  |  out|    1|      ap_vld|                                l_tilde_52|       pointer|
|l_tilde_51         |  out|   32|      ap_vld|                                l_tilde_51|       pointer|
|l_tilde_51_ap_vld  |  out|    1|      ap_vld|                                l_tilde_51|       pointer|
|l_tilde_50         |  out|   32|      ap_vld|                                l_tilde_50|       pointer|
|l_tilde_50_ap_vld  |  out|    1|      ap_vld|                                l_tilde_50|       pointer|
|l_tilde_49         |  out|   32|      ap_vld|                                l_tilde_49|       pointer|
|l_tilde_49_ap_vld  |  out|    1|      ap_vld|                                l_tilde_49|       pointer|
|l_tilde_48         |  out|   32|      ap_vld|                                l_tilde_48|       pointer|
|l_tilde_48_ap_vld  |  out|    1|      ap_vld|                                l_tilde_48|       pointer|
|l_tilde_47         |  out|   32|      ap_vld|                                l_tilde_47|       pointer|
|l_tilde_47_ap_vld  |  out|    1|      ap_vld|                                l_tilde_47|       pointer|
|l_tilde_46         |  out|   32|      ap_vld|                                l_tilde_46|       pointer|
|l_tilde_46_ap_vld  |  out|    1|      ap_vld|                                l_tilde_46|       pointer|
|l_tilde_45         |  out|   32|      ap_vld|                                l_tilde_45|       pointer|
|l_tilde_45_ap_vld  |  out|    1|      ap_vld|                                l_tilde_45|       pointer|
|l_tilde_44         |  out|   32|      ap_vld|                                l_tilde_44|       pointer|
|l_tilde_44_ap_vld  |  out|    1|      ap_vld|                                l_tilde_44|       pointer|
|l_tilde_43         |  out|   32|      ap_vld|                                l_tilde_43|       pointer|
|l_tilde_43_ap_vld  |  out|    1|      ap_vld|                                l_tilde_43|       pointer|
|l_tilde_42         |  out|   32|      ap_vld|                                l_tilde_42|       pointer|
|l_tilde_42_ap_vld  |  out|    1|      ap_vld|                                l_tilde_42|       pointer|
|l_tilde_41         |  out|   32|      ap_vld|                                l_tilde_41|       pointer|
|l_tilde_41_ap_vld  |  out|    1|      ap_vld|                                l_tilde_41|       pointer|
|l_tilde_40         |  out|   32|      ap_vld|                                l_tilde_40|       pointer|
|l_tilde_40_ap_vld  |  out|    1|      ap_vld|                                l_tilde_40|       pointer|
|l_tilde_39         |  out|   32|      ap_vld|                                l_tilde_39|       pointer|
|l_tilde_39_ap_vld  |  out|    1|      ap_vld|                                l_tilde_39|       pointer|
|l_tilde_38         |  out|   32|      ap_vld|                                l_tilde_38|       pointer|
|l_tilde_38_ap_vld  |  out|    1|      ap_vld|                                l_tilde_38|       pointer|
|l_tilde_37         |  out|   32|      ap_vld|                                l_tilde_37|       pointer|
|l_tilde_37_ap_vld  |  out|    1|      ap_vld|                                l_tilde_37|       pointer|
|l_tilde_36         |  out|   32|      ap_vld|                                l_tilde_36|       pointer|
|l_tilde_36_ap_vld  |  out|    1|      ap_vld|                                l_tilde_36|       pointer|
|l_tilde_35         |  out|   32|      ap_vld|                                l_tilde_35|       pointer|
|l_tilde_35_ap_vld  |  out|    1|      ap_vld|                                l_tilde_35|       pointer|
|l_tilde_34         |  out|   32|      ap_vld|                                l_tilde_34|       pointer|
|l_tilde_34_ap_vld  |  out|    1|      ap_vld|                                l_tilde_34|       pointer|
|l_tilde_33         |  out|   32|      ap_vld|                                l_tilde_33|       pointer|
|l_tilde_33_ap_vld  |  out|    1|      ap_vld|                                l_tilde_33|       pointer|
|l_tilde_32         |  out|   32|      ap_vld|                                l_tilde_32|       pointer|
|l_tilde_32_ap_vld  |  out|    1|      ap_vld|                                l_tilde_32|       pointer|
|l_tilde_31         |  out|   32|      ap_vld|                                l_tilde_31|       pointer|
|l_tilde_31_ap_vld  |  out|    1|      ap_vld|                                l_tilde_31|       pointer|
|l_tilde_30         |  out|   32|      ap_vld|                                l_tilde_30|       pointer|
|l_tilde_30_ap_vld  |  out|    1|      ap_vld|                                l_tilde_30|       pointer|
|l_tilde_29         |  out|   32|      ap_vld|                                l_tilde_29|       pointer|
|l_tilde_29_ap_vld  |  out|    1|      ap_vld|                                l_tilde_29|       pointer|
|l_tilde_28         |  out|   32|      ap_vld|                                l_tilde_28|       pointer|
|l_tilde_28_ap_vld  |  out|    1|      ap_vld|                                l_tilde_28|       pointer|
|l_tilde_27         |  out|   32|      ap_vld|                                l_tilde_27|       pointer|
|l_tilde_27_ap_vld  |  out|    1|      ap_vld|                                l_tilde_27|       pointer|
|l_tilde_26         |  out|   32|      ap_vld|                                l_tilde_26|       pointer|
|l_tilde_26_ap_vld  |  out|    1|      ap_vld|                                l_tilde_26|       pointer|
|l_tilde_25         |  out|   32|      ap_vld|                                l_tilde_25|       pointer|
|l_tilde_25_ap_vld  |  out|    1|      ap_vld|                                l_tilde_25|       pointer|
|l_tilde_24         |  out|   32|      ap_vld|                                l_tilde_24|       pointer|
|l_tilde_24_ap_vld  |  out|    1|      ap_vld|                                l_tilde_24|       pointer|
|l_tilde_23         |  out|   32|      ap_vld|                                l_tilde_23|       pointer|
|l_tilde_23_ap_vld  |  out|    1|      ap_vld|                                l_tilde_23|       pointer|
|l_tilde_22         |  out|   32|      ap_vld|                                l_tilde_22|       pointer|
|l_tilde_22_ap_vld  |  out|    1|      ap_vld|                                l_tilde_22|       pointer|
|l_tilde_21         |  out|   32|      ap_vld|                                l_tilde_21|       pointer|
|l_tilde_21_ap_vld  |  out|    1|      ap_vld|                                l_tilde_21|       pointer|
|l_tilde_20         |  out|   32|      ap_vld|                                l_tilde_20|       pointer|
|l_tilde_20_ap_vld  |  out|    1|      ap_vld|                                l_tilde_20|       pointer|
|l_tilde_19         |  out|   32|      ap_vld|                                l_tilde_19|       pointer|
|l_tilde_19_ap_vld  |  out|    1|      ap_vld|                                l_tilde_19|       pointer|
|l_tilde_18         |  out|   32|      ap_vld|                                l_tilde_18|       pointer|
|l_tilde_18_ap_vld  |  out|    1|      ap_vld|                                l_tilde_18|       pointer|
|l_tilde_17         |  out|   32|      ap_vld|                                l_tilde_17|       pointer|
|l_tilde_17_ap_vld  |  out|    1|      ap_vld|                                l_tilde_17|       pointer|
|l_tilde_16         |  out|   32|      ap_vld|                                l_tilde_16|       pointer|
|l_tilde_16_ap_vld  |  out|    1|      ap_vld|                                l_tilde_16|       pointer|
|l_tilde_15         |  out|   32|      ap_vld|                                l_tilde_15|       pointer|
|l_tilde_15_ap_vld  |  out|    1|      ap_vld|                                l_tilde_15|       pointer|
|l_tilde_14         |  out|   32|      ap_vld|                                l_tilde_14|       pointer|
|l_tilde_14_ap_vld  |  out|    1|      ap_vld|                                l_tilde_14|       pointer|
|l_tilde_13         |  out|   32|      ap_vld|                                l_tilde_13|       pointer|
|l_tilde_13_ap_vld  |  out|    1|      ap_vld|                                l_tilde_13|       pointer|
|l_tilde_12         |  out|   32|      ap_vld|                                l_tilde_12|       pointer|
|l_tilde_12_ap_vld  |  out|    1|      ap_vld|                                l_tilde_12|       pointer|
|l_tilde_11         |  out|   32|      ap_vld|                                l_tilde_11|       pointer|
|l_tilde_11_ap_vld  |  out|    1|      ap_vld|                                l_tilde_11|       pointer|
|l_tilde_10         |  out|   32|      ap_vld|                                l_tilde_10|       pointer|
|l_tilde_10_ap_vld  |  out|    1|      ap_vld|                                l_tilde_10|       pointer|
|l_tilde_9          |  out|   32|      ap_vld|                                 l_tilde_9|       pointer|
|l_tilde_9_ap_vld   |  out|    1|      ap_vld|                                 l_tilde_9|       pointer|
|l_tilde_8          |  out|   32|      ap_vld|                                 l_tilde_8|       pointer|
|l_tilde_8_ap_vld   |  out|    1|      ap_vld|                                 l_tilde_8|       pointer|
|l_tilde_7          |  out|   32|      ap_vld|                                 l_tilde_7|       pointer|
|l_tilde_7_ap_vld   |  out|    1|      ap_vld|                                 l_tilde_7|       pointer|
|l_tilde_6          |  out|   32|      ap_vld|                                 l_tilde_6|       pointer|
|l_tilde_6_ap_vld   |  out|    1|      ap_vld|                                 l_tilde_6|       pointer|
|l_tilde_5          |  out|   32|      ap_vld|                                 l_tilde_5|       pointer|
|l_tilde_5_ap_vld   |  out|    1|      ap_vld|                                 l_tilde_5|       pointer|
|l_tilde_4          |  out|   32|      ap_vld|                                 l_tilde_4|       pointer|
|l_tilde_4_ap_vld   |  out|    1|      ap_vld|                                 l_tilde_4|       pointer|
|l_tilde_3          |  out|   32|      ap_vld|                                 l_tilde_3|       pointer|
|l_tilde_3_ap_vld   |  out|    1|      ap_vld|                                 l_tilde_3|       pointer|
|l_tilde_2          |  out|   32|      ap_vld|                                 l_tilde_2|       pointer|
|l_tilde_2_ap_vld   |  out|    1|      ap_vld|                                 l_tilde_2|       pointer|
|l_tilde_1          |  out|   32|      ap_vld|                                 l_tilde_1|       pointer|
|l_tilde_1_ap_vld   |  out|    1|      ap_vld|                                 l_tilde_1|       pointer|
|m_tilde_63         |  out|   32|      ap_vld|                                m_tilde_63|       pointer|
|m_tilde_63_ap_vld  |  out|    1|      ap_vld|                                m_tilde_63|       pointer|
|m_tilde_62         |  out|   32|      ap_vld|                                m_tilde_62|       pointer|
|m_tilde_62_ap_vld  |  out|    1|      ap_vld|                                m_tilde_62|       pointer|
|m_tilde_61         |  out|   32|      ap_vld|                                m_tilde_61|       pointer|
|m_tilde_61_ap_vld  |  out|    1|      ap_vld|                                m_tilde_61|       pointer|
|m_tilde_60         |  out|   32|      ap_vld|                                m_tilde_60|       pointer|
|m_tilde_60_ap_vld  |  out|    1|      ap_vld|                                m_tilde_60|       pointer|
|m_tilde_59         |  out|   32|      ap_vld|                                m_tilde_59|       pointer|
|m_tilde_59_ap_vld  |  out|    1|      ap_vld|                                m_tilde_59|       pointer|
|m_tilde_58         |  out|   32|      ap_vld|                                m_tilde_58|       pointer|
|m_tilde_58_ap_vld  |  out|    1|      ap_vld|                                m_tilde_58|       pointer|
|m_tilde_57         |  out|   32|      ap_vld|                                m_tilde_57|       pointer|
|m_tilde_57_ap_vld  |  out|    1|      ap_vld|                                m_tilde_57|       pointer|
|m_tilde_56         |  out|   32|      ap_vld|                                m_tilde_56|       pointer|
|m_tilde_56_ap_vld  |  out|    1|      ap_vld|                                m_tilde_56|       pointer|
|m_tilde_55         |  out|   32|      ap_vld|                                m_tilde_55|       pointer|
|m_tilde_55_ap_vld  |  out|    1|      ap_vld|                                m_tilde_55|       pointer|
|m_tilde_54         |  out|   32|      ap_vld|                                m_tilde_54|       pointer|
|m_tilde_54_ap_vld  |  out|    1|      ap_vld|                                m_tilde_54|       pointer|
|m_tilde_53         |  out|   32|      ap_vld|                                m_tilde_53|       pointer|
|m_tilde_53_ap_vld  |  out|    1|      ap_vld|                                m_tilde_53|       pointer|
|m_tilde_52         |  out|   32|      ap_vld|                                m_tilde_52|       pointer|
|m_tilde_52_ap_vld  |  out|    1|      ap_vld|                                m_tilde_52|       pointer|
|m_tilde_51         |  out|   32|      ap_vld|                                m_tilde_51|       pointer|
|m_tilde_51_ap_vld  |  out|    1|      ap_vld|                                m_tilde_51|       pointer|
|m_tilde_50         |  out|   32|      ap_vld|                                m_tilde_50|       pointer|
|m_tilde_50_ap_vld  |  out|    1|      ap_vld|                                m_tilde_50|       pointer|
|m_tilde_49         |  out|   32|      ap_vld|                                m_tilde_49|       pointer|
|m_tilde_49_ap_vld  |  out|    1|      ap_vld|                                m_tilde_49|       pointer|
|m_tilde_48         |  out|   32|      ap_vld|                                m_tilde_48|       pointer|
|m_tilde_48_ap_vld  |  out|    1|      ap_vld|                                m_tilde_48|       pointer|
|m_tilde_47         |  out|   32|      ap_vld|                                m_tilde_47|       pointer|
|m_tilde_47_ap_vld  |  out|    1|      ap_vld|                                m_tilde_47|       pointer|
|m_tilde_46         |  out|   32|      ap_vld|                                m_tilde_46|       pointer|
|m_tilde_46_ap_vld  |  out|    1|      ap_vld|                                m_tilde_46|       pointer|
|m_tilde_45         |  out|   32|      ap_vld|                                m_tilde_45|       pointer|
|m_tilde_45_ap_vld  |  out|    1|      ap_vld|                                m_tilde_45|       pointer|
|m_tilde_44         |  out|   32|      ap_vld|                                m_tilde_44|       pointer|
|m_tilde_44_ap_vld  |  out|    1|      ap_vld|                                m_tilde_44|       pointer|
|m_tilde_43         |  out|   32|      ap_vld|                                m_tilde_43|       pointer|
|m_tilde_43_ap_vld  |  out|    1|      ap_vld|                                m_tilde_43|       pointer|
|m_tilde_42         |  out|   32|      ap_vld|                                m_tilde_42|       pointer|
|m_tilde_42_ap_vld  |  out|    1|      ap_vld|                                m_tilde_42|       pointer|
|m_tilde_41         |  out|   32|      ap_vld|                                m_tilde_41|       pointer|
|m_tilde_41_ap_vld  |  out|    1|      ap_vld|                                m_tilde_41|       pointer|
|m_tilde_40         |  out|   32|      ap_vld|                                m_tilde_40|       pointer|
|m_tilde_40_ap_vld  |  out|    1|      ap_vld|                                m_tilde_40|       pointer|
|m_tilde_39         |  out|   32|      ap_vld|                                m_tilde_39|       pointer|
|m_tilde_39_ap_vld  |  out|    1|      ap_vld|                                m_tilde_39|       pointer|
|m_tilde_38         |  out|   32|      ap_vld|                                m_tilde_38|       pointer|
|m_tilde_38_ap_vld  |  out|    1|      ap_vld|                                m_tilde_38|       pointer|
|m_tilde_37         |  out|   32|      ap_vld|                                m_tilde_37|       pointer|
|m_tilde_37_ap_vld  |  out|    1|      ap_vld|                                m_tilde_37|       pointer|
|m_tilde_36         |  out|   32|      ap_vld|                                m_tilde_36|       pointer|
|m_tilde_36_ap_vld  |  out|    1|      ap_vld|                                m_tilde_36|       pointer|
|m_tilde_35         |  out|   32|      ap_vld|                                m_tilde_35|       pointer|
|m_tilde_35_ap_vld  |  out|    1|      ap_vld|                                m_tilde_35|       pointer|
|m_tilde_34         |  out|   32|      ap_vld|                                m_tilde_34|       pointer|
|m_tilde_34_ap_vld  |  out|    1|      ap_vld|                                m_tilde_34|       pointer|
|m_tilde_33         |  out|   32|      ap_vld|                                m_tilde_33|       pointer|
|m_tilde_33_ap_vld  |  out|    1|      ap_vld|                                m_tilde_33|       pointer|
|m_tilde_32         |  out|   32|      ap_vld|                                m_tilde_32|       pointer|
|m_tilde_32_ap_vld  |  out|    1|      ap_vld|                                m_tilde_32|       pointer|
|m_tilde_31         |  out|   32|      ap_vld|                                m_tilde_31|       pointer|
|m_tilde_31_ap_vld  |  out|    1|      ap_vld|                                m_tilde_31|       pointer|
|m_tilde_30         |  out|   32|      ap_vld|                                m_tilde_30|       pointer|
|m_tilde_30_ap_vld  |  out|    1|      ap_vld|                                m_tilde_30|       pointer|
|m_tilde_29         |  out|   32|      ap_vld|                                m_tilde_29|       pointer|
|m_tilde_29_ap_vld  |  out|    1|      ap_vld|                                m_tilde_29|       pointer|
|m_tilde_28         |  out|   32|      ap_vld|                                m_tilde_28|       pointer|
|m_tilde_28_ap_vld  |  out|    1|      ap_vld|                                m_tilde_28|       pointer|
|m_tilde_27         |  out|   32|      ap_vld|                                m_tilde_27|       pointer|
|m_tilde_27_ap_vld  |  out|    1|      ap_vld|                                m_tilde_27|       pointer|
|m_tilde_26         |  out|   32|      ap_vld|                                m_tilde_26|       pointer|
|m_tilde_26_ap_vld  |  out|    1|      ap_vld|                                m_tilde_26|       pointer|
|m_tilde_25         |  out|   32|      ap_vld|                                m_tilde_25|       pointer|
|m_tilde_25_ap_vld  |  out|    1|      ap_vld|                                m_tilde_25|       pointer|
|m_tilde_24         |  out|   32|      ap_vld|                                m_tilde_24|       pointer|
|m_tilde_24_ap_vld  |  out|    1|      ap_vld|                                m_tilde_24|       pointer|
|m_tilde_23         |  out|   32|      ap_vld|                                m_tilde_23|       pointer|
|m_tilde_23_ap_vld  |  out|    1|      ap_vld|                                m_tilde_23|       pointer|
|m_tilde_22         |  out|   32|      ap_vld|                                m_tilde_22|       pointer|
|m_tilde_22_ap_vld  |  out|    1|      ap_vld|                                m_tilde_22|       pointer|
|m_tilde_21         |  out|   32|      ap_vld|                                m_tilde_21|       pointer|
|m_tilde_21_ap_vld  |  out|    1|      ap_vld|                                m_tilde_21|       pointer|
|m_tilde_20         |  out|   32|      ap_vld|                                m_tilde_20|       pointer|
|m_tilde_20_ap_vld  |  out|    1|      ap_vld|                                m_tilde_20|       pointer|
|m_tilde_19         |  out|   32|      ap_vld|                                m_tilde_19|       pointer|
|m_tilde_19_ap_vld  |  out|    1|      ap_vld|                                m_tilde_19|       pointer|
|m_tilde_18         |  out|   32|      ap_vld|                                m_tilde_18|       pointer|
|m_tilde_18_ap_vld  |  out|    1|      ap_vld|                                m_tilde_18|       pointer|
|m_tilde_17         |  out|   32|      ap_vld|                                m_tilde_17|       pointer|
|m_tilde_17_ap_vld  |  out|    1|      ap_vld|                                m_tilde_17|       pointer|
|m_tilde_16         |  out|   32|      ap_vld|                                m_tilde_16|       pointer|
|m_tilde_16_ap_vld  |  out|    1|      ap_vld|                                m_tilde_16|       pointer|
|m_tilde_15         |  out|   32|      ap_vld|                                m_tilde_15|       pointer|
|m_tilde_15_ap_vld  |  out|    1|      ap_vld|                                m_tilde_15|       pointer|
|m_tilde_14         |  out|   32|      ap_vld|                                m_tilde_14|       pointer|
|m_tilde_14_ap_vld  |  out|    1|      ap_vld|                                m_tilde_14|       pointer|
|m_tilde_13         |  out|   32|      ap_vld|                                m_tilde_13|       pointer|
|m_tilde_13_ap_vld  |  out|    1|      ap_vld|                                m_tilde_13|       pointer|
|m_tilde_12         |  out|   32|      ap_vld|                                m_tilde_12|       pointer|
|m_tilde_12_ap_vld  |  out|    1|      ap_vld|                                m_tilde_12|       pointer|
|m_tilde_11         |  out|   32|      ap_vld|                                m_tilde_11|       pointer|
|m_tilde_11_ap_vld  |  out|    1|      ap_vld|                                m_tilde_11|       pointer|
|m_tilde_10         |  out|   32|      ap_vld|                                m_tilde_10|       pointer|
|m_tilde_10_ap_vld  |  out|    1|      ap_vld|                                m_tilde_10|       pointer|
|m_tilde_9          |  out|   32|      ap_vld|                                 m_tilde_9|       pointer|
|m_tilde_9_ap_vld   |  out|    1|      ap_vld|                                 m_tilde_9|       pointer|
|m_tilde_8          |  out|   32|      ap_vld|                                 m_tilde_8|       pointer|
|m_tilde_8_ap_vld   |  out|    1|      ap_vld|                                 m_tilde_8|       pointer|
|m_tilde_7          |  out|   32|      ap_vld|                                 m_tilde_7|       pointer|
|m_tilde_7_ap_vld   |  out|    1|      ap_vld|                                 m_tilde_7|       pointer|
|m_tilde_6          |  out|   32|      ap_vld|                                 m_tilde_6|       pointer|
|m_tilde_6_ap_vld   |  out|    1|      ap_vld|                                 m_tilde_6|       pointer|
|m_tilde_5          |  out|   32|      ap_vld|                                 m_tilde_5|       pointer|
|m_tilde_5_ap_vld   |  out|    1|      ap_vld|                                 m_tilde_5|       pointer|
|m_tilde_4          |  out|   32|      ap_vld|                                 m_tilde_4|       pointer|
|m_tilde_4_ap_vld   |  out|    1|      ap_vld|                                 m_tilde_4|       pointer|
|m_tilde_3          |  out|   32|      ap_vld|                                 m_tilde_3|       pointer|
|m_tilde_3_ap_vld   |  out|    1|      ap_vld|                                 m_tilde_3|       pointer|
|m_tilde_2          |  out|   32|      ap_vld|                                 m_tilde_2|       pointer|
|m_tilde_2_ap_vld   |  out|    1|      ap_vld|                                 m_tilde_2|       pointer|
|m_tilde_1          |  out|   32|      ap_vld|                                 m_tilde_1|       pointer|
|m_tilde_1_ap_vld   |  out|    1|      ap_vld|                                 m_tilde_1|       pointer|
|m_tilde_0          |  out|   32|      ap_vld|                                 m_tilde_0|       pointer|
|m_tilde_0_ap_vld   |  out|    1|      ap_vld|                                 m_tilde_0|       pointer|
+-------------------+-----+-----+------------+------------------------------------------+--------------+

