

================================================================
== Vitis HLS Report for 'online_softmax_tile_Pipeline_ROWMAX_INNER'
================================================================
* Date:           Sun Mar 22 18:06:51 2026

* Version:        2025.1 (Build 6135595 on May 21 2025)
* Project:        FlashAtt1
* Solution:       hls (Vivado IP Flow Target)
* Product family: versalhbm
* Target device:  xcvh1582-lsva4737-2LHP-e-S


================================================================
== Performance Estimates
================================================================
+ Timing: 
    * Summary: 
    +--------+----------+----------+------------+
    |  Clock |  Target  | Estimated| Uncertainty|
    +--------+----------+----------+------------+
    |ap_clk  |  10.00 ns|  4.870 ns|     2.70 ns|
    +--------+----------+----------+------------+

+ Latency: 
    * Summary: 
    +---------+---------+----------+----------+-----+-----+------------------------------------------------+
    |  Latency (cycles) |  Latency (absolute) |  Interval |                    Pipeline                    |
    |   min   |   max   |    min   |    max   | min | max |                      Type                      |
    +---------+---------+----------+----------+-----+-----+------------------------------------------------+
    |       66|       66|  0.660 us|  0.660 us|   65|   65|  loop auto-rewind stp (delay=0 clock cycles(s))|
    +---------+---------+----------+----------+-----+-----+------------------------------------------------+

    + Detail: 
        * Instance: 
        N/A

        * Loop: 
        +----------------+---------+---------+----------+-----------+-----------+------+----------+
        |                |  Latency (cycles) | Iteration|  Initiation Interval  | Trip |          |
        |    Loop Name   |   min   |   max   |  Latency |  achieved |   target  | Count| Pipelined|
        +----------------+---------+---------+----------+-----------+-----------+------+----------+
        |- ROWMAX_INNER  |       64|       64|         2|          1|          1|    64|       yes|
        +----------------+---------+---------+----------+-----------+-----------+------+----------+



================================================================
== Utilization Estimates
================================================================
* Summary: 
+---------------------+---------+------+---------+---------+------+
|         Name        | BRAM_18K|  DSP |    FF   |   LUT   | URAM |
+---------------------+---------+------+---------+---------+------+
|DSP                  |        -|     -|        -|        -|     -|
|Expression           |        -|     -|        0|      123|     -|
|FIFO                 |        -|     -|        -|        -|     -|
|Instance             |        -|     -|        0|       96|     -|
|Memory               |        -|     -|        -|        -|     -|
|Multiplexer          |        -|     -|        0|       50|     -|
|Register             |        -|     -|       46|        -|     -|
+---------------------+---------+------+---------+---------+------+
|Total                |        0|     0|       46|      269|     0|
+---------------------+---------+------+---------+---------+------+
|Available SLR        |     2541|  3696|  1753984|   876992|   650|
+---------------------+---------+------+---------+---------+------+
|Utilization SLR (%)  |        0|     0|       ~0|       ~0|     0|
+---------------------+---------+------+---------+---------+------+
|Available            |     5082|  7392|  3507968|  1753984|  1301|
+---------------------+---------+------+---------+---------+------+
|Utilization (%)      |        0|     0|       ~0|       ~0|     0|
+---------------------+---------+------+---------+---------+------+

+ Detail: 
    * Instance: 
    +----------------------------------+-----------------------------+---------+----+---+----+-----+
    |             Instance             |            Module           | BRAM_18K| DSP| FF| LUT| URAM|
    +----------------------------------+-----------------------------+---------+----+---+----+-----+
    |fcmp_32ns_32ns_1_1_no_dsp_1_U658  |fcmp_32ns_32ns_1_1_no_dsp_1  |        0|   0|  0|   0|    0|
    |sparsemux_17_3_32_1_1_U659        |sparsemux_17_3_32_1_1        |        0|   0|  0|  96|    0|
    +----------------------------------+-----------------------------+---------+----+---+----+-----+
    |Total                             |                             |        0|   0|  0|  96|    0|
    +----------------------------------+-----------------------------+---------+----+---+----+-----+

    * DSP: 
    N/A

    * Memory: 
    N/A

    * FIFO: 
    N/A

    * Expression: 
    +-----------------------+----------+----+---+----+------------+------------+
    |     Variable Name     | Operation| DSP| FF| LUT| Bitwidth P0| Bitwidth P1|
    +-----------------------+----------+----+---+----+------------+------------+
    |add_ln50_fu_260_p2     |         +|   0|  0|   8|           7|           1|
    |and_ln53_1_fu_501_p2   |       and|   0|  0|   2|           1|           1|
    |and_ln53_fu_495_p2     |       and|   0|  0|   2|           1|           1|
    |icmp_ln50_fu_266_p2    |      icmp|   0|  0|   3|           7|           8|
    |icmp_ln52_fu_310_p2    |      icmp|   0|  0|  16|          32|          32|
    |icmp_ln53_1_fu_457_p2  |      icmp|   0|  0|   9|          23|           1|
    |icmp_ln53_2_fu_469_p2  |      icmp|   0|  0|   3|           8|           2|
    |icmp_ln53_3_fu_475_p2  |      icmp|   0|  0|   9|          23|           1|
    |icmp_ln53_fu_451_p2    |      icmp|   0|  0|   3|           8|           2|
    |or_ln52_fu_362_p2      |        or|   0|  0|   2|           1|           1|
    |or_ln53_1_fu_481_p2    |        or|   0|  0|   2|           1|           1|
    |or_ln53_fu_463_p2      |        or|   0|  0|   2|           1|           1|
    |row_max_2_fu_507_p3    |    select|   0|  0|  29|           1|          32|
    |val_fu_406_p3          |    select|   0|  0|  29|           1|          29|
    |ap_enable_pp0          |       xor|   0|  0|   2|           1|           2|
    |xor_ln52_fu_357_p2     |       xor|   0|  0|   2|           1|           2|
    +-----------------------+----------+----+---+----+------------+------------+
    |Total                  |          |   0|  0| 123|         117|         117|
    +-----------------------+----------+----+---+----+------------+------------+

    * Multiplexer: 
    +-------------------------+----+-----------+-----+-----------+
    |           Name          | LUT| Input Size| Bits| Total Bits|
    +-------------------------+----+-----------+-----+-----------+
    |ap_done_int              |   1|          2|    1|          2|
    |ap_enable_reg_pp0_iter1  |   1|          2|    1|          2|
    |ap_sig_allocacmp_j_1     |   8|          2|    7|         14|
    |j_fu_110                 |   8|          2|    7|         14|
    |row_max_fu_106           |  32|          2|   32|         64|
    +-------------------------+----+-----------+-----+-----------+
    |Total                    |  50|         10|   48|         96|
    +-------------------------+----+-----------+-----+-----------+

    * Register: 
    +-------------------------+----+----+-----+-----------+
    |           Name          | FF | LUT| Bits| Const Bits|
    +-------------------------+----+----+-----+-----------+
    |ap_CS_fsm                |   1|   0|    1|          0|
    |ap_done_reg              |   1|   0|    1|          0|
    |ap_enable_reg_pp0_iter1  |   1|   0|    1|          0|
    |icmp_ln52_reg_592        |   1|   0|    1|          0|
    |j_fu_110                 |   7|   0|    7|          0|
    |row_max_fu_106           |  32|   0|   32|          0|
    |trunc_ln50_reg_547       |   3|   0|    3|          0|
    +-------------------------+----+----+-----+-----------+
    |Total                    |  46|   0|   46|          0|
    +-------------------------+----+----+-----+-----------+



================================================================
== Interface
================================================================
* Summary: 
+--------------------+-----+-----+------------+-------------------------------------------+--------------+
|      RTL Ports     | Dir | Bits|  Protocol  |               Source Object               |    C Type    |
+--------------------+-----+-----+------------+-------------------------------------------+--------------+
|ap_clk              |   in|    1|  ap_ctrl_hs|  online_softmax_tile_Pipeline_ROWMAX_INNER|  return value|
|ap_rst              |   in|    1|  ap_ctrl_hs|  online_softmax_tile_Pipeline_ROWMAX_INNER|  return value|
|ap_start            |   in|    1|  ap_ctrl_hs|  online_softmax_tile_Pipeline_ROWMAX_INNER|  return value|
|ap_done             |  out|    1|  ap_ctrl_hs|  online_softmax_tile_Pipeline_ROWMAX_INNER|  return value|
|ap_idle             |  out|    1|  ap_ctrl_hs|  online_softmax_tile_Pipeline_ROWMAX_INNER|  return value|
|ap_ready            |  out|    1|  ap_ctrl_hs|  online_softmax_tile_Pipeline_ROWMAX_INNER|  return value|
|i                   |   in|    6|     ap_none|                                          i|        scalar|
|S_tile_0_address0   |  out|    9|   ap_memory|                                   S_tile_0|         array|
|S_tile_0_ce0        |  out|    1|   ap_memory|                                   S_tile_0|         array|
|S_tile_0_q0         |   in|   32|   ap_memory|                                   S_tile_0|         array|
|S_tile_1_address0   |  out|    9|   ap_memory|                                   S_tile_1|         array|
|S_tile_1_ce0        |  out|    1|   ap_memory|                                   S_tile_1|         array|
|S_tile_1_q0         |   in|   32|   ap_memory|                                   S_tile_1|         array|
|S_tile_2_address0   |  out|    9|   ap_memory|                                   S_tile_2|         array|
|S_tile_2_ce0        |  out|    1|   ap_memory|                                   S_tile_2|         array|
|S_tile_2_q0         |   in|   32|   ap_memory|                                   S_tile_2|         array|
|S_tile_3_address0   |  out|    9|   ap_memory|                                   S_tile_3|         array|
|S_tile_3_ce0        |  out|    1|   ap_memory|                                   S_tile_3|         array|
|S_tile_3_q0         |   in|   32|   ap_memory|                                   S_tile_3|         array|
|S_tile_4_address0   |  out|    9|   ap_memory|                                   S_tile_4|         array|
|S_tile_4_ce0        |  out|    1|   ap_memory|                                   S_tile_4|         array|
|S_tile_4_q0         |   in|   32|   ap_memory|                                   S_tile_4|         array|
|S_tile_5_address0   |  out|    9|   ap_memory|                                   S_tile_5|         array|
|S_tile_5_ce0        |  out|    1|   ap_memory|                                   S_tile_5|         array|
|S_tile_5_q0         |   in|   32|   ap_memory|                                   S_tile_5|         array|
|S_tile_6_address0   |  out|    9|   ap_memory|                                   S_tile_6|         array|
|S_tile_6_ce0        |  out|    1|   ap_memory|                                   S_tile_6|         array|
|S_tile_6_q0         |   in|   32|   ap_memory|                                   S_tile_6|         array|
|S_tile_7_address0   |  out|    9|   ap_memory|                                   S_tile_7|         array|
|S_tile_7_ce0        |  out|    1|   ap_memory|                                   S_tile_7|         array|
|S_tile_7_q0         |   in|   32|   ap_memory|                                   S_tile_7|         array|
|bc_actual           |   in|   32|     ap_none|                                  bc_actual|        scalar|
|cmp6_not            |   in|    1|     ap_none|                                   cmp6_not|        scalar|
|row_max_out         |  out|   32|      ap_vld|                                row_max_out|       pointer|
|row_max_out_ap_vld  |  out|    1|      ap_vld|                                row_max_out|       pointer|
+--------------------+-----+-----+------------+-------------------------------------------+--------------+

