

================================================================
== Vitis HLS Report for 'store_tile_fp16_Pipeline_STORE_TILE_ROWS_STORE_TILE_BEATS'
================================================================
* Date:           Sun Mar 22 18:07:02 2026

* Version:        2025.1 (Build 6135595 on May 21 2025)
* Project:        FlashAtt1
* Solution:       hls (Vivado IP Flow Target)
* Product family: versalhbm
* Target device:  xcvh1582-lsva4737-2LHP-e-S


================================================================
== Performance Estimates
================================================================
+ Timing: 
    * Summary: 
    +--------+----------+----------+------------+
    |  Clock |  Target  | Estimated| Uncertainty|
    +--------+----------+----------+------------+
    |ap_clk  |  10.00 ns|  2.514 ns|     2.70 ns|
    +--------+----------+----------+------------+

+ Latency: 
    * Summary: 
    +---------+---------+----------+----------+-----+-----+------------------------------------------------+
    |  Latency (cycles) |  Latency (absolute) |  Interval |                    Pipeline                    |
    |   min   |   max   |    min   |    max   | min | max |                      Type                      |
    +---------+---------+----------+----------+-----+-----+------------------------------------------------+
    |        ?|        ?|         ?|         ?|    0|    0|  loop auto-rewind stp (delay=0 clock cycles(s))|
    +---------+---------+----------+----------+-----+-----+------------------------------------------------+

    + Detail: 
        * Instance: 
        N/A

        * Loop: 
        +------------------------------------+---------+---------+----------+-----------+-----------+------+----------+
        |                                    |  Latency (cycles) | Iteration|  Initiation Interval  | Trip |          |
        |              Loop Name             |   min   |   max   |  Latency |  achieved |   target  | Count| Pipelined|
        +------------------------------------+---------+---------+----------+-----------+-----------+------+----------+
        |- STORE_TILE_ROWS_STORE_TILE_BEATS  |        ?|        ?|         2|          1|          1|     ?|       yes|
        +------------------------------------+---------+---------+----------+-----------+-----------+------+----------+



================================================================
== Utilization Estimates
================================================================
* Summary: 
+---------------------+---------+------+---------+---------+------+
|         Name        | BRAM_18K|  DSP |    FF   |   LUT   | URAM |
+---------------------+---------+------+---------+---------+------+
|DSP                  |        -|     -|        -|        -|     -|
|Expression           |        -|     -|        0|      120|     -|
|FIFO                 |        -|     -|        -|        -|     -|
|Instance             |        -|     -|        -|        -|     -|
|Memory               |        -|     -|        -|        -|     -|
|Multiplexer          |        -|     -|        0|      107|     -|
|Register             |        -|     -|       71|        -|     -|
+---------------------+---------+------+---------+---------+------+
|Total                |        0|     0|       71|      227|     0|
+---------------------+---------+------+---------+---------+------+
|Available SLR        |     2541|  3696|  1753984|   876992|   650|
+---------------------+---------+------+---------+---------+------+
|Utilization SLR (%)  |        0|     0|       ~0|       ~0|     0|
+---------------------+---------+------+---------+---------+------+
|Available            |     5082|  7392|  3507968|  1753984|  1301|
+---------------------+---------+------+---------+---------+------+
|Utilization (%)      |        0|     0|       ~0|       ~0|     0|
+---------------------+---------+------+---------+---------+------+

+ Detail: 
    * Instance: 
    N/A

    * DSP: 
    N/A

    * Memory: 
    N/A

    * FIFO: 
    N/A

    * Expression: 
    +---------------------------+----------+----+---+----+------------+------------+
    |       Variable Name       | Operation| DSP| FF| LUT| Bitwidth P0| Bitwidth P1|
    +---------------------------+----------+----+---+----+------------+------------+
    |add_ln201_1_fu_575_p2      |         +|   0|  0|  31|          31|           1|
    |add_ln201_fu_558_p2        |         +|   0|  0|  33|          33|           1|
    |add_ln205_fu_799_p2        |         +|   0|  0|   6|           3|           1|
    |ap_block_pp0_stage0_11001  |       and|   0|  0|   2|           1|           1|
    |icmp_ln201_fu_564_p2       |      icmp|   0|  0|  13|          33|          33|
    |icmp_ln205_fu_581_p2       |      icmp|   0|  0|   2|           3|           4|
    |select_ln201_1_fu_595_p3   |    select|   0|  0|  28|           1|          31|
    |select_ln201_fu_587_p3     |    select|   0|  0|   3|           1|           1|
    |ap_enable_pp0              |       xor|   0|  0|   2|           1|           2|
    +---------------------------+----------+----+---+----+------------+------------+
    |Total                      |          |   0|  0| 120|         107|          75|
    +---------------------------+----------+----+---+----+------------+------------+

    * Multiplexer: 
    +-------------------------+----+-----------+-----+-----------+
    |           Name          | LUT| Input Size| Bits| Total Bits|
    +-------------------------+----+-----------+-----+-----------+
    |ap_done_int              |   1|          2|    1|          2|
    |ap_enable_reg_pp0_iter1  |   1|          2|    1|          2|
    |ap_enable_reg_pp0_iter2  |   1|          2|    1|          2|
    |b_fu_104                 |   8|          2|    3|          6|
    |gmem_O_blk_n_W           |   1|          2|    1|          2|
    |indvar_flatten_fu_112    |  63|          2|   33|         66|
    |r_fu_108                 |  32|          2|   31|         62|
    +-------------------------+----+-----------+-----+-----------+
    |Total                    | 107|         14|   71|        142|
    +-------------------------+----+-----------+-----+-----------+

    * Register: 
    +-------------------------+----+----+-----+-----------+
    |           Name          | FF | LUT| Bits| Const Bits|
    +-------------------------+----+----+-----+-----------+
    |ap_CS_fsm                |   1|   0|    1|          0|
    |ap_done_reg              |   1|   0|    1|          0|
    |ap_enable_reg_pp0_iter1  |   1|   0|    1|          0|
    |ap_enable_reg_pp0_iter2  |   1|   0|    1|          0|
    |b_fu_104                 |   3|   0|    3|          0|
    |indvar_flatten_fu_112    |  33|   0|   33|          0|
    |r_fu_108                 |  31|   0|   31|          0|
    +-------------------------+----+----+-----+-----------+
    |Total                    |  71|   0|   71|          0|
    +-------------------------+----+----+-----+-----------+



================================================================
== Interface
================================================================
* Summary: 
+-------------------------+-----+-----+------------+-----------------------------------------------------------+--------------+
|        RTL Ports        | Dir | Bits|  Protocol  |                       Source Object                       |    C Type    |
+-------------------------+-----+-----+------------+-----------------------------------------------------------+--------------+
|ap_clk                   |   in|    1|  ap_ctrl_hs|  store_tile_fp16_Pipeline_STORE_TILE_ROWS_STORE_TILE_BEATS|  return value|
|ap_rst                   |   in|    1|  ap_ctrl_hs|  store_tile_fp16_Pipeline_STORE_TILE_ROWS_STORE_TILE_BEATS|  return value|
|ap_start                 |   in|    1|  ap_ctrl_hs|  store_tile_fp16_Pipeline_STORE_TILE_ROWS_STORE_TILE_BEATS|  return value|
|ap_done                  |  out|    1|  ap_ctrl_hs|  store_tile_fp16_Pipeline_STORE_TILE_ROWS_STORE_TILE_BEATS|  return value|
|ap_idle                  |  out|    1|  ap_ctrl_hs|  store_tile_fp16_Pipeline_STORE_TILE_ROWS_STORE_TILE_BEATS|  return value|
|ap_ready                 |  out|    1|  ap_ctrl_hs|  store_tile_fp16_Pipeline_STORE_TILE_ROWS_STORE_TILE_BEATS|  return value|
|m_axi_gmem_O_0_AWVALID   |  out|    1|       m_axi|                                                     gmem_O|       pointer|
|m_axi_gmem_O_0_AWREADY   |   in|    1|       m_axi|                                                     gmem_O|       pointer|
|m_axi_gmem_O_0_AWADDR    |  out|   64|       m_axi|                                                     gmem_O|       pointer|
|m_axi_gmem_O_0_AWID      |  out|    1|       m_axi|                                                     gmem_O|       pointer|
|m_axi_gmem_O_0_AWLEN     |  out|   32|       m_axi|                                                     gmem_O|       pointer|
|m_axi_gmem_O_0_AWSIZE    |  out|    3|       m_axi|                                                     gmem_O|       pointer|
|m_axi_gmem_O_0_AWBURST   |  out|    2|       m_axi|                                                     gmem_O|       pointer|
|m_axi_gmem_O_0_AWLOCK    |  out|    2|       m_axi|                                                     gmem_O|       pointer|
|m_axi_gmem_O_0_AWCACHE   |  out|    4|       m_axi|                                                     gmem_O|       pointer|
|m_axi_gmem_O_0_AWPROT    |  out|    3|       m_axi|                                                     gmem_O|       pointer|
|m_axi_gmem_O_0_AWQOS     |  out|    4|       m_axi|                                                     gmem_O|       pointer|
|m_axi_gmem_O_0_AWREGION  |  out|    4|       m_axi|                                                     gmem_O|       pointer|
|m_axi_gmem_O_0_AWUSER    |  out|    1|       m_axi|                                                     gmem_O|       pointer|
|m_axi_gmem_O_0_WVALID    |  out|    1|       m_axi|                                                     gmem_O|       pointer|
|m_axi_gmem_O_0_WREADY    |   in|    1|       m_axi|                                                     gmem_O|       pointer|
|m_axi_gmem_O_0_WDATA     |  out|  512|       m_axi|                                                     gmem_O|       pointer|
|m_axi_gmem_O_0_WSTRB     |  out|   64|       m_axi|                                                     gmem_O|       pointer|
|m_axi_gmem_O_0_WLAST     |  out|    1|       m_axi|                                                     gmem_O|       pointer|
|m_axi_gmem_O_0_WID       |  out|    1|       m_axi|                                                     gmem_O|       pointer|
|m_axi_gmem_O_0_WUSER     |  out|    1|       m_axi|                                                     gmem_O|       pointer|
|m_axi_gmem_O_0_ARVALID   |  out|    1|       m_axi|                                                     gmem_O|       pointer|
|m_axi_gmem_O_0_ARREADY   |   in|    1|       m_axi|                                                     gmem_O|       pointer|
|m_axi_gmem_O_0_ARADDR    |  out|   64|       m_axi|                                                     gmem_O|       pointer|
|m_axi_gmem_O_0_ARID      |  out|    1|       m_axi|                                                     gmem_O|       pointer|
|m_axi_gmem_O_0_ARLEN     |  out|   32|       m_axi|                                                     gmem_O|       pointer|
|m_axi_gmem_O_0_ARSIZE    |  out|    3|       m_axi|                                                     gmem_O|       pointer|
|m_axi_gmem_O_0_ARBURST   |  out|    2|       m_axi|                                                     gmem_O|       pointer|
|m_axi_gmem_O_0_ARLOCK    |  out|    2|       m_axi|                                                     gmem_O|       pointer|
|m_axi_gmem_O_0_ARCACHE   |  out|    4|       m_axi|                                                     gmem_O|       pointer|
|m_axi_gmem_O_0_ARPROT    |  out|    3|       m_axi|                                                     gmem_O|       pointer|
|m_axi_gmem_O_0_ARQOS     |  out|    4|       m_axi|                                                     gmem_O|       pointer|
|m_axi_gmem_O_0_ARREGION  |  out|    4|       m_axi|                                                     gmem_O|       pointer|
|m_axi_gmem_O_0_ARUSER    |  out|    1|       m_axi|                                                     gmem_O|       pointer|
|m_axi_gmem_O_0_RVALID    |   in|    1|       m_axi|                                                     gmem_O|       pointer|
|m_axi_gmem_O_0_RREADY    |  out|    1|       m_axi|                                                     gmem_O|       pointer|
|m_axi_gmem_O_0_RDATA     |   in|  512|       m_axi|                                                     gmem_O|       pointer|
|m_axi_gmem_O_0_RLAST     |   in|    1|       m_axi|                                                     gmem_O|       pointer|
|m_axi_gmem_O_0_RID       |   in|    1|       m_axi|                                                     gmem_O|       pointer|
|m_axi_gmem_O_0_RFIFONUM  |   in|    9|       m_axi|                                                     gmem_O|       pointer|
|m_axi_gmem_O_0_RUSER     |   in|    1|       m_axi|                                                     gmem_O|       pointer|
|m_axi_gmem_O_0_RRESP     |   in|    2|       m_axi|                                                     gmem_O|       pointer|
|m_axi_gmem_O_0_BVALID    |   in|    1|       m_axi|                                                     gmem_O|       pointer|
|m_axi_gmem_O_0_BREADY    |  out|    1|       m_axi|                                                     gmem_O|       pointer|
|m_axi_gmem_O_0_BRESP     |   in|    2|       m_axi|                                                     gmem_O|       pointer|
|m_axi_gmem_O_0_BID       |   in|    1|       m_axi|                                                     gmem_O|       pointer|
|m_axi_gmem_O_0_BUSER     |   in|    1|       m_axi|                                                     gmem_O|       pointer|
|tmp_9                    |   in|   33|     ap_none|                                                      tmp_9|        scalar|
|sext_ln201_1             |   in|   58|     ap_none|                                               sext_ln201_1|        scalar|
|tile_0_address0          |  out|    9|   ap_memory|                                                     tile_0|         array|
|tile_0_ce0               |  out|    1|   ap_memory|                                                     tile_0|         array|
|tile_0_q0                |   in|   16|   ap_memory|                                                     tile_0|         array|
|tile_0_address1          |  out|    9|   ap_memory|                                                     tile_0|         array|
|tile_0_ce1               |  out|    1|   ap_memory|                                                     tile_0|         array|
|tile_0_q1                |   in|   16|   ap_memory|                                                     tile_0|         array|
|tile_1_address0          |  out|    9|   ap_memory|                                                     tile_1|         array|
|tile_1_ce0               |  out|    1|   ap_memory|                                                     tile_1|         array|
|tile_1_q0                |   in|   16|   ap_memory|                                                     tile_1|         array|
|tile_1_address1          |  out|    9|   ap_memory|                                                     tile_1|         array|
|tile_1_ce1               |  out|    1|   ap_memory|                                                     tile_1|         array|
|tile_1_q1                |   in|   16|   ap_memory|                                                     tile_1|         array|
|tile_2_address0          |  out|    9|   ap_memory|                                                     tile_2|         array|
|tile_2_ce0               |  out|    1|   ap_memory|                                                     tile_2|         array|
|tile_2_q0                |   in|   16|   ap_memory|                                                     tile_2|         array|
|tile_2_address1          |  out|    9|   ap_memory|                                                     tile_2|         array|
|tile_2_ce1               |  out|    1|   ap_memory|                                                     tile_2|         array|
|tile_2_q1                |   in|   16|   ap_memory|                                                     tile_2|         array|
|tile_3_address0          |  out|    9|   ap_memory|                                                     tile_3|         array|
|tile_3_ce0               |  out|    1|   ap_memory|                                                     tile_3|         array|
|tile_3_q0                |   in|   16|   ap_memory|                                                     tile_3|         array|
|tile_3_address1          |  out|    9|   ap_memory|                                                     tile_3|         array|
|tile_3_ce1               |  out|    1|   ap_memory|                                                     tile_3|         array|
|tile_3_q1                |   in|   16|   ap_memory|                                                     tile_3|         array|
|tile_4_address0          |  out|    9|   ap_memory|                                                     tile_4|         array|
|tile_4_ce0               |  out|    1|   ap_memory|                                                     tile_4|         array|
|tile_4_q0                |   in|   16|   ap_memory|                                                     tile_4|         array|
|tile_4_address1          |  out|    9|   ap_memory|                                                     tile_4|         array|
|tile_4_ce1               |  out|    1|   ap_memory|                                                     tile_4|         array|
|tile_4_q1                |   in|   16|   ap_memory|                                                     tile_4|         array|
|tile_5_address0          |  out|    9|   ap_memory|                                                     tile_5|         array|
|tile_5_ce0               |  out|    1|   ap_memory|                                                     tile_5|         array|
|tile_5_q0                |   in|   16|   ap_memory|                                                     tile_5|         array|
|tile_5_address1          |  out|    9|   ap_memory|                                                     tile_5|         array|
|tile_5_ce1               |  out|    1|   ap_memory|                                                     tile_5|         array|
|tile_5_q1                |   in|   16|   ap_memory|                                                     tile_5|         array|
|tile_6_address0          |  out|    9|   ap_memory|                                                     tile_6|         array|
|tile_6_ce0               |  out|    1|   ap_memory|                                                     tile_6|         array|
|tile_6_q0                |   in|   16|   ap_memory|                                                     tile_6|         array|
|tile_6_address1          |  out|    9|   ap_memory|                                                     tile_6|         array|
|tile_6_ce1               |  out|    1|   ap_memory|                                                     tile_6|         array|
|tile_6_q1                |   in|   16|   ap_memory|                                                     tile_6|         array|
|tile_7_address0          |  out|    9|   ap_memory|                                                     tile_7|         array|
|tile_7_ce0               |  out|    1|   ap_memory|                                                     tile_7|         array|
|tile_7_q0                |   in|   16|   ap_memory|                                                     tile_7|         array|
|tile_7_address1          |  out|    9|   ap_memory|                                                     tile_7|         array|
|tile_7_ce1               |  out|    1|   ap_memory|                                                     tile_7|         array|
|tile_7_q1                |   in|   16|   ap_memory|                                                     tile_7|         array|
|tile_8_address0          |  out|    9|   ap_memory|                                                     tile_8|         array|
|tile_8_ce0               |  out|    1|   ap_memory|                                                     tile_8|         array|
|tile_8_q0                |   in|   16|   ap_memory|                                                     tile_8|         array|
|tile_8_address1          |  out|    9|   ap_memory|                                                     tile_8|         array|
|tile_8_ce1               |  out|    1|   ap_memory|                                                     tile_8|         array|
|tile_8_q1                |   in|   16|   ap_memory|                                                     tile_8|         array|
|tile_9_address0          |  out|    9|   ap_memory|                                                     tile_9|         array|
|tile_9_ce0               |  out|    1|   ap_memory|                                                     tile_9|         array|
|tile_9_q0                |   in|   16|   ap_memory|                                                     tile_9|         array|
|tile_9_address1          |  out|    9|   ap_memory|                                                     tile_9|         array|
|tile_9_ce1               |  out|    1|   ap_memory|                                                     tile_9|         array|
|tile_9_q1                |   in|   16|   ap_memory|                                                     tile_9|         array|
|tile_10_address0         |  out|    9|   ap_memory|                                                    tile_10|         array|
|tile_10_ce0              |  out|    1|   ap_memory|                                                    tile_10|         array|
|tile_10_q0               |   in|   16|   ap_memory|                                                    tile_10|         array|
|tile_10_address1         |  out|    9|   ap_memory|                                                    tile_10|         array|
|tile_10_ce1              |  out|    1|   ap_memory|                                                    tile_10|         array|
|tile_10_q1               |   in|   16|   ap_memory|                                                    tile_10|         array|
|tile_11_address0         |  out|    9|   ap_memory|                                                    tile_11|         array|
|tile_11_ce0              |  out|    1|   ap_memory|                                                    tile_11|         array|
|tile_11_q0               |   in|   16|   ap_memory|                                                    tile_11|         array|
|tile_11_address1         |  out|    9|   ap_memory|                                                    tile_11|         array|
|tile_11_ce1              |  out|    1|   ap_memory|                                                    tile_11|         array|
|tile_11_q1               |   in|   16|   ap_memory|                                                    tile_11|         array|
|tile_12_address0         |  out|    9|   ap_memory|                                                    tile_12|         array|
|tile_12_ce0              |  out|    1|   ap_memory|                                                    tile_12|         array|
|tile_12_q0               |   in|   16|   ap_memory|                                                    tile_12|         array|
|tile_12_address1         |  out|    9|   ap_memory|                                                    tile_12|         array|
|tile_12_ce1              |  out|    1|   ap_memory|                                                    tile_12|         array|
|tile_12_q1               |   in|   16|   ap_memory|                                                    tile_12|         array|
|tile_13_address0         |  out|    9|   ap_memory|                                                    tile_13|         array|
|tile_13_ce0              |  out|    1|   ap_memory|                                                    tile_13|         array|
|tile_13_q0               |   in|   16|   ap_memory|                                                    tile_13|         array|
|tile_13_address1         |  out|    9|   ap_memory|                                                    tile_13|         array|
|tile_13_ce1              |  out|    1|   ap_memory|                                                    tile_13|         array|
|tile_13_q1               |   in|   16|   ap_memory|                                                    tile_13|         array|
|tile_14_address0         |  out|    9|   ap_memory|                                                    tile_14|         array|
|tile_14_ce0              |  out|    1|   ap_memory|                                                    tile_14|         array|
|tile_14_q0               |   in|   16|   ap_memory|                                                    tile_14|         array|
|tile_14_address1         |  out|    9|   ap_memory|                                                    tile_14|         array|
|tile_14_ce1              |  out|    1|   ap_memory|                                                    tile_14|         array|
|tile_14_q1               |   in|   16|   ap_memory|                                                    tile_14|         array|
|tile_15_address0         |  out|    9|   ap_memory|                                                    tile_15|         array|
|tile_15_ce0              |  out|    1|   ap_memory|                                                    tile_15|         array|
|tile_15_q0               |   in|   16|   ap_memory|                                                    tile_15|         array|
|tile_15_address1         |  out|    9|   ap_memory|                                                    tile_15|         array|
|tile_15_ce1              |  out|    1|   ap_memory|                                                    tile_15|         array|
|tile_15_q1               |   in|   16|   ap_memory|                                                    tile_15|         array|
+-------------------------+-----+-----+------------+-----------------------------------------------------------+--------------+

