

================================================================
== Vitis HLS Report for 'store_tile_fp16'
================================================================
* Date:           Sun Mar 22 18:07:03 2026

* Version:        2025.1 (Build 6135595 on May 21 2025)
* Project:        FlashAtt1
* Solution:       hls (Vivado IP Flow Target)
* Product family: versalhbm
* Target device:  xcvh1582-lsva4737-2LHP-e-S


================================================================
== Performance Estimates
================================================================
+ Timing: 
    * Summary: 
    +--------+----------+----------+------------+
    |  Clock |  Target  | Estimated| Uncertainty|
    +--------+----------+----------+------------+
    |ap_clk  |  10.00 ns|  7.300 ns|     2.70 ns|
    +--------+----------+----------+------------+

+ Latency: 
    * Summary: 
    +---------+---------+----------+----------+-----+-----+---------+
    |  Latency (cycles) |  Latency (absolute) |  Interval | Pipeline|
    |   min   |   max   |    min   |    max   | min | max |   Type  |
    +---------+---------+----------+----------+-----+-----+---------+
    |        ?|        ?|         ?|         ?|    ?|    ?|       no|
    +---------+---------+----------+----------+-----+-----+---------+

    + Detail: 
        * Instance: 
        +----------------------------------------------------------------------+-----------------------------------------------------------+---------+---------+----------+----------+-----+-----+------------------------------------------------+
        |                                                                      |                                                           |  Latency (cycles) |  Latency (absolute) |  Interval |                    Pipeline                    |
        |                               Instance                               |                           Module                          |   min   |   max   |    min   |    max   | min | max |                      Type                      |
        +----------------------------------------------------------------------+-----------------------------------------------------------+---------+---------+----------+----------+-----+-----+------------------------------------------------+
        |grp_store_tile_fp16_Pipeline_STORE_TILE_ROWS_STORE_TILE_BEATS_fu_127  |store_tile_fp16_Pipeline_STORE_TILE_ROWS_STORE_TILE_BEATS  |        ?|        ?|         ?|         ?|    0|    0|  loop auto-rewind stp (delay=0 clock cycles(s))|
        +----------------------------------------------------------------------+-----------------------------------------------------------+---------+---------+----------+----------+-----+-----+------------------------------------------------+

        * Loop: 
        N/A



================================================================
== Utilization Estimates
================================================================
* Summary: 
+---------------------+---------+------+---------+---------+------+
|         Name        | BRAM_18K|  DSP |    FF   |   LUT   | URAM |
+---------------------+---------+------+---------+---------+------+
|DSP                  |        -|     -|        -|        -|     -|
|Expression           |        -|     -|        0|      138|     -|
|FIFO                 |        -|     -|        -|        -|     -|
|Instance             |        -|     -|       71|      227|     -|
|Memory               |        -|     -|        -|        -|     -|
|Multiplexer          |        -|     -|        0|      202|     -|
|Register             |        -|     -|      198|        -|     -|
+---------------------+---------+------+---------+---------+------+
|Total                |        0|     0|      269|      567|     0|
+---------------------+---------+------+---------+---------+------+
|Available SLR        |     2541|  3696|  1753984|   876992|   650|
+---------------------+---------+------+---------+---------+------+
|Utilization SLR (%)  |        0|     0|       ~0|       ~0|     0|
+---------------------+---------+------+---------+---------+------+
|Available            |     5082|  7392|  3507968|  1753984|  1301|
+---------------------+---------+------+---------+---------+------+
|Utilization (%)      |        0|     0|       ~0|       ~0|     0|
+---------------------+---------+------+---------+---------+------+

+ Detail: 
    * Instance: 
    +----------------------------------------------------------------------+-----------------------------------------------------------+---------+----+----+-----+-----+
    |                               Instance                               |                           Module                          | BRAM_18K| DSP| FF | LUT | URAM|
    +----------------------------------------------------------------------+-----------------------------------------------------------+---------+----+----+-----+-----+
    |grp_store_tile_fp16_Pipeline_STORE_TILE_ROWS_STORE_TILE_BEATS_fu_127  |store_tile_fp16_Pipeline_STORE_TILE_ROWS_STORE_TILE_BEATS  |        0|   0|  71|  227|    0|
    +----------------------------------------------------------------------+-----------------------------------------------------------+---------+----+----+-----+-----+
    |Total                                                                 |                                                           |        0|   0|  71|  227|    0|
    +----------------------------------------------------------------------+-----------------------------------------------------------+---------+----+----+-----+-----+

    * DSP: 
    N/A

    * Memory: 
    N/A

    * FIFO: 
    N/A

    * Expression: 
    +----------------------+----------+----+---+----+------------+------------+
    |     Variable Name    | Operation| DSP| FF| LUT| Bitwidth P0| Bitwidth P1|
    +----------------------+----------+----+---+----+------------+------------+
    |add_ln201_fu_201_p2   |         +|   0|  0|  64|          64|          64|
    |icmp_ln201_fu_171_p2  |      icmp|   0|  0|  16|          32|           1|
    |empty_54_fu_228_p3    |    select|   0|  0|  30|           1|          33|
    |empty_56_fu_249_p3    |    select|   0|  0|  28|           1|          31|
    +----------------------+----------+----+---+----+------------+------------+
    |Total                 |          |   0|  0| 138|          98|         129|
    +----------------------+----------+----+---+----+------------+------------+

    * Multiplexer: 
    +-------------------------+----+-----------+-----+-----------+
    |           Name          | LUT| Input Size| Bits| Total Bits|
    +-------------------------+----+-----------+-----+-----------+
    |ap_NS_fsm                |  43|         78|    1|         78|
    |gmem_O_blk_n_AW          |   1|          2|    1|          2|
    |gmem_O_blk_n_B           |   1|          2|    1|          2|
    |m_axi_gmem_O_0_AWADDR    |  64|          3|   64|        192|
    |m_axi_gmem_O_0_AWBURST   |   8|          2|    2|          4|
    |m_axi_gmem_O_0_AWCACHE   |   8|          2|    4|          8|
    |m_axi_gmem_O_0_AWID      |   1|          2|    1|          2|
    |m_axi_gmem_O_0_AWLEN     |  32|          3|   32|         96|
    |m_axi_gmem_O_0_AWLOCK    |   8|          2|    2|          4|
    |m_axi_gmem_O_0_AWPROT    |   8|          2|    3|          6|
    |m_axi_gmem_O_0_AWQOS     |   8|          2|    4|          8|
    |m_axi_gmem_O_0_AWREGION  |   8|          2|    4|          8|
    |m_axi_gmem_O_0_AWSIZE    |   8|          2|    3|          6|
    |m_axi_gmem_O_0_AWUSER    |   1|          2|    1|          2|
    |m_axi_gmem_O_0_AWVALID   |   1|          3|    1|          3|
    |m_axi_gmem_O_0_BREADY    |   1|          3|    1|          3|
    |m_axi_gmem_O_0_WVALID    |   1|          2|    1|          2|
    +-------------------------+----+-----------+-----+-----------+
    |Total                    | 202|        114|  126|        426|
    +-------------------------+----+-----------+-----+-----------+

    * Register: 
    +-----------------------------------------------------------------------------------+----+----+-----+-----------+
    |                                        Name                                       | FF | LUT| Bits| Const Bits|
    +-----------------------------------------------------------------------------------+----+----+-----+-----------+
    |ap_CS_fsm                                                                          |  77|   0|   77|          0|
    |empty_56_reg_277                                                                   |  31|   0|   31|          0|
    |grp_store_tile_fp16_Pipeline_STORE_TILE_ROWS_STORE_TILE_BEATS_fu_127_ap_start_reg  |   1|   0|    1|          0|
    |tmp_9_reg_282                                                                      |  31|   0|   33|          2|
    |trunc_ln_reg_267                                                                   |  58|   0|   58|          0|
    +-----------------------------------------------------------------------------------+----+----+-----+-----------+
    |Total                                                                              | 198|   0|  200|          2|
    +-----------------------------------------------------------------------------------+----+----+-----+-----------+



================================================================
== Interface
================================================================
* Summary: 
+-------------------------+-----+-----+------------+-----------------+--------------+
|        RTL Ports        | Dir | Bits|  Protocol  |  Source Object  |    C Type    |
+-------------------------+-----+-----+------------+-----------------+--------------+
|ap_clk                   |   in|    1|  ap_ctrl_hs|  store_tile_fp16|  return value|
|ap_rst                   |   in|    1|  ap_ctrl_hs|  store_tile_fp16|  return value|
|ap_start                 |   in|    1|  ap_ctrl_hs|  store_tile_fp16|  return value|
|ap_done                  |  out|    1|  ap_ctrl_hs|  store_tile_fp16|  return value|
|ap_idle                  |  out|    1|  ap_ctrl_hs|  store_tile_fp16|  return value|
|ap_ready                 |  out|    1|  ap_ctrl_hs|  store_tile_fp16|  return value|
|m_axi_gmem_O_0_AWVALID   |  out|    1|       m_axi|           gmem_O|       pointer|
|m_axi_gmem_O_0_AWREADY   |   in|    1|       m_axi|           gmem_O|       pointer|
|m_axi_gmem_O_0_AWADDR    |  out|   64|       m_axi|           gmem_O|       pointer|
|m_axi_gmem_O_0_AWID      |  out|    1|       m_axi|           gmem_O|       pointer|
|m_axi_gmem_O_0_AWLEN     |  out|   32|       m_axi|           gmem_O|       pointer|
|m_axi_gmem_O_0_AWSIZE    |  out|    3|       m_axi|           gmem_O|       pointer|
|m_axi_gmem_O_0_AWBURST   |  out|    2|       m_axi|           gmem_O|       pointer|
|m_axi_gmem_O_0_AWLOCK    |  out|    2|       m_axi|           gmem_O|       pointer|
|m_axi_gmem_O_0_AWCACHE   |  out|    4|       m_axi|           gmem_O|       pointer|
|m_axi_gmem_O_0_AWPROT    |  out|    3|       m_axi|           gmem_O|       pointer|
|m_axi_gmem_O_0_AWQOS     |  out|    4|       m_axi|           gmem_O|       pointer|
|m_axi_gmem_O_0_AWREGION  |  out|    4|       m_axi|           gmem_O|       pointer|
|m_axi_gmem_O_0_AWUSER    |  out|    1|       m_axi|           gmem_O|       pointer|
|m_axi_gmem_O_0_WVALID    |  out|    1|       m_axi|           gmem_O|       pointer|
|m_axi_gmem_O_0_WREADY    |   in|    1|       m_axi|           gmem_O|       pointer|
|m_axi_gmem_O_0_WDATA     |  out|  512|       m_axi|           gmem_O|       pointer|
|m_axi_gmem_O_0_WSTRB     |  out|   64|       m_axi|           gmem_O|       pointer|
|m_axi_gmem_O_0_WLAST     |  out|    1|       m_axi|           gmem_O|       pointer|
|m_axi_gmem_O_0_WID       |  out|    1|       m_axi|           gmem_O|       pointer|
|m_axi_gmem_O_0_WUSER     |  out|    1|       m_axi|           gmem_O|       pointer|
|m_axi_gmem_O_0_ARVALID   |  out|    1|       m_axi|           gmem_O|       pointer|
|m_axi_gmem_O_0_ARREADY   |   in|    1|       m_axi|           gmem_O|       pointer|
|m_axi_gmem_O_0_ARADDR    |  out|   64|       m_axi|           gmem_O|       pointer|
|m_axi_gmem_O_0_ARID      |  out|    1|       m_axi|           gmem_O|       pointer|
|m_axi_gmem_O_0_ARLEN     |  out|   32|       m_axi|           gmem_O|       pointer|
|m_axi_gmem_O_0_ARSIZE    |  out|    3|       m_axi|           gmem_O|       pointer|
|m_axi_gmem_O_0_ARBURST   |  out|    2|       m_axi|           gmem_O|       pointer|
|m_axi_gmem_O_0_ARLOCK    |  out|    2|       m_axi|           gmem_O|       pointer|
|m_axi_gmem_O_0_ARCACHE   |  out|    4|       m_axi|           gmem_O|       pointer|
|m_axi_gmem_O_0_ARPROT    |  out|    3|       m_axi|           gmem_O|       pointer|
|m_axi_gmem_O_0_ARQOS     |  out|    4|       m_axi|           gmem_O|       pointer|
|m_axi_gmem_O_0_ARREGION  |  out|    4|       m_axi|           gmem_O|       pointer|
|m_axi_gmem_O_0_ARUSER    |  out|    1|       m_axi|           gmem_O|       pointer|
|m_axi_gmem_O_0_RVALID    |   in|    1|       m_axi|           gmem_O|       pointer|
|m_axi_gmem_O_0_RREADY    |  out|    1|       m_axi|           gmem_O|       pointer|
|m_axi_gmem_O_0_RDATA     |   in|  512|       m_axi|           gmem_O|       pointer|
|m_axi_gmem_O_0_RLAST     |   in|    1|       m_axi|           gmem_O|       pointer|
|m_axi_gmem_O_0_RID       |   in|    1|       m_axi|           gmem_O|       pointer|
|m_axi_gmem_O_0_RFIFONUM  |   in|    9|       m_axi|           gmem_O|       pointer|
|m_axi_gmem_O_0_RUSER     |   in|    1|       m_axi|           gmem_O|       pointer|
|m_axi_gmem_O_0_RRESP     |   in|    2|       m_axi|           gmem_O|       pointer|
|m_axi_gmem_O_0_BVALID    |   in|    1|       m_axi|           gmem_O|       pointer|
|m_axi_gmem_O_0_BREADY    |  out|    1|       m_axi|           gmem_O|       pointer|
|m_axi_gmem_O_0_BRESP     |   in|    2|       m_axi|           gmem_O|       pointer|
|m_axi_gmem_O_0_BID       |   in|    1|       m_axi|           gmem_O|       pointer|
|m_axi_gmem_O_0_BUSER     |   in|    1|       m_axi|           gmem_O|       pointer|
|hbm_port                 |   in|   64|     ap_none|         hbm_port|        scalar|
|tile_0_address0          |  out|    9|   ap_memory|           tile_0|         array|
|tile_0_ce0               |  out|    1|   ap_memory|           tile_0|         array|
|tile_0_q0                |   in|   16|   ap_memory|           tile_0|         array|
|tile_0_address1          |  out|    9|   ap_memory|           tile_0|         array|
|tile_0_ce1               |  out|    1|   ap_memory|           tile_0|         array|
|tile_0_q1                |   in|   16|   ap_memory|           tile_0|         array|
|tile_1_address0          |  out|    9|   ap_memory|           tile_1|         array|
|tile_1_ce0               |  out|    1|   ap_memory|           tile_1|         array|
|tile_1_q0                |   in|   16|   ap_memory|           tile_1|         array|
|tile_1_address1          |  out|    9|   ap_memory|           tile_1|         array|
|tile_1_ce1               |  out|    1|   ap_memory|           tile_1|         array|
|tile_1_q1                |   in|   16|   ap_memory|           tile_1|         array|
|tile_2_address0          |  out|    9|   ap_memory|           tile_2|         array|
|tile_2_ce0               |  out|    1|   ap_memory|           tile_2|         array|
|tile_2_q0                |   in|   16|   ap_memory|           tile_2|         array|
|tile_2_address1          |  out|    9|   ap_memory|           tile_2|         array|
|tile_2_ce1               |  out|    1|   ap_memory|           tile_2|         array|
|tile_2_q1                |   in|   16|   ap_memory|           tile_2|         array|
|tile_3_address0          |  out|    9|   ap_memory|           tile_3|         array|
|tile_3_ce0               |  out|    1|   ap_memory|           tile_3|         array|
|tile_3_q0                |   in|   16|   ap_memory|           tile_3|         array|
|tile_3_address1          |  out|    9|   ap_memory|           tile_3|         array|
|tile_3_ce1               |  out|    1|   ap_memory|           tile_3|         array|
|tile_3_q1                |   in|   16|   ap_memory|           tile_3|         array|
|tile_4_address0          |  out|    9|   ap_memory|           tile_4|         array|
|tile_4_ce0               |  out|    1|   ap_memory|           tile_4|         array|
|tile_4_q0                |   in|   16|   ap_memory|           tile_4|         array|
|tile_4_address1          |  out|    9|   ap_memory|           tile_4|         array|
|tile_4_ce1               |  out|    1|   ap_memory|           tile_4|         array|
|tile_4_q1                |   in|   16|   ap_memory|           tile_4|         array|
|tile_5_address0          |  out|    9|   ap_memory|           tile_5|         array|
|tile_5_ce0               |  out|    1|   ap_memory|           tile_5|         array|
|tile_5_q0                |   in|   16|   ap_memory|           tile_5|         array|
|tile_5_address1          |  out|    9|   ap_memory|           tile_5|         array|
|tile_5_ce1               |  out|    1|   ap_memory|           tile_5|         array|
|tile_5_q1                |   in|   16|   ap_memory|           tile_5|         array|
|tile_6_address0          |  out|    9|   ap_memory|           tile_6|         array|
|tile_6_ce0               |  out|    1|   ap_memory|           tile_6|         array|
|tile_6_q0                |   in|   16|   ap_memory|           tile_6|         array|
|tile_6_address1          |  out|    9|   ap_memory|           tile_6|         array|
|tile_6_ce1               |  out|    1|   ap_memory|           tile_6|         array|
|tile_6_q1                |   in|   16|   ap_memory|           tile_6|         array|
|tile_7_address0          |  out|    9|   ap_memory|           tile_7|         array|
|tile_7_ce0               |  out|    1|   ap_memory|           tile_7|         array|
|tile_7_q0                |   in|   16|   ap_memory|           tile_7|         array|
|tile_7_address1          |  out|    9|   ap_memory|           tile_7|         array|
|tile_7_ce1               |  out|    1|   ap_memory|           tile_7|         array|
|tile_7_q1                |   in|   16|   ap_memory|           tile_7|         array|
|tile_8_address0          |  out|    9|   ap_memory|           tile_8|         array|
|tile_8_ce0               |  out|    1|   ap_memory|           tile_8|         array|
|tile_8_q0                |   in|   16|   ap_memory|           tile_8|         array|
|tile_8_address1          |  out|    9|   ap_memory|           tile_8|         array|
|tile_8_ce1               |  out|    1|   ap_memory|           tile_8|         array|
|tile_8_q1                |   in|   16|   ap_memory|           tile_8|         array|
|tile_9_address0          |  out|    9|   ap_memory|           tile_9|         array|
|tile_9_ce0               |  out|    1|   ap_memory|           tile_9|         array|
|tile_9_q0                |   in|   16|   ap_memory|           tile_9|         array|
|tile_9_address1          |  out|    9|   ap_memory|           tile_9|         array|
|tile_9_ce1               |  out|    1|   ap_memory|           tile_9|         array|
|tile_9_q1                |   in|   16|   ap_memory|           tile_9|         array|
|tile_10_address0         |  out|    9|   ap_memory|          tile_10|         array|
|tile_10_ce0              |  out|    1|   ap_memory|          tile_10|         array|
|tile_10_q0               |   in|   16|   ap_memory|          tile_10|         array|
|tile_10_address1         |  out|    9|   ap_memory|          tile_10|         array|
|tile_10_ce1              |  out|    1|   ap_memory|          tile_10|         array|
|tile_10_q1               |   in|   16|   ap_memory|          tile_10|         array|
|tile_11_address0         |  out|    9|   ap_memory|          tile_11|         array|
|tile_11_ce0              |  out|    1|   ap_memory|          tile_11|         array|
|tile_11_q0               |   in|   16|   ap_memory|          tile_11|         array|
|tile_11_address1         |  out|    9|   ap_memory|          tile_11|         array|
|tile_11_ce1              |  out|    1|   ap_memory|          tile_11|         array|
|tile_11_q1               |   in|   16|   ap_memory|          tile_11|         array|
|tile_12_address0         |  out|    9|   ap_memory|          tile_12|         array|
|tile_12_ce0              |  out|    1|   ap_memory|          tile_12|         array|
|tile_12_q0               |   in|   16|   ap_memory|          tile_12|         array|
|tile_12_address1         |  out|    9|   ap_memory|          tile_12|         array|
|tile_12_ce1              |  out|    1|   ap_memory|          tile_12|         array|
|tile_12_q1               |   in|   16|   ap_memory|          tile_12|         array|
|tile_13_address0         |  out|    9|   ap_memory|          tile_13|         array|
|tile_13_ce0              |  out|    1|   ap_memory|          tile_13|         array|
|tile_13_q0               |   in|   16|   ap_memory|          tile_13|         array|
|tile_13_address1         |  out|    9|   ap_memory|          tile_13|         array|
|tile_13_ce1              |  out|    1|   ap_memory|          tile_13|         array|
|tile_13_q1               |   in|   16|   ap_memory|          tile_13|         array|
|tile_14_address0         |  out|    9|   ap_memory|          tile_14|         array|
|tile_14_ce0              |  out|    1|   ap_memory|          tile_14|         array|
|tile_14_q0               |   in|   16|   ap_memory|          tile_14|         array|
|tile_14_address1         |  out|    9|   ap_memory|          tile_14|         array|
|tile_14_ce1              |  out|    1|   ap_memory|          tile_14|         array|
|tile_14_q1               |   in|   16|   ap_memory|          tile_14|         array|
|tile_15_address0         |  out|    9|   ap_memory|          tile_15|         array|
|tile_15_ce0              |  out|    1|   ap_memory|          tile_15|         array|
|tile_15_q0               |   in|   16|   ap_memory|          tile_15|         array|
|tile_15_address1         |  out|    9|   ap_memory|          tile_15|         array|
|tile_15_ce1              |  out|    1|   ap_memory|          tile_15|         array|
|tile_15_q1               |   in|   16|   ap_memory|          tile_15|         array|
|base_row                 |   in|   31|     ap_none|         base_row|        scalar|
|num_rows                 |   in|   32|     ap_none|         num_rows|        scalar|
+-------------------------+-----+-----+------------+-----------------+--------------+

