

================================================================
== Vitis HLS Report for 'store_stats_fp32'
================================================================
* Date:           Sun Mar 22 18:07:06 2026

* Version:        2025.1 (Build 6135595 on May 21 2025)
* Project:        FlashAtt1
* Solution:       hls (Vivado IP Flow Target)
* Product family: versalhbm
* Target device:  xcvh1582-lsva4737-2LHP-e-S


================================================================
== Performance Estimates
================================================================
+ Timing: 
    * Summary: 
    +--------+----------+----------+------------+
    |  Clock |  Target  | Estimated| Uncertainty|
    +--------+----------+----------+------------+
    |ap_clk  |  10.00 ns|  7.300 ns|     2.70 ns|
    +--------+----------+----------+------------+

+ Latency: 
    * Summary: 
    +---------+-----------+----------+-----------+-----+-----------+---------+
    |   Latency (cycles)  |  Latency (absolute)  |     Interval    | Pipeline|
    |   min   |    max    |    min   |    max    | min |    max    |   Type  |
    +---------+-----------+----------+-----------+-----+-----------+---------+
    |       78|  134217805|  0.780 us|  1.342 sec|   78|  134217805|       no|
    +---------+-----------+----------+-----------+-----+-----------+---------+

    + Detail: 
        * Instance: 
        +--------------------------------------------------+---------------------------------------+---------+-----------+-----------+-----------+-----+-----------+------------------------------------------------+
        |                                                  |                                       |   Latency (cycles)  |   Latency (absolute)  |     Interval    |                    Pipeline                    |
        |                     Instance                     |                 Module                |   min   |    max    |    min    |    max    | min |    max    |                      Type                      |
        +--------------------------------------------------+---------------------------------------+---------+-----------+-----------+-----------+-----+-----------+------------------------------------------------+
        |grp_store_stats_fp32_Pipeline_STORE_STATS_fu_611  |store_stats_fp32_Pipeline_STORE_STATS  |        2|  134217729|  20.000 ns|  1.342 sec|    1|  134217728|  loop auto-rewind stp (delay=0 clock cycles(s))|
        +--------------------------------------------------+---------------------------------------+---------+-----------+-----------+-----------+-----+-----------+------------------------------------------------+

        * Loop: 
        N/A



================================================================
== Utilization Estimates
================================================================
* Summary: 
+---------------------+---------+------+---------+---------+------+
|         Name        | BRAM_18K|  DSP |    FF   |   LUT   | URAM |
+---------------------+---------+------+---------+---------+------+
|DSP                  |        -|     -|        -|        -|     -|
|Expression           |        -|     -|        0|      225|     -|
|FIFO                 |        -|     -|        -|        -|     -|
|Instance             |        -|     -|      542|     1344|     -|
|Memory               |        -|     -|        -|        -|     -|
|Multiplexer          |        -|     -|        0|      202|     -|
|Register             |        -|     -|      165|        -|     -|
+---------------------+---------+------+---------+---------+------+
|Total                |        0|     0|      707|     1771|     0|
+---------------------+---------+------+---------+---------+------+
|Available SLR        |     2541|  3696|  1753984|   876992|   650|
+---------------------+---------+------+---------+---------+------+
|Utilization SLR (%)  |        0|     0|       ~0|       ~0|     0|
+---------------------+---------+------+---------+---------+------+
|Available            |     5082|  7392|  3507968|  1753984|  1301|
+---------------------+---------+------+---------+---------+------+
|Utilization (%)      |        0|     0|       ~0|       ~0|     0|
+---------------------+---------+------+---------+---------+------+

+ Detail: 
    * Instance: 
    +--------------------------------------------------+---------------------------------------+---------+----+-----+------+-----+
    |                     Instance                     |                 Module                | BRAM_18K| DSP|  FF |  LUT | URAM|
    +--------------------------------------------------+---------------------------------------+---------+----+-----+------+-----+
    |grp_store_stats_fp32_Pipeline_STORE_STATS_fu_611  |store_stats_fp32_Pipeline_STORE_STATS  |        0|   0|  542|  1344|    0|
    +--------------------------------------------------+---------------------------------------+---------+----+-----+------+-----+
    |Total                                             |                                       |        0|   0|  542|  1344|    0|
    +--------------------------------------------------+---------------------------------------+---------+----+-----+------+-----+

    * DSP: 
    N/A

    * Memory: 
    N/A

    * FIFO: 
    N/A

    * Expression: 
    +-----------------------+----------+----+---+----+------------+------------+
    |     Variable Name     | Operation| DSP| FF| LUT| Bitwidth P0| Bitwidth P1|
    +-----------------------+----------+----+---+----+------------+------------+
    |add_ln268_fu_748_p2    |         +|   0|  0|  32|          32|           4|
    |add_ln272_fu_838_p2    |         +|   0|  0|  64|          64|          64|
    |sub_ln268_1_fu_782_p2  |         -|   0|  0|  29|           1|          29|
    |sub_ln268_fu_762_p2    |         -|   0|  0|  32|           5|          32|
    |icmp_ln272_fu_810_p2   |      icmp|   0|  0|  16|          32|           1|
    |empty_fu_865_p3        |    select|   0|  0|  26|           1|          29|
    |total_beats_fu_802_p3  |    select|   0|  0|  26|           1|          29|
    +-----------------------+----------+----+---+----+------------+------------+
    |Total                  |          |   0|  0| 225|         136|         188|
    +-----------------------+----------+----+---+----+------------+------------+

    * Multiplexer: 
    +-------------------------+----+-----------+-----+-----------+
    |           Name          | LUT| Input Size| Bits| Total Bits|
    +-------------------------+----+-----------+-----+-----------+
    |ap_NS_fsm                |  43|         78|    1|         78|
    |gmem_l_blk_n_AW          |   1|          2|    1|          2|
    |gmem_l_blk_n_B           |   1|          2|    1|          2|
    |m_axi_gmem_l_0_AWADDR    |  64|          3|   64|        192|
    |m_axi_gmem_l_0_AWBURST   |   8|          2|    2|          4|
    |m_axi_gmem_l_0_AWCACHE   |   8|          2|    4|          8|
    |m_axi_gmem_l_0_AWID      |   1|          2|    1|          2|
    |m_axi_gmem_l_0_AWLEN     |  32|          3|   32|         96|
    |m_axi_gmem_l_0_AWLOCK    |   8|          2|    2|          4|
    |m_axi_gmem_l_0_AWPROT    |   8|          2|    3|          6|
    |m_axi_gmem_l_0_AWQOS     |   8|          2|    4|          8|
    |m_axi_gmem_l_0_AWREGION  |   8|          2|    4|          8|
    |m_axi_gmem_l_0_AWSIZE    |   8|          2|    3|          6|
    |m_axi_gmem_l_0_AWUSER    |   1|          2|    1|          2|
    |m_axi_gmem_l_0_AWVALID   |   1|          3|    1|          3|
    |m_axi_gmem_l_0_BREADY    |   1|          3|    1|          3|
    |m_axi_gmem_l_0_WVALID    |   1|          2|    1|          2|
    +-------------------------+----+-----------+-----+-----------+
    |Total                    | 202|        114|  126|        426|
    +-------------------------+----+-----------+-----+-----------+

    * Register: 
    +---------------------------------------------------------------+----+----+-----+-----------+
    |                              Name                             | FF | LUT| Bits| Const Bits|
    +---------------------------------------------------------------+----+----+-----+-----------+
    |ap_CS_fsm                                                      |  77|   0|   77|          0|
    |grp_store_stats_fp32_Pipeline_STORE_STATS_fu_611_ap_start_reg  |   1|   0|    1|          0|
    |total_beats_reg_897                                            |  29|   0|   29|          0|
    |trunc_ln3_reg_902                                              |  58|   0|   58|          0|
    +---------------------------------------------------------------+----+----+-----+-----------+
    |Total                                                          | 165|   0|  165|          0|
    +---------------------------------------------------------------+----+----+-----+-----------+



================================================================
== Interface
================================================================
* Summary: 
+-------------------------+-----+-----+------------+------------------+--------------+
|        RTL Ports        | Dir | Bits|  Protocol  |   Source Object  |    C Type    |
+-------------------------+-----+-----+------------+------------------+--------------+
|ap_clk                   |   in|    1|  ap_ctrl_hs|  store_stats_fp32|  return value|
|ap_rst                   |   in|    1|  ap_ctrl_hs|  store_stats_fp32|  return value|
|ap_start                 |   in|    1|  ap_ctrl_hs|  store_stats_fp32|  return value|
|ap_done                  |  out|    1|  ap_ctrl_hs|  store_stats_fp32|  return value|
|ap_idle                  |  out|    1|  ap_ctrl_hs|  store_stats_fp32|  return value|
|ap_ready                 |  out|    1|  ap_ctrl_hs|  store_stats_fp32|  return value|
|m_axi_gmem_l_0_AWVALID   |  out|    1|       m_axi|            gmem_l|       pointer|
|m_axi_gmem_l_0_AWREADY   |   in|    1|       m_axi|            gmem_l|       pointer|
|m_axi_gmem_l_0_AWADDR    |  out|   64|       m_axi|            gmem_l|       pointer|
|m_axi_gmem_l_0_AWID      |  out|    1|       m_axi|            gmem_l|       pointer|
|m_axi_gmem_l_0_AWLEN     |  out|   32|       m_axi|            gmem_l|       pointer|
|m_axi_gmem_l_0_AWSIZE    |  out|    3|       m_axi|            gmem_l|       pointer|
|m_axi_gmem_l_0_AWBURST   |  out|    2|       m_axi|            gmem_l|       pointer|
|m_axi_gmem_l_0_AWLOCK    |  out|    2|       m_axi|            gmem_l|       pointer|
|m_axi_gmem_l_0_AWCACHE   |  out|    4|       m_axi|            gmem_l|       pointer|
|m_axi_gmem_l_0_AWPROT    |  out|    3|       m_axi|            gmem_l|       pointer|
|m_axi_gmem_l_0_AWQOS     |  out|    4|       m_axi|            gmem_l|       pointer|
|m_axi_gmem_l_0_AWREGION  |  out|    4|       m_axi|            gmem_l|       pointer|
|m_axi_gmem_l_0_AWUSER    |  out|    1|       m_axi|            gmem_l|       pointer|
|m_axi_gmem_l_0_WVALID    |  out|    1|       m_axi|            gmem_l|       pointer|
|m_axi_gmem_l_0_WREADY    |   in|    1|       m_axi|            gmem_l|       pointer|
|m_axi_gmem_l_0_WDATA     |  out|  512|       m_axi|            gmem_l|       pointer|
|m_axi_gmem_l_0_WSTRB     |  out|   64|       m_axi|            gmem_l|       pointer|
|m_axi_gmem_l_0_WLAST     |  out|    1|       m_axi|            gmem_l|       pointer|
|m_axi_gmem_l_0_WID       |  out|    1|       m_axi|            gmem_l|       pointer|
|m_axi_gmem_l_0_WUSER     |  out|    1|       m_axi|            gmem_l|       pointer|
|m_axi_gmem_l_0_ARVALID   |  out|    1|       m_axi|            gmem_l|       pointer|
|m_axi_gmem_l_0_ARREADY   |   in|    1|       m_axi|            gmem_l|       pointer|
|m_axi_gmem_l_0_ARADDR    |  out|   64|       m_axi|            gmem_l|       pointer|
|m_axi_gmem_l_0_ARID      |  out|    1|       m_axi|            gmem_l|       pointer|
|m_axi_gmem_l_0_ARLEN     |  out|   32|       m_axi|            gmem_l|       pointer|
|m_axi_gmem_l_0_ARSIZE    |  out|    3|       m_axi|            gmem_l|       pointer|
|m_axi_gmem_l_0_ARBURST   |  out|    2|       m_axi|            gmem_l|       pointer|
|m_axi_gmem_l_0_ARLOCK    |  out|    2|       m_axi|            gmem_l|       pointer|
|m_axi_gmem_l_0_ARCACHE   |  out|    4|       m_axi|            gmem_l|       pointer|
|m_axi_gmem_l_0_ARPROT    |  out|    3|       m_axi|            gmem_l|       pointer|
|m_axi_gmem_l_0_ARQOS     |  out|    4|       m_axi|            gmem_l|       pointer|
|m_axi_gmem_l_0_ARREGION  |  out|    4|       m_axi|            gmem_l|       pointer|
|m_axi_gmem_l_0_ARUSER    |  out|    1|       m_axi|            gmem_l|       pointer|
|m_axi_gmem_l_0_RVALID    |   in|    1|       m_axi|            gmem_l|       pointer|
|m_axi_gmem_l_0_RREADY    |  out|    1|       m_axi|            gmem_l|       pointer|
|m_axi_gmem_l_0_RDATA     |   in|  512|       m_axi|            gmem_l|       pointer|
|m_axi_gmem_l_0_RLAST     |   in|    1|       m_axi|            gmem_l|       pointer|
|m_axi_gmem_l_0_RID       |   in|    1|       m_axi|            gmem_l|       pointer|
|m_axi_gmem_l_0_RFIFONUM  |   in|    9|       m_axi|            gmem_l|       pointer|
|m_axi_gmem_l_0_RUSER     |   in|    1|       m_axi|            gmem_l|       pointer|
|m_axi_gmem_l_0_RRESP     |   in|    2|       m_axi|            gmem_l|       pointer|
|m_axi_gmem_l_0_BVALID    |   in|    1|       m_axi|            gmem_l|       pointer|
|m_axi_gmem_l_0_BREADY    |  out|    1|       m_axi|            gmem_l|       pointer|
|m_axi_gmem_l_0_BRESP     |   in|    2|       m_axi|            gmem_l|       pointer|
|m_axi_gmem_l_0_BID       |   in|    1|       m_axi|            gmem_l|       pointer|
|m_axi_gmem_l_0_BUSER     |   in|    1|       m_axi|            gmem_l|       pointer|
|hbm_port                 |   in|   64|     ap_none|          hbm_port|        scalar|
|stats_0_val              |   in|   32|     ap_none|       stats_0_val|        scalar|
|stats_1_val              |   in|   32|     ap_none|       stats_1_val|        scalar|
|stats_2_val              |   in|   32|     ap_none|       stats_2_val|        scalar|
|stats_3_val              |   in|   32|     ap_none|       stats_3_val|        scalar|
|stats_4_val              |   in|   32|     ap_none|       stats_4_val|        scalar|
|stats_5_val              |   in|   32|     ap_none|       stats_5_val|        scalar|
|stats_6_val              |   in|   32|     ap_none|       stats_6_val|        scalar|
|stats_7_val              |   in|   32|     ap_none|       stats_7_val|        scalar|
|stats_8_val              |   in|   32|     ap_none|       stats_8_val|        scalar|
|stats_9_val              |   in|   32|     ap_none|       stats_9_val|        scalar|
|stats_10_val             |   in|   32|     ap_none|      stats_10_val|        scalar|
|stats_11_val             |   in|   32|     ap_none|      stats_11_val|        scalar|
|stats_12_val             |   in|   32|     ap_none|      stats_12_val|        scalar|
|stats_13_val             |   in|   32|     ap_none|      stats_13_val|        scalar|
|stats_14_val             |   in|   32|     ap_none|      stats_14_val|        scalar|
|stats_15_val             |   in|   32|     ap_none|      stats_15_val|        scalar|
|stats_16_val             |   in|   32|     ap_none|      stats_16_val|        scalar|
|stats_17_val             |   in|   32|     ap_none|      stats_17_val|        scalar|
|stats_18_val             |   in|   32|     ap_none|      stats_18_val|        scalar|
|stats_19_val             |   in|   32|     ap_none|      stats_19_val|        scalar|
|stats_20_val             |   in|   32|     ap_none|      stats_20_val|        scalar|
|stats_21_val             |   in|   32|     ap_none|      stats_21_val|        scalar|
|stats_22_val             |   in|   32|     ap_none|      stats_22_val|        scalar|
|stats_23_val             |   in|   32|     ap_none|      stats_23_val|        scalar|
|stats_24_val             |   in|   32|     ap_none|      stats_24_val|        scalar|
|stats_25_val             |   in|   32|     ap_none|      stats_25_val|        scalar|
|stats_26_val             |   in|   32|     ap_none|      stats_26_val|        scalar|
|stats_27_val             |   in|   32|     ap_none|      stats_27_val|        scalar|
|stats_28_val             |   in|   32|     ap_none|      stats_28_val|        scalar|
|stats_29_val             |   in|   32|     ap_none|      stats_29_val|        scalar|
|stats_30_val             |   in|   32|     ap_none|      stats_30_val|        scalar|
|stats_31_val             |   in|   32|     ap_none|      stats_31_val|        scalar|
|stats_32_val             |   in|   32|     ap_none|      stats_32_val|        scalar|
|stats_33_val             |   in|   32|     ap_none|      stats_33_val|        scalar|
|stats_34_val             |   in|   32|     ap_none|      stats_34_val|        scalar|
|stats_35_val             |   in|   32|     ap_none|      stats_35_val|        scalar|
|stats_36_val             |   in|   32|     ap_none|      stats_36_val|        scalar|
|stats_37_val             |   in|   32|     ap_none|      stats_37_val|        scalar|
|stats_38_val             |   in|   32|     ap_none|      stats_38_val|        scalar|
|stats_39_val             |   in|   32|     ap_none|      stats_39_val|        scalar|
|stats_40_val             |   in|   32|     ap_none|      stats_40_val|        scalar|
|stats_41_val             |   in|   32|     ap_none|      stats_41_val|        scalar|
|stats_42_val             |   in|   32|     ap_none|      stats_42_val|        scalar|
|stats_43_val             |   in|   32|     ap_none|      stats_43_val|        scalar|
|stats_44_val             |   in|   32|     ap_none|      stats_44_val|        scalar|
|stats_45_val             |   in|   32|     ap_none|      stats_45_val|        scalar|
|stats_46_val             |   in|   32|     ap_none|      stats_46_val|        scalar|
|stats_47_val             |   in|   32|     ap_none|      stats_47_val|        scalar|
|stats_48_val             |   in|   32|     ap_none|      stats_48_val|        scalar|
|stats_49_val             |   in|   32|     ap_none|      stats_49_val|        scalar|
|stats_50_val             |   in|   32|     ap_none|      stats_50_val|        scalar|
|stats_51_val             |   in|   32|     ap_none|      stats_51_val|        scalar|
|stats_52_val             |   in|   32|     ap_none|      stats_52_val|        scalar|
|stats_53_val             |   in|   32|     ap_none|      stats_53_val|        scalar|
|stats_54_val             |   in|   32|     ap_none|      stats_54_val|        scalar|
|stats_55_val             |   in|   32|     ap_none|      stats_55_val|        scalar|
|stats_56_val             |   in|   32|     ap_none|      stats_56_val|        scalar|
|stats_57_val             |   in|   32|     ap_none|      stats_57_val|        scalar|
|stats_58_val             |   in|   32|     ap_none|      stats_58_val|        scalar|
|stats_59_val             |   in|   32|     ap_none|      stats_59_val|        scalar|
|stats_60_val             |   in|   32|     ap_none|      stats_60_val|        scalar|
|stats_61_val             |   in|   32|     ap_none|      stats_61_val|        scalar|
|stats_62_val             |   in|   32|     ap_none|      stats_62_val|        scalar|
|stats_63_val             |   in|   32|     ap_none|      stats_63_val|        scalar|
|base_idx                 |   in|   31|     ap_none|          base_idx|        scalar|
|num_elements             |   in|   32|     ap_none|      num_elements|        scalar|
+-------------------------+-----+-----+------------+------------------+--------------+

