

================================================================
== Vitis HLS Report for 'update_statistics_and_output'
================================================================
* Date:           Sun Mar 22 18:07:00 2026

* Version:        2025.1 (Build 6135595 on May 21 2025)
* Project:        FlashAtt1
* Solution:       hls (Vivado IP Flow Target)
* Product family: versalhbm
* Target device:  xcvh1582-lsva4737-2LHP-e-S


================================================================
== Performance Estimates
================================================================
+ Timing: 
    * Summary: 
    +--------+----------+----------+------------+
    |  Clock |  Target  | Estimated| Uncertainty|
    +--------+----------+----------+------------+
    |ap_clk  |  10.00 ns|  7.185 ns|     2.70 ns|
    +--------+----------+----------+------------+

+ Latency: 
    * Summary: 
    +---------+---------+----------+----------+-----+-----+---------+
    |  Latency (cycles) |  Latency (absolute) |  Interval | Pipeline|
    |   min   |   max   |    min   |    max   | min | max |   Type  |
    +---------+---------+----------+----------+-----+-----+---------+
    |      587|      587|  5.870 us|  5.870 us|  587|  587|       no|
    +---------+---------+----------+----------+-----+-----+---------+

    + Detail: 
        * Instance: 
        +-------------------------------------------------------------------------------+-------------------------------------------------------------------+---------+---------+----------+----------+-----+-----+------------------------------------------------+
        |                                                                               |                                                                   |  Latency (cycles) |  Latency (absolute) |  Interval |                    Pipeline                    |
        |                                    Instance                                   |                               Module                              |   min   |   max   |    min   |    max   | min | max |                      Type                      |
        +-------------------------------------------------------------------------------+-------------------------------------------------------------------+---------+---------+----------+----------+-----+-----+------------------------------------------------+
        |grp_update_statistics_and_output_Pipeline_COMPUTE_SCALES_fu_1892               |update_statistics_and_output_Pipeline_COMPUTE_SCALES               |       69|       69|  0.690 us|  0.690 us|   65|   65|  loop auto-rewind stp (delay=0 clock cycles(s))|
        |grp_update_statistics_and_output_Pipeline_UPDATE_O_ROWS_UPDATE_O_COLS_fu_2540  |update_statistics_and_output_Pipeline_UPDATE_O_ROWS_UPDATE_O_COLS  |      515|      515|  5.150 us|  5.150 us|  513|  513|  loop auto-rewind stp (delay=0 clock cycles(s))|
        +-------------------------------------------------------------------------------+-------------------------------------------------------------------+---------+---------+----------+----------+-----+-----+------------------------------------------------+

        * Loop: 
        N/A



================================================================
== Utilization Estimates
================================================================
* Summary: 
+---------------------+---------+------+---------+---------+------+
|         Name        | BRAM_18K|  DSP |    FF   |   LUT   | URAM |
+---------------------+---------+------+---------+---------+------+
|DSP                  |        -|     -|        -|        -|     -|
|Expression           |        -|     -|        -|        -|     -|
|FIFO                 |        -|     -|        -|        -|     -|
|Instance             |        -|    37|     5365|    14771|     -|
|Memory               |        -|     -|        -|        -|     -|
|Multiplexer          |        -|     -|        0|     4100|     -|
|Register             |        -|     -|     4102|        -|     -|
+---------------------+---------+------+---------+---------+------+
|Total                |        0|    37|     9467|    18871|     0|
+---------------------+---------+------+---------+---------+------+
|Available SLR        |     2541|  3696|  1753984|   876992|   650|
+---------------------+---------+------+---------+---------+------+
|Utilization SLR (%)  |        0|     1|       ~0|        2|     0|
+---------------------+---------+------+---------+---------+------+
|Available            |     5082|  7392|  3507968|  1753984|  1301|
+---------------------+---------+------+---------+---------+------+
|Utilization (%)      |        0|    ~0|       ~0|        1|     0|
+---------------------+---------+------+---------+---------+------+

+ Detail: 
    * Instance: 
    +-------------------------------------------------------------------------------+-------------------------------------------------------------------+---------+----+------+-------+-----+
    |                                    Instance                                   |                               Module                              | BRAM_18K| DSP|  FF  |  LUT  | URAM|
    +-------------------------------------------------------------------------------+-------------------------------------------------------------------+---------+----+------+-------+-----+
    |grp_update_statistics_and_output_Pipeline_COMPUTE_SCALES_fu_1892               |update_statistics_and_output_Pipeline_COMPUTE_SCALES               |        0|   5|  4572|  12355|    0|
    |grp_update_statistics_and_output_Pipeline_UPDATE_O_ROWS_UPDATE_O_COLS_fu_2540  |update_statistics_and_output_Pipeline_UPDATE_O_ROWS_UPDATE_O_COLS  |        0|  32|   793|   2416|    0|
    +-------------------------------------------------------------------------------+-------------------------------------------------------------------+---------+----+------+-------+-----+
    |Total                                                                          |                                                                   |        0|  37|  5365|  14771|    0|
    +-------------------------------------------------------------------------------+-------------------------------------------------------------------+---------+----+------+-------+-----+

    * DSP: 
    N/A

    * Memory: 
    N/A

    * FIFO: 
    N/A

    * Expression: 
    N/A

    * Multiplexer: 
    +----------------+----+-----------+-----+-----------+
    |      Name      | LUT| Input Size| Bits| Total Bits|
    +----------------+----+-----------+-----+-----------+
    |ap_NS_fsm       |   3|          5|    1|          5|
    |grp_fu_5054_ce  |   1|          2|    1|          2|
    |l_i_0_o         |  32|          2|   32|         64|
    |l_i_10_o        |  32|          2|   32|         64|
    |l_i_11_o        |  32|          2|   32|         64|
    |l_i_12_o        |  32|          2|   32|         64|
    |l_i_13_o        |  32|          2|   32|         64|
    |l_i_14_o        |  32|          2|   32|         64|
    |l_i_15_o        |  32|          2|   32|         64|
    |l_i_16_o        |  32|          2|   32|         64|
    |l_i_17_o        |  32|          2|   32|         64|
    |l_i_18_o        |  32|          2|   32|         64|
    |l_i_19_o        |  32|          2|   32|         64|
    |l_i_1_o         |  32|          2|   32|         64|
    |l_i_20_o        |  32|          2|   32|         64|
    |l_i_21_o        |  32|          2|   32|         64|
    |l_i_22_o        |  32|          2|   32|         64|
    |l_i_23_o        |  32|          2|   32|         64|
    |l_i_24_o        |  32|          2|   32|         64|
    |l_i_25_o        |  32|          2|   32|         64|
    |l_i_26_o        |  32|          2|   32|         64|
    |l_i_27_o        |  32|          2|   32|         64|
    |l_i_28_o        |  32|          2|   32|         64|
    |l_i_29_o        |  32|          2|   32|         64|
    |l_i_2_o         |  32|          2|   32|         64|
    |l_i_30_o        |  32|          2|   32|         64|
    |l_i_31_o        |  32|          2|   32|         64|
    |l_i_32_o        |  32|          2|   32|         64|
    |l_i_33_o        |  32|          2|   32|         64|
    |l_i_34_o        |  32|          2|   32|         64|
    |l_i_35_o        |  32|          2|   32|         64|
    |l_i_36_o        |  32|          2|   32|         64|
    |l_i_37_o        |  32|          2|   32|         64|
    |l_i_38_o        |  32|          2|   32|         64|
    |l_i_39_o        |  32|          2|   32|         64|
    |l_i_3_o         |  32|          2|   32|         64|
    |l_i_40_o        |  32|          2|   32|         64|
    |l_i_41_o        |  32|          2|   32|         64|
    |l_i_42_o        |  32|          2|   32|         64|
    |l_i_43_o        |  32|          2|   32|         64|
    |l_i_44_o        |  32|          2|   32|         64|
    |l_i_45_o        |  32|          2|   32|         64|
    |l_i_46_o        |  32|          2|   32|         64|
    |l_i_47_o        |  32|          2|   32|         64|
    |l_i_48_o        |  32|          2|   32|         64|
    |l_i_49_o        |  32|          2|   32|         64|
    |l_i_4_o         |  32|          2|   32|         64|
    |l_i_50_o        |  32|          2|   32|         64|
    |l_i_51_o        |  32|          2|   32|         64|
    |l_i_52_o        |  32|          2|   32|         64|
    |l_i_53_o        |  32|          2|   32|         64|
    |l_i_54_o        |  32|          2|   32|         64|
    |l_i_55_o        |  32|          2|   32|         64|
    |l_i_56_o        |  32|          2|   32|         64|
    |l_i_57_o        |  32|          2|   32|         64|
    |l_i_58_o        |  32|          2|   32|         64|
    |l_i_59_o        |  32|          2|   32|         64|
    |l_i_5_o         |  32|          2|   32|         64|
    |l_i_60_o        |  32|          2|   32|         64|
    |l_i_61_o        |  32|          2|   32|         64|
    |l_i_62_o        |  32|          2|   32|         64|
    |l_i_63_o        |  32|          2|   32|         64|
    |l_i_6_o         |  32|          2|   32|         64|
    |l_i_7_o         |  32|          2|   32|         64|
    |l_i_8_o         |  32|          2|   32|         64|
    |l_i_9_o         |  32|          2|   32|         64|
    |m_i_0_o         |  32|          2|   32|         64|
    |m_i_10_o        |  32|          2|   32|         64|
    |m_i_11_o        |  32|          2|   32|         64|
    |m_i_12_o        |  32|          2|   32|         64|
    |m_i_13_o        |  32|          2|   32|         64|
    |m_i_14_o        |  32|          2|   32|         64|
    |m_i_15_o        |  32|          2|   32|         64|
    |m_i_16_o        |  32|          2|   32|         64|
    |m_i_17_o        |  32|          2|   32|         64|
    |m_i_18_o        |  32|          2|   32|         64|
    |m_i_19_o        |  32|          2|   32|         64|
    |m_i_1_o         |  32|          2|   32|         64|
    |m_i_20_o        |  32|          2|   32|         64|
    |m_i_21_o        |  32|          2|   32|         64|
    |m_i_22_o        |  32|          2|   32|         64|
    |m_i_23_o        |  32|          2|   32|         64|
    |m_i_24_o        |  32|          2|   32|         64|
    |m_i_25_o        |  32|          2|   32|         64|
    |m_i_26_o        |  32|          2|   32|         64|
    |m_i_27_o        |  32|          2|   32|         64|
    |m_i_28_o        |  32|          2|   32|         64|
    |m_i_29_o        |  32|          2|   32|         64|
    |m_i_2_o         |  32|          2|   32|         64|
    |m_i_30_o        |  32|          2|   32|         64|
    |m_i_31_o        |  32|          2|   32|         64|
    |m_i_32_o        |  32|          2|   32|         64|
    |m_i_33_o        |  32|          2|   32|         64|
    |m_i_34_o        |  32|          2|   32|         64|
    |m_i_35_o        |  32|          2|   32|         64|
    |m_i_36_o        |  32|          2|   32|         64|
    |m_i_37_o        |  32|          2|   32|         64|
    |m_i_38_o        |  32|          2|   32|         64|
    |m_i_39_o        |  32|          2|   32|         64|
    |m_i_3_o         |  32|          2|   32|         64|
    |m_i_40_o        |  32|          2|   32|         64|
    |m_i_41_o        |  32|          2|   32|         64|
    |m_i_42_o        |  32|          2|   32|         64|
    |m_i_43_o        |  32|          2|   32|         64|
    |m_i_44_o        |  32|          2|   32|         64|
    |m_i_45_o        |  32|          2|   32|         64|
    |m_i_46_o        |  32|          2|   32|         64|
    |m_i_47_o        |  32|          2|   32|         64|
    |m_i_48_o        |  32|          2|   32|         64|
    |m_i_49_o        |  32|          2|   32|         64|
    |m_i_4_o         |  32|          2|   32|         64|
    |m_i_50_o        |  32|          2|   32|         64|
    |m_i_51_o        |  32|          2|   32|         64|
    |m_i_52_o        |  32|          2|   32|         64|
    |m_i_53_o        |  32|          2|   32|         64|
    |m_i_54_o        |  32|          2|   32|         64|
    |m_i_55_o        |  32|          2|   32|         64|
    |m_i_56_o        |  32|          2|   32|         64|
    |m_i_57_o        |  32|          2|   32|         64|
    |m_i_58_o        |  32|          2|   32|         64|
    |m_i_59_o        |  32|          2|   32|         64|
    |m_i_5_o         |  32|          2|   32|         64|
    |m_i_60_o        |  32|          2|   32|         64|
    |m_i_61_o        |  32|          2|   32|         64|
    |m_i_62_o        |  32|          2|   32|         64|
    |m_i_63_o        |  32|          2|   32|         64|
    |m_i_6_o         |  32|          2|   32|         64|
    |m_i_7_o         |  32|          2|   32|         64|
    |m_i_8_o         |  32|          2|   32|         64|
    |m_i_9_o         |  32|          2|   32|         64|
    +----------------+----+-----------+-----+-----------+
    |Total           |4100|        263| 4098|       8199|
    +----------------+----+-----------+-----+-----------+

    * Register: 
    +--------------------------------------------------------------------------------------------+----+----+-----+-----------+
    |                                            Name                                            | FF | LUT| Bits| Const Bits|
    +--------------------------------------------------------------------------------------------+----+----+-----+-----------+
    |ap_CS_fsm                                                                                   |   4|   0|    4|          0|
    |grp_update_statistics_and_output_Pipeline_COMPUTE_SCALES_fu_1892_ap_start_reg               |   1|   0|    1|          0|
    |grp_update_statistics_and_output_Pipeline_UPDATE_O_ROWS_UPDATE_O_COLS_fu_2540_ap_start_reg  |   1|   0|    1|          0|
    |l_i_0_o_reg                                                                                 |  32|   0|   32|          0|
    |l_i_10_o_reg                                                                                |  32|   0|   32|          0|
    |l_i_11_o_reg                                                                                |  32|   0|   32|          0|
    |l_i_12_o_reg                                                                                |  32|   0|   32|          0|
    |l_i_13_o_reg                                                                                |  32|   0|   32|          0|
    |l_i_14_o_reg                                                                                |  32|   0|   32|          0|
    |l_i_15_o_reg                                                                                |  32|   0|   32|          0|
    |l_i_16_o_reg                                                                                |  32|   0|   32|          0|
    |l_i_17_o_reg                                                                                |  32|   0|   32|          0|
    |l_i_18_o_reg                                                                                |  32|   0|   32|          0|
    |l_i_19_o_reg                                                                                |  32|   0|   32|          0|
    |l_i_1_o_reg                                                                                 |  32|   0|   32|          0|
    |l_i_20_o_reg                                                                                |  32|   0|   32|          0|
    |l_i_21_o_reg                                                                                |  32|   0|   32|          0|
    |l_i_22_o_reg                                                                                |  32|   0|   32|          0|
    |l_i_23_o_reg                                                                                |  32|   0|   32|          0|
    |l_i_24_o_reg                                                                                |  32|   0|   32|          0|
    |l_i_25_o_reg                                                                                |  32|   0|   32|          0|
    |l_i_26_o_reg                                                                                |  32|   0|   32|          0|
    |l_i_27_o_reg                                                                                |  32|   0|   32|          0|
    |l_i_28_o_reg                                                                                |  32|   0|   32|          0|
    |l_i_29_o_reg                                                                                |  32|   0|   32|          0|
    |l_i_2_o_reg                                                                                 |  32|   0|   32|          0|
    |l_i_30_o_reg                                                                                |  32|   0|   32|          0|
    |l_i_31_o_reg                                                                                |  32|   0|   32|          0|
    |l_i_32_o_reg                                                                                |  32|   0|   32|          0|
    |l_i_33_o_reg                                                                                |  32|   0|   32|          0|
    |l_i_34_o_reg                                                                                |  32|   0|   32|          0|
    |l_i_35_o_reg                                                                                |  32|   0|   32|          0|
    |l_i_36_o_reg                                                                                |  32|   0|   32|          0|
    |l_i_37_o_reg                                                                                |  32|   0|   32|          0|
    |l_i_38_o_reg                                                                                |  32|   0|   32|          0|
    |l_i_39_o_reg                                                                                |  32|   0|   32|          0|
    |l_i_3_o_reg                                                                                 |  32|   0|   32|          0|
    |l_i_40_o_reg                                                                                |  32|   0|   32|          0|
    |l_i_41_o_reg                                                                                |  32|   0|   32|          0|
    |l_i_42_o_reg                                                                                |  32|   0|   32|          0|
    |l_i_43_o_reg                                                                                |  32|   0|   32|          0|
    |l_i_44_o_reg                                                                                |  32|   0|   32|          0|
    |l_i_45_o_reg                                                                                |  32|   0|   32|          0|
    |l_i_46_o_reg                                                                                |  32|   0|   32|          0|
    |l_i_47_o_reg                                                                                |  32|   0|   32|          0|
    |l_i_48_o_reg                                                                                |  32|   0|   32|          0|
    |l_i_49_o_reg                                                                                |  32|   0|   32|          0|
    |l_i_4_o_reg                                                                                 |  32|   0|   32|          0|
    |l_i_50_o_reg                                                                                |  32|   0|   32|          0|
    |l_i_51_o_reg                                                                                |  32|   0|   32|          0|
    |l_i_52_o_reg                                                                                |  32|   0|   32|          0|
    |l_i_53_o_reg                                                                                |  32|   0|   32|          0|
    |l_i_54_o_reg                                                                                |  32|   0|   32|          0|
    |l_i_55_o_reg                                                                                |  32|   0|   32|          0|
    |l_i_56_o_reg                                                                                |  32|   0|   32|          0|
    |l_i_57_o_reg                                                                                |  32|   0|   32|          0|
    |l_i_58_o_reg                                                                                |  32|   0|   32|          0|
    |l_i_59_o_reg                                                                                |  32|   0|   32|          0|
    |l_i_5_o_reg                                                                                 |  32|   0|   32|          0|
    |l_i_60_o_reg                                                                                |  32|   0|   32|          0|
    |l_i_61_o_reg                                                                                |  32|   0|   32|          0|
    |l_i_62_o_reg                                                                                |  32|   0|   32|          0|
    |l_i_63_o_reg                                                                                |  32|   0|   32|          0|
    |l_i_6_o_reg                                                                                 |  32|   0|   32|          0|
    |l_i_7_o_reg                                                                                 |  32|   0|   32|          0|
    |l_i_8_o_reg                                                                                 |  32|   0|   32|          0|
    |l_i_9_o_reg                                                                                 |  32|   0|   32|          0|
    |m_i_0_o_reg                                                                                 |  32|   0|   32|          0|
    |m_i_10_o_reg                                                                                |  32|   0|   32|          0|
    |m_i_11_o_reg                                                                                |  32|   0|   32|          0|
    |m_i_12_o_reg                                                                                |  32|   0|   32|          0|
    |m_i_13_o_reg                                                                                |  32|   0|   32|          0|
    |m_i_14_o_reg                                                                                |  32|   0|   32|          0|
    |m_i_15_o_reg                                                                                |  32|   0|   32|          0|
    |m_i_16_o_reg                                                                                |  32|   0|   32|          0|
    |m_i_17_o_reg                                                                                |  32|   0|   32|          0|
    |m_i_18_o_reg                                                                                |  32|   0|   32|          0|
    |m_i_19_o_reg                                                                                |  32|   0|   32|          0|
    |m_i_1_o_reg                                                                                 |  32|   0|   32|          0|
    |m_i_20_o_reg                                                                                |  32|   0|   32|          0|
    |m_i_21_o_reg                                                                                |  32|   0|   32|          0|
    |m_i_22_o_reg                                                                                |  32|   0|   32|          0|
    |m_i_23_o_reg                                                                                |  32|   0|   32|          0|
    |m_i_24_o_reg                                                                                |  32|   0|   32|          0|
    |m_i_25_o_reg                                                                                |  32|   0|   32|          0|
    |m_i_26_o_reg                                                                                |  32|   0|   32|          0|
    |m_i_27_o_reg                                                                                |  32|   0|   32|          0|
    |m_i_28_o_reg                                                                                |  32|   0|   32|          0|
    |m_i_29_o_reg                                                                                |  32|   0|   32|          0|
    |m_i_2_o_reg                                                                                 |  32|   0|   32|          0|
    |m_i_30_o_reg                                                                                |  32|   0|   32|          0|
    |m_i_31_o_reg                                                                                |  32|   0|   32|          0|
    |m_i_32_o_reg                                                                                |  32|   0|   32|          0|
    |m_i_33_o_reg                                                                                |  32|   0|   32|          0|
    |m_i_34_o_reg                                                                                |  32|   0|   32|          0|
    |m_i_35_o_reg                                                                                |  32|   0|   32|          0|
    |m_i_36_o_reg                                                                                |  32|   0|   32|          0|
    |m_i_37_o_reg                                                                                |  32|   0|   32|          0|
    |m_i_38_o_reg                                                                                |  32|   0|   32|          0|
    |m_i_39_o_reg                                                                                |  32|   0|   32|          0|
    |m_i_3_o_reg                                                                                 |  32|   0|   32|          0|
    |m_i_40_o_reg                                                                                |  32|   0|   32|          0|
    |m_i_41_o_reg                                                                                |  32|   0|   32|          0|
    |m_i_42_o_reg                                                                                |  32|   0|   32|          0|
    |m_i_43_o_reg                                                                                |  32|   0|   32|          0|
    |m_i_44_o_reg                                                                                |  32|   0|   32|          0|
    |m_i_45_o_reg                                                                                |  32|   0|   32|          0|
    |m_i_46_o_reg                                                                                |  32|   0|   32|          0|
    |m_i_47_o_reg                                                                                |  32|   0|   32|          0|
    |m_i_48_o_reg                                                                                |  32|   0|   32|          0|
    |m_i_49_o_reg                                                                                |  32|   0|   32|          0|
    |m_i_4_o_reg                                                                                 |  32|   0|   32|          0|
    |m_i_50_o_reg                                                                                |  32|   0|   32|          0|
    |m_i_51_o_reg                                                                                |  32|   0|   32|          0|
    |m_i_52_o_reg                                                                                |  32|   0|   32|          0|
    |m_i_53_o_reg                                                                                |  32|   0|   32|          0|
    |m_i_54_o_reg                                                                                |  32|   0|   32|          0|
    |m_i_55_o_reg                                                                                |  32|   0|   32|          0|
    |m_i_56_o_reg                                                                                |  32|   0|   32|          0|
    |m_i_57_o_reg                                                                                |  32|   0|   32|          0|
    |m_i_58_o_reg                                                                                |  32|   0|   32|          0|
    |m_i_59_o_reg                                                                                |  32|   0|   32|          0|
    |m_i_5_o_reg                                                                                 |  32|   0|   32|          0|
    |m_i_60_o_reg                                                                                |  32|   0|   32|          0|
    |m_i_61_o_reg                                                                                |  32|   0|   32|          0|
    |m_i_62_o_reg                                                                                |  32|   0|   32|          0|
    |m_i_63_o_reg                                                                                |  32|   0|   32|          0|
    |m_i_6_o_reg                                                                                 |  32|   0|   32|          0|
    |m_i_7_o_reg                                                                                 |  32|   0|   32|          0|
    |m_i_8_o_reg                                                                                 |  32|   0|   32|          0|
    |m_i_9_o_reg                                                                                 |  32|   0|   32|          0|
    +--------------------------------------------------------------------------------------------+----+----+-----+-----------+
    |Total                                                                                       |4102|   0| 4102|          0|
    +--------------------------------------------------------------------------------------------+----+----+-----+-----------+



================================================================
== Interface
================================================================
* Summary: 
+---------------------+-----+-----+------------+------------------------------+--------------+
|      RTL Ports      | Dir | Bits|  Protocol  |         Source Object        |    C Type    |
+---------------------+-----+-----+------------+------------------------------+--------------+
|ap_clk               |   in|    1|  ap_ctrl_hs|  update_statistics_and_output|  return value|
|ap_rst               |   in|    1|  ap_ctrl_hs|  update_statistics_and_output|  return value|
|ap_start             |   in|    1|  ap_ctrl_hs|  update_statistics_and_output|  return value|
|ap_done              |  out|    1|  ap_ctrl_hs|  update_statistics_and_output|  return value|
|ap_idle              |  out|    1|  ap_ctrl_hs|  update_statistics_and_output|  return value|
|ap_ready             |  out|    1|  ap_ctrl_hs|  update_statistics_and_output|  return value|
|grp_fu_8042_p_din0   |  out|   32|  ap_ctrl_hs|  update_statistics_and_output|  return value|
|grp_fu_8042_p_din1   |  out|   32|  ap_ctrl_hs|  update_statistics_and_output|  return value|
|grp_fu_8042_p_dout0  |   in|   32|  ap_ctrl_hs|  update_statistics_and_output|  return value|
|grp_fu_8042_p_ce     |  out|    1|  ap_ctrl_hs|  update_statistics_and_output|  return value|
|O_tile_0_address0    |  out|    9|   ap_memory|                      O_tile_0|         array|
|O_tile_0_ce0         |  out|    1|   ap_memory|                      O_tile_0|         array|
|O_tile_0_q0          |   in|   32|   ap_memory|                      O_tile_0|         array|
|O_tile_0_address1    |  out|    9|   ap_memory|                      O_tile_0|         array|
|O_tile_0_ce1         |  out|    1|   ap_memory|                      O_tile_0|         array|
|O_tile_0_we1         |  out|    1|   ap_memory|                      O_tile_0|         array|
|O_tile_0_d1          |  out|   32|   ap_memory|                      O_tile_0|         array|
|O_tile_1_address0    |  out|    9|   ap_memory|                      O_tile_1|         array|
|O_tile_1_ce0         |  out|    1|   ap_memory|                      O_tile_1|         array|
|O_tile_1_q0          |   in|   32|   ap_memory|                      O_tile_1|         array|
|O_tile_1_address1    |  out|    9|   ap_memory|                      O_tile_1|         array|
|O_tile_1_ce1         |  out|    1|   ap_memory|                      O_tile_1|         array|
|O_tile_1_we1         |  out|    1|   ap_memory|                      O_tile_1|         array|
|O_tile_1_d1          |  out|   32|   ap_memory|                      O_tile_1|         array|
|O_tile_2_address0    |  out|    9|   ap_memory|                      O_tile_2|         array|
|O_tile_2_ce0         |  out|    1|   ap_memory|                      O_tile_2|         array|
|O_tile_2_q0          |   in|   32|   ap_memory|                      O_tile_2|         array|
|O_tile_2_address1    |  out|    9|   ap_memory|                      O_tile_2|         array|
|O_tile_2_ce1         |  out|    1|   ap_memory|                      O_tile_2|         array|
|O_tile_2_we1         |  out|    1|   ap_memory|                      O_tile_2|         array|
|O_tile_2_d1          |  out|   32|   ap_memory|                      O_tile_2|         array|
|O_tile_3_address0    |  out|    9|   ap_memory|                      O_tile_3|         array|
|O_tile_3_ce0         |  out|    1|   ap_memory|                      O_tile_3|         array|
|O_tile_3_q0          |   in|   32|   ap_memory|                      O_tile_3|         array|
|O_tile_3_address1    |  out|    9|   ap_memory|                      O_tile_3|         array|
|O_tile_3_ce1         |  out|    1|   ap_memory|                      O_tile_3|         array|
|O_tile_3_we1         |  out|    1|   ap_memory|                      O_tile_3|         array|
|O_tile_3_d1          |  out|   32|   ap_memory|                      O_tile_3|         array|
|O_tile_4_address0    |  out|    9|   ap_memory|                      O_tile_4|         array|
|O_tile_4_ce0         |  out|    1|   ap_memory|                      O_tile_4|         array|
|O_tile_4_q0          |   in|   32|   ap_memory|                      O_tile_4|         array|
|O_tile_4_address1    |  out|    9|   ap_memory|                      O_tile_4|         array|
|O_tile_4_ce1         |  out|    1|   ap_memory|                      O_tile_4|         array|
|O_tile_4_we1         |  out|    1|   ap_memory|                      O_tile_4|         array|
|O_tile_4_d1          |  out|   32|   ap_memory|                      O_tile_4|         array|
|O_tile_5_address0    |  out|    9|   ap_memory|                      O_tile_5|         array|
|O_tile_5_ce0         |  out|    1|   ap_memory|                      O_tile_5|         array|
|O_tile_5_q0          |   in|   32|   ap_memory|                      O_tile_5|         array|
|O_tile_5_address1    |  out|    9|   ap_memory|                      O_tile_5|         array|
|O_tile_5_ce1         |  out|    1|   ap_memory|                      O_tile_5|         array|
|O_tile_5_we1         |  out|    1|   ap_memory|                      O_tile_5|         array|
|O_tile_5_d1          |  out|   32|   ap_memory|                      O_tile_5|         array|
|O_tile_6_address0    |  out|    9|   ap_memory|                      O_tile_6|         array|
|O_tile_6_ce0         |  out|    1|   ap_memory|                      O_tile_6|         array|
|O_tile_6_q0          |   in|   32|   ap_memory|                      O_tile_6|         array|
|O_tile_6_address1    |  out|    9|   ap_memory|                      O_tile_6|         array|
|O_tile_6_ce1         |  out|    1|   ap_memory|                      O_tile_6|         array|
|O_tile_6_we1         |  out|    1|   ap_memory|                      O_tile_6|         array|
|O_tile_6_d1          |  out|   32|   ap_memory|                      O_tile_6|         array|
|O_tile_7_address0    |  out|    9|   ap_memory|                      O_tile_7|         array|
|O_tile_7_ce0         |  out|    1|   ap_memory|                      O_tile_7|         array|
|O_tile_7_q0          |   in|   32|   ap_memory|                      O_tile_7|         array|
|O_tile_7_address1    |  out|    9|   ap_memory|                      O_tile_7|         array|
|O_tile_7_ce1         |  out|    1|   ap_memory|                      O_tile_7|         array|
|O_tile_7_we1         |  out|    1|   ap_memory|                      O_tile_7|         array|
|O_tile_7_d1          |  out|   32|   ap_memory|                      O_tile_7|         array|
|O_tile_8_address0    |  out|    9|   ap_memory|                      O_tile_8|         array|
|O_tile_8_ce0         |  out|    1|   ap_memory|                      O_tile_8|         array|
|O_tile_8_q0          |   in|   32|   ap_memory|                      O_tile_8|         array|
|O_tile_8_address1    |  out|    9|   ap_memory|                      O_tile_8|         array|
|O_tile_8_ce1         |  out|    1|   ap_memory|                      O_tile_8|         array|
|O_tile_8_we1         |  out|    1|   ap_memory|                      O_tile_8|         array|
|O_tile_8_d1          |  out|   32|   ap_memory|                      O_tile_8|         array|
|O_tile_9_address0    |  out|    9|   ap_memory|                      O_tile_9|         array|
|O_tile_9_ce0         |  out|    1|   ap_memory|                      O_tile_9|         array|
|O_tile_9_q0          |   in|   32|   ap_memory|                      O_tile_9|         array|
|O_tile_9_address1    |  out|    9|   ap_memory|                      O_tile_9|         array|
|O_tile_9_ce1         |  out|    1|   ap_memory|                      O_tile_9|         array|
|O_tile_9_we1         |  out|    1|   ap_memory|                      O_tile_9|         array|
|O_tile_9_d1          |  out|   32|   ap_memory|                      O_tile_9|         array|
|O_tile_10_address0   |  out|    9|   ap_memory|                     O_tile_10|         array|
|O_tile_10_ce0        |  out|    1|   ap_memory|                     O_tile_10|         array|
|O_tile_10_q0         |   in|   32|   ap_memory|                     O_tile_10|         array|
|O_tile_10_address1   |  out|    9|   ap_memory|                     O_tile_10|         array|
|O_tile_10_ce1        |  out|    1|   ap_memory|                     O_tile_10|         array|
|O_tile_10_we1        |  out|    1|   ap_memory|                     O_tile_10|         array|
|O_tile_10_d1         |  out|   32|   ap_memory|                     O_tile_10|         array|
|O_tile_11_address0   |  out|    9|   ap_memory|                     O_tile_11|         array|
|O_tile_11_ce0        |  out|    1|   ap_memory|                     O_tile_11|         array|
|O_tile_11_q0         |   in|   32|   ap_memory|                     O_tile_11|         array|
|O_tile_11_address1   |  out|    9|   ap_memory|                     O_tile_11|         array|
|O_tile_11_ce1        |  out|    1|   ap_memory|                     O_tile_11|         array|
|O_tile_11_we1        |  out|    1|   ap_memory|                     O_tile_11|         array|
|O_tile_11_d1         |  out|   32|   ap_memory|                     O_tile_11|         array|
|O_tile_12_address0   |  out|    9|   ap_memory|                     O_tile_12|         array|
|O_tile_12_ce0        |  out|    1|   ap_memory|                     O_tile_12|         array|
|O_tile_12_q0         |   in|   32|   ap_memory|                     O_tile_12|         array|
|O_tile_12_address1   |  out|    9|   ap_memory|                     O_tile_12|         array|
|O_tile_12_ce1        |  out|    1|   ap_memory|                     O_tile_12|         array|
|O_tile_12_we1        |  out|    1|   ap_memory|                     O_tile_12|         array|
|O_tile_12_d1         |  out|   32|   ap_memory|                     O_tile_12|         array|
|O_tile_13_address0   |  out|    9|   ap_memory|                     O_tile_13|         array|
|O_tile_13_ce0        |  out|    1|   ap_memory|                     O_tile_13|         array|
|O_tile_13_q0         |   in|   32|   ap_memory|                     O_tile_13|         array|
|O_tile_13_address1   |  out|    9|   ap_memory|                     O_tile_13|         array|
|O_tile_13_ce1        |  out|    1|   ap_memory|                     O_tile_13|         array|
|O_tile_13_we1        |  out|    1|   ap_memory|                     O_tile_13|         array|
|O_tile_13_d1         |  out|   32|   ap_memory|                     O_tile_13|         array|
|O_tile_14_address0   |  out|    9|   ap_memory|                     O_tile_14|         array|
|O_tile_14_ce0        |  out|    1|   ap_memory|                     O_tile_14|         array|
|O_tile_14_q0         |   in|   32|   ap_memory|                     O_tile_14|         array|
|O_tile_14_address1   |  out|    9|   ap_memory|                     O_tile_14|         array|
|O_tile_14_ce1        |  out|    1|   ap_memory|                     O_tile_14|         array|
|O_tile_14_we1        |  out|    1|   ap_memory|                     O_tile_14|         array|
|O_tile_14_d1         |  out|   32|   ap_memory|                     O_tile_14|         array|
|O_tile_15_address0   |  out|    9|   ap_memory|                     O_tile_15|         array|
|O_tile_15_ce0        |  out|    1|   ap_memory|                     O_tile_15|         array|
|O_tile_15_q0         |   in|   32|   ap_memory|                     O_tile_15|         array|
|O_tile_15_address1   |  out|    9|   ap_memory|                     O_tile_15|         array|
|O_tile_15_ce1        |  out|    1|   ap_memory|                     O_tile_15|         array|
|O_tile_15_we1        |  out|    1|   ap_memory|                     O_tile_15|         array|
|O_tile_15_d1         |  out|   32|   ap_memory|                     O_tile_15|         array|
|PV_tile_0_address0   |  out|    9|   ap_memory|                     PV_tile_0|         array|
|PV_tile_0_ce0        |  out|    1|   ap_memory|                     PV_tile_0|         array|
|PV_tile_0_q0         |   in|   32|   ap_memory|                     PV_tile_0|         array|
|PV_tile_1_address0   |  out|    9|   ap_memory|                     PV_tile_1|         array|
|PV_tile_1_ce0        |  out|    1|   ap_memory|                     PV_tile_1|         array|
|PV_tile_1_q0         |   in|   32|   ap_memory|                     PV_tile_1|         array|
|PV_tile_2_address0   |  out|    9|   ap_memory|                     PV_tile_2|         array|
|PV_tile_2_ce0        |  out|    1|   ap_memory|                     PV_tile_2|         array|
|PV_tile_2_q0         |   in|   32|   ap_memory|                     PV_tile_2|         array|
|PV_tile_3_address0   |  out|    9|   ap_memory|                     PV_tile_3|         array|
|PV_tile_3_ce0        |  out|    1|   ap_memory|                     PV_tile_3|         array|
|PV_tile_3_q0         |   in|   32|   ap_memory|                     PV_tile_3|         array|
|PV_tile_4_address0   |  out|    9|   ap_memory|                     PV_tile_4|         array|
|PV_tile_4_ce0        |  out|    1|   ap_memory|                     PV_tile_4|         array|
|PV_tile_4_q0         |   in|   32|   ap_memory|                     PV_tile_4|         array|
|PV_tile_5_address0   |  out|    9|   ap_memory|                     PV_tile_5|         array|
|PV_tile_5_ce0        |  out|    1|   ap_memory|                     PV_tile_5|         array|
|PV_tile_5_q0         |   in|   32|   ap_memory|                     PV_tile_5|         array|
|PV_tile_6_address0   |  out|    9|   ap_memory|                     PV_tile_6|         array|
|PV_tile_6_ce0        |  out|    1|   ap_memory|                     PV_tile_6|         array|
|PV_tile_6_q0         |   in|   32|   ap_memory|                     PV_tile_6|         array|
|PV_tile_7_address0   |  out|    9|   ap_memory|                     PV_tile_7|         array|
|PV_tile_7_ce0        |  out|    1|   ap_memory|                     PV_tile_7|         array|
|PV_tile_7_q0         |   in|   32|   ap_memory|                     PV_tile_7|         array|
|PV_tile_8_address0   |  out|    9|   ap_memory|                     PV_tile_8|         array|
|PV_tile_8_ce0        |  out|    1|   ap_memory|                     PV_tile_8|         array|
|PV_tile_8_q0         |   in|   32|   ap_memory|                     PV_tile_8|         array|
|PV_tile_9_address0   |  out|    9|   ap_memory|                     PV_tile_9|         array|
|PV_tile_9_ce0        |  out|    1|   ap_memory|                     PV_tile_9|         array|
|PV_tile_9_q0         |   in|   32|   ap_memory|                     PV_tile_9|         array|
|PV_tile_10_address0  |  out|    9|   ap_memory|                    PV_tile_10|         array|
|PV_tile_10_ce0       |  out|    1|   ap_memory|                    PV_tile_10|         array|
|PV_tile_10_q0        |   in|   32|   ap_memory|                    PV_tile_10|         array|
|PV_tile_11_address0  |  out|    9|   ap_memory|                    PV_tile_11|         array|
|PV_tile_11_ce0       |  out|    1|   ap_memory|                    PV_tile_11|         array|
|PV_tile_11_q0        |   in|   32|   ap_memory|                    PV_tile_11|         array|
|PV_tile_12_address0  |  out|    9|   ap_memory|                    PV_tile_12|         array|
|PV_tile_12_ce0       |  out|    1|   ap_memory|                    PV_tile_12|         array|
|PV_tile_12_q0        |   in|   32|   ap_memory|                    PV_tile_12|         array|
|PV_tile_13_address0  |  out|    9|   ap_memory|                    PV_tile_13|         array|
|PV_tile_13_ce0       |  out|    1|   ap_memory|                    PV_tile_13|         array|
|PV_tile_13_q0        |   in|   32|   ap_memory|                    PV_tile_13|         array|
|PV_tile_14_address0  |  out|    9|   ap_memory|                    PV_tile_14|         array|
|PV_tile_14_ce0       |  out|    1|   ap_memory|                    PV_tile_14|         array|
|PV_tile_14_q0        |   in|   32|   ap_memory|                    PV_tile_14|         array|
|PV_tile_15_address0  |  out|    9|   ap_memory|                    PV_tile_15|         array|
|PV_tile_15_ce0       |  out|    1|   ap_memory|                    PV_tile_15|         array|
|PV_tile_15_q0        |   in|   32|   ap_memory|                    PV_tile_15|         array|
|m_i_0_i              |   in|   32|     ap_ovld|                         m_i_0|       pointer|
|m_i_0_o              |  out|   32|     ap_ovld|                         m_i_0|       pointer|
|m_i_0_o_ap_vld       |  out|    1|     ap_ovld|                         m_i_0|       pointer|
|m_i_1_i              |   in|   32|     ap_ovld|                         m_i_1|       pointer|
|m_i_1_o              |  out|   32|     ap_ovld|                         m_i_1|       pointer|
|m_i_1_o_ap_vld       |  out|    1|     ap_ovld|                         m_i_1|       pointer|
|m_i_2_i              |   in|   32|     ap_ovld|                         m_i_2|       pointer|
|m_i_2_o              |  out|   32|     ap_ovld|                         m_i_2|       pointer|
|m_i_2_o_ap_vld       |  out|    1|     ap_ovld|                         m_i_2|       pointer|
|m_i_3_i              |   in|   32|     ap_ovld|                         m_i_3|       pointer|
|m_i_3_o              |  out|   32|     ap_ovld|                         m_i_3|       pointer|
|m_i_3_o_ap_vld       |  out|    1|     ap_ovld|                         m_i_3|       pointer|
|m_i_4_i              |   in|   32|     ap_ovld|                         m_i_4|       pointer|
|m_i_4_o              |  out|   32|     ap_ovld|                         m_i_4|       pointer|
|m_i_4_o_ap_vld       |  out|    1|     ap_ovld|                         m_i_4|       pointer|
|m_i_5_i              |   in|   32|     ap_ovld|                         m_i_5|       pointer|
|m_i_5_o              |  out|   32|     ap_ovld|                         m_i_5|       pointer|
|m_i_5_o_ap_vld       |  out|    1|     ap_ovld|                         m_i_5|       pointer|
|m_i_6_i              |   in|   32|     ap_ovld|                         m_i_6|       pointer|
|m_i_6_o              |  out|   32|     ap_ovld|                         m_i_6|       pointer|
|m_i_6_o_ap_vld       |  out|    1|     ap_ovld|                         m_i_6|       pointer|
|m_i_7_i              |   in|   32|     ap_ovld|                         m_i_7|       pointer|
|m_i_7_o              |  out|   32|     ap_ovld|                         m_i_7|       pointer|
|m_i_7_o_ap_vld       |  out|    1|     ap_ovld|                         m_i_7|       pointer|
|m_i_8_i              |   in|   32|     ap_ovld|                         m_i_8|       pointer|
|m_i_8_o              |  out|   32|     ap_ovld|                         m_i_8|       pointer|
|m_i_8_o_ap_vld       |  out|    1|     ap_ovld|                         m_i_8|       pointer|
|m_i_9_i              |   in|   32|     ap_ovld|                         m_i_9|       pointer|
|m_i_9_o              |  out|   32|     ap_ovld|                         m_i_9|       pointer|
|m_i_9_o_ap_vld       |  out|    1|     ap_ovld|                         m_i_9|       pointer|
|m_i_10_i             |   in|   32|     ap_ovld|                        m_i_10|       pointer|
|m_i_10_o             |  out|   32|     ap_ovld|                        m_i_10|       pointer|
|m_i_10_o_ap_vld      |  out|    1|     ap_ovld|                        m_i_10|       pointer|
|m_i_11_i             |   in|   32|     ap_ovld|                        m_i_11|       pointer|
|m_i_11_o             |  out|   32|     ap_ovld|                        m_i_11|       pointer|
|m_i_11_o_ap_vld      |  out|    1|     ap_ovld|                        m_i_11|       pointer|
|m_i_12_i             |   in|   32|     ap_ovld|                        m_i_12|       pointer|
|m_i_12_o             |  out|   32|     ap_ovld|                        m_i_12|       pointer|
|m_i_12_o_ap_vld      |  out|    1|     ap_ovld|                        m_i_12|       pointer|
|m_i_13_i             |   in|   32|     ap_ovld|                        m_i_13|       pointer|
|m_i_13_o             |  out|   32|     ap_ovld|                        m_i_13|       pointer|
|m_i_13_o_ap_vld      |  out|    1|     ap_ovld|                        m_i_13|       pointer|
|m_i_14_i             |   in|   32|     ap_ovld|                        m_i_14|       pointer|
|m_i_14_o             |  out|   32|     ap_ovld|                        m_i_14|       pointer|
|m_i_14_o_ap_vld      |  out|    1|     ap_ovld|                        m_i_14|       pointer|
|m_i_15_i             |   in|   32|     ap_ovld|                        m_i_15|       pointer|
|m_i_15_o             |  out|   32|     ap_ovld|                        m_i_15|       pointer|
|m_i_15_o_ap_vld      |  out|    1|     ap_ovld|                        m_i_15|       pointer|
|m_i_16_i             |   in|   32|     ap_ovld|                        m_i_16|       pointer|
|m_i_16_o             |  out|   32|     ap_ovld|                        m_i_16|       pointer|
|m_i_16_o_ap_vld      |  out|    1|     ap_ovld|                        m_i_16|       pointer|
|m_i_17_i             |   in|   32|     ap_ovld|                        m_i_17|       pointer|
|m_i_17_o             |  out|   32|     ap_ovld|                        m_i_17|       pointer|
|m_i_17_o_ap_vld      |  out|    1|     ap_ovld|                        m_i_17|       pointer|
|m_i_18_i             |   in|   32|     ap_ovld|                        m_i_18|       pointer|
|m_i_18_o             |  out|   32|     ap_ovld|                        m_i_18|       pointer|
|m_i_18_o_ap_vld      |  out|    1|     ap_ovld|                        m_i_18|       pointer|
|m_i_19_i             |   in|   32|     ap_ovld|                        m_i_19|       pointer|
|m_i_19_o             |  out|   32|     ap_ovld|                        m_i_19|       pointer|
|m_i_19_o_ap_vld      |  out|    1|     ap_ovld|                        m_i_19|       pointer|
|m_i_20_i             |   in|   32|     ap_ovld|                        m_i_20|       pointer|
|m_i_20_o             |  out|   32|     ap_ovld|                        m_i_20|       pointer|
|m_i_20_o_ap_vld      |  out|    1|     ap_ovld|                        m_i_20|       pointer|
|m_i_21_i             |   in|   32|     ap_ovld|                        m_i_21|       pointer|
|m_i_21_o             |  out|   32|     ap_ovld|                        m_i_21|       pointer|
|m_i_21_o_ap_vld      |  out|    1|     ap_ovld|                        m_i_21|       pointer|
|m_i_22_i             |   in|   32|     ap_ovld|                        m_i_22|       pointer|
|m_i_22_o             |  out|   32|     ap_ovld|                        m_i_22|       pointer|
|m_i_22_o_ap_vld      |  out|    1|     ap_ovld|                        m_i_22|       pointer|
|m_i_23_i             |   in|   32|     ap_ovld|                        m_i_23|       pointer|
|m_i_23_o             |  out|   32|     ap_ovld|                        m_i_23|       pointer|
|m_i_23_o_ap_vld      |  out|    1|     ap_ovld|                        m_i_23|       pointer|
|m_i_24_i             |   in|   32|     ap_ovld|                        m_i_24|       pointer|
|m_i_24_o             |  out|   32|     ap_ovld|                        m_i_24|       pointer|
|m_i_24_o_ap_vld      |  out|    1|     ap_ovld|                        m_i_24|       pointer|
|m_i_25_i             |   in|   32|     ap_ovld|                        m_i_25|       pointer|
|m_i_25_o             |  out|   32|     ap_ovld|                        m_i_25|       pointer|
|m_i_25_o_ap_vld      |  out|    1|     ap_ovld|                        m_i_25|       pointer|
|m_i_26_i             |   in|   32|     ap_ovld|                        m_i_26|       pointer|
|m_i_26_o             |  out|   32|     ap_ovld|                        m_i_26|       pointer|
|m_i_26_o_ap_vld      |  out|    1|     ap_ovld|                        m_i_26|       pointer|
|m_i_27_i             |   in|   32|     ap_ovld|                        m_i_27|       pointer|
|m_i_27_o             |  out|   32|     ap_ovld|                        m_i_27|       pointer|
|m_i_27_o_ap_vld      |  out|    1|     ap_ovld|                        m_i_27|       pointer|
|m_i_28_i             |   in|   32|     ap_ovld|                        m_i_28|       pointer|
|m_i_28_o             |  out|   32|     ap_ovld|                        m_i_28|       pointer|
|m_i_28_o_ap_vld      |  out|    1|     ap_ovld|                        m_i_28|       pointer|
|m_i_29_i             |   in|   32|     ap_ovld|                        m_i_29|       pointer|
|m_i_29_o             |  out|   32|     ap_ovld|                        m_i_29|       pointer|
|m_i_29_o_ap_vld      |  out|    1|     ap_ovld|                        m_i_29|       pointer|
|m_i_30_i             |   in|   32|     ap_ovld|                        m_i_30|       pointer|
|m_i_30_o             |  out|   32|     ap_ovld|                        m_i_30|       pointer|
|m_i_30_o_ap_vld      |  out|    1|     ap_ovld|                        m_i_30|       pointer|
|m_i_31_i             |   in|   32|     ap_ovld|                        m_i_31|       pointer|
|m_i_31_o             |  out|   32|     ap_ovld|                        m_i_31|       pointer|
|m_i_31_o_ap_vld      |  out|    1|     ap_ovld|                        m_i_31|       pointer|
|m_i_32_i             |   in|   32|     ap_ovld|                        m_i_32|       pointer|
|m_i_32_o             |  out|   32|     ap_ovld|                        m_i_32|       pointer|
|m_i_32_o_ap_vld      |  out|    1|     ap_ovld|                        m_i_32|       pointer|
|m_i_33_i             |   in|   32|     ap_ovld|                        m_i_33|       pointer|
|m_i_33_o             |  out|   32|     ap_ovld|                        m_i_33|       pointer|
|m_i_33_o_ap_vld      |  out|    1|     ap_ovld|                        m_i_33|       pointer|
|m_i_34_i             |   in|   32|     ap_ovld|                        m_i_34|       pointer|
|m_i_34_o             |  out|   32|     ap_ovld|                        m_i_34|       pointer|
|m_i_34_o_ap_vld      |  out|    1|     ap_ovld|                        m_i_34|       pointer|
|m_i_35_i             |   in|   32|     ap_ovld|                        m_i_35|       pointer|
|m_i_35_o             |  out|   32|     ap_ovld|                        m_i_35|       pointer|
|m_i_35_o_ap_vld      |  out|    1|     ap_ovld|                        m_i_35|       pointer|
|m_i_36_i             |   in|   32|     ap_ovld|                        m_i_36|       pointer|
|m_i_36_o             |  out|   32|     ap_ovld|                        m_i_36|       pointer|
|m_i_36_o_ap_vld      |  out|    1|     ap_ovld|                        m_i_36|       pointer|
|m_i_37_i             |   in|   32|     ap_ovld|                        m_i_37|       pointer|
|m_i_37_o             |  out|   32|     ap_ovld|                        m_i_37|       pointer|
|m_i_37_o_ap_vld      |  out|    1|     ap_ovld|                        m_i_37|       pointer|
|m_i_38_i             |   in|   32|     ap_ovld|                        m_i_38|       pointer|
|m_i_38_o             |  out|   32|     ap_ovld|                        m_i_38|       pointer|
|m_i_38_o_ap_vld      |  out|    1|     ap_ovld|                        m_i_38|       pointer|
|m_i_39_i             |   in|   32|     ap_ovld|                        m_i_39|       pointer|
|m_i_39_o             |  out|   32|     ap_ovld|                        m_i_39|       pointer|
|m_i_39_o_ap_vld      |  out|    1|     ap_ovld|                        m_i_39|       pointer|
|m_i_40_i             |   in|   32|     ap_ovld|                        m_i_40|       pointer|
|m_i_40_o             |  out|   32|     ap_ovld|                        m_i_40|       pointer|
|m_i_40_o_ap_vld      |  out|    1|     ap_ovld|                        m_i_40|       pointer|
|m_i_41_i             |   in|   32|     ap_ovld|                        m_i_41|       pointer|
|m_i_41_o             |  out|   32|     ap_ovld|                        m_i_41|       pointer|
|m_i_41_o_ap_vld      |  out|    1|     ap_ovld|                        m_i_41|       pointer|
|m_i_42_i             |   in|   32|     ap_ovld|                        m_i_42|       pointer|
|m_i_42_o             |  out|   32|     ap_ovld|                        m_i_42|       pointer|
|m_i_42_o_ap_vld      |  out|    1|     ap_ovld|                        m_i_42|       pointer|
|m_i_43_i             |   in|   32|     ap_ovld|                        m_i_43|       pointer|
|m_i_43_o             |  out|   32|     ap_ovld|                        m_i_43|       pointer|
|m_i_43_o_ap_vld      |  out|    1|     ap_ovld|                        m_i_43|       pointer|
|m_i_44_i             |   in|   32|     ap_ovld|                        m_i_44|       pointer|
|m_i_44_o             |  out|   32|     ap_ovld|                        m_i_44|       pointer|
|m_i_44_o_ap_vld      |  out|    1|     ap_ovld|                        m_i_44|       pointer|
|m_i_45_i             |   in|   32|     ap_ovld|                        m_i_45|       pointer|
|m_i_45_o             |  out|   32|     ap_ovld|                        m_i_45|       pointer|
|m_i_45_o_ap_vld      |  out|    1|     ap_ovld|                        m_i_45|       pointer|
|m_i_46_i             |   in|   32|     ap_ovld|                        m_i_46|       pointer|
|m_i_46_o             |  out|   32|     ap_ovld|                        m_i_46|       pointer|
|m_i_46_o_ap_vld      |  out|    1|     ap_ovld|                        m_i_46|       pointer|
|m_i_47_i             |   in|   32|     ap_ovld|                        m_i_47|       pointer|
|m_i_47_o             |  out|   32|     ap_ovld|                        m_i_47|       pointer|
|m_i_47_o_ap_vld      |  out|    1|     ap_ovld|                        m_i_47|       pointer|
|m_i_48_i             |   in|   32|     ap_ovld|                        m_i_48|       pointer|
|m_i_48_o             |  out|   32|     ap_ovld|                        m_i_48|       pointer|
|m_i_48_o_ap_vld      |  out|    1|     ap_ovld|                        m_i_48|       pointer|
|m_i_49_i             |   in|   32|     ap_ovld|                        m_i_49|       pointer|
|m_i_49_o             |  out|   32|     ap_ovld|                        m_i_49|       pointer|
|m_i_49_o_ap_vld      |  out|    1|     ap_ovld|                        m_i_49|       pointer|
|m_i_50_i             |   in|   32|     ap_ovld|                        m_i_50|       pointer|
|m_i_50_o             |  out|   32|     ap_ovld|                        m_i_50|       pointer|
|m_i_50_o_ap_vld      |  out|    1|     ap_ovld|                        m_i_50|       pointer|
|m_i_51_i             |   in|   32|     ap_ovld|                        m_i_51|       pointer|
|m_i_51_o             |  out|   32|     ap_ovld|                        m_i_51|       pointer|
|m_i_51_o_ap_vld      |  out|    1|     ap_ovld|                        m_i_51|       pointer|
|m_i_52_i             |   in|   32|     ap_ovld|                        m_i_52|       pointer|
|m_i_52_o             |  out|   32|     ap_ovld|                        m_i_52|       pointer|
|m_i_52_o_ap_vld      |  out|    1|     ap_ovld|                        m_i_52|       pointer|
|m_i_53_i             |   in|   32|     ap_ovld|                        m_i_53|       pointer|
|m_i_53_o             |  out|   32|     ap_ovld|                        m_i_53|       pointer|
|m_i_53_o_ap_vld      |  out|    1|     ap_ovld|                        m_i_53|       pointer|
|m_i_54_i             |   in|   32|     ap_ovld|                        m_i_54|       pointer|
|m_i_54_o             |  out|   32|     ap_ovld|                        m_i_54|       pointer|
|m_i_54_o_ap_vld      |  out|    1|     ap_ovld|                        m_i_54|       pointer|
|m_i_55_i             |   in|   32|     ap_ovld|                        m_i_55|       pointer|
|m_i_55_o             |  out|   32|     ap_ovld|                        m_i_55|       pointer|
|m_i_55_o_ap_vld      |  out|    1|     ap_ovld|                        m_i_55|       pointer|
|m_i_56_i             |   in|   32|     ap_ovld|                        m_i_56|       pointer|
|m_i_56_o             |  out|   32|     ap_ovld|                        m_i_56|       pointer|
|m_i_56_o_ap_vld      |  out|    1|     ap_ovld|                        m_i_56|       pointer|
|m_i_57_i             |   in|   32|     ap_ovld|                        m_i_57|       pointer|
|m_i_57_o             |  out|   32|     ap_ovld|                        m_i_57|       pointer|
|m_i_57_o_ap_vld      |  out|    1|     ap_ovld|                        m_i_57|       pointer|
|m_i_58_i             |   in|   32|     ap_ovld|                        m_i_58|       pointer|
|m_i_58_o             |  out|   32|     ap_ovld|                        m_i_58|       pointer|
|m_i_58_o_ap_vld      |  out|    1|     ap_ovld|                        m_i_58|       pointer|
|m_i_59_i             |   in|   32|     ap_ovld|                        m_i_59|       pointer|
|m_i_59_o             |  out|   32|     ap_ovld|                        m_i_59|       pointer|
|m_i_59_o_ap_vld      |  out|    1|     ap_ovld|                        m_i_59|       pointer|
|m_i_60_i             |   in|   32|     ap_ovld|                        m_i_60|       pointer|
|m_i_60_o             |  out|   32|     ap_ovld|                        m_i_60|       pointer|
|m_i_60_o_ap_vld      |  out|    1|     ap_ovld|                        m_i_60|       pointer|
|m_i_61_i             |   in|   32|     ap_ovld|                        m_i_61|       pointer|
|m_i_61_o             |  out|   32|     ap_ovld|                        m_i_61|       pointer|
|m_i_61_o_ap_vld      |  out|    1|     ap_ovld|                        m_i_61|       pointer|
|m_i_62_i             |   in|   32|     ap_ovld|                        m_i_62|       pointer|
|m_i_62_o             |  out|   32|     ap_ovld|                        m_i_62|       pointer|
|m_i_62_o_ap_vld      |  out|    1|     ap_ovld|                        m_i_62|       pointer|
|m_i_63_i             |   in|   32|     ap_ovld|                        m_i_63|       pointer|
|m_i_63_o             |  out|   32|     ap_ovld|                        m_i_63|       pointer|
|m_i_63_o_ap_vld      |  out|    1|     ap_ovld|                        m_i_63|       pointer|
|l_i_0_i              |   in|   32|     ap_ovld|                         l_i_0|       pointer|
|l_i_0_o              |  out|   32|     ap_ovld|                         l_i_0|       pointer|
|l_i_0_o_ap_vld       |  out|    1|     ap_ovld|                         l_i_0|       pointer|
|l_i_1_i              |   in|   32|     ap_ovld|                         l_i_1|       pointer|
|l_i_1_o              |  out|   32|     ap_ovld|                         l_i_1|       pointer|
|l_i_1_o_ap_vld       |  out|    1|     ap_ovld|                         l_i_1|       pointer|
|l_i_2_i              |   in|   32|     ap_ovld|                         l_i_2|       pointer|
|l_i_2_o              |  out|   32|     ap_ovld|                         l_i_2|       pointer|
|l_i_2_o_ap_vld       |  out|    1|     ap_ovld|                         l_i_2|       pointer|
|l_i_3_i              |   in|   32|     ap_ovld|                         l_i_3|       pointer|
|l_i_3_o              |  out|   32|     ap_ovld|                         l_i_3|       pointer|
|l_i_3_o_ap_vld       |  out|    1|     ap_ovld|                         l_i_3|       pointer|
|l_i_4_i              |   in|   32|     ap_ovld|                         l_i_4|       pointer|
|l_i_4_o              |  out|   32|     ap_ovld|                         l_i_4|       pointer|
|l_i_4_o_ap_vld       |  out|    1|     ap_ovld|                         l_i_4|       pointer|
|l_i_5_i              |   in|   32|     ap_ovld|                         l_i_5|       pointer|
|l_i_5_o              |  out|   32|     ap_ovld|                         l_i_5|       pointer|
|l_i_5_o_ap_vld       |  out|    1|     ap_ovld|                         l_i_5|       pointer|
|l_i_6_i              |   in|   32|     ap_ovld|                         l_i_6|       pointer|
|l_i_6_o              |  out|   32|     ap_ovld|                         l_i_6|       pointer|
|l_i_6_o_ap_vld       |  out|    1|     ap_ovld|                         l_i_6|       pointer|
|l_i_7_i              |   in|   32|     ap_ovld|                         l_i_7|       pointer|
|l_i_7_o              |  out|   32|     ap_ovld|                         l_i_7|       pointer|
|l_i_7_o_ap_vld       |  out|    1|     ap_ovld|                         l_i_7|       pointer|
|l_i_8_i              |   in|   32|     ap_ovld|                         l_i_8|       pointer|
|l_i_8_o              |  out|   32|     ap_ovld|                         l_i_8|       pointer|
|l_i_8_o_ap_vld       |  out|    1|     ap_ovld|                         l_i_8|       pointer|
|l_i_9_i              |   in|   32|     ap_ovld|                         l_i_9|       pointer|
|l_i_9_o              |  out|   32|     ap_ovld|                         l_i_9|       pointer|
|l_i_9_o_ap_vld       |  out|    1|     ap_ovld|                         l_i_9|       pointer|
|l_i_10_i             |   in|   32|     ap_ovld|                        l_i_10|       pointer|
|l_i_10_o             |  out|   32|     ap_ovld|                        l_i_10|       pointer|
|l_i_10_o_ap_vld      |  out|    1|     ap_ovld|                        l_i_10|       pointer|
|l_i_11_i             |   in|   32|     ap_ovld|                        l_i_11|       pointer|
|l_i_11_o             |  out|   32|     ap_ovld|                        l_i_11|       pointer|
|l_i_11_o_ap_vld      |  out|    1|     ap_ovld|                        l_i_11|       pointer|
|l_i_12_i             |   in|   32|     ap_ovld|                        l_i_12|       pointer|
|l_i_12_o             |  out|   32|     ap_ovld|                        l_i_12|       pointer|
|l_i_12_o_ap_vld      |  out|    1|     ap_ovld|                        l_i_12|       pointer|
|l_i_13_i             |   in|   32|     ap_ovld|                        l_i_13|       pointer|
|l_i_13_o             |  out|   32|     ap_ovld|                        l_i_13|       pointer|
|l_i_13_o_ap_vld      |  out|    1|     ap_ovld|                        l_i_13|       pointer|
|l_i_14_i             |   in|   32|     ap_ovld|                        l_i_14|       pointer|
|l_i_14_o             |  out|   32|     ap_ovld|                        l_i_14|       pointer|
|l_i_14_o_ap_vld      |  out|    1|     ap_ovld|                        l_i_14|       pointer|
|l_i_15_i             |   in|   32|     ap_ovld|                        l_i_15|       pointer|
|l_i_15_o             |  out|   32|     ap_ovld|                        l_i_15|       pointer|
|l_i_15_o_ap_vld      |  out|    1|     ap_ovld|                        l_i_15|       pointer|
|l_i_16_i             |   in|   32|     ap_ovld|                        l_i_16|       pointer|
|l_i_16_o             |  out|   32|     ap_ovld|                        l_i_16|       pointer|
|l_i_16_o_ap_vld      |  out|    1|     ap_ovld|                        l_i_16|       pointer|
|l_i_17_i             |   in|   32|     ap_ovld|                        l_i_17|       pointer|
|l_i_17_o             |  out|   32|     ap_ovld|                        l_i_17|       pointer|
|l_i_17_o_ap_vld      |  out|    1|     ap_ovld|                        l_i_17|       pointer|
|l_i_18_i             |   in|   32|     ap_ovld|                        l_i_18|       pointer|
|l_i_18_o             |  out|   32|     ap_ovld|                        l_i_18|       pointer|
|l_i_18_o_ap_vld      |  out|    1|     ap_ovld|                        l_i_18|       pointer|
|l_i_19_i             |   in|   32|     ap_ovld|                        l_i_19|       pointer|
|l_i_19_o             |  out|   32|     ap_ovld|                        l_i_19|       pointer|
|l_i_19_o_ap_vld      |  out|    1|     ap_ovld|                        l_i_19|       pointer|
|l_i_20_i             |   in|   32|     ap_ovld|                        l_i_20|       pointer|
|l_i_20_o             |  out|   32|     ap_ovld|                        l_i_20|       pointer|
|l_i_20_o_ap_vld      |  out|    1|     ap_ovld|                        l_i_20|       pointer|
|l_i_21_i             |   in|   32|     ap_ovld|                        l_i_21|       pointer|
|l_i_21_o             |  out|   32|     ap_ovld|                        l_i_21|       pointer|
|l_i_21_o_ap_vld      |  out|    1|     ap_ovld|                        l_i_21|       pointer|
|l_i_22_i             |   in|   32|     ap_ovld|                        l_i_22|       pointer|
|l_i_22_o             |  out|   32|     ap_ovld|                        l_i_22|       pointer|
|l_i_22_o_ap_vld      |  out|    1|     ap_ovld|                        l_i_22|       pointer|
|l_i_23_i             |   in|   32|     ap_ovld|                        l_i_23|       pointer|
|l_i_23_o             |  out|   32|     ap_ovld|                        l_i_23|       pointer|
|l_i_23_o_ap_vld      |  out|    1|     ap_ovld|                        l_i_23|       pointer|
|l_i_24_i             |   in|   32|     ap_ovld|                        l_i_24|       pointer|
|l_i_24_o             |  out|   32|     ap_ovld|                        l_i_24|       pointer|
|l_i_24_o_ap_vld      |  out|    1|     ap_ovld|                        l_i_24|       pointer|
|l_i_25_i             |   in|   32|     ap_ovld|                        l_i_25|       pointer|
|l_i_25_o             |  out|   32|     ap_ovld|                        l_i_25|       pointer|
|l_i_25_o_ap_vld      |  out|    1|     ap_ovld|                        l_i_25|       pointer|
|l_i_26_i             |   in|   32|     ap_ovld|                        l_i_26|       pointer|
|l_i_26_o             |  out|   32|     ap_ovld|                        l_i_26|       pointer|
|l_i_26_o_ap_vld      |  out|    1|     ap_ovld|                        l_i_26|       pointer|
|l_i_27_i             |   in|   32|     ap_ovld|                        l_i_27|       pointer|
|l_i_27_o             |  out|   32|     ap_ovld|                        l_i_27|       pointer|
|l_i_27_o_ap_vld      |  out|    1|     ap_ovld|                        l_i_27|       pointer|
|l_i_28_i             |   in|   32|     ap_ovld|                        l_i_28|       pointer|
|l_i_28_o             |  out|   32|     ap_ovld|                        l_i_28|       pointer|
|l_i_28_o_ap_vld      |  out|    1|     ap_ovld|                        l_i_28|       pointer|
|l_i_29_i             |   in|   32|     ap_ovld|                        l_i_29|       pointer|
|l_i_29_o             |  out|   32|     ap_ovld|                        l_i_29|       pointer|
|l_i_29_o_ap_vld      |  out|    1|     ap_ovld|                        l_i_29|       pointer|
|l_i_30_i             |   in|   32|     ap_ovld|                        l_i_30|       pointer|
|l_i_30_o             |  out|   32|     ap_ovld|                        l_i_30|       pointer|
|l_i_30_o_ap_vld      |  out|    1|     ap_ovld|                        l_i_30|       pointer|
|l_i_31_i             |   in|   32|     ap_ovld|                        l_i_31|       pointer|
|l_i_31_o             |  out|   32|     ap_ovld|                        l_i_31|       pointer|
|l_i_31_o_ap_vld      |  out|    1|     ap_ovld|                        l_i_31|       pointer|
|l_i_32_i             |   in|   32|     ap_ovld|                        l_i_32|       pointer|
|l_i_32_o             |  out|   32|     ap_ovld|                        l_i_32|       pointer|
|l_i_32_o_ap_vld      |  out|    1|     ap_ovld|                        l_i_32|       pointer|
|l_i_33_i             |   in|   32|     ap_ovld|                        l_i_33|       pointer|
|l_i_33_o             |  out|   32|     ap_ovld|                        l_i_33|       pointer|
|l_i_33_o_ap_vld      |  out|    1|     ap_ovld|                        l_i_33|       pointer|
|l_i_34_i             |   in|   32|     ap_ovld|                        l_i_34|       pointer|
|l_i_34_o             |  out|   32|     ap_ovld|                        l_i_34|       pointer|
|l_i_34_o_ap_vld      |  out|    1|     ap_ovld|                        l_i_34|       pointer|
|l_i_35_i             |   in|   32|     ap_ovld|                        l_i_35|       pointer|
|l_i_35_o             |  out|   32|     ap_ovld|                        l_i_35|       pointer|
|l_i_35_o_ap_vld      |  out|    1|     ap_ovld|                        l_i_35|       pointer|
|l_i_36_i             |   in|   32|     ap_ovld|                        l_i_36|       pointer|
|l_i_36_o             |  out|   32|     ap_ovld|                        l_i_36|       pointer|
|l_i_36_o_ap_vld      |  out|    1|     ap_ovld|                        l_i_36|       pointer|
|l_i_37_i             |   in|   32|     ap_ovld|                        l_i_37|       pointer|
|l_i_37_o             |  out|   32|     ap_ovld|                        l_i_37|       pointer|
|l_i_37_o_ap_vld      |  out|    1|     ap_ovld|                        l_i_37|       pointer|
|l_i_38_i             |   in|   32|     ap_ovld|                        l_i_38|       pointer|
|l_i_38_o             |  out|   32|     ap_ovld|                        l_i_38|       pointer|
|l_i_38_o_ap_vld      |  out|    1|     ap_ovld|                        l_i_38|       pointer|
|l_i_39_i             |   in|   32|     ap_ovld|                        l_i_39|       pointer|
|l_i_39_o             |  out|   32|     ap_ovld|                        l_i_39|       pointer|
|l_i_39_o_ap_vld      |  out|    1|     ap_ovld|                        l_i_39|       pointer|
|l_i_40_i             |   in|   32|     ap_ovld|                        l_i_40|       pointer|
|l_i_40_o             |  out|   32|     ap_ovld|                        l_i_40|       pointer|
|l_i_40_o_ap_vld      |  out|    1|     ap_ovld|                        l_i_40|       pointer|
|l_i_41_i             |   in|   32|     ap_ovld|                        l_i_41|       pointer|
|l_i_41_o             |  out|   32|     ap_ovld|                        l_i_41|       pointer|
|l_i_41_o_ap_vld      |  out|    1|     ap_ovld|                        l_i_41|       pointer|
|l_i_42_i             |   in|   32|     ap_ovld|                        l_i_42|       pointer|
|l_i_42_o             |  out|   32|     ap_ovld|                        l_i_42|       pointer|
|l_i_42_o_ap_vld      |  out|    1|     ap_ovld|                        l_i_42|       pointer|
|l_i_43_i             |   in|   32|     ap_ovld|                        l_i_43|       pointer|
|l_i_43_o             |  out|   32|     ap_ovld|                        l_i_43|       pointer|
|l_i_43_o_ap_vld      |  out|    1|     ap_ovld|                        l_i_43|       pointer|
|l_i_44_i             |   in|   32|     ap_ovld|                        l_i_44|       pointer|
|l_i_44_o             |  out|   32|     ap_ovld|                        l_i_44|       pointer|
|l_i_44_o_ap_vld      |  out|    1|     ap_ovld|                        l_i_44|       pointer|
|l_i_45_i             |   in|   32|     ap_ovld|                        l_i_45|       pointer|
|l_i_45_o             |  out|   32|     ap_ovld|                        l_i_45|       pointer|
|l_i_45_o_ap_vld      |  out|    1|     ap_ovld|                        l_i_45|       pointer|
|l_i_46_i             |   in|   32|     ap_ovld|                        l_i_46|       pointer|
|l_i_46_o             |  out|   32|     ap_ovld|                        l_i_46|       pointer|
|l_i_46_o_ap_vld      |  out|    1|     ap_ovld|                        l_i_46|       pointer|
|l_i_47_i             |   in|   32|     ap_ovld|                        l_i_47|       pointer|
|l_i_47_o             |  out|   32|     ap_ovld|                        l_i_47|       pointer|
|l_i_47_o_ap_vld      |  out|    1|     ap_ovld|                        l_i_47|       pointer|
|l_i_48_i             |   in|   32|     ap_ovld|                        l_i_48|       pointer|
|l_i_48_o             |  out|   32|     ap_ovld|                        l_i_48|       pointer|
|l_i_48_o_ap_vld      |  out|    1|     ap_ovld|                        l_i_48|       pointer|
|l_i_49_i             |   in|   32|     ap_ovld|                        l_i_49|       pointer|
|l_i_49_o             |  out|   32|     ap_ovld|                        l_i_49|       pointer|
|l_i_49_o_ap_vld      |  out|    1|     ap_ovld|                        l_i_49|       pointer|
|l_i_50_i             |   in|   32|     ap_ovld|                        l_i_50|       pointer|
|l_i_50_o             |  out|   32|     ap_ovld|                        l_i_50|       pointer|
|l_i_50_o_ap_vld      |  out|    1|     ap_ovld|                        l_i_50|       pointer|
|l_i_51_i             |   in|   32|     ap_ovld|                        l_i_51|       pointer|
|l_i_51_o             |  out|   32|     ap_ovld|                        l_i_51|       pointer|
|l_i_51_o_ap_vld      |  out|    1|     ap_ovld|                        l_i_51|       pointer|
|l_i_52_i             |   in|   32|     ap_ovld|                        l_i_52|       pointer|
|l_i_52_o             |  out|   32|     ap_ovld|                        l_i_52|       pointer|
|l_i_52_o_ap_vld      |  out|    1|     ap_ovld|                        l_i_52|       pointer|
|l_i_53_i             |   in|   32|     ap_ovld|                        l_i_53|       pointer|
|l_i_53_o             |  out|   32|     ap_ovld|                        l_i_53|       pointer|
|l_i_53_o_ap_vld      |  out|    1|     ap_ovld|                        l_i_53|       pointer|
|l_i_54_i             |   in|   32|     ap_ovld|                        l_i_54|       pointer|
|l_i_54_o             |  out|   32|     ap_ovld|                        l_i_54|       pointer|
|l_i_54_o_ap_vld      |  out|    1|     ap_ovld|                        l_i_54|       pointer|
|l_i_55_i             |   in|   32|     ap_ovld|                        l_i_55|       pointer|
|l_i_55_o             |  out|   32|     ap_ovld|                        l_i_55|       pointer|
|l_i_55_o_ap_vld      |  out|    1|     ap_ovld|                        l_i_55|       pointer|
|l_i_56_i             |   in|   32|     ap_ovld|                        l_i_56|       pointer|
|l_i_56_o             |  out|   32|     ap_ovld|                        l_i_56|       pointer|
|l_i_56_o_ap_vld      |  out|    1|     ap_ovld|                        l_i_56|       pointer|
|l_i_57_i             |   in|   32|     ap_ovld|                        l_i_57|       pointer|
|l_i_57_o             |  out|   32|     ap_ovld|                        l_i_57|       pointer|
|l_i_57_o_ap_vld      |  out|    1|     ap_ovld|                        l_i_57|       pointer|
|l_i_58_i             |   in|   32|     ap_ovld|                        l_i_58|       pointer|
|l_i_58_o             |  out|   32|     ap_ovld|                        l_i_58|       pointer|
|l_i_58_o_ap_vld      |  out|    1|     ap_ovld|                        l_i_58|       pointer|
|l_i_59_i             |   in|   32|     ap_ovld|                        l_i_59|       pointer|
|l_i_59_o             |  out|   32|     ap_ovld|                        l_i_59|       pointer|
|l_i_59_o_ap_vld      |  out|    1|     ap_ovld|                        l_i_59|       pointer|
|l_i_60_i             |   in|   32|     ap_ovld|                        l_i_60|       pointer|
|l_i_60_o             |  out|   32|     ap_ovld|                        l_i_60|       pointer|
|l_i_60_o_ap_vld      |  out|    1|     ap_ovld|                        l_i_60|       pointer|
|l_i_61_i             |   in|   32|     ap_ovld|                        l_i_61|       pointer|
|l_i_61_o             |  out|   32|     ap_ovld|                        l_i_61|       pointer|
|l_i_61_o_ap_vld      |  out|    1|     ap_ovld|                        l_i_61|       pointer|
|l_i_62_i             |   in|   32|     ap_ovld|                        l_i_62|       pointer|
|l_i_62_o             |  out|   32|     ap_ovld|                        l_i_62|       pointer|
|l_i_62_o_ap_vld      |  out|    1|     ap_ovld|                        l_i_62|       pointer|
|l_i_63_i             |   in|   32|     ap_ovld|                        l_i_63|       pointer|
|l_i_63_o             |  out|   32|     ap_ovld|                        l_i_63|       pointer|
|l_i_63_o_ap_vld      |  out|    1|     ap_ovld|                        l_i_63|       pointer|
|m_tilde_0_val        |   in|   32|     ap_none|                 m_tilde_0_val|        scalar|
|m_tilde_1_val        |   in|   32|     ap_none|                 m_tilde_1_val|        scalar|
|m_tilde_2_val        |   in|   32|     ap_none|                 m_tilde_2_val|        scalar|
|m_tilde_3_val        |   in|   32|     ap_none|                 m_tilde_3_val|        scalar|
|m_tilde_4_val        |   in|   32|     ap_none|                 m_tilde_4_val|        scalar|
|m_tilde_5_val        |   in|   32|     ap_none|                 m_tilde_5_val|        scalar|
|m_tilde_6_val        |   in|   32|     ap_none|                 m_tilde_6_val|        scalar|
|m_tilde_7_val        |   in|   32|     ap_none|                 m_tilde_7_val|        scalar|
|m_tilde_8_val        |   in|   32|     ap_none|                 m_tilde_8_val|        scalar|
|m_tilde_9_val        |   in|   32|     ap_none|                 m_tilde_9_val|        scalar|
|m_tilde_10_val       |   in|   32|     ap_none|                m_tilde_10_val|        scalar|
|m_tilde_11_val       |   in|   32|     ap_none|                m_tilde_11_val|        scalar|
|m_tilde_12_val       |   in|   32|     ap_none|                m_tilde_12_val|        scalar|
|m_tilde_13_val       |   in|   32|     ap_none|                m_tilde_13_val|        scalar|
|m_tilde_14_val       |   in|   32|     ap_none|                m_tilde_14_val|        scalar|
|m_tilde_15_val       |   in|   32|     ap_none|                m_tilde_15_val|        scalar|
|m_tilde_16_val       |   in|   32|     ap_none|                m_tilde_16_val|        scalar|
|m_tilde_17_val       |   in|   32|     ap_none|                m_tilde_17_val|        scalar|
|m_tilde_18_val       |   in|   32|     ap_none|                m_tilde_18_val|        scalar|
|m_tilde_19_val       |   in|   32|     ap_none|                m_tilde_19_val|        scalar|
|m_tilde_20_val       |   in|   32|     ap_none|                m_tilde_20_val|        scalar|
|m_tilde_21_val       |   in|   32|     ap_none|                m_tilde_21_val|        scalar|
|m_tilde_22_val       |   in|   32|     ap_none|                m_tilde_22_val|        scalar|
|m_tilde_23_val       |   in|   32|     ap_none|                m_tilde_23_val|        scalar|
|m_tilde_24_val       |   in|   32|     ap_none|                m_tilde_24_val|        scalar|
|m_tilde_25_val       |   in|   32|     ap_none|                m_tilde_25_val|        scalar|
|m_tilde_26_val       |   in|   32|     ap_none|                m_tilde_26_val|        scalar|
|m_tilde_27_val       |   in|   32|     ap_none|                m_tilde_27_val|        scalar|
|m_tilde_28_val       |   in|   32|     ap_none|                m_tilde_28_val|        scalar|
|m_tilde_29_val       |   in|   32|     ap_none|                m_tilde_29_val|        scalar|
|m_tilde_30_val       |   in|   32|     ap_none|                m_tilde_30_val|        scalar|
|m_tilde_31_val       |   in|   32|     ap_none|                m_tilde_31_val|        scalar|
|m_tilde_32_val       |   in|   32|     ap_none|                m_tilde_32_val|        scalar|
|m_tilde_33_val       |   in|   32|     ap_none|                m_tilde_33_val|        scalar|
|m_tilde_34_val       |   in|   32|     ap_none|                m_tilde_34_val|        scalar|
|m_tilde_35_val       |   in|   32|     ap_none|                m_tilde_35_val|        scalar|
|m_tilde_36_val       |   in|   32|     ap_none|                m_tilde_36_val|        scalar|
|m_tilde_37_val       |   in|   32|     ap_none|                m_tilde_37_val|        scalar|
|m_tilde_38_val       |   in|   32|     ap_none|                m_tilde_38_val|        scalar|
|m_tilde_39_val       |   in|   32|     ap_none|                m_tilde_39_val|        scalar|
|m_tilde_40_val       |   in|   32|     ap_none|                m_tilde_40_val|        scalar|
|m_tilde_41_val       |   in|   32|     ap_none|                m_tilde_41_val|        scalar|
|m_tilde_42_val       |   in|   32|     ap_none|                m_tilde_42_val|        scalar|
|m_tilde_43_val       |   in|   32|     ap_none|                m_tilde_43_val|        scalar|
|m_tilde_44_val       |   in|   32|     ap_none|                m_tilde_44_val|        scalar|
|m_tilde_45_val       |   in|   32|     ap_none|                m_tilde_45_val|        scalar|
|m_tilde_46_val       |   in|   32|     ap_none|                m_tilde_46_val|        scalar|
|m_tilde_47_val       |   in|   32|     ap_none|                m_tilde_47_val|        scalar|
|m_tilde_48_val       |   in|   32|     ap_none|                m_tilde_48_val|        scalar|
|m_tilde_49_val       |   in|   32|     ap_none|                m_tilde_49_val|        scalar|
|m_tilde_50_val       |   in|   32|     ap_none|                m_tilde_50_val|        scalar|
|m_tilde_51_val       |   in|   32|     ap_none|                m_tilde_51_val|        scalar|
|m_tilde_52_val       |   in|   32|     ap_none|                m_tilde_52_val|        scalar|
|m_tilde_53_val       |   in|   32|     ap_none|                m_tilde_53_val|        scalar|
|m_tilde_54_val       |   in|   32|     ap_none|                m_tilde_54_val|        scalar|
|m_tilde_55_val       |   in|   32|     ap_none|                m_tilde_55_val|        scalar|
|m_tilde_56_val       |   in|   32|     ap_none|                m_tilde_56_val|        scalar|
|m_tilde_57_val       |   in|   32|     ap_none|                m_tilde_57_val|        scalar|
|m_tilde_58_val       |   in|   32|     ap_none|                m_tilde_58_val|        scalar|
|m_tilde_59_val       |   in|   32|     ap_none|                m_tilde_59_val|        scalar|
|m_tilde_60_val       |   in|   32|     ap_none|                m_tilde_60_val|        scalar|
|m_tilde_61_val       |   in|   32|     ap_none|                m_tilde_61_val|        scalar|
|m_tilde_62_val       |   in|   32|     ap_none|                m_tilde_62_val|        scalar|
|m_tilde_63_val       |   in|   32|     ap_none|                m_tilde_63_val|        scalar|
|l_tilde_0_val        |   in|   32|     ap_none|                 l_tilde_0_val|        scalar|
|l_tilde_1_val        |   in|   32|     ap_none|                 l_tilde_1_val|        scalar|
|l_tilde_2_val        |   in|   32|     ap_none|                 l_tilde_2_val|        scalar|
|l_tilde_3_val        |   in|   32|     ap_none|                 l_tilde_3_val|        scalar|
|l_tilde_4_val        |   in|   32|     ap_none|                 l_tilde_4_val|        scalar|
|l_tilde_5_val        |   in|   32|     ap_none|                 l_tilde_5_val|        scalar|
|l_tilde_6_val        |   in|   32|     ap_none|                 l_tilde_6_val|        scalar|
|l_tilde_7_val        |   in|   32|     ap_none|                 l_tilde_7_val|        scalar|
|l_tilde_8_val        |   in|   32|     ap_none|                 l_tilde_8_val|        scalar|
|l_tilde_9_val        |   in|   32|     ap_none|                 l_tilde_9_val|        scalar|
|l_tilde_10_val       |   in|   32|     ap_none|                l_tilde_10_val|        scalar|
|l_tilde_11_val       |   in|   32|     ap_none|                l_tilde_11_val|        scalar|
|l_tilde_12_val       |   in|   32|     ap_none|                l_tilde_12_val|        scalar|
|l_tilde_13_val       |   in|   32|     ap_none|                l_tilde_13_val|        scalar|
|l_tilde_14_val       |   in|   32|     ap_none|                l_tilde_14_val|        scalar|
|l_tilde_15_val       |   in|   32|     ap_none|                l_tilde_15_val|        scalar|
|l_tilde_16_val       |   in|   32|     ap_none|                l_tilde_16_val|        scalar|
|l_tilde_17_val       |   in|   32|     ap_none|                l_tilde_17_val|        scalar|
|l_tilde_18_val       |   in|   32|     ap_none|                l_tilde_18_val|        scalar|
|l_tilde_19_val       |   in|   32|     ap_none|                l_tilde_19_val|        scalar|
|l_tilde_20_val       |   in|   32|     ap_none|                l_tilde_20_val|        scalar|
|l_tilde_21_val       |   in|   32|     ap_none|                l_tilde_21_val|        scalar|
|l_tilde_22_val       |   in|   32|     ap_none|                l_tilde_22_val|        scalar|
|l_tilde_23_val       |   in|   32|     ap_none|                l_tilde_23_val|        scalar|
|l_tilde_24_val       |   in|   32|     ap_none|                l_tilde_24_val|        scalar|
|l_tilde_25_val       |   in|   32|     ap_none|                l_tilde_25_val|        scalar|
|l_tilde_26_val       |   in|   32|     ap_none|                l_tilde_26_val|        scalar|
|l_tilde_27_val       |   in|   32|     ap_none|                l_tilde_27_val|        scalar|
|l_tilde_28_val       |   in|   32|     ap_none|                l_tilde_28_val|        scalar|
|l_tilde_29_val       |   in|   32|     ap_none|                l_tilde_29_val|        scalar|
|l_tilde_30_val       |   in|   32|     ap_none|                l_tilde_30_val|        scalar|
|l_tilde_31_val       |   in|   32|     ap_none|                l_tilde_31_val|        scalar|
|l_tilde_32_val       |   in|   32|     ap_none|                l_tilde_32_val|        scalar|
|l_tilde_33_val       |   in|   32|     ap_none|                l_tilde_33_val|        scalar|
|l_tilde_34_val       |   in|   32|     ap_none|                l_tilde_34_val|        scalar|
|l_tilde_35_val       |   in|   32|     ap_none|                l_tilde_35_val|        scalar|
|l_tilde_36_val       |   in|   32|     ap_none|                l_tilde_36_val|        scalar|
|l_tilde_37_val       |   in|   32|     ap_none|                l_tilde_37_val|        scalar|
|l_tilde_38_val       |   in|   32|     ap_none|                l_tilde_38_val|        scalar|
|l_tilde_39_val       |   in|   32|     ap_none|                l_tilde_39_val|        scalar|
|l_tilde_40_val       |   in|   32|     ap_none|                l_tilde_40_val|        scalar|
|l_tilde_41_val       |   in|   32|     ap_none|                l_tilde_41_val|        scalar|
|l_tilde_42_val       |   in|   32|     ap_none|                l_tilde_42_val|        scalar|
|l_tilde_43_val       |   in|   32|     ap_none|                l_tilde_43_val|        scalar|
|l_tilde_44_val       |   in|   32|     ap_none|                l_tilde_44_val|        scalar|
|l_tilde_45_val       |   in|   32|     ap_none|                l_tilde_45_val|        scalar|
|l_tilde_46_val       |   in|   32|     ap_none|                l_tilde_46_val|        scalar|
|l_tilde_47_val       |   in|   32|     ap_none|                l_tilde_47_val|        scalar|
|l_tilde_48_val       |   in|   32|     ap_none|                l_tilde_48_val|        scalar|
|l_tilde_49_val       |   in|   32|     ap_none|                l_tilde_49_val|        scalar|
|l_tilde_50_val       |   in|   32|     ap_none|                l_tilde_50_val|        scalar|
|l_tilde_51_val       |   in|   32|     ap_none|                l_tilde_51_val|        scalar|
|l_tilde_52_val       |   in|   32|     ap_none|                l_tilde_52_val|        scalar|
|l_tilde_53_val       |   in|   32|     ap_none|                l_tilde_53_val|        scalar|
|l_tilde_54_val       |   in|   32|     ap_none|                l_tilde_54_val|        scalar|
|l_tilde_55_val       |   in|   32|     ap_none|                l_tilde_55_val|        scalar|
|l_tilde_56_val       |   in|   32|     ap_none|                l_tilde_56_val|        scalar|
|l_tilde_57_val       |   in|   32|     ap_none|                l_tilde_57_val|        scalar|
|l_tilde_58_val       |   in|   32|     ap_none|                l_tilde_58_val|        scalar|
|l_tilde_59_val       |   in|   32|     ap_none|                l_tilde_59_val|        scalar|
|l_tilde_60_val       |   in|   32|     ap_none|                l_tilde_60_val|        scalar|
|l_tilde_61_val       |   in|   32|     ap_none|                l_tilde_61_val|        scalar|
|l_tilde_62_val       |   in|   32|     ap_none|                l_tilde_62_val|        scalar|
|l_tilde_63_val       |   in|   32|     ap_none|                l_tilde_63_val|        scalar|
|br_actual            |   in|   32|     ap_none|                     br_actual|        scalar|
|is_first_j           |   in|    1|     ap_none|                    is_first_j|        scalar|
+---------------------+-----+-----+------------+------------------------------+--------------+

