

================================================================
== Vitis HLS Report for 'update_statistics_and_output_Pipeline_UPDATE_O_ROWS_UPDATE_O_COLS'
================================================================
* Date:           Sun Mar 22 18:06:59 2026

* Version:        2025.1 (Build 6135595 on May 21 2025)
* Project:        FlashAtt1
* Solution:       hls (Vivado IP Flow Target)
* Product family: versalhbm
* Target device:  xcvh1582-lsva4737-2LHP-e-S


================================================================
== Performance Estimates
================================================================
+ Timing: 
    * Summary: 
    +--------+----------+----------+------------+
    |  Clock |  Target  | Estimated| Uncertainty|
    +--------+----------+----------+------------+
    |ap_clk  |  10.00 ns|  7.185 ns|     2.70 ns|
    +--------+----------+----------+------------+

+ Latency: 
    * Summary: 
    +---------+---------+----------+----------+-----+-----+------------------------------------------------+
    |  Latency (cycles) |  Latency (absolute) |  Interval |                    Pipeline                    |
    |   min   |   max   |    min   |    max   | min | max |                      Type                      |
    +---------+---------+----------+----------+-----+-----+------------------------------------------------+
    |      515|      515|  5.150 us|  5.150 us|  513|  513|  loop auto-rewind stp (delay=0 clock cycles(s))|
    +---------+---------+----------+----------+-----+-----+------------------------------------------------+

    + Detail: 
        * Instance: 
        N/A

        * Loop: 
        +-------------------------------+---------+---------+----------+-----------+-----------+------+----------+
        |                               |  Latency (cycles) | Iteration|  Initiation Interval  | Trip |          |
        |           Loop Name           |   min   |   max   |  Latency |  achieved |   target  | Count| Pipelined|
        +-------------------------------+---------+---------+----------+-----------+-----------+------+----------+
        |- UPDATE_O_ROWS_UPDATE_O_COLS  |      513|      513|         3|          1|          1|   512|       yes|
        +-------------------------------+---------+---------+----------+-----------+-----------+------+----------+



================================================================
== Utilization Estimates
================================================================
* Summary: 
+---------------------+---------+------+---------+---------+------+
|         Name        | BRAM_18K|  DSP |    FF   |   LUT   | URAM |
+---------------------+---------+------+---------+---------+------+
|DSP                  |        -|     -|        -|        -|     -|
|Expression           |        -|     -|        0|      990|     -|
|FIFO                 |        -|     -|        -|        -|     -|
|Instance             |        -|    32|        0|     1360|     -|
|Memory               |        -|     -|        -|        -|     -|
|Multiplexer          |        -|     -|        0|       66|     -|
|Register             |        -|     -|      793|        -|     -|
+---------------------+---------+------+---------+---------+------+
|Total                |        0|    32|      793|     2416|     0|
+---------------------+---------+------+---------+---------+------+
|Available SLR        |     2541|  3696|  1753984|   876992|   650|
+---------------------+---------+------+---------+---------+------+
|Utilization SLR (%)  |        0|    ~0|       ~0|       ~0|     0|
+---------------------+---------+------+---------+---------+------+
|Available            |     5082|  7392|  3507968|  1753984|  1301|
+---------------------+---------+------+---------+---------+------+
|Utilization (%)      |        0|    ~0|       ~0|       ~0|     0|
+---------------------+---------+------+---------+---------+------+

+ Detail: 
    * Instance: 
    +------------------------------------------------------+------------------------------------------------+---------+----+---+-----+-----+
    |                       Instance                       |                     Module                     | BRAM_18K| DSP| FF| LUT | URAM|
    +------------------------------------------------------+------------------------------------------------+---------+----+---+-----+-----+
    |fmadd_32ns_32ns_32ns_32ns_32_1_primitive_dsp_1_U1573  |fmadd_32ns_32ns_32ns_32ns_32_1_primitive_dsp_1  |        0|   1|  0|    1|    0|
    |fmadd_32ns_32ns_32ns_32ns_32_1_primitive_dsp_1_U1574  |fmadd_32ns_32ns_32ns_32ns_32_1_primitive_dsp_1  |        0|   1|  0|    1|    0|
    |fmadd_32ns_32ns_32ns_32ns_32_1_primitive_dsp_1_U1575  |fmadd_32ns_32ns_32ns_32ns_32_1_primitive_dsp_1  |        0|   1|  0|    1|    0|
    |fmadd_32ns_32ns_32ns_32ns_32_1_primitive_dsp_1_U1576  |fmadd_32ns_32ns_32ns_32ns_32_1_primitive_dsp_1  |        0|   1|  0|    1|    0|
    |fmadd_32ns_32ns_32ns_32ns_32_1_primitive_dsp_1_U1577  |fmadd_32ns_32ns_32ns_32ns_32_1_primitive_dsp_1  |        0|   1|  0|    1|    0|
    |fmadd_32ns_32ns_32ns_32ns_32_1_primitive_dsp_1_U1578  |fmadd_32ns_32ns_32ns_32ns_32_1_primitive_dsp_1  |        0|   1|  0|    1|    0|
    |fmadd_32ns_32ns_32ns_32ns_32_1_primitive_dsp_1_U1579  |fmadd_32ns_32ns_32ns_32ns_32_1_primitive_dsp_1  |        0|   1|  0|    1|    0|
    |fmadd_32ns_32ns_32ns_32ns_32_1_primitive_dsp_1_U1580  |fmadd_32ns_32ns_32ns_32ns_32_1_primitive_dsp_1  |        0|   1|  0|    1|    0|
    |fmadd_32ns_32ns_32ns_32ns_32_1_primitive_dsp_1_U1581  |fmadd_32ns_32ns_32ns_32ns_32_1_primitive_dsp_1  |        0|   1|  0|    1|    0|
    |fmadd_32ns_32ns_32ns_32ns_32_1_primitive_dsp_1_U1582  |fmadd_32ns_32ns_32ns_32ns_32_1_primitive_dsp_1  |        0|   1|  0|    1|    0|
    |fmadd_32ns_32ns_32ns_32ns_32_1_primitive_dsp_1_U1583  |fmadd_32ns_32ns_32ns_32ns_32_1_primitive_dsp_1  |        0|   1|  0|    1|    0|
    |fmadd_32ns_32ns_32ns_32ns_32_1_primitive_dsp_1_U1584  |fmadd_32ns_32ns_32ns_32ns_32_1_primitive_dsp_1  |        0|   1|  0|    1|    0|
    |fmadd_32ns_32ns_32ns_32ns_32_1_primitive_dsp_1_U1585  |fmadd_32ns_32ns_32ns_32ns_32_1_primitive_dsp_1  |        0|   1|  0|    1|    0|
    |fmadd_32ns_32ns_32ns_32ns_32_1_primitive_dsp_1_U1586  |fmadd_32ns_32ns_32ns_32ns_32_1_primitive_dsp_1  |        0|   1|  0|    1|    0|
    |fmadd_32ns_32ns_32ns_32ns_32_1_primitive_dsp_1_U1587  |fmadd_32ns_32ns_32ns_32ns_32_1_primitive_dsp_1  |        0|   1|  0|    1|    0|
    |fmadd_32ns_32ns_32ns_32ns_32_1_primitive_dsp_1_U1588  |fmadd_32ns_32ns_32ns_32ns_32_1_primitive_dsp_1  |        0|   1|  0|    1|    0|
    |fmul_32ns_32ns_32_1_primitive_dsp_1_U1557             |fmul_32ns_32ns_32_1_primitive_dsp_1             |        0|   1|  0|    0|    0|
    |fmul_32ns_32ns_32_1_primitive_dsp_1_U1558             |fmul_32ns_32ns_32_1_primitive_dsp_1             |        0|   1|  0|    0|    0|
    |fmul_32ns_32ns_32_1_primitive_dsp_1_U1559             |fmul_32ns_32ns_32_1_primitive_dsp_1             |        0|   1|  0|    0|    0|
    |fmul_32ns_32ns_32_1_primitive_dsp_1_U1560             |fmul_32ns_32ns_32_1_primitive_dsp_1             |        0|   1|  0|    0|    0|
    |fmul_32ns_32ns_32_1_primitive_dsp_1_U1561             |fmul_32ns_32ns_32_1_primitive_dsp_1             |        0|   1|  0|    0|    0|
    |fmul_32ns_32ns_32_1_primitive_dsp_1_U1562             |fmul_32ns_32ns_32_1_primitive_dsp_1             |        0|   1|  0|    0|    0|
    |fmul_32ns_32ns_32_1_primitive_dsp_1_U1563             |fmul_32ns_32ns_32_1_primitive_dsp_1             |        0|   1|  0|    0|    0|
    |fmul_32ns_32ns_32_1_primitive_dsp_1_U1564             |fmul_32ns_32ns_32_1_primitive_dsp_1             |        0|   1|  0|    0|    0|
    |fmul_32ns_32ns_32_1_primitive_dsp_1_U1565             |fmul_32ns_32ns_32_1_primitive_dsp_1             |        0|   1|  0|    0|    0|
    |fmul_32ns_32ns_32_1_primitive_dsp_1_U1566             |fmul_32ns_32ns_32_1_primitive_dsp_1             |        0|   1|  0|    0|    0|
    |fmul_32ns_32ns_32_1_primitive_dsp_1_U1567             |fmul_32ns_32ns_32_1_primitive_dsp_1             |        0|   1|  0|    0|    0|
    |fmul_32ns_32ns_32_1_primitive_dsp_1_U1568             |fmul_32ns_32ns_32_1_primitive_dsp_1             |        0|   1|  0|    0|    0|
    |fmul_32ns_32ns_32_1_primitive_dsp_1_U1569             |fmul_32ns_32ns_32_1_primitive_dsp_1             |        0|   1|  0|    0|    0|
    |fmul_32ns_32ns_32_1_primitive_dsp_1_U1570             |fmul_32ns_32ns_32_1_primitive_dsp_1             |        0|   1|  0|    0|    0|
    |fmul_32ns_32ns_32_1_primitive_dsp_1_U1571             |fmul_32ns_32ns_32_1_primitive_dsp_1             |        0|   1|  0|    0|    0|
    |fmul_32ns_32ns_32_1_primitive_dsp_1_U1572             |fmul_32ns_32ns_32_1_primitive_dsp_1             |        0|   1|  0|    0|    0|
    |sparsemux_129_6_32_1_1_U1589                          |sparsemux_129_6_32_1_1                          |        0|   0|  0|  672|    0|
    |sparsemux_129_6_32_1_1_U1590                          |sparsemux_129_6_32_1_1                          |        0|   0|  0|  672|    0|
    +------------------------------------------------------+------------------------------------------------+---------+----+---+-----+-----+
    |Total                                                 |                                                |        0|  32|  0| 1360|    0|
    +------------------------------------------------------+------------------------------------------------+---------+----+---+-----+-----+

    * DSP: 
    N/A

    * Memory: 
    N/A

    * FIFO: 
    N/A

    * Expression: 
    +---------------------------+----------+----+---+----+------------+------------+
    |       Variable Name       | Operation| DSP| FF| LUT| Bitwidth P0| Bitwidth P1|
    +---------------------------+----------+----+---+----+------------+------------+
    |add_ln163_1_fu_2000_p2     |         +|   0|  0|  10|          10|           1|
    |add_ln163_fu_2022_p2       |         +|   0|  0|   8|           7|           1|
    |add_ln168_fu_2700_p2       |         +|   0|  0|   8|           8|           5|
    |cmp60_fu_2592_p2           |      icmp|   0|  0|  16|          32|          32|
    |icmp_ln163_fu_2006_p2      |      icmp|   0|  0|   4|          10|          11|
    |add68_10_fu_1947_p2        |    select|   0|  0|  29|           1|           1|
    |add68_11_fu_1954_p2        |    select|   0|  0|  29|           1|           1|
    |add68_12_fu_1961_p2        |    select|   0|  0|  29|           1|           1|
    |add68_13_fu_1968_p2        |    select|   0|  0|  29|           1|           1|
    |add68_14_fu_1975_p2        |    select|   0|  0|  29|           1|           1|
    |add68_1_fu_1884_p2         |    select|   0|  0|  29|           1|           1|
    |add68_2_fu_1891_p2         |    select|   0|  0|  29|           1|           1|
    |add68_3_fu_1898_p2         |    select|   0|  0|  29|           1|           1|
    |add68_4_fu_1905_p2         |    select|   0|  0|  29|           1|           1|
    |add68_5_fu_1912_p2         |    select|   0|  0|  29|           1|           1|
    |add68_6_fu_1919_p2         |    select|   0|  0|  29|           1|           1|
    |add68_7_fu_1926_p2         |    select|   0|  0|  29|           1|           1|
    |add68_8_fu_1933_p2         |    select|   0|  0|  29|           1|           1|
    |add68_9_fu_1940_p2         |    select|   0|  0|  29|           1|           1|
    |add68_s_fu_1877_p2         |    select|   0|  0|  29|           1|           1|
    |add_fu_1870_p2             |    select|   0|  0|  29|           1|           1|
    |cond71_10_fu_3245_p3       |    select|   0|  0|  29|           1|          32|
    |cond71_11_fu_3278_p3       |    select|   0|  0|  29|           1|          32|
    |cond71_12_fu_3311_p3       |    select|   0|  0|  29|           1|          32|
    |cond71_13_fu_3344_p3       |    select|   0|  0|  29|           1|          32|
    |cond71_14_fu_3377_p3       |    select|   0|  0|  29|           1|          32|
    |cond71_15_fu_3410_p3       |    select|   0|  0|  29|           1|          32|
    |cond71_1_fu_2948_p3        |    select|   0|  0|  29|           1|          32|
    |cond71_2_fu_2981_p3        |    select|   0|  0|  29|           1|          32|
    |cond71_3_fu_3014_p3        |    select|   0|  0|  29|           1|          32|
    |cond71_4_fu_3047_p3        |    select|   0|  0|  29|           1|          32|
    |cond71_5_fu_3080_p3        |    select|   0|  0|  29|           1|          32|
    |cond71_6_fu_3113_p3        |    select|   0|  0|  29|           1|          32|
    |cond71_7_fu_3146_p3        |    select|   0|  0|  29|           1|          32|
    |cond71_8_fu_3179_p3        |    select|   0|  0|  29|           1|          32|
    |cond71_9_fu_3212_p3        |    select|   0|  0|  29|           1|          32|
    |cond71_fu_2915_p3          |    select|   0|  0|  29|           1|          32|
    |select_ln163_1_fu_2048_p3  |    select|   0|  0|   7|           1|           7|
    |select_ln163_fu_2036_p3    |    select|   0|  0|   7|           1|           1|
    |ap_enable_pp0              |       xor|   0|  0|   2|           1|           2|
    +---------------------------+----------+----+---+----+------------+------------+
    |Total                      |          |   0|  0| 990|         102|         588|
    +---------------------------+----------+----+---+----+------------+------------+

    * Multiplexer: 
    +--------------------------------------+----+-----------+-----+-----------+
    |                 Name                 | LUT| Input Size| Bits| Total Bits|
    +--------------------------------------+----+-----------+-----+-----------+
    |ap_done_int                           |   1|          2|    1|          2|
    |ap_enable_reg_pp0_iter1               |   1|          2|    1|          2|
    |ap_sig_allocacmp_i_load               |   8|          2|    7|         14|
    |ap_sig_allocacmp_indvar_flatten_load  |  16|          2|   10|         20|
    |ap_sig_allocacmp_k_load               |   8|          2|    8|         16|
    |i_fu_522                              |   8|          2|    7|         14|
    |indvar_flatten_fu_526                 |  16|          2|   10|         20|
    |k_fu_518                              |   8|          2|    8|         16|
    +--------------------------------------+----+-----------+-----+-----------+
    |Total                                 |  66|         16|   52|        104|
    +--------------------------------------+----+-----------+-----+-----------+

    * Register: 
    +----------------------------------+----+----+-----+-----------+
    |               Name               | FF | LUT| Bits| Const Bits|
    +----------------------------------+----+----+-----+-----------+
    |O_tile_0_addr_reg_3662            |   9|   0|    9|          0|
    |O_tile_10_addr_reg_3732           |   9|   0|    9|          0|
    |O_tile_11_addr_reg_3739           |   9|   0|    9|          0|
    |O_tile_12_addr_reg_3746           |   9|   0|    9|          0|
    |O_tile_13_addr_reg_3753           |   9|   0|    9|          0|
    |O_tile_14_addr_reg_3760           |   9|   0|    9|          0|
    |O_tile_15_addr_reg_3767           |   9|   0|    9|          0|
    |O_tile_1_addr_reg_3669            |   9|   0|    9|          0|
    |O_tile_2_addr_reg_3676            |   9|   0|    9|          0|
    |O_tile_3_addr_reg_3683            |   9|   0|    9|          0|
    |O_tile_4_addr_reg_3690            |   9|   0|    9|          0|
    |O_tile_5_addr_reg_3697            |   9|   0|    9|          0|
    |O_tile_6_addr_reg_3704            |   9|   0|    9|          0|
    |O_tile_7_addr_reg_3711            |   9|   0|    9|          0|
    |O_tile_8_addr_reg_3718            |   9|   0|    9|          0|
    |O_tile_9_addr_reg_3725            |   9|   0|    9|          0|
    |ap_CS_fsm                         |   1|   0|    1|          0|
    |ap_done_reg                       |   1|   0|    1|          0|
    |ap_enable_reg_pp0_iter1           |   1|   0|    1|          0|
    |ap_enable_reg_pp0_iter2           |   1|   0|    1|          0|
    |ap_loop_exit_ready_pp0_iter1_reg  |   1|   0|    1|          0|
    |cmp60_reg_3542                    |   1|   0|    1|          0|
    |cmp60_reg_3542_pp0_iter1_reg      |   1|   0|    1|          0|
    |en_reg_3506                       |  32|   0|   32|          0|
    |eo_reg_3470                       |  32|   0|   32|          0|
    |eo_reg_3470_pp0_iter1_reg         |  32|   0|   32|          0|
    |i_fu_522                          |   7|   0|    7|          0|
    |indvar_flatten_fu_526             |  10|   0|   10|          0|
    |k_fu_518                          |   8|   0|    8|          0|
    |mul3_reg_3774                     |  32|   0|   32|          0|
    |mul67_10_reg_3840                 |  32|   0|   32|          0|
    |mul67_11_reg_3846                 |  32|   0|   32|          0|
    |mul67_12_reg_3852                 |  32|   0|   32|          0|
    |mul67_13_reg_3858                 |  32|   0|   32|          0|
    |mul67_14_reg_3864                 |  32|   0|   32|          0|
    |mul67_1_reg_3780                  |  32|   0|   32|          0|
    |mul67_2_reg_3786                  |  32|   0|   32|          0|
    |mul67_3_reg_3792                  |  32|   0|   32|          0|
    |mul67_4_reg_3798                  |  32|   0|   32|          0|
    |mul67_5_reg_3804                  |  32|   0|   32|          0|
    |mul67_6_reg_3810                  |  32|   0|   32|          0|
    |mul67_7_reg_3816                  |  32|   0|   32|          0|
    |mul67_8_reg_3822                  |  32|   0|   32|          0|
    |mul67_9_reg_3828                  |  32|   0|   32|          0|
    |mul67_s_reg_3834                  |  32|   0|   32|          0|
    |zext_ln172_reg_3562               |   9|   0|   64|         55|
    +----------------------------------+----+----+-----+-----------+
    |Total                             | 793|   0|  848|         55|
    +----------------------------------+----+----+-----+-----------+



================================================================
== Interface
================================================================
* Summary: 
+--------------------------+-----+-----+------------+-------------------------------------------------------------------+--------------+
|         RTL Ports        | Dir | Bits|  Protocol  |                           Source Object                           |    C Type    |
+--------------------------+-----+-----+------------+-------------------------------------------------------------------+--------------+
|ap_clk                    |   in|    1|  ap_ctrl_hs|  update_statistics_and_output_Pipeline_UPDATE_O_ROWS_UPDATE_O_COLS|  return value|
|ap_rst                    |   in|    1|  ap_ctrl_hs|  update_statistics_and_output_Pipeline_UPDATE_O_ROWS_UPDATE_O_COLS|  return value|
|ap_start                  |   in|    1|  ap_ctrl_hs|  update_statistics_and_output_Pipeline_UPDATE_O_ROWS_UPDATE_O_COLS|  return value|
|ap_done                   |  out|    1|  ap_ctrl_hs|  update_statistics_and_output_Pipeline_UPDATE_O_ROWS_UPDATE_O_COLS|  return value|
|ap_idle                   |  out|    1|  ap_ctrl_hs|  update_statistics_and_output_Pipeline_UPDATE_O_ROWS_UPDATE_O_COLS|  return value|
|ap_ready                  |  out|    1|  ap_ctrl_hs|  update_statistics_and_output_Pipeline_UPDATE_O_ROWS_UPDATE_O_COLS|  return value|
|mux_case_03_reload        |   in|   32|     ap_none|                                                 mux_case_03_reload|        scalar|
|mux_case_112_reload       |   in|   32|     ap_none|                                                mux_case_112_reload|        scalar|
|mux_case_217_reload       |   in|   32|     ap_none|                                                mux_case_217_reload|        scalar|
|mux_case_322_reload       |   in|   32|     ap_none|                                                mux_case_322_reload|        scalar|
|mux_case_427_reload       |   in|   32|     ap_none|                                                mux_case_427_reload|        scalar|
|mux_case_532_reload       |   in|   32|     ap_none|                                                mux_case_532_reload|        scalar|
|mux_case_637_reload       |   in|   32|     ap_none|                                                mux_case_637_reload|        scalar|
|mux_case_742_reload       |   in|   32|     ap_none|                                                mux_case_742_reload|        scalar|
|mux_case_847_reload       |   in|   32|     ap_none|                                                mux_case_847_reload|        scalar|
|mux_case_952_reload       |   in|   32|     ap_none|                                                mux_case_952_reload|        scalar|
|mux_case_1057_reload      |   in|   32|     ap_none|                                               mux_case_1057_reload|        scalar|
|mux_case_1162_reload      |   in|   32|     ap_none|                                               mux_case_1162_reload|        scalar|
|mux_case_1267_reload      |   in|   32|     ap_none|                                               mux_case_1267_reload|        scalar|
|mux_case_1373_reload      |   in|   32|     ap_none|                                               mux_case_1373_reload|        scalar|
|mux_case_1478_reload      |   in|   32|     ap_none|                                               mux_case_1478_reload|        scalar|
|mux_case_1583_reload      |   in|   32|     ap_none|                                               mux_case_1583_reload|        scalar|
|mux_case_1688_reload      |   in|   32|     ap_none|                                               mux_case_1688_reload|        scalar|
|mux_case_1794_reload      |   in|   32|     ap_none|                                               mux_case_1794_reload|        scalar|
|mux_case_1899_reload      |   in|   32|     ap_none|                                               mux_case_1899_reload|        scalar|
|mux_case_19104_reload     |   in|   32|     ap_none|                                              mux_case_19104_reload|        scalar|
|mux_case_20109_reload     |   in|   32|     ap_none|                                              mux_case_20109_reload|        scalar|
|mux_case_21114_reload     |   in|   32|     ap_none|                                              mux_case_21114_reload|        scalar|
|mux_case_22119_reload     |   in|   32|     ap_none|                                              mux_case_22119_reload|        scalar|
|mux_case_23124_reload     |   in|   32|     ap_none|                                              mux_case_23124_reload|        scalar|
|mux_case_24129_reload     |   in|   32|     ap_none|                                              mux_case_24129_reload|        scalar|
|mux_case_25134_reload     |   in|   32|     ap_none|                                              mux_case_25134_reload|        scalar|
|mux_case_26139_reload     |   in|   32|     ap_none|                                              mux_case_26139_reload|        scalar|
|mux_case_27144_reload     |   in|   32|     ap_none|                                              mux_case_27144_reload|        scalar|
|mux_case_28149_reload     |   in|   32|     ap_none|                                              mux_case_28149_reload|        scalar|
|mux_case_29154_reload     |   in|   32|     ap_none|                                              mux_case_29154_reload|        scalar|
|mux_case_30159_reload     |   in|   32|     ap_none|                                              mux_case_30159_reload|        scalar|
|mux_case_31164_reload     |   in|   32|     ap_none|                                              mux_case_31164_reload|        scalar|
|mux_case_32169_reload     |   in|   32|     ap_none|                                              mux_case_32169_reload|        scalar|
|mux_case_33174_reload     |   in|   32|     ap_none|                                              mux_case_33174_reload|        scalar|
|mux_case_34179_reload     |   in|   32|     ap_none|                                              mux_case_34179_reload|        scalar|
|mux_case_35184_reload     |   in|   32|     ap_none|                                              mux_case_35184_reload|        scalar|
|mux_case_36189_reload     |   in|   32|     ap_none|                                              mux_case_36189_reload|        scalar|
|mux_case_37194_reload     |   in|   32|     ap_none|                                              mux_case_37194_reload|        scalar|
|mux_case_38199_reload     |   in|   32|     ap_none|                                              mux_case_38199_reload|        scalar|
|mux_case_39204_reload     |   in|   32|     ap_none|                                              mux_case_39204_reload|        scalar|
|mux_case_40209_reload     |   in|   32|     ap_none|                                              mux_case_40209_reload|        scalar|
|mux_case_41215_reload     |   in|   32|     ap_none|                                              mux_case_41215_reload|        scalar|
|mux_case_42220_reload     |   in|   32|     ap_none|                                              mux_case_42220_reload|        scalar|
|mux_case_43225_reload     |   in|   32|     ap_none|                                              mux_case_43225_reload|        scalar|
|mux_case_44230_reload     |   in|   32|     ap_none|                                              mux_case_44230_reload|        scalar|
|mux_case_45235_reload     |   in|   32|     ap_none|                                              mux_case_45235_reload|        scalar|
|mux_case_46240_reload     |   in|   32|     ap_none|                                              mux_case_46240_reload|        scalar|
|mux_case_47245_reload     |   in|   32|     ap_none|                                              mux_case_47245_reload|        scalar|
|mux_case_48250_reload     |   in|   32|     ap_none|                                              mux_case_48250_reload|        scalar|
|mux_case_49255_reload     |   in|   32|     ap_none|                                              mux_case_49255_reload|        scalar|
|mux_case_50260_reload     |   in|   32|     ap_none|                                              mux_case_50260_reload|        scalar|
|mux_case_51265_reload     |   in|   32|     ap_none|                                              mux_case_51265_reload|        scalar|
|mux_case_52270_reload     |   in|   32|     ap_none|                                              mux_case_52270_reload|        scalar|
|mux_case_53275_reload     |   in|   32|     ap_none|                                              mux_case_53275_reload|        scalar|
|mux_case_54280_reload     |   in|   32|     ap_none|                                              mux_case_54280_reload|        scalar|
|mux_case_55285_reload     |   in|   32|     ap_none|                                              mux_case_55285_reload|        scalar|
|mux_case_56291_reload     |   in|   32|     ap_none|                                              mux_case_56291_reload|        scalar|
|mux_case_57296_reload     |   in|   32|     ap_none|                                              mux_case_57296_reload|        scalar|
|mux_case_58301_reload     |   in|   32|     ap_none|                                              mux_case_58301_reload|        scalar|
|mux_case_59306_reload     |   in|   32|     ap_none|                                              mux_case_59306_reload|        scalar|
|mux_case_60311_reload     |   in|   32|     ap_none|                                              mux_case_60311_reload|        scalar|
|mux_case_61316_reload     |   in|   32|     ap_none|                                              mux_case_61316_reload|        scalar|
|mux_case_62321_reload     |   in|   32|     ap_none|                                              mux_case_62321_reload|        scalar|
|mux_case_63326_reload     |   in|   32|     ap_none|                                              mux_case_63326_reload|        scalar|
|mux_case_056331_reload    |   in|   32|     ap_none|                                             mux_case_056331_reload|        scalar|
|mux_case_157336_reload    |   in|   32|     ap_none|                                             mux_case_157336_reload|        scalar|
|mux_case_258341_reload    |   in|   32|     ap_none|                                             mux_case_258341_reload|        scalar|
|mux_case_359346_reload    |   in|   32|     ap_none|                                             mux_case_359346_reload|        scalar|
|mux_case_460351_reload    |   in|   32|     ap_none|                                             mux_case_460351_reload|        scalar|
|mux_case_561356_reload    |   in|   32|     ap_none|                                             mux_case_561356_reload|        scalar|
|mux_case_662361_reload    |   in|   32|     ap_none|                                             mux_case_662361_reload|        scalar|
|mux_case_763366_reload    |   in|   32|     ap_none|                                             mux_case_763366_reload|        scalar|
|mux_case_864371_reload    |   in|   32|     ap_none|                                             mux_case_864371_reload|        scalar|
|mux_case_965376_reload    |   in|   32|     ap_none|                                             mux_case_965376_reload|        scalar|
|mux_case_1066381_reload   |   in|   32|     ap_none|                                            mux_case_1066381_reload|        scalar|
|mux_case_1167386_reload   |   in|   32|     ap_none|                                            mux_case_1167386_reload|        scalar|
|mux_case_1268391_reload   |   in|   32|     ap_none|                                            mux_case_1268391_reload|        scalar|
|mux_case_1369396_reload   |   in|   32|     ap_none|                                            mux_case_1369396_reload|        scalar|
|mux_case_1470401_reload   |   in|   32|     ap_none|                                            mux_case_1470401_reload|        scalar|
|mux_case_1571406_reload   |   in|   32|     ap_none|                                            mux_case_1571406_reload|        scalar|
|mux_case_1672411_reload   |   in|   32|     ap_none|                                            mux_case_1672411_reload|        scalar|
|mux_case_1773416_reload   |   in|   32|     ap_none|                                            mux_case_1773416_reload|        scalar|
|mux_case_1874421_reload   |   in|   32|     ap_none|                                            mux_case_1874421_reload|        scalar|
|mux_case_1975426_reload   |   in|   32|     ap_none|                                            mux_case_1975426_reload|        scalar|
|mux_case_2076431_reload   |   in|   32|     ap_none|                                            mux_case_2076431_reload|        scalar|
|mux_case_2177436_reload   |   in|   32|     ap_none|                                            mux_case_2177436_reload|        scalar|
|mux_case_2278441_reload   |   in|   32|     ap_none|                                            mux_case_2278441_reload|        scalar|
|mux_case_2379446_reload   |   in|   32|     ap_none|                                            mux_case_2379446_reload|        scalar|
|mux_case_2480451_reload   |   in|   32|     ap_none|                                            mux_case_2480451_reload|        scalar|
|mux_case_2581456_reload   |   in|   32|     ap_none|                                            mux_case_2581456_reload|        scalar|
|mux_case_2682461_reload   |   in|   32|     ap_none|                                            mux_case_2682461_reload|        scalar|
|mux_case_2783466_reload   |   in|   32|     ap_none|                                            mux_case_2783466_reload|        scalar|
|mux_case_2884471_reload   |   in|   32|     ap_none|                                            mux_case_2884471_reload|        scalar|
|mux_case_2985476_reload   |   in|   32|     ap_none|                                            mux_case_2985476_reload|        scalar|
|mux_case_3086481_reload   |   in|   32|     ap_none|                                            mux_case_3086481_reload|        scalar|
|mux_case_3187486_reload   |   in|   32|     ap_none|                                            mux_case_3187486_reload|        scalar|
|mux_case_3288491_reload   |   in|   32|     ap_none|                                            mux_case_3288491_reload|        scalar|
|mux_case_3389496_reload   |   in|   32|     ap_none|                                            mux_case_3389496_reload|        scalar|
|mux_case_3490501_reload   |   in|   32|     ap_none|                                            mux_case_3490501_reload|        scalar|
|mux_case_3591506_reload   |   in|   32|     ap_none|                                            mux_case_3591506_reload|        scalar|
|mux_case_3692511_reload   |   in|   32|     ap_none|                                            mux_case_3692511_reload|        scalar|
|mux_case_3793516_reload   |   in|   32|     ap_none|                                            mux_case_3793516_reload|        scalar|
|mux_case_3894521_reload   |   in|   32|     ap_none|                                            mux_case_3894521_reload|        scalar|
|mux_case_3995526_reload   |   in|   32|     ap_none|                                            mux_case_3995526_reload|        scalar|
|mux_case_4096531_reload   |   in|   32|     ap_none|                                            mux_case_4096531_reload|        scalar|
|mux_case_4197536_reload   |   in|   32|     ap_none|                                            mux_case_4197536_reload|        scalar|
|mux_case_4298541_reload   |   in|   32|     ap_none|                                            mux_case_4298541_reload|        scalar|
|mux_case_4399546_reload   |   in|   32|     ap_none|                                            mux_case_4399546_reload|        scalar|
|mux_case_44100551_reload  |   in|   32|     ap_none|                                           mux_case_44100551_reload|        scalar|
|mux_case_45101556_reload  |   in|   32|     ap_none|                                           mux_case_45101556_reload|        scalar|
|mux_case_46102561_reload  |   in|   32|     ap_none|                                           mux_case_46102561_reload|        scalar|
|mux_case_47103566_reload  |   in|   32|     ap_none|                                           mux_case_47103566_reload|        scalar|
|mux_case_48104571_reload  |   in|   32|     ap_none|                                           mux_case_48104571_reload|        scalar|
|mux_case_49105576_reload  |   in|   32|     ap_none|                                           mux_case_49105576_reload|        scalar|
|mux_case_50106581_reload  |   in|   32|     ap_none|                                           mux_case_50106581_reload|        scalar|
|mux_case_51107586_reload  |   in|   32|     ap_none|                                           mux_case_51107586_reload|        scalar|
|mux_case_52108591_reload  |   in|   32|     ap_none|                                           mux_case_52108591_reload|        scalar|
|mux_case_53109596_reload  |   in|   32|     ap_none|                                           mux_case_53109596_reload|        scalar|
|mux_case_54110601_reload  |   in|   32|     ap_none|                                           mux_case_54110601_reload|        scalar|
|mux_case_55111606_reload  |   in|   32|     ap_none|                                           mux_case_55111606_reload|        scalar|
|mux_case_56112611_reload  |   in|   32|     ap_none|                                           mux_case_56112611_reload|        scalar|
|mux_case_57113616_reload  |   in|   32|     ap_none|                                           mux_case_57113616_reload|        scalar|
|mux_case_58114621_reload  |   in|   32|     ap_none|                                           mux_case_58114621_reload|        scalar|
|mux_case_59115626_reload  |   in|   32|     ap_none|                                           mux_case_59115626_reload|        scalar|
|mux_case_60116631_reload  |   in|   32|     ap_none|                                           mux_case_60116631_reload|        scalar|
|mux_case_61117636_reload  |   in|   32|     ap_none|                                           mux_case_61117636_reload|        scalar|
|mux_case_62118641_reload  |   in|   32|     ap_none|                                           mux_case_62118641_reload|        scalar|
|mux_case_63119646_reload  |   in|   32|     ap_none|                                           mux_case_63119646_reload|        scalar|
|br_actual                 |   in|   32|     ap_none|                                                          br_actual|        scalar|
|O_tile_0_address0         |  out|    9|   ap_memory|                                                           O_tile_0|         array|
|O_tile_0_ce0              |  out|    1|   ap_memory|                                                           O_tile_0|         array|
|O_tile_0_q0               |   in|   32|   ap_memory|                                                           O_tile_0|         array|
|O_tile_0_address1         |  out|    9|   ap_memory|                                                           O_tile_0|         array|
|O_tile_0_ce1              |  out|    1|   ap_memory|                                                           O_tile_0|         array|
|O_tile_0_we1              |  out|    1|   ap_memory|                                                           O_tile_0|         array|
|O_tile_0_d1               |  out|   32|   ap_memory|                                                           O_tile_0|         array|
|O_tile_1_address0         |  out|    9|   ap_memory|                                                           O_tile_1|         array|
|O_tile_1_ce0              |  out|    1|   ap_memory|                                                           O_tile_1|         array|
|O_tile_1_q0               |   in|   32|   ap_memory|                                                           O_tile_1|         array|
|O_tile_1_address1         |  out|    9|   ap_memory|                                                           O_tile_1|         array|
|O_tile_1_ce1              |  out|    1|   ap_memory|                                                           O_tile_1|         array|
|O_tile_1_we1              |  out|    1|   ap_memory|                                                           O_tile_1|         array|
|O_tile_1_d1               |  out|   32|   ap_memory|                                                           O_tile_1|         array|
|O_tile_2_address0         |  out|    9|   ap_memory|                                                           O_tile_2|         array|
|O_tile_2_ce0              |  out|    1|   ap_memory|                                                           O_tile_2|         array|
|O_tile_2_q0               |   in|   32|   ap_memory|                                                           O_tile_2|         array|
|O_tile_2_address1         |  out|    9|   ap_memory|                                                           O_tile_2|         array|
|O_tile_2_ce1              |  out|    1|   ap_memory|                                                           O_tile_2|         array|
|O_tile_2_we1              |  out|    1|   ap_memory|                                                           O_tile_2|         array|
|O_tile_2_d1               |  out|   32|   ap_memory|                                                           O_tile_2|         array|
|O_tile_3_address0         |  out|    9|   ap_memory|                                                           O_tile_3|         array|
|O_tile_3_ce0              |  out|    1|   ap_memory|                                                           O_tile_3|         array|
|O_tile_3_q0               |   in|   32|   ap_memory|                                                           O_tile_3|         array|
|O_tile_3_address1         |  out|    9|   ap_memory|                                                           O_tile_3|         array|
|O_tile_3_ce1              |  out|    1|   ap_memory|                                                           O_tile_3|         array|
|O_tile_3_we1              |  out|    1|   ap_memory|                                                           O_tile_3|         array|
|O_tile_3_d1               |  out|   32|   ap_memory|                                                           O_tile_3|         array|
|O_tile_4_address0         |  out|    9|   ap_memory|                                                           O_tile_4|         array|
|O_tile_4_ce0              |  out|    1|   ap_memory|                                                           O_tile_4|         array|
|O_tile_4_q0               |   in|   32|   ap_memory|                                                           O_tile_4|         array|
|O_tile_4_address1         |  out|    9|   ap_memory|                                                           O_tile_4|         array|
|O_tile_4_ce1              |  out|    1|   ap_memory|                                                           O_tile_4|         array|
|O_tile_4_we1              |  out|    1|   ap_memory|                                                           O_tile_4|         array|
|O_tile_4_d1               |  out|   32|   ap_memory|                                                           O_tile_4|         array|
|O_tile_5_address0         |  out|    9|   ap_memory|                                                           O_tile_5|         array|
|O_tile_5_ce0              |  out|    1|   ap_memory|                                                           O_tile_5|         array|
|O_tile_5_q0               |   in|   32|   ap_memory|                                                           O_tile_5|         array|
|O_tile_5_address1         |  out|    9|   ap_memory|                                                           O_tile_5|         array|
|O_tile_5_ce1              |  out|    1|   ap_memory|                                                           O_tile_5|         array|
|O_tile_5_we1              |  out|    1|   ap_memory|                                                           O_tile_5|         array|
|O_tile_5_d1               |  out|   32|   ap_memory|                                                           O_tile_5|         array|
|O_tile_6_address0         |  out|    9|   ap_memory|                                                           O_tile_6|         array|
|O_tile_6_ce0              |  out|    1|   ap_memory|                                                           O_tile_6|         array|
|O_tile_6_q0               |   in|   32|   ap_memory|                                                           O_tile_6|         array|
|O_tile_6_address1         |  out|    9|   ap_memory|                                                           O_tile_6|         array|
|O_tile_6_ce1              |  out|    1|   ap_memory|                                                           O_tile_6|         array|
|O_tile_6_we1              |  out|    1|   ap_memory|                                                           O_tile_6|         array|
|O_tile_6_d1               |  out|   32|   ap_memory|                                                           O_tile_6|         array|
|O_tile_7_address0         |  out|    9|   ap_memory|                                                           O_tile_7|         array|
|O_tile_7_ce0              |  out|    1|   ap_memory|                                                           O_tile_7|         array|
|O_tile_7_q0               |   in|   32|   ap_memory|                                                           O_tile_7|         array|
|O_tile_7_address1         |  out|    9|   ap_memory|                                                           O_tile_7|         array|
|O_tile_7_ce1              |  out|    1|   ap_memory|                                                           O_tile_7|         array|
|O_tile_7_we1              |  out|    1|   ap_memory|                                                           O_tile_7|         array|
|O_tile_7_d1               |  out|   32|   ap_memory|                                                           O_tile_7|         array|
|O_tile_8_address0         |  out|    9|   ap_memory|                                                           O_tile_8|         array|
|O_tile_8_ce0              |  out|    1|   ap_memory|                                                           O_tile_8|         array|
|O_tile_8_q0               |   in|   32|   ap_memory|                                                           O_tile_8|         array|
|O_tile_8_address1         |  out|    9|   ap_memory|                                                           O_tile_8|         array|
|O_tile_8_ce1              |  out|    1|   ap_memory|                                                           O_tile_8|         array|
|O_tile_8_we1              |  out|    1|   ap_memory|                                                           O_tile_8|         array|
|O_tile_8_d1               |  out|   32|   ap_memory|                                                           O_tile_8|         array|
|O_tile_9_address0         |  out|    9|   ap_memory|                                                           O_tile_9|         array|
|O_tile_9_ce0              |  out|    1|   ap_memory|                                                           O_tile_9|         array|
|O_tile_9_q0               |   in|   32|   ap_memory|                                                           O_tile_9|         array|
|O_tile_9_address1         |  out|    9|   ap_memory|                                                           O_tile_9|         array|
|O_tile_9_ce1              |  out|    1|   ap_memory|                                                           O_tile_9|         array|
|O_tile_9_we1              |  out|    1|   ap_memory|                                                           O_tile_9|         array|
|O_tile_9_d1               |  out|   32|   ap_memory|                                                           O_tile_9|         array|
|O_tile_10_address0        |  out|    9|   ap_memory|                                                          O_tile_10|         array|
|O_tile_10_ce0             |  out|    1|   ap_memory|                                                          O_tile_10|         array|
|O_tile_10_q0              |   in|   32|   ap_memory|                                                          O_tile_10|         array|
|O_tile_10_address1        |  out|    9|   ap_memory|                                                          O_tile_10|         array|
|O_tile_10_ce1             |  out|    1|   ap_memory|                                                          O_tile_10|         array|
|O_tile_10_we1             |  out|    1|   ap_memory|                                                          O_tile_10|         array|
|O_tile_10_d1              |  out|   32|   ap_memory|                                                          O_tile_10|         array|
|O_tile_11_address0        |  out|    9|   ap_memory|                                                          O_tile_11|         array|
|O_tile_11_ce0             |  out|    1|   ap_memory|                                                          O_tile_11|         array|
|O_tile_11_q0              |   in|   32|   ap_memory|                                                          O_tile_11|         array|
|O_tile_11_address1        |  out|    9|   ap_memory|                                                          O_tile_11|         array|
|O_tile_11_ce1             |  out|    1|   ap_memory|                                                          O_tile_11|         array|
|O_tile_11_we1             |  out|    1|   ap_memory|                                                          O_tile_11|         array|
|O_tile_11_d1              |  out|   32|   ap_memory|                                                          O_tile_11|         array|
|O_tile_12_address0        |  out|    9|   ap_memory|                                                          O_tile_12|         array|
|O_tile_12_ce0             |  out|    1|   ap_memory|                                                          O_tile_12|         array|
|O_tile_12_q0              |   in|   32|   ap_memory|                                                          O_tile_12|         array|
|O_tile_12_address1        |  out|    9|   ap_memory|                                                          O_tile_12|         array|
|O_tile_12_ce1             |  out|    1|   ap_memory|                                                          O_tile_12|         array|
|O_tile_12_we1             |  out|    1|   ap_memory|                                                          O_tile_12|         array|
|O_tile_12_d1              |  out|   32|   ap_memory|                                                          O_tile_12|         array|
|O_tile_13_address0        |  out|    9|   ap_memory|                                                          O_tile_13|         array|
|O_tile_13_ce0             |  out|    1|   ap_memory|                                                          O_tile_13|         array|
|O_tile_13_q0              |   in|   32|   ap_memory|                                                          O_tile_13|         array|
|O_tile_13_address1        |  out|    9|   ap_memory|                                                          O_tile_13|         array|
|O_tile_13_ce1             |  out|    1|   ap_memory|                                                          O_tile_13|         array|
|O_tile_13_we1             |  out|    1|   ap_memory|                                                          O_tile_13|         array|
|O_tile_13_d1              |  out|   32|   ap_memory|                                                          O_tile_13|         array|
|O_tile_14_address0        |  out|    9|   ap_memory|                                                          O_tile_14|         array|
|O_tile_14_ce0             |  out|    1|   ap_memory|                                                          O_tile_14|         array|
|O_tile_14_q0              |   in|   32|   ap_memory|                                                          O_tile_14|         array|
|O_tile_14_address1        |  out|    9|   ap_memory|                                                          O_tile_14|         array|
|O_tile_14_ce1             |  out|    1|   ap_memory|                                                          O_tile_14|         array|
|O_tile_14_we1             |  out|    1|   ap_memory|                                                          O_tile_14|         array|
|O_tile_14_d1              |  out|   32|   ap_memory|                                                          O_tile_14|         array|
|O_tile_15_address0        |  out|    9|   ap_memory|                                                          O_tile_15|         array|
|O_tile_15_ce0             |  out|    1|   ap_memory|                                                          O_tile_15|         array|
|O_tile_15_q0              |   in|   32|   ap_memory|                                                          O_tile_15|         array|
|O_tile_15_address1        |  out|    9|   ap_memory|                                                          O_tile_15|         array|
|O_tile_15_ce1             |  out|    1|   ap_memory|                                                          O_tile_15|         array|
|O_tile_15_we1             |  out|    1|   ap_memory|                                                          O_tile_15|         array|
|O_tile_15_d1              |  out|   32|   ap_memory|                                                          O_tile_15|         array|
|PV_tile_0_address0        |  out|    9|   ap_memory|                                                          PV_tile_0|         array|
|PV_tile_0_ce0             |  out|    1|   ap_memory|                                                          PV_tile_0|         array|
|PV_tile_0_q0              |   in|   32|   ap_memory|                                                          PV_tile_0|         array|
|PV_tile_1_address0        |  out|    9|   ap_memory|                                                          PV_tile_1|         array|
|PV_tile_1_ce0             |  out|    1|   ap_memory|                                                          PV_tile_1|         array|
|PV_tile_1_q0              |   in|   32|   ap_memory|                                                          PV_tile_1|         array|
|PV_tile_2_address0        |  out|    9|   ap_memory|                                                          PV_tile_2|         array|
|PV_tile_2_ce0             |  out|    1|   ap_memory|                                                          PV_tile_2|         array|
|PV_tile_2_q0              |   in|   32|   ap_memory|                                                          PV_tile_2|         array|
|PV_tile_3_address0        |  out|    9|   ap_memory|                                                          PV_tile_3|         array|
|PV_tile_3_ce0             |  out|    1|   ap_memory|                                                          PV_tile_3|         array|
|PV_tile_3_q0              |   in|   32|   ap_memory|                                                          PV_tile_3|         array|
|PV_tile_4_address0        |  out|    9|   ap_memory|                                                          PV_tile_4|         array|
|PV_tile_4_ce0             |  out|    1|   ap_memory|                                                          PV_tile_4|         array|
|PV_tile_4_q0              |   in|   32|   ap_memory|                                                          PV_tile_4|         array|
|PV_tile_5_address0        |  out|    9|   ap_memory|                                                          PV_tile_5|         array|
|PV_tile_5_ce0             |  out|    1|   ap_memory|                                                          PV_tile_5|         array|
|PV_tile_5_q0              |   in|   32|   ap_memory|                                                          PV_tile_5|         array|
|PV_tile_6_address0        |  out|    9|   ap_memory|                                                          PV_tile_6|         array|
|PV_tile_6_ce0             |  out|    1|   ap_memory|                                                          PV_tile_6|         array|
|PV_tile_6_q0              |   in|   32|   ap_memory|                                                          PV_tile_6|         array|
|PV_tile_7_address0        |  out|    9|   ap_memory|                                                          PV_tile_7|         array|
|PV_tile_7_ce0             |  out|    1|   ap_memory|                                                          PV_tile_7|         array|
|PV_tile_7_q0              |   in|   32|   ap_memory|                                                          PV_tile_7|         array|
|PV_tile_8_address0        |  out|    9|   ap_memory|                                                          PV_tile_8|         array|
|PV_tile_8_ce0             |  out|    1|   ap_memory|                                                          PV_tile_8|         array|
|PV_tile_8_q0              |   in|   32|   ap_memory|                                                          PV_tile_8|         array|
|PV_tile_9_address0        |  out|    9|   ap_memory|                                                          PV_tile_9|         array|
|PV_tile_9_ce0             |  out|    1|   ap_memory|                                                          PV_tile_9|         array|
|PV_tile_9_q0              |   in|   32|   ap_memory|                                                          PV_tile_9|         array|
|PV_tile_10_address0       |  out|    9|   ap_memory|                                                         PV_tile_10|         array|
|PV_tile_10_ce0            |  out|    1|   ap_memory|                                                         PV_tile_10|         array|
|PV_tile_10_q0             |   in|   32|   ap_memory|                                                         PV_tile_10|         array|
|PV_tile_11_address0       |  out|    9|   ap_memory|                                                         PV_tile_11|         array|
|PV_tile_11_ce0            |  out|    1|   ap_memory|                                                         PV_tile_11|         array|
|PV_tile_11_q0             |   in|   32|   ap_memory|                                                         PV_tile_11|         array|
|PV_tile_12_address0       |  out|    9|   ap_memory|                                                         PV_tile_12|         array|
|PV_tile_12_ce0            |  out|    1|   ap_memory|                                                         PV_tile_12|         array|
|PV_tile_12_q0             |   in|   32|   ap_memory|                                                         PV_tile_12|         array|
|PV_tile_13_address0       |  out|    9|   ap_memory|                                                         PV_tile_13|         array|
|PV_tile_13_ce0            |  out|    1|   ap_memory|                                                         PV_tile_13|         array|
|PV_tile_13_q0             |   in|   32|   ap_memory|                                                         PV_tile_13|         array|
|PV_tile_14_address0       |  out|    9|   ap_memory|                                                         PV_tile_14|         array|
|PV_tile_14_ce0            |  out|    1|   ap_memory|                                                         PV_tile_14|         array|
|PV_tile_14_q0             |   in|   32|   ap_memory|                                                         PV_tile_14|         array|
|PV_tile_15_address0       |  out|    9|   ap_memory|                                                         PV_tile_15|         array|
|PV_tile_15_ce0            |  out|    1|   ap_memory|                                                         PV_tile_15|         array|
|PV_tile_15_q0             |   in|   32|   ap_memory|                                                         PV_tile_15|         array|
|is_first_j                |   in|    1|     ap_none|                                                         is_first_j|        scalar|
+--------------------------+-----+-----+------------+-------------------------------------------------------------------+--------------+

