

================================================================
== Vitis HLS Report for 'flash_attention_kernel_Pipeline_INIT_O_ACC_VITIS_LOOP_202_2'
================================================================
* Date:           Sun Mar 22 18:06:01 2026

* Version:        2025.1 (Build 6135595 on May 21 2025)
* Project:        FlashAtt1
* Solution:       hls (Vivado IP Flow Target)
* Product family: versalhbm
* Target device:  xcvh1582-lsva4737-2LHP-e-S


================================================================
== Performance Estimates
================================================================
+ Timing: 
    * Summary: 
    +--------+----------+----------+------------+
    |  Clock |  Target  | Estimated| Uncertainty|
    +--------+----------+----------+------------+
    |ap_clk  |  10.00 ns|  2.433 ns|     2.70 ns|
    +--------+----------+----------+------------+

+ Latency: 
    * Summary: 
    +---------+---------+----------+----------+-----+-----+------------------------------------------------+
    |  Latency (cycles) |  Latency (absolute) |  Interval |                    Pipeline                    |
    |   min   |   max   |    min   |    max   | min | max |                      Type                      |
    +---------+---------+----------+----------+-----+-----+------------------------------------------------+
    |      514|      514|  5.140 us|  5.140 us|  513|  513|  loop auto-rewind stp (delay=0 clock cycles(s))|
    +---------+---------+----------+----------+-----+-----+------------------------------------------------+

    + Detail: 
        * Instance: 
        N/A

        * Loop: 
        +-------------------------------+---------+---------+----------+-----------+-----------+------+----------+
        |                               |  Latency (cycles) | Iteration|  Initiation Interval  | Trip |          |
        |           Loop Name           |   min   |   max   |  Latency |  achieved |   target  | Count| Pipelined|
        +-------------------------------+---------+---------+----------+-----------+-----------+------+----------+
        |- INIT_O_ACC_VITIS_LOOP_202_2  |      512|      512|         1|          1|          1|   512|       yes|
        +-------------------------------+---------+---------+----------+-----------+-----------+------+----------+

============================================================
+ Verbose Summary: Synthesis Manager
============================================================
InlineROM: 1
ExposeGlobal: 0
============================================================
+ Verbose Summary: CDFG Model
============================================================
IsTopModel: 0
ResetActiveHigh: 1
IsCombinational: 0
IsDatapathOnly: 0
HasWiredReturn: 1
HasMFsm: 2
HasVarLatency: 1
IsPipeline: 0
IsRtlPipelined: 0
IsInstanceOverlapped: 0
IsDontTouch: 0
HasImplIP: 0
IsGatedGlobalClock: 0

+ Individual pipeline summary: 
  * Pipeline-0: initiation interval (II) = 1, depth = 1


============================================================
+ Verbose Summary: Schedule
============================================================
* Number of FSM states : 1
* Pipeline : 1
  Pipeline-0 : II = 1, D = 1, States = { 1 }
* Dataflow Pipeline: 0

* FSM state transitions: 
1 --> 

* FSM state operations: 

State 1 <SV = 0> <Delay = 2.43>
ST_1 : Operation 4 [1/1] (0.00ns)   --->   "%c = alloca i32 1" [flashattentionkernal.cpp:202]   --->   Operation 4 'alloca' 'c' <Predicate = true> <Delay = 0.00>
ST_1 : Operation 5 [1/1] (0.00ns)   --->   "%r = alloca i32 1" [flashattentionkernal.cpp:201]   --->   Operation 5 'alloca' 'r' <Predicate = true> <Delay = 0.00>
ST_1 : Operation 6 [1/1] (0.00ns)   --->   "%indvar_flatten9 = alloca i32 1"   --->   Operation 6 'alloca' 'indvar_flatten9' <Predicate = true> <Delay = 0.00>
ST_1 : Operation 7 [1/1] (0.00ns)   --->   "%specmemcore_ln0 = specmemcore void @_ssdm_op_SpecMemCore, i32 %O_acc, i64 666, i64 22, i64 18446744073709551615"   --->   Operation 7 'specmemcore' 'specmemcore_ln0' <Predicate = true> <Delay = 0.00>
ST_1 : Operation 8 [1/1] (0.00ns)   --->   "%specmemcore_ln0 = specmemcore void @_ssdm_op_SpecMemCore, i32 %O_acc_1, i64 666, i64 22, i64 18446744073709551615"   --->   Operation 8 'specmemcore' 'specmemcore_ln0' <Predicate = true> <Delay = 0.00>
ST_1 : Operation 9 [1/1] (0.00ns)   --->   "%specmemcore_ln0 = specmemcore void @_ssdm_op_SpecMemCore, i32 %O_acc_2, i64 666, i64 22, i64 18446744073709551615"   --->   Operation 9 'specmemcore' 'specmemcore_ln0' <Predicate = true> <Delay = 0.00>
ST_1 : Operation 10 [1/1] (0.00ns)   --->   "%specmemcore_ln0 = specmemcore void @_ssdm_op_SpecMemCore, i32 %O_acc_3, i64 666, i64 22, i64 18446744073709551615"   --->   Operation 10 'specmemcore' 'specmemcore_ln0' <Predicate = true> <Delay = 0.00>
ST_1 : Operation 11 [1/1] (0.00ns)   --->   "%specmemcore_ln0 = specmemcore void @_ssdm_op_SpecMemCore, i32 %O_acc_4, i64 666, i64 22, i64 18446744073709551615"   --->   Operation 11 'specmemcore' 'specmemcore_ln0' <Predicate = true> <Delay = 0.00>
ST_1 : Operation 12 [1/1] (0.00ns)   --->   "%specmemcore_ln0 = specmemcore void @_ssdm_op_SpecMemCore, i32 %O_acc_5, i64 666, i64 22, i64 18446744073709551615"   --->   Operation 12 'specmemcore' 'specmemcore_ln0' <Predicate = true> <Delay = 0.00>
ST_1 : Operation 13 [1/1] (0.00ns)   --->   "%specmemcore_ln0 = specmemcore void @_ssdm_op_SpecMemCore, i32 %O_acc_6, i64 666, i64 22, i64 18446744073709551615"   --->   Operation 13 'specmemcore' 'specmemcore_ln0' <Predicate = true> <Delay = 0.00>
ST_1 : Operation 14 [1/1] (0.00ns)   --->   "%specmemcore_ln0 = specmemcore void @_ssdm_op_SpecMemCore, i32 %O_acc_7, i64 666, i64 22, i64 18446744073709551615"   --->   Operation 14 'specmemcore' 'specmemcore_ln0' <Predicate = true> <Delay = 0.00>
ST_1 : Operation 15 [1/1] (0.00ns)   --->   "%specmemcore_ln0 = specmemcore void @_ssdm_op_SpecMemCore, i32 %O_acc_8, i64 666, i64 22, i64 18446744073709551615"   --->   Operation 15 'specmemcore' 'specmemcore_ln0' <Predicate = true> <Delay = 0.00>
ST_1 : Operation 16 [1/1] (0.00ns)   --->   "%specmemcore_ln0 = specmemcore void @_ssdm_op_SpecMemCore, i32 %O_acc_9, i64 666, i64 22, i64 18446744073709551615"   --->   Operation 16 'specmemcore' 'specmemcore_ln0' <Predicate = true> <Delay = 0.00>
ST_1 : Operation 17 [1/1] (0.00ns)   --->   "%specmemcore_ln0 = specmemcore void @_ssdm_op_SpecMemCore, i32 %O_acc_10, i64 666, i64 22, i64 18446744073709551615"   --->   Operation 17 'specmemcore' 'specmemcore_ln0' <Predicate = true> <Delay = 0.00>
ST_1 : Operation 18 [1/1] (0.00ns)   --->   "%specmemcore_ln0 = specmemcore void @_ssdm_op_SpecMemCore, i32 %O_acc_11, i64 666, i64 22, i64 18446744073709551615"   --->   Operation 18 'specmemcore' 'specmemcore_ln0' <Predicate = true> <Delay = 0.00>
ST_1 : Operation 19 [1/1] (0.00ns)   --->   "%specmemcore_ln0 = specmemcore void @_ssdm_op_SpecMemCore, i32 %O_acc_12, i64 666, i64 22, i64 18446744073709551615"   --->   Operation 19 'specmemcore' 'specmemcore_ln0' <Predicate = true> <Delay = 0.00>
ST_1 : Operation 20 [1/1] (0.00ns)   --->   "%specmemcore_ln0 = specmemcore void @_ssdm_op_SpecMemCore, i32 %O_acc_13, i64 666, i64 22, i64 18446744073709551615"   --->   Operation 20 'specmemcore' 'specmemcore_ln0' <Predicate = true> <Delay = 0.00>
ST_1 : Operation 21 [1/1] (0.00ns)   --->   "%specmemcore_ln0 = specmemcore void @_ssdm_op_SpecMemCore, i32 %O_acc_14, i64 666, i64 22, i64 18446744073709551615"   --->   Operation 21 'specmemcore' 'specmemcore_ln0' <Predicate = true> <Delay = 0.00>
ST_1 : Operation 22 [1/1] (0.00ns)   --->   "%specmemcore_ln0 = specmemcore void @_ssdm_op_SpecMemCore, i32 %O_acc_15, i64 666, i64 22, i64 18446744073709551615"   --->   Operation 22 'specmemcore' 'specmemcore_ln0' <Predicate = true> <Delay = 0.00>
ST_1 : Operation 23 [1/1] (0.39ns)   --->   "%store_ln0 = store i10 0, i10 %indvar_flatten9"   --->   Operation 23 'store' 'store_ln0' <Predicate = true> <Delay = 0.39>
ST_1 : Operation 24 [1/1] (0.36ns)   --->   "%store_ln201 = store i7 0, i7 %r" [flashattentionkernal.cpp:201]   --->   Operation 24 'store' 'store_ln201' <Predicate = true> <Delay = 0.36>
ST_1 : Operation 25 [1/1] (0.36ns)   --->   "%store_ln202 = store i8 0, i8 %c" [flashattentionkernal.cpp:202]   --->   Operation 25 'store' 'store_ln202' <Predicate = true> <Delay = 0.36>
ST_1 : Operation 26 [1/1] (0.00ns)   --->   "%br_ln0 = br void %for.inc76"   --->   Operation 26 'br' 'br_ln0' <Predicate = true> <Delay = 0.00>
ST_1 : Operation 27 [1/1] (0.00ns)   --->   "%indvar_flatten9_load = load i10 %indvar_flatten9" [flashattentionkernal.cpp:201]   --->   Operation 27 'load' 'indvar_flatten9_load' <Predicate = true> <Delay = 0.00>
ST_1 : Operation 28 [1/1] (0.71ns)   --->   "%add_ln201_2 = add i10 %indvar_flatten9_load, i10 1" [flashattentionkernal.cpp:201]   --->   Operation 28 'add' 'add_ln201_2' <Predicate = true> <Delay = 0.71> <CoreInst = "Adder">   --->   Core 1 'Adder' <Latency = 0> <II = 1> <Delay = 0.71> <FuncUnit> <Opcode : 'add' 'sub'> <InPorts = 2> <OutPorts = 1>
ST_1 : Operation 29 [1/1] (0.60ns)   --->   "%icmp_ln201 = icmp_eq  i10 %indvar_flatten9_load, i10 512" [flashattentionkernal.cpp:201]   --->   Operation 29 'icmp' 'icmp_ln201' <Predicate = true> <Delay = 0.60> <CoreInst = "ICmp_EQ">   --->   Core 156 'ICmp_EQ' <Latency = 0> <II = 1> <Delay = 0.60> <FuncUnit> <Opcode : 'seteq' 'setne'> <InPorts = 2> <OutPorts = 1>
ST_1 : Operation 30 [1/1] (0.00ns)   --->   "%br_ln201 = br i1 %icmp_ln201, void %for.inc79, void %if.end.loopexit.exitStub" [flashattentionkernal.cpp:201]   --->   Operation 30 'br' 'br_ln201' <Predicate = true> <Delay = 0.00>
ST_1 : Operation 31 [1/1] (0.00ns)   --->   "%c_load = load i8 %c" [flashattentionkernal.cpp:201]   --->   Operation 31 'load' 'c_load' <Predicate = (!icmp_ln201)> <Delay = 0.00>
ST_1 : Operation 32 [1/1] (0.00ns)   --->   "%r_load = load i7 %r" [flashattentionkernal.cpp:201]   --->   Operation 32 'load' 'r_load' <Predicate = (!icmp_ln201)> <Delay = 0.00>
ST_1 : Operation 33 [1/1] (0.00ns)   --->   "%trunc_ln201 = trunc i8 %c_load" [flashattentionkernal.cpp:201]   --->   Operation 33 'trunc' 'trunc_ln201' <Predicate = (!icmp_ln201)> <Delay = 0.00>
ST_1 : Operation 34 [1/1] (0.66ns)   --->   "%add_ln201 = add i7 %r_load, i7 1" [flashattentionkernal.cpp:201]   --->   Operation 34 'add' 'add_ln201' <Predicate = (!icmp_ln201)> <Delay = 0.66> <CoreInst = "Adder">   --->   Core 1 'Adder' <Latency = 0> <II = 1> <Delay = 0.66> <FuncUnit> <Opcode : 'add' 'sub'> <InPorts = 2> <OutPorts = 1>
ST_1 : Operation 35 [1/1] (0.00ns)   --->   "%specloopname_ln0 = specloopname void @_ssdm_op_SpecLoopName, void @INIT_O_ACC_VITIS_LOOP_202_2_str"   --->   Operation 35 'specloopname' 'specloopname_ln0' <Predicate = (!icmp_ln201)> <Delay = 0.00>
ST_1 : Operation 36 [1/1] (0.00ns)   --->   "%speclooptripcount_ln0 = speclooptripcount void @_ssdm_op_SpecLoopTripCount, i64 512, i64 512, i64 512"   --->   Operation 36 'speclooptripcount' 'speclooptripcount_ln0' <Predicate = (!icmp_ln201)> <Delay = 0.00>
ST_1 : Operation 37 [1/1] (0.00ns)   --->   "%tmp = bitselect i1 @_ssdm_op_BitSelect.i1.i8.i32, i8 %c_load, i32 7" [flashattentionkernal.cpp:202]   --->   Operation 37 'bitselect' 'tmp' <Predicate = (!icmp_ln201)> <Delay = 0.00>
ST_1 : Operation 38 [1/1] (0.34ns)   --->   "%select_ln201 = select i1 %tmp, i7 0, i7 %trunc_ln201" [flashattentionkernal.cpp:201]   --->   Operation 38 'select' 'select_ln201' <Predicate = (!icmp_ln201)> <Delay = 0.34> <CoreInst = "Sel">   --->   Core 77 'Sel' <Latency = 0> <II = 1> <Delay = 0.34> <FuncUnit> <Opcode : 'select'> <InPorts = 3> <OutPorts = 1>
ST_1 : Operation 39 [1/1] (0.00ns)   --->   "%zext_ln201 = zext i7 %select_ln201" [flashattentionkernal.cpp:201]   --->   Operation 39 'zext' 'zext_ln201' <Predicate = (!icmp_ln201)> <Delay = 0.00>
ST_1 : Operation 40 [1/1] (0.34ns)   --->   "%select_ln201_2 = select i1 %tmp, i7 %add_ln201, i7 %r_load" [flashattentionkernal.cpp:201]   --->   Operation 40 'select' 'select_ln201_2' <Predicate = (!icmp_ln201)> <Delay = 0.34> <CoreInst = "Sel">   --->   Core 77 'Sel' <Latency = 0> <II = 1> <Delay = 0.34> <FuncUnit> <Opcode : 'select'> <InPorts = 3> <OutPorts = 1>
ST_1 : Operation 41 [1/1] (0.00ns)   --->   "%trunc_ln203 = trunc i7 %select_ln201_2" [flashattentionkernal.cpp:203]   --->   Operation 41 'trunc' 'trunc_ln203' <Predicate = (!icmp_ln201)> <Delay = 0.00>
ST_1 : Operation 42 [1/1] (0.00ns)   --->   "%specpipeline_ln203 = specpipeline void @_ssdm_op_SpecPipeline, i32 1, i32 0, i32 0, i32 0, void @empty_27" [flashattentionkernal.cpp:203]   --->   Operation 42 'specpipeline' 'specpipeline_ln203' <Predicate = (!icmp_ln201)> <Delay = 0.00>
ST_1 : Operation 43 [1/1] (0.00ns)   --->   "%lshr_ln = partselect i3 @_ssdm_op_PartSelect.i3.i7.i32.i32, i7 %select_ln201, i32 4, i32 6" [flashattentionkernal.cpp:202]   --->   Operation 43 'partselect' 'lshr_ln' <Predicate = (!icmp_ln201)> <Delay = 0.00>
ST_1 : Operation 44 [1/1] (0.00ns)   --->   "%tmp_s = bitconcatenate i9 @_ssdm_op_BitConcatenate.i9.i6.i3, i6 %trunc_ln203, i3 %lshr_ln" [flashattentionkernal.cpp:205]   --->   Operation 44 'bitconcatenate' 'tmp_s' <Predicate = (!icmp_ln201)> <Delay = 0.00>
ST_1 : Operation 45 [1/1] (0.00ns)   --->   "%zext_ln205 = zext i9 %tmp_s" [flashattentionkernal.cpp:205]   --->   Operation 45 'zext' 'zext_ln205' <Predicate = (!icmp_ln201)> <Delay = 0.00>
ST_1 : Operation 46 [1/1] (0.00ns)   --->   "%O_acc_addr = getelementptr i32 %O_acc, i64 0, i64 %zext_ln205" [flashattentionkernal.cpp:205]   --->   Operation 46 'getelementptr' 'O_acc_addr' <Predicate = (!icmp_ln201)> <Delay = 0.00>
ST_1 : Operation 47 [1/1] (0.00ns)   --->   "%O_acc_1_addr = getelementptr i32 %O_acc_1, i64 0, i64 %zext_ln205" [flashattentionkernal.cpp:205]   --->   Operation 47 'getelementptr' 'O_acc_1_addr' <Predicate = (!icmp_ln201)> <Delay = 0.00>
ST_1 : Operation 48 [1/1] (0.00ns)   --->   "%O_acc_2_addr = getelementptr i32 %O_acc_2, i64 0, i64 %zext_ln205" [flashattentionkernal.cpp:205]   --->   Operation 48 'getelementptr' 'O_acc_2_addr' <Predicate = (!icmp_ln201)> <Delay = 0.00>
ST_1 : Operation 49 [1/1] (0.00ns)   --->   "%O_acc_3_addr = getelementptr i32 %O_acc_3, i64 0, i64 %zext_ln205" [flashattentionkernal.cpp:205]   --->   Operation 49 'getelementptr' 'O_acc_3_addr' <Predicate = (!icmp_ln201)> <Delay = 0.00>
ST_1 : Operation 50 [1/1] (0.00ns)   --->   "%O_acc_4_addr = getelementptr i32 %O_acc_4, i64 0, i64 %zext_ln205" [flashattentionkernal.cpp:205]   --->   Operation 50 'getelementptr' 'O_acc_4_addr' <Predicate = (!icmp_ln201)> <Delay = 0.00>
ST_1 : Operation 51 [1/1] (0.00ns)   --->   "%O_acc_5_addr = getelementptr i32 %O_acc_5, i64 0, i64 %zext_ln205" [flashattentionkernal.cpp:205]   --->   Operation 51 'getelementptr' 'O_acc_5_addr' <Predicate = (!icmp_ln201)> <Delay = 0.00>
ST_1 : Operation 52 [1/1] (0.00ns)   --->   "%O_acc_6_addr = getelementptr i32 %O_acc_6, i64 0, i64 %zext_ln205" [flashattentionkernal.cpp:205]   --->   Operation 52 'getelementptr' 'O_acc_6_addr' <Predicate = (!icmp_ln201)> <Delay = 0.00>
ST_1 : Operation 53 [1/1] (0.00ns)   --->   "%O_acc_7_addr = getelementptr i32 %O_acc_7, i64 0, i64 %zext_ln205" [flashattentionkernal.cpp:205]   --->   Operation 53 'getelementptr' 'O_acc_7_addr' <Predicate = (!icmp_ln201)> <Delay = 0.00>
ST_1 : Operation 54 [1/1] (0.00ns)   --->   "%O_acc_8_addr = getelementptr i32 %O_acc_8, i64 0, i64 %zext_ln205" [flashattentionkernal.cpp:205]   --->   Operation 54 'getelementptr' 'O_acc_8_addr' <Predicate = (!icmp_ln201)> <Delay = 0.00>
ST_1 : Operation 55 [1/1] (0.00ns)   --->   "%O_acc_9_addr = getelementptr i32 %O_acc_9, i64 0, i64 %zext_ln205" [flashattentionkernal.cpp:205]   --->   Operation 55 'getelementptr' 'O_acc_9_addr' <Predicate = (!icmp_ln201)> <Delay = 0.00>
ST_1 : Operation 56 [1/1] (0.00ns)   --->   "%O_acc_10_addr = getelementptr i32 %O_acc_10, i64 0, i64 %zext_ln205" [flashattentionkernal.cpp:205]   --->   Operation 56 'getelementptr' 'O_acc_10_addr' <Predicate = (!icmp_ln201)> <Delay = 0.00>
ST_1 : Operation 57 [1/1] (0.00ns)   --->   "%O_acc_11_addr = getelementptr i32 %O_acc_11, i64 0, i64 %zext_ln205" [flashattentionkernal.cpp:205]   --->   Operation 57 'getelementptr' 'O_acc_11_addr' <Predicate = (!icmp_ln201)> <Delay = 0.00>
ST_1 : Operation 58 [1/1] (0.00ns)   --->   "%O_acc_12_addr = getelementptr i32 %O_acc_12, i64 0, i64 %zext_ln205" [flashattentionkernal.cpp:205]   --->   Operation 58 'getelementptr' 'O_acc_12_addr' <Predicate = (!icmp_ln201)> <Delay = 0.00>
ST_1 : Operation 59 [1/1] (0.00ns)   --->   "%O_acc_13_addr = getelementptr i32 %O_acc_13, i64 0, i64 %zext_ln205" [flashattentionkernal.cpp:205]   --->   Operation 59 'getelementptr' 'O_acc_13_addr' <Predicate = (!icmp_ln201)> <Delay = 0.00>
ST_1 : Operation 60 [1/1] (0.00ns)   --->   "%O_acc_14_addr = getelementptr i32 %O_acc_14, i64 0, i64 %zext_ln205" [flashattentionkernal.cpp:205]   --->   Operation 60 'getelementptr' 'O_acc_14_addr' <Predicate = (!icmp_ln201)> <Delay = 0.00>
ST_1 : Operation 61 [1/1] (0.00ns)   --->   "%O_acc_15_addr = getelementptr i32 %O_acc_15, i64 0, i64 %zext_ln205" [flashattentionkernal.cpp:205]   --->   Operation 61 'getelementptr' 'O_acc_15_addr' <Predicate = (!icmp_ln201)> <Delay = 0.00>
ST_1 : Operation 62 [1/1] (0.43ns) (share mux size 3)   --->   "%muxLogicRAMData_to_store_ln205 = muxlogic i32 0"   --->   Operation 62 'muxlogic' 'muxLogicRAMData_to_store_ln205' <Predicate = (!icmp_ln201)> <Delay = 0.43>
ST_1 : Operation 63 [1/1] (0.43ns) (share mux size 3)   --->   "%muxLogicRAMAddr_to_store_ln205 = muxlogic i9 %O_acc_addr"   --->   Operation 63 'muxlogic' 'muxLogicRAMAddr_to_store_ln205' <Predicate = (!icmp_ln201)> <Delay = 0.43>
ST_1 : Operation 64 [1/1] ( I:0.62ns O:0.62ns ) (share mux size 6)   --->   "%store_ln205 = store i32 0, i9 %O_acc_addr" [flashattentionkernal.cpp:205]   --->   Operation 64 'store' 'store_ln205' <Predicate = (!icmp_ln201)> <Delay = 0.62> <CoreInst = "RAM_2P_BRAM">   --->   Core 97 'RAM_2P_BRAM' <Latency = 1> <II = 1> <Delay = 0.86> <Storage> <Opcode : 'load' 'store'> <Ports = 2> <Width = 32> <Depth = 512> <RAM>
ST_1 : Operation 65 [1/1] (0.43ns) (share mux size 3)   --->   "%muxLogicRAMData_to_store_ln205 = muxlogic i32 0"   --->   Operation 65 'muxlogic' 'muxLogicRAMData_to_store_ln205' <Predicate = (!icmp_ln201)> <Delay = 0.43>
ST_1 : Operation 66 [1/1] (0.43ns) (share mux size 3)   --->   "%muxLogicRAMAddr_to_store_ln205 = muxlogic i9 %O_acc_1_addr"   --->   Operation 66 'muxlogic' 'muxLogicRAMAddr_to_store_ln205' <Predicate = (!icmp_ln201)> <Delay = 0.43>
ST_1 : Operation 67 [1/1] ( I:0.62ns O:0.62ns ) (share mux size 6)   --->   "%store_ln205 = store i32 0, i9 %O_acc_1_addr" [flashattentionkernal.cpp:205]   --->   Operation 67 'store' 'store_ln205' <Predicate = (!icmp_ln201)> <Delay = 0.62> <CoreInst = "RAM_2P_BRAM">   --->   Core 97 'RAM_2P_BRAM' <Latency = 1> <II = 1> <Delay = 0.86> <Storage> <Opcode : 'load' 'store'> <Ports = 2> <Width = 32> <Depth = 512> <RAM>
ST_1 : Operation 68 [1/1] (0.43ns) (share mux size 3)   --->   "%muxLogicRAMData_to_store_ln205 = muxlogic i32 0"   --->   Operation 68 'muxlogic' 'muxLogicRAMData_to_store_ln205' <Predicate = (!icmp_ln201)> <Delay = 0.43>
ST_1 : Operation 69 [1/1] (0.43ns) (share mux size 3)   --->   "%muxLogicRAMAddr_to_store_ln205 = muxlogic i9 %O_acc_2_addr"   --->   Operation 69 'muxlogic' 'muxLogicRAMAddr_to_store_ln205' <Predicate = (!icmp_ln201)> <Delay = 0.43>
ST_1 : Operation 70 [1/1] ( I:0.62ns O:0.62ns ) (share mux size 6)   --->   "%store_ln205 = store i32 0, i9 %O_acc_2_addr" [flashattentionkernal.cpp:205]   --->   Operation 70 'store' 'store_ln205' <Predicate = (!icmp_ln201)> <Delay = 0.62> <CoreInst = "RAM_2P_BRAM">   --->   Core 97 'RAM_2P_BRAM' <Latency = 1> <II = 1> <Delay = 0.86> <Storage> <Opcode : 'load' 'store'> <Ports = 2> <Width = 32> <Depth = 512> <RAM>
ST_1 : Operation 71 [1/1] (0.43ns) (share mux size 3)   --->   "%muxLogicRAMData_to_store_ln205 = muxlogic i32 0"   --->   Operation 71 'muxlogic' 'muxLogicRAMData_to_store_ln205' <Predicate = (!icmp_ln201)> <Delay = 0.43>
ST_1 : Operation 72 [1/1] (0.43ns) (share mux size 3)   --->   "%muxLogicRAMAddr_to_store_ln205 = muxlogic i9 %O_acc_3_addr"   --->   Operation 72 'muxlogic' 'muxLogicRAMAddr_to_store_ln205' <Predicate = (!icmp_ln201)> <Delay = 0.43>
ST_1 : Operation 73 [1/1] ( I:0.62ns O:0.62ns ) (share mux size 6)   --->   "%store_ln205 = store i32 0, i9 %O_acc_3_addr" [flashattentionkernal.cpp:205]   --->   Operation 73 'store' 'store_ln205' <Predicate = (!icmp_ln201)> <Delay = 0.62> <CoreInst = "RAM_2P_BRAM">   --->   Core 97 'RAM_2P_BRAM' <Latency = 1> <II = 1> <Delay = 0.86> <Storage> <Opcode : 'load' 'store'> <Ports = 2> <Width = 32> <Depth = 512> <RAM>
ST_1 : Operation 74 [1/1] (0.43ns) (share mux size 3)   --->   "%muxLogicRAMData_to_store_ln205 = muxlogic i32 0"   --->   Operation 74 'muxlogic' 'muxLogicRAMData_to_store_ln205' <Predicate = (!icmp_ln201)> <Delay = 0.43>
ST_1 : Operation 75 [1/1] (0.43ns) (share mux size 3)   --->   "%muxLogicRAMAddr_to_store_ln205 = muxlogic i9 %O_acc_4_addr"   --->   Operation 75 'muxlogic' 'muxLogicRAMAddr_to_store_ln205' <Predicate = (!icmp_ln201)> <Delay = 0.43>
ST_1 : Operation 76 [1/1] ( I:0.62ns O:0.62ns ) (share mux size 6)   --->   "%store_ln205 = store i32 0, i9 %O_acc_4_addr" [flashattentionkernal.cpp:205]   --->   Operation 76 'store' 'store_ln205' <Predicate = (!icmp_ln201)> <Delay = 0.62> <CoreInst = "RAM_2P_BRAM">   --->   Core 97 'RAM_2P_BRAM' <Latency = 1> <II = 1> <Delay = 0.86> <Storage> <Opcode : 'load' 'store'> <Ports = 2> <Width = 32> <Depth = 512> <RAM>
ST_1 : Operation 77 [1/1] (0.43ns) (share mux size 3)   --->   "%muxLogicRAMData_to_store_ln205 = muxlogic i32 0"   --->   Operation 77 'muxlogic' 'muxLogicRAMData_to_store_ln205' <Predicate = (!icmp_ln201)> <Delay = 0.43>
ST_1 : Operation 78 [1/1] (0.43ns) (share mux size 3)   --->   "%muxLogicRAMAddr_to_store_ln205 = muxlogic i9 %O_acc_5_addr"   --->   Operation 78 'muxlogic' 'muxLogicRAMAddr_to_store_ln205' <Predicate = (!icmp_ln201)> <Delay = 0.43>
ST_1 : Operation 79 [1/1] ( I:0.62ns O:0.62ns ) (share mux size 6)   --->   "%store_ln205 = store i32 0, i9 %O_acc_5_addr" [flashattentionkernal.cpp:205]   --->   Operation 79 'store' 'store_ln205' <Predicate = (!icmp_ln201)> <Delay = 0.62> <CoreInst = "RAM_2P_BRAM">   --->   Core 97 'RAM_2P_BRAM' <Latency = 1> <II = 1> <Delay = 0.86> <Storage> <Opcode : 'load' 'store'> <Ports = 2> <Width = 32> <Depth = 512> <RAM>
ST_1 : Operation 80 [1/1] (0.43ns) (share mux size 3)   --->   "%muxLogicRAMData_to_store_ln205 = muxlogic i32 0"   --->   Operation 80 'muxlogic' 'muxLogicRAMData_to_store_ln205' <Predicate = (!icmp_ln201)> <Delay = 0.43>
ST_1 : Operation 81 [1/1] (0.43ns) (share mux size 3)   --->   "%muxLogicRAMAddr_to_store_ln205 = muxlogic i9 %O_acc_6_addr"   --->   Operation 81 'muxlogic' 'muxLogicRAMAddr_to_store_ln205' <Predicate = (!icmp_ln201)> <Delay = 0.43>
ST_1 : Operation 82 [1/1] ( I:0.62ns O:0.62ns ) (share mux size 6)   --->   "%store_ln205 = store i32 0, i9 %O_acc_6_addr" [flashattentionkernal.cpp:205]   --->   Operation 82 'store' 'store_ln205' <Predicate = (!icmp_ln201)> <Delay = 0.62> <CoreInst = "RAM_2P_BRAM">   --->   Core 97 'RAM_2P_BRAM' <Latency = 1> <II = 1> <Delay = 0.86> <Storage> <Opcode : 'load' 'store'> <Ports = 2> <Width = 32> <Depth = 512> <RAM>
ST_1 : Operation 83 [1/1] (0.43ns) (share mux size 3)   --->   "%muxLogicRAMData_to_store_ln205 = muxlogic i32 0"   --->   Operation 83 'muxlogic' 'muxLogicRAMData_to_store_ln205' <Predicate = (!icmp_ln201)> <Delay = 0.43>
ST_1 : Operation 84 [1/1] (0.43ns) (share mux size 3)   --->   "%muxLogicRAMAddr_to_store_ln205 = muxlogic i9 %O_acc_7_addr"   --->   Operation 84 'muxlogic' 'muxLogicRAMAddr_to_store_ln205' <Predicate = (!icmp_ln201)> <Delay = 0.43>
ST_1 : Operation 85 [1/1] ( I:0.62ns O:0.62ns ) (share mux size 6)   --->   "%store_ln205 = store i32 0, i9 %O_acc_7_addr" [flashattentionkernal.cpp:205]   --->   Operation 85 'store' 'store_ln205' <Predicate = (!icmp_ln201)> <Delay = 0.62> <CoreInst = "RAM_2P_BRAM">   --->   Core 97 'RAM_2P_BRAM' <Latency = 1> <II = 1> <Delay = 0.86> <Storage> <Opcode : 'load' 'store'> <Ports = 2> <Width = 32> <Depth = 512> <RAM>
ST_1 : Operation 86 [1/1] (0.43ns) (share mux size 3)   --->   "%muxLogicRAMData_to_store_ln205 = muxlogic i32 0"   --->   Operation 86 'muxlogic' 'muxLogicRAMData_to_store_ln205' <Predicate = (!icmp_ln201)> <Delay = 0.43>
ST_1 : Operation 87 [1/1] (0.43ns) (share mux size 3)   --->   "%muxLogicRAMAddr_to_store_ln205 = muxlogic i9 %O_acc_8_addr"   --->   Operation 87 'muxlogic' 'muxLogicRAMAddr_to_store_ln205' <Predicate = (!icmp_ln201)> <Delay = 0.43>
ST_1 : Operation 88 [1/1] ( I:0.62ns O:0.62ns ) (share mux size 6)   --->   "%store_ln205 = store i32 0, i9 %O_acc_8_addr" [flashattentionkernal.cpp:205]   --->   Operation 88 'store' 'store_ln205' <Predicate = (!icmp_ln201)> <Delay = 0.62> <CoreInst = "RAM_2P_BRAM">   --->   Core 97 'RAM_2P_BRAM' <Latency = 1> <II = 1> <Delay = 0.86> <Storage> <Opcode : 'load' 'store'> <Ports = 2> <Width = 32> <Depth = 512> <RAM>
ST_1 : Operation 89 [1/1] (0.43ns) (share mux size 3)   --->   "%muxLogicRAMData_to_store_ln205 = muxlogic i32 0"   --->   Operation 89 'muxlogic' 'muxLogicRAMData_to_store_ln205' <Predicate = (!icmp_ln201)> <Delay = 0.43>
ST_1 : Operation 90 [1/1] (0.43ns) (share mux size 3)   --->   "%muxLogicRAMAddr_to_store_ln205 = muxlogic i9 %O_acc_9_addr"   --->   Operation 90 'muxlogic' 'muxLogicRAMAddr_to_store_ln205' <Predicate = (!icmp_ln201)> <Delay = 0.43>
ST_1 : Operation 91 [1/1] ( I:0.62ns O:0.62ns ) (share mux size 6)   --->   "%store_ln205 = store i32 0, i9 %O_acc_9_addr" [flashattentionkernal.cpp:205]   --->   Operation 91 'store' 'store_ln205' <Predicate = (!icmp_ln201)> <Delay = 0.62> <CoreInst = "RAM_2P_BRAM">   --->   Core 97 'RAM_2P_BRAM' <Latency = 1> <II = 1> <Delay = 0.86> <Storage> <Opcode : 'load' 'store'> <Ports = 2> <Width = 32> <Depth = 512> <RAM>
ST_1 : Operation 92 [1/1] (0.43ns) (share mux size 3)   --->   "%muxLogicRAMData_to_store_ln205 = muxlogic i32 0"   --->   Operation 92 'muxlogic' 'muxLogicRAMData_to_store_ln205' <Predicate = (!icmp_ln201)> <Delay = 0.43>
ST_1 : Operation 93 [1/1] (0.43ns) (share mux size 3)   --->   "%muxLogicRAMAddr_to_store_ln205 = muxlogic i9 %O_acc_10_addr"   --->   Operation 93 'muxlogic' 'muxLogicRAMAddr_to_store_ln205' <Predicate = (!icmp_ln201)> <Delay = 0.43>
ST_1 : Operation 94 [1/1] ( I:0.62ns O:0.62ns ) (share mux size 6)   --->   "%store_ln205 = store i32 0, i9 %O_acc_10_addr" [flashattentionkernal.cpp:205]   --->   Operation 94 'store' 'store_ln205' <Predicate = (!icmp_ln201)> <Delay = 0.62> <CoreInst = "RAM_2P_BRAM">   --->   Core 97 'RAM_2P_BRAM' <Latency = 1> <II = 1> <Delay = 0.86> <Storage> <Opcode : 'load' 'store'> <Ports = 2> <Width = 32> <Depth = 512> <RAM>
ST_1 : Operation 95 [1/1] (0.43ns) (share mux size 3)   --->   "%muxLogicRAMData_to_store_ln205 = muxlogic i32 0"   --->   Operation 95 'muxlogic' 'muxLogicRAMData_to_store_ln205' <Predicate = (!icmp_ln201)> <Delay = 0.43>
ST_1 : Operation 96 [1/1] (0.43ns) (share mux size 3)   --->   "%muxLogicRAMAddr_to_store_ln205 = muxlogic i9 %O_acc_11_addr"   --->   Operation 96 'muxlogic' 'muxLogicRAMAddr_to_store_ln205' <Predicate = (!icmp_ln201)> <Delay = 0.43>
ST_1 : Operation 97 [1/1] ( I:0.62ns O:0.62ns ) (share mux size 6)   --->   "%store_ln205 = store i32 0, i9 %O_acc_11_addr" [flashattentionkernal.cpp:205]   --->   Operation 97 'store' 'store_ln205' <Predicate = (!icmp_ln201)> <Delay = 0.62> <CoreInst = "RAM_2P_BRAM">   --->   Core 97 'RAM_2P_BRAM' <Latency = 1> <II = 1> <Delay = 0.86> <Storage> <Opcode : 'load' 'store'> <Ports = 2> <Width = 32> <Depth = 512> <RAM>
ST_1 : Operation 98 [1/1] (0.43ns) (share mux size 3)   --->   "%muxLogicRAMData_to_store_ln205 = muxlogic i32 0"   --->   Operation 98 'muxlogic' 'muxLogicRAMData_to_store_ln205' <Predicate = (!icmp_ln201)> <Delay = 0.43>
ST_1 : Operation 99 [1/1] (0.43ns) (share mux size 3)   --->   "%muxLogicRAMAddr_to_store_ln205 = muxlogic i9 %O_acc_12_addr"   --->   Operation 99 'muxlogic' 'muxLogicRAMAddr_to_store_ln205' <Predicate = (!icmp_ln201)> <Delay = 0.43>
ST_1 : Operation 100 [1/1] ( I:0.62ns O:0.62ns ) (share mux size 6)   --->   "%store_ln205 = store i32 0, i9 %O_acc_12_addr" [flashattentionkernal.cpp:205]   --->   Operation 100 'store' 'store_ln205' <Predicate = (!icmp_ln201)> <Delay = 0.62> <CoreInst = "RAM_2P_BRAM">   --->   Core 97 'RAM_2P_BRAM' <Latency = 1> <II = 1> <Delay = 0.86> <Storage> <Opcode : 'load' 'store'> <Ports = 2> <Width = 32> <Depth = 512> <RAM>
ST_1 : Operation 101 [1/1] (0.43ns) (share mux size 3)   --->   "%muxLogicRAMData_to_store_ln205 = muxlogic i32 0"   --->   Operation 101 'muxlogic' 'muxLogicRAMData_to_store_ln205' <Predicate = (!icmp_ln201)> <Delay = 0.43>
ST_1 : Operation 102 [1/1] (0.43ns) (share mux size 3)   --->   "%muxLogicRAMAddr_to_store_ln205 = muxlogic i9 %O_acc_13_addr"   --->   Operation 102 'muxlogic' 'muxLogicRAMAddr_to_store_ln205' <Predicate = (!icmp_ln201)> <Delay = 0.43>
ST_1 : Operation 103 [1/1] ( I:0.62ns O:0.62ns ) (share mux size 6)   --->   "%store_ln205 = store i32 0, i9 %O_acc_13_addr" [flashattentionkernal.cpp:205]   --->   Operation 103 'store' 'store_ln205' <Predicate = (!icmp_ln201)> <Delay = 0.62> <CoreInst = "RAM_2P_BRAM">   --->   Core 97 'RAM_2P_BRAM' <Latency = 1> <II = 1> <Delay = 0.86> <Storage> <Opcode : 'load' 'store'> <Ports = 2> <Width = 32> <Depth = 512> <RAM>
ST_1 : Operation 104 [1/1] (0.43ns) (share mux size 3)   --->   "%muxLogicRAMData_to_store_ln205 = muxlogic i32 0"   --->   Operation 104 'muxlogic' 'muxLogicRAMData_to_store_ln205' <Predicate = (!icmp_ln201)> <Delay = 0.43>
ST_1 : Operation 105 [1/1] (0.43ns) (share mux size 3)   --->   "%muxLogicRAMAddr_to_store_ln205 = muxlogic i9 %O_acc_14_addr"   --->   Operation 105 'muxlogic' 'muxLogicRAMAddr_to_store_ln205' <Predicate = (!icmp_ln201)> <Delay = 0.43>
ST_1 : Operation 106 [1/1] ( I:0.62ns O:0.62ns ) (share mux size 6)   --->   "%store_ln205 = store i32 0, i9 %O_acc_14_addr" [flashattentionkernal.cpp:205]   --->   Operation 106 'store' 'store_ln205' <Predicate = (!icmp_ln201)> <Delay = 0.62> <CoreInst = "RAM_2P_BRAM">   --->   Core 97 'RAM_2P_BRAM' <Latency = 1> <II = 1> <Delay = 0.86> <Storage> <Opcode : 'load' 'store'> <Ports = 2> <Width = 32> <Depth = 512> <RAM>
ST_1 : Operation 107 [1/1] (0.43ns) (share mux size 3)   --->   "%muxLogicRAMData_to_store_ln205 = muxlogic i32 0"   --->   Operation 107 'muxlogic' 'muxLogicRAMData_to_store_ln205' <Predicate = (!icmp_ln201)> <Delay = 0.43>
ST_1 : Operation 108 [1/1] (0.43ns) (share mux size 3)   --->   "%muxLogicRAMAddr_to_store_ln205 = muxlogic i9 %O_acc_15_addr"   --->   Operation 108 'muxlogic' 'muxLogicRAMAddr_to_store_ln205' <Predicate = (!icmp_ln201)> <Delay = 0.43>
ST_1 : Operation 109 [1/1] ( I:0.62ns O:0.62ns ) (share mux size 6)   --->   "%store_ln205 = store i32 0, i9 %O_acc_15_addr" [flashattentionkernal.cpp:205]   --->   Operation 109 'store' 'store_ln205' <Predicate = (!icmp_ln201)> <Delay = 0.62> <CoreInst = "RAM_2P_BRAM">   --->   Core 97 'RAM_2P_BRAM' <Latency = 1> <II = 1> <Delay = 0.86> <Storage> <Opcode : 'load' 'store'> <Ports = 2> <Width = 32> <Depth = 512> <RAM>
ST_1 : Operation 110 [1/1] (0.66ns)   --->   "%add_ln202 = add i8 %zext_ln201, i8 16" [flashattentionkernal.cpp:202]   --->   Operation 110 'add' 'add_ln202' <Predicate = (!icmp_ln201)> <Delay = 0.66> <CoreInst = "Adder">   --->   Core 1 'Adder' <Latency = 0> <II = 1> <Delay = 0.66> <FuncUnit> <Opcode : 'add' 'sub'> <InPorts = 2> <OutPorts = 1>
ST_1 : Operation 111 [1/1] (0.39ns)   --->   "%store_ln201 = store i10 %add_ln201_2, i10 %indvar_flatten9" [flashattentionkernal.cpp:201]   --->   Operation 111 'store' 'store_ln201' <Predicate = (!icmp_ln201)> <Delay = 0.39>
ST_1 : Operation 112 [1/1] (0.36ns)   --->   "%store_ln201 = store i7 %select_ln201_2, i7 %r" [flashattentionkernal.cpp:201]   --->   Operation 112 'store' 'store_ln201' <Predicate = (!icmp_ln201)> <Delay = 0.36>
ST_1 : Operation 113 [1/1] (0.36ns)   --->   "%store_ln202 = store i8 %add_ln202, i8 %c" [flashattentionkernal.cpp:202]   --->   Operation 113 'store' 'store_ln202' <Predicate = (!icmp_ln201)> <Delay = 0.36>
ST_1 : Operation 114 [1/1] (0.00ns)   --->   "%br_ln202 = br void %for.inc76" [flashattentionkernal.cpp:202]   --->   Operation 114 'br' 'br_ln202' <Predicate = (!icmp_ln201)> <Delay = 0.00>
ST_1 : Operation 115 [1/1] (0.28ns)   --->   "%ret_ln0 = ret"   --->   Operation 115 'ret' 'ret_ln0' <Predicate = (icmp_ln201)> <Delay = 0.28>


============================================================
+ Verbose Summary: Timing violations
============================================================
Target clock period: 10.000ns, clock uncertainty: 2.700ns.

 <State 1>: 2.433ns
The critical path consists of the following:
	'store' operation 0 bit ('store_ln201', flashattentionkernal.cpp:201) of constant 0 on local variable 'r', flashattentionkernal.cpp:201 [37]  (0.360 ns)
	'load' operation 7 bit ('r_load', flashattentionkernal.cpp:201) on local variable 'r', flashattentionkernal.cpp:201 [47]  (0.000 ns)
	'add' operation 7 bit ('add_ln201', flashattentionkernal.cpp:201) [49]  (0.663 ns)
	'select' operation 7 bit ('select_ln201_2', flashattentionkernal.cpp:201) [55]  (0.345 ns)
	'getelementptr' operation 9 bit ('O_acc_addr', flashattentionkernal.cpp:205) [61]  (0.000 ns)
	'muxlogic' operation 0 bit ('muxLogicRAMAddr_to_store_ln205') [78]  (0.437 ns)
	blocking operation 0.628 ns on control path)


============================================================
+ Verbose Summary: Binding
============================================================
N/A
* FSMD analyzer results:
  - Output states:
 - Input state : 
  - Chain level:
	State 1


============================================================
+ Verbose Summary: Datapath Resource usage 
============================================================
N/A
