C:\Users\Nani\workspace\Vanilla_FA\FlashAtt1\FlashAtt1\hls\.autopilot\db\flashattentionkernal.pp.0.cpp:2259:5: warning: Added loop label VITIS_LOOP_676_1:   [xilinx-label-all-loops]
    for (unsigned i = low; i != high+1; ++i) {
    ^~~
    VITIS_LOOP_676_1: 
C:\Users\Nani\workspace\Vanilla_FA\FlashAtt1\FlashAtt1\hls\.autopilot\db\flashattentionkernal.pp.0.cpp:2259:5: note: FIX-IT applied suggested code changes
C:\Users\Nani\workspace\Vanilla_FA\FlashAtt1\FlashAtt1\hls\.autopilot\db\flashattentionkernal.pp.0.cpp:2273:5: warning: Added loop label VITIS_LOOP_690_1:   [xilinx-label-all-loops]
    for (unsigned i = low; i != high+1; ++i) {
    ^~~
    VITIS_LOOP_690_1: 
C:\Users\Nani\workspace\Vanilla_FA\FlashAtt1\FlashAtt1\hls\.autopilot\db\flashattentionkernal.pp.0.cpp:2273:5: note: FIX-IT applied suggested code changes
C:\Users\Nani\workspace\Vanilla_FA\FlashAtt1\FlashAtt1\hls\.autopilot\db\flashattentionkernal.pp.0.cpp:2287:5: warning: Added loop label VITIS_LOOP_704_1:   [xilinx-label-all-loops]
    for (unsigned i = low; i != high+1; ++i) {
    ^~~
    VITIS_LOOP_704_1: 
C:\Users\Nani\workspace\Vanilla_FA\FlashAtt1\FlashAtt1\hls\.autopilot\db\flashattentionkernal.pp.0.cpp:2287:5: note: FIX-IT applied suggested code changes
C:\Users\Nani\workspace\Vanilla_FA\FlashAtt1\FlashAtt1\hls\.autopilot\db\flashattentionkernal.pp.0.cpp:4255:7: warning: Added loop label VITIS_LOOP_1248_1:   [xilinx-label-all-loops]
      for (i = 0; i < __N - 1; ++i) {
      ^~~
      VITIS_LOOP_1248_1: 
C:\Users\Nani\workspace\Vanilla_FA\FlashAtt1\FlashAtt1\hls\.autopilot\db\flashattentionkernal.pp.0.cpp:4255:7: note: FIX-IT applied suggested code changes
C:\Users\Nani\workspace\Vanilla_FA\FlashAtt1\FlashAtt1\hls\.autopilot\db\flashattentionkernal.pp.0.cpp:13307:72: error: Invalid Directive: for current device, ROM_1P + LUTRAM is invalid combination for BIND_STORAGE's option 'type + impl' [clang-diagnostic-error]
#pragma HLS BIND_STORAGE variable=fourth_order_double::sin_cos_K0 type=ROM_1P impl=LUTRAM
                                                                       ^
C:\Users\Nani\workspace\Vanilla_FA\FlashAtt1\FlashAtt1\hls\.autopilot\db\flashattentionkernal.pp.0.cpp:13308:72: error: Invalid Directive: for current device, ROM_1P + LUTRAM is invalid combination for BIND_STORAGE's option 'type + impl' [clang-diagnostic-error]
#pragma HLS BIND_STORAGE variable=fourth_order_double::sin_cos_K1 type=ROM_1P impl=LUTRAM
                                                                       ^
C:\Users\Nani\workspace\Vanilla_FA\FlashAtt1\FlashAtt1\hls\.autopilot\db\flashattentionkernal.pp.0.cpp:13309:72: error: Invalid Directive: for current device, ROM_1P + LUTRAM is invalid combination for BIND_STORAGE's option 'type + impl' [clang-diagnostic-error]
#pragma HLS BIND_STORAGE variable=fourth_order_double::sin_cos_K2 type=ROM_1P impl=LUTRAM
                                                                       ^
C:\Users\Nani\workspace\Vanilla_FA\FlashAtt1\FlashAtt1\hls\.autopilot\db\flashattentionkernal.pp.0.cpp:13310:72: error: Invalid Directive: for current device, ROM_1P + LUTRAM is invalid combination for BIND_STORAGE's option 'type + impl' [clang-diagnostic-error]
#pragma HLS BIND_STORAGE variable=fourth_order_double::sin_cos_K3 type=ROM_1P impl=LUTRAM
                                                                       ^
C:\Users\Nani\workspace\Vanilla_FA\FlashAtt1\FlashAtt1\hls\.autopilot\db\flashattentionkernal.pp.0.cpp:13311:72: error: Invalid Directive: for current device, ROM_1P + LUTRAM is invalid combination for BIND_STORAGE's option 'type + impl' [clang-diagnostic-error]
#pragma HLS BIND_STORAGE variable=fourth_order_double::sin_cos_K4 type=ROM_1P impl=LUTRAM
                                                                       ^
C:\Users\Nani\workspace\Vanilla_FA\FlashAtt1\FlashAtt1\hls\.autopilot\db\flashattentionkernal.pp.0.cpp:13341:68: error: Invalid Directive: for current device, ROM_1P + LUTRAM is invalid combination for BIND_STORAGE's option 'type + impl' [clang-diagnostic-error]
#pragma HLS BIND_STORAGE variable=fourth_order_double::cos_K0 type=ROM_1P impl=LUTRAM
                                                                   ^
C:\Users\Nani\workspace\Vanilla_FA\FlashAtt1\FlashAtt1\hls\.autopilot\db\flashattentionkernal.pp.0.cpp:13342:68: error: Invalid Directive: for current device, ROM_1P + LUTRAM is invalid combination for BIND_STORAGE's option 'type + impl' [clang-diagnostic-error]
#pragma HLS BIND_STORAGE variable=fourth_order_double::cos_K1 type=ROM_1P impl=LUTRAM
                                                                   ^
C:\Users\Nani\workspace\Vanilla_FA\FlashAtt1\FlashAtt1\hls\.autopilot\db\flashattentionkernal.pp.0.cpp:13343:68: error: Invalid Directive: for current device, ROM_1P + LUTRAM is invalid combination for BIND_STORAGE's option 'type + impl' [clang-diagnostic-error]
#pragma HLS BIND_STORAGE variable=fourth_order_double::cos_K2 type=ROM_1P impl=LUTRAM
                                                                   ^
C:\Users\Nani\workspace\Vanilla_FA\FlashAtt1\FlashAtt1\hls\.autopilot\db\flashattentionkernal.pp.0.cpp:13344:68: error: Invalid Directive: for current device, ROM_1P + LUTRAM is invalid combination for BIND_STORAGE's option 'type + impl' [clang-diagnostic-error]
#pragma HLS BIND_STORAGE variable=fourth_order_double::cos_K3 type=ROM_1P impl=LUTRAM
                                                                   ^
C:\Users\Nani\workspace\Vanilla_FA\FlashAtt1\FlashAtt1\hls\.autopilot\db\flashattentionkernal.pp.0.cpp:13345:68: error: Invalid Directive: for current device, ROM_1P + LUTRAM is invalid combination for BIND_STORAGE's option 'type + impl' [clang-diagnostic-error]
#pragma HLS BIND_STORAGE variable=fourth_order_double::cos_K4 type=ROM_1P impl=LUTRAM
                                                                   ^
C:\Users\Nani\workspace\Vanilla_FA\FlashAtt1\FlashAtt1\hls\.autopilot\db\flashattentionkernal.pp.0.cpp:13346:68: error: Invalid Directive: for current device, ROM_1P + LUTRAM is invalid combination for BIND_STORAGE's option 'type + impl' [clang-diagnostic-error]
#pragma HLS BIND_STORAGE variable=fourth_order_double::sin_K0 type=ROM_1P impl=LUTRAM
                                                                   ^
C:\Users\Nani\workspace\Vanilla_FA\FlashAtt1\FlashAtt1\hls\.autopilot\db\flashattentionkernal.pp.0.cpp:13347:68: error: Invalid Directive: for current device, ROM_1P + LUTRAM is invalid combination for BIND_STORAGE's option 'type + impl' [clang-diagnostic-error]
#pragma HLS BIND_STORAGE variable=fourth_order_double::sin_K1 type=ROM_1P impl=LUTRAM
                                                                   ^
C:\Users\Nani\workspace\Vanilla_FA\FlashAtt1\FlashAtt1\hls\.autopilot\db\flashattentionkernal.pp.0.cpp:13348:68: error: Invalid Directive: for current device, ROM_1P + LUTRAM is invalid combination for BIND_STORAGE's option 'type + impl' [clang-diagnostic-error]
#pragma HLS BIND_STORAGE variable=fourth_order_double::sin_K2 type=ROM_1P impl=LUTRAM
                                                                   ^
C:\Users\Nani\workspace\Vanilla_FA\FlashAtt1\FlashAtt1\hls\.autopilot\db\flashattentionkernal.pp.0.cpp:13349:68: error: Invalid Directive: for current device, ROM_1P + LUTRAM is invalid combination for BIND_STORAGE's option 'type + impl' [clang-diagnostic-error]
#pragma HLS BIND_STORAGE variable=fourth_order_double::sin_K3 type=ROM_1P impl=LUTRAM
                                                                   ^
C:\Users\Nani\workspace\Vanilla_FA\FlashAtt1\FlashAtt1\hls\.autopilot\db\flashattentionkernal.pp.0.cpp:13350:68: error: Invalid Directive: for current device, ROM_1P + LUTRAM is invalid combination for BIND_STORAGE's option 'type + impl' [clang-diagnostic-error]
#pragma HLS BIND_STORAGE variable=fourth_order_double::sin_K4 type=ROM_1P impl=LUTRAM
                                                                   ^
C:\Users\Nani\workspace\Vanilla_FA\FlashAtt1\FlashAtt1\hls\.autopilot\db\flashattentionkernal.pp.0.cpp:13400:71: error: Invalid Directive: for current device, ROM_1P + LUTRAM is invalid combination for BIND_STORAGE's option 'type + impl' [clang-diagnostic-error]
#pragma HLS BIND_STORAGE variable=second_order_float::sin_cos_K0 type=ROM_1P impl=LUTRAM
                                                                      ^
C:\Users\Nani\workspace\Vanilla_FA\FlashAtt1\FlashAtt1\hls\.autopilot\db\flashattentionkernal.pp.0.cpp:13401:71: error: Invalid Directive: for current device, ROM_1P + LUTRAM is invalid combination for BIND_STORAGE's option 'type + impl' [clang-diagnostic-error]
#pragma HLS BIND_STORAGE variable=second_order_float::sin_cos_K1 type=ROM_1P impl=LUTRAM
                                                                      ^
C:\Users\Nani\workspace\Vanilla_FA\FlashAtt1\FlashAtt1\hls\.autopilot\db\flashattentionkernal.pp.0.cpp:13402:71: error: Invalid Directive: for current device, ROM_1P + LUTRAM is invalid combination for BIND_STORAGE's option 'type + impl' [clang-diagnostic-error]
#pragma HLS BIND_STORAGE variable=second_order_float::sin_cos_K2 type=ROM_1P impl=LUTRAM
                                                                      ^
C:\Users\Nani\workspace\Vanilla_FA\FlashAtt1\FlashAtt1\hls\.autopilot\db\flashattentionkernal.pp.0.cpp:13429:67: error: Invalid Directive: for current device, ROM_1P + LUTRAM is invalid combination for BIND_STORAGE's option 'type + impl' [clang-diagnostic-error]
#pragma HLS BIND_STORAGE variable=second_order_float::cos_K0 type=ROM_1P impl=LUTRAM
                                                                  ^
C:\Users\Nani\workspace\Vanilla_FA\FlashAtt1\FlashAtt1\hls\.autopilot\db\flashattentionkernal.pp.0.cpp:13430:67: error: Invalid Directive: for current device, ROM_1P + LUTRAM is invalid combination for BIND_STORAGE's option 'type + impl' [clang-diagnostic-error]
#pragma HLS BIND_STORAGE variable=second_order_float::cos_K1 type=ROM_1P impl=LUTRAM
                                                                  ^
C:\Users\Nani\workspace\Vanilla_FA\FlashAtt1\FlashAtt1\hls\.autopilot\db\flashattentionkernal.pp.0.cpp:13431:67: error: Invalid Directive: for current device, ROM_1P + LUTRAM is invalid combination for BIND_STORAGE's option 'type + impl' [clang-diagnostic-error]
#pragma HLS BIND_STORAGE variable=second_order_float::cos_K2 type=ROM_1P impl=LUTRAM
                                                                  ^
C:\Users\Nani\workspace\Vanilla_FA\FlashAtt1\FlashAtt1\hls\.autopilot\db\flashattentionkernal.pp.0.cpp:13432:67: error: Invalid Directive: for current device, ROM_1P + LUTRAM is invalid combination for BIND_STORAGE's option 'type + impl' [clang-diagnostic-error]
#pragma HLS BIND_STORAGE variable=second_order_float::sin_K0 type=ROM_1P impl=LUTRAM
                                                                  ^
C:\Users\Nani\workspace\Vanilla_FA\FlashAtt1\FlashAtt1\hls\.autopilot\db\flashattentionkernal.pp.0.cpp:13433:67: error: Invalid Directive: for current device, ROM_1P + LUTRAM is invalid combination for BIND_STORAGE's option 'type + impl' [clang-diagnostic-error]
#pragma HLS BIND_STORAGE variable=second_order_float::sin_K1 type=ROM_1P impl=LUTRAM
                                                                  ^
C:\Users\Nani\workspace\Vanilla_FA\FlashAtt1\FlashAtt1\hls\.autopilot\db\flashattentionkernal.pp.0.cpp:13434:67: error: Invalid Directive: for current device, ROM_1P + LUTRAM is invalid combination for BIND_STORAGE's option 'type + impl' [clang-diagnostic-error]
#pragma HLS BIND_STORAGE variable=second_order_float::sin_K2 type=ROM_1P impl=LUTRAM
                                                                  ^
C:\Users\Nani\workspace\Vanilla_FA\FlashAtt1\FlashAtt1\hls\.autopilot\db\flashattentionkernal.pp.0.cpp:13470:73: error: Invalid Directive: for current device, ROM_1P + LUTRAM is invalid combination for BIND_STORAGE's option 'type + impl' [clang-diagnostic-error]
#pragma HLS BIND_STORAGE variable=first_order_fixed_16::sin_cos_K0 type=ROM_1P impl=LUTRAM
                                                                        ^
C:\Users\Nani\workspace\Vanilla_FA\FlashAtt1\FlashAtt1\hls\.autopilot\db\flashattentionkernal.pp.0.cpp:13471:73: error: Invalid Directive: for current device, ROM_1P + LUTRAM is invalid combination for BIND_STORAGE's option 'type + impl' [clang-diagnostic-error]
#pragma HLS BIND_STORAGE variable=first_order_fixed_16::sin_cos_K1 type=ROM_1P impl=LUTRAM
                                                                        ^
C:\Users\Nani\workspace\Vanilla_FA\FlashAtt1\FlashAtt1\hls\.autopilot\db\flashattentionkernal.pp.0.cpp:13745:5: warning: Added loop label VITIS_LOOP_61_1:   [xilinx-label-all-loops]
    for (int n=0; n<Nmax; n++){
    ^~~
    VITIS_LOOP_61_1: 
C:\Users\Nani\workspace\Vanilla_FA\FlashAtt1\FlashAtt1\hls\.autopilot\db\flashattentionkernal.pp.0.cpp:13745:5: note: FIX-IT applied suggested code changes
C:\Users\Nani\workspace\Vanilla_FA\FlashAtt1\FlashAtt1\hls\.autopilot\db\flashattentionkernal.pp.0.cpp:13791:5: warning: Added loop label VITIS_LOOP_117_1:   [xilinx-label-all-loops]
    for (int n=0; n<Nmax; n++){
    ^~~
    VITIS_LOOP_117_1: 
C:\Users\Nani\workspace\Vanilla_FA\FlashAtt1\FlashAtt1\hls\.autopilot\db\flashattentionkernal.pp.0.cpp:13791:5: note: FIX-IT applied suggested code changes
C:\Users\Nani\workspace\Vanilla_FA\FlashAtt1\FlashAtt1\hls\.autopilot\db\flashattentionkernal.pp.0.cpp:13954:9: warning: Added loop label VITIS_LOOP_289_1:   [xilinx-label-all-loops]
        for(int i=0;i<W-1;i++){
        ^~~
        VITIS_LOOP_289_1: 
C:\Users\Nani\workspace\Vanilla_FA\FlashAtt1\FlashAtt1\hls\.autopilot\db\flashattentionkernal.pp.0.cpp:13954:9: note: FIX-IT applied suggested code changes
C:\Users\Nani\workspace\Vanilla_FA\FlashAtt1\FlashAtt1\hls\.autopilot\db\flashattentionkernal.pp.0.cpp:14106:9: warning: Added loop label VITIS_LOOP_449_1:   [xilinx-label-all-loops]
        for(int i=0;i<W-1;i++){
        ^~~
        VITIS_LOOP_449_1: 
C:\Users\Nani\workspace\Vanilla_FA\FlashAtt1\FlashAtt1\hls\.autopilot\db\flashattentionkernal.pp.0.cpp:14106:9: note: FIX-IT applied suggested code changes
C:\Users\Nani\workspace\Vanilla_FA\FlashAtt1\FlashAtt1\hls\.autopilot\db\flashattentionkernal.pp.0.cpp:14286:5: warning: Added loop label VITIS_LOOP_629_1:   [xilinx-label-all-loops]
    for(int i=0;i<W+1;i++){
    ^~~
    VITIS_LOOP_629_1: 
C:\Users\Nani\workspace\Vanilla_FA\FlashAtt1\FlashAtt1\hls\.autopilot\db\flashattentionkernal.pp.0.cpp:14286:5: note: FIX-IT applied suggested code changes
C:\Users\Nani\workspace\Vanilla_FA\FlashAtt1\FlashAtt1\hls\.autopilot\db\flashattentionkernal.pp.0.cpp:14290:5: warning: Added loop label VITIS_LOOP_633_2:   [xilinx-label-all-loops]
    for(int i=0;i<W+1;i++){
    ^~~
    VITIS_LOOP_633_2: 
C:\Users\Nani\workspace\Vanilla_FA\FlashAtt1\FlashAtt1\hls\.autopilot\db\flashattentionkernal.pp.0.cpp:14290:5: note: FIX-IT applied suggested code changes
C:\Users\Nani\workspace\Vanilla_FA\FlashAtt1\FlashAtt1\hls\.autopilot\db\flashattentionkernal.pp.0.cpp:14400:5: warning: Added loop label VITIS_LOOP_743_1:   [xilinx-label-all-loops]
    for (int n=0; n<Nmax; n++){
    ^~~
    VITIS_LOOP_743_1: 
C:\Users\Nani\workspace\Vanilla_FA\FlashAtt1\FlashAtt1\hls\.autopilot\db\flashattentionkernal.pp.0.cpp:14400:5: note: FIX-IT applied suggested code changes
C:\Users\Nani\workspace\Vanilla_FA\FlashAtt1\FlashAtt1\hls\.autopilot\db\flashattentionkernal.pp.0.cpp:14490:7: warning: Added loop label VITIS_LOOP_840_1:   [xilinx-label-all-loops]
      for(int i=0;i<W-1;i++){
      ^~~
      VITIS_LOOP_840_1: 
C:\Users\Nani\workspace\Vanilla_FA\FlashAtt1\FlashAtt1\hls\.autopilot\db\flashattentionkernal.pp.0.cpp:14490:7: note: FIX-IT applied suggested code changes
C:\Users\Nani\workspace\Vanilla_FA\FlashAtt1\FlashAtt1\hls\.autopilot\db\flashattentionkernal.pp.0.cpp:14509:7: warning: Added loop label VITIS_LOOP_859_2:   [xilinx-label-all-loops]
      for(int i=0;i<W-1;i++){
      ^~~
      VITIS_LOOP_859_2: 
C:\Users\Nani\workspace\Vanilla_FA\FlashAtt1\FlashAtt1\hls\.autopilot\db\flashattentionkernal.pp.0.cpp:14509:7: note: FIX-IT applied suggested code changes
C:\Users\Nani\workspace\Vanilla_FA\FlashAtt1\FlashAtt1\hls\.autopilot\db\flashattentionkernal.pp.0.cpp:14799:5: warning: Added loop label VITIS_LOOP_1173_1:   [xilinx-label-all-loops]
    for(int i=0; i<Nmax; i++) {
    ^~~
    VITIS_LOOP_1173_1: 
C:\Users\Nani\workspace\Vanilla_FA\FlashAtt1\FlashAtt1\hls\.autopilot\db\flashattentionkernal.pp.0.cpp:14799:5: note: FIX-IT applied suggested code changes
C:\Users\Nani\workspace\Vanilla_FA\FlashAtt1\FlashAtt1\hls\.autopilot\db\flashattentionkernal.pp.0.cpp:14882:5: warning: Added loop label VITIS_LOOP_1256_1:   [xilinx-label-all-loops]
    for(int i=0; i<Nmax; i++) {
    ^~~
    VITIS_LOOP_1256_1: 
C:\Users\Nani\workspace\Vanilla_FA\FlashAtt1\FlashAtt1\hls\.autopilot\db\flashattentionkernal.pp.0.cpp:14882:5: note: FIX-IT applied suggested code changes
C:\Users\Nani\workspace\Vanilla_FA\FlashAtt1\FlashAtt1\hls\.autopilot\db\flashattentionkernal.pp.0.cpp:15288:13: warning: Added loop label VITIS_LOOP_68_1:   [xilinx-label-all-loops]
            for (int j = 3; j >= I_+1; j--) {
            ^~~
            VITIS_LOOP_68_1: 
C:\Users\Nani\workspace\Vanilla_FA\FlashAtt1\FlashAtt1\hls\.autopilot\db\flashattentionkernal.pp.0.cpp:15288:13: note: FIX-IT applied suggested code changes
C:\Users\Nani\workspace\Vanilla_FA\FlashAtt1\FlashAtt1\hls\.autopilot\db\flashattentionkernal.pp.0.cpp:15294:17: warning: Added loop label VITIS_LOOP_74_2:   [xilinx-label-all-loops]
                for (int j = 3; j >= I_+1; j--){
                ^~~
                VITIS_LOOP_74_2: 
C:\Users\Nani\workspace\Vanilla_FA\FlashAtt1\FlashAtt1\hls\.autopilot\db\flashattentionkernal.pp.0.cpp:15294:17: note: FIX-IT applied suggested code changes
C:\Users\Nani\workspace\Vanilla_FA\FlashAtt1\FlashAtt1\hls\.autopilot\db\flashattentionkernal.pp.0.cpp:15298:17: warning: Added loop label VITIS_LOOP_78_3:   [xilinx-label-all-loops]
                for (int j = I_; j >= 0; j--){
                ^~~
                VITIS_LOOP_78_3: 
C:\Users\Nani\workspace\Vanilla_FA\FlashAtt1\FlashAtt1\hls\.autopilot\db\flashattentionkernal.pp.0.cpp:15298:17: note: FIX-IT applied suggested code changes
C:\Users\Nani\workspace\Vanilla_FA\FlashAtt1\FlashAtt1\hls\.autopilot\db\flashattentionkernal.pp.0.cpp:15345:13: warning: Added loop label VITIS_LOOP_145_4:   [xilinx-label-all-loops]
            for (int j = 9; j >= I_+4; j--) {
            ^~~
            VITIS_LOOP_145_4: 
C:\Users\Nani\workspace\Vanilla_FA\FlashAtt1\FlashAtt1\hls\.autopilot\db\flashattentionkernal.pp.0.cpp:15345:13: note: FIX-IT applied suggested code changes
C:\Users\Nani\workspace\Vanilla_FA\FlashAtt1\FlashAtt1\hls\.autopilot\db\flashattentionkernal.pp.0.cpp:15351:17: warning: Added loop label VITIS_LOOP_151_5:   [xilinx-label-all-loops]
                for (int j = 9; j >= I_+4; j--){
                ^~~
                VITIS_LOOP_151_5: 
C:\Users\Nani\workspace\Vanilla_FA\FlashAtt1\FlashAtt1\hls\.autopilot\db\flashattentionkernal.pp.0.cpp:15351:17: note: FIX-IT applied suggested code changes
C:\Users\Nani\workspace\Vanilla_FA\FlashAtt1\FlashAtt1\hls\.autopilot\db\flashattentionkernal.pp.0.cpp:15355:17: warning: Added loop label VITIS_LOOP_155_6:   [xilinx-label-all-loops]
                for (int j = I_+3; j >= 0; j--){
                ^~~
                VITIS_LOOP_155_6: 
C:\Users\Nani\workspace\Vanilla_FA\FlashAtt1\FlashAtt1\hls\.autopilot\db\flashattentionkernal.pp.0.cpp:15355:17: note: FIX-IT applied suggested code changes
C:\Users\Nani\workspace\Vanilla_FA\FlashAtt1\FlashAtt1\hls\.autopilot\db\flashattentionkernal.pp.0.cpp:15370:9: warning: Added loop label VITIS_LOOP_170_7:   [xilinx-label-all-loops]
        for (int j = 14; j < 22; j++){
        ^~~
        VITIS_LOOP_170_7: 
C:\Users\Nani\workspace\Vanilla_FA\FlashAtt1\FlashAtt1\hls\.autopilot\db\flashattentionkernal.pp.0.cpp:15370:9: note: FIX-IT applied suggested code changes
C:\Users\Nani\workspace\Vanilla_FA\FlashAtt1\FlashAtt1\hls\.autopilot\db\flashattentionkernal.pp.0.cpp:15378:17: warning: Added loop label VITIS_LOOP_178_8:   [xilinx-label-all-loops]
                for (int j = 0; j < 22; j++){
                ^~~
                VITIS_LOOP_178_8: 
C:\Users\Nani\workspace\Vanilla_FA\FlashAtt1\FlashAtt1\hls\.autopilot\db\flashattentionkernal.pp.0.cpp:15378:17: note: FIX-IT applied suggested code changes
C:\Users\Nani\workspace\Vanilla_FA\FlashAtt1\FlashAtt1\hls\.autopilot\db\flashattentionkernal.pp.0.cpp:15443:13: warning: Added loop label VITIS_LOOP_243_9:   [xilinx-label-all-loops]
            for (int j = 21; j >= I_+10; j--) {
            ^~~
            VITIS_LOOP_243_9: 
C:\Users\Nani\workspace\Vanilla_FA\FlashAtt1\FlashAtt1\hls\.autopilot\db\flashattentionkernal.pp.0.cpp:15443:13: note: FIX-IT applied suggested code changes
C:\Users\Nani\workspace\Vanilla_FA\FlashAtt1\FlashAtt1\hls\.autopilot\db\flashattentionkernal.pp.0.cpp:15449:17: warning: Added loop label VITIS_LOOP_249_10:   [xilinx-label-all-loops]
                for (int j = 21; j >= I_+10; j--) {
                ^~~
                VITIS_LOOP_249_10: 
C:\Users\Nani\workspace\Vanilla_FA\FlashAtt1\FlashAtt1\hls\.autopilot\db\flashattentionkernal.pp.0.cpp:15449:17: note: FIX-IT applied suggested code changes
C:\Users\Nani\workspace\Vanilla_FA\FlashAtt1\FlashAtt1\hls\.autopilot\db\flashattentionkernal.pp.0.cpp:15453:17: warning: Added loop label VITIS_LOOP_253_11:   [xilinx-label-all-loops]
                for (int j = I_+9; j >= 0; j--) {
                ^~~
                VITIS_LOOP_253_11: 
C:\Users\Nani\workspace\Vanilla_FA\FlashAtt1\FlashAtt1\hls\.autopilot\db\flashattentionkernal.pp.0.cpp:15453:17: note: FIX-IT applied suggested code changes
C:\Users\Nani\workspace\Vanilla_FA\FlashAtt1\FlashAtt1\hls\.autopilot\db\flashattentionkernal.pp.0.cpp:15468:9: warning: Added loop label VITIS_LOOP_268_12:   [xilinx-label-all-loops]
        for (int j = 27; j < 46; j++){
        ^~~
        VITIS_LOOP_268_12: 
C:\Users\Nani\workspace\Vanilla_FA\FlashAtt1\FlashAtt1\hls\.autopilot\db\flashattentionkernal.pp.0.cpp:15468:9: note: FIX-IT applied suggested code changes
C:\Users\Nani\workspace\Vanilla_FA\FlashAtt1\FlashAtt1\hls\.autopilot\db\flashattentionkernal.pp.0.cpp:15476:17: warning: Added loop label VITIS_LOOP_276_13:   [xilinx-label-all-loops]
                for (int j = 0; j < 46; j++) {
                ^~~
                VITIS_LOOP_276_13: 
C:\Users\Nani\workspace\Vanilla_FA\FlashAtt1\FlashAtt1\hls\.autopilot\db\flashattentionkernal.pp.0.cpp:15476:17: note: FIX-IT applied suggested code changes
C:\Users\Nani\workspace\Vanilla_FA\FlashAtt1\FlashAtt1\hls\.autopilot\db\flashattentionkernal.pp.0.cpp:15705:13: warning: Added loop label VITIS_LOOP_505_14:   [xilinx-label-all-loops]
            for (int j = 45; j >= I_+22; j--) {
            ^~~
            VITIS_LOOP_505_14: 
C:\Users\Nani\workspace\Vanilla_FA\FlashAtt1\FlashAtt1\hls\.autopilot\db\flashattentionkernal.pp.0.cpp:15705:13: note: FIX-IT applied suggested code changes
C:\Users\Nani\workspace\Vanilla_FA\FlashAtt1\FlashAtt1\hls\.autopilot\db\flashattentionkernal.pp.0.cpp:15711:17: warning: Added loop label VITIS_LOOP_511_15:   [xilinx-label-all-loops]
                for (int j = 45; j >= I_+22; j--){
                ^~~
                VITIS_LOOP_511_15: 
C:\Users\Nani\workspace\Vanilla_FA\FlashAtt1\FlashAtt1\hls\.autopilot\db\flashattentionkernal.pp.0.cpp:15711:17: note: FIX-IT applied suggested code changes
C:\Users\Nani\workspace\Vanilla_FA\FlashAtt1\FlashAtt1\hls\.autopilot\db\flashattentionkernal.pp.0.cpp:15715:17: warning: Added loop label VITIS_LOOP_515_16:   [xilinx-label-all-loops]
                for (int j = I_+21; j >= 0; j--) {
                ^~~
                VITIS_LOOP_515_16: 
C:\Users\Nani\workspace\Vanilla_FA\FlashAtt1\FlashAtt1\hls\.autopilot\db\flashattentionkernal.pp.0.cpp:15715:17: note: FIX-IT applied suggested code changes
C:\Users\Nani\workspace\Vanilla_FA\FlashAtt1\FlashAtt1\hls\.autopilot\db\flashattentionkernal.pp.0.cpp:15725:9: warning: Added loop label VITIS_LOOP_525_17:   [xilinx-label-all-loops]
        for (int j = 32-F_; j < 32+I_; j++){
        ^~~
        VITIS_LOOP_525_17: 
C:\Users\Nani\workspace\Vanilla_FA\FlashAtt1\FlashAtt1\hls\.autopilot\db\flashattentionkernal.pp.0.cpp:15725:9: note: FIX-IT applied suggested code changes
C:\Users\Nani\workspace\Vanilla_FA\FlashAtt1\FlashAtt1\hls\.autopilot\db\flashattentionkernal.pp.0.cpp:15729:9: warning: Added loop label VITIS_LOOP_529_18:   [xilinx-label-all-loops]
        for (int j = 32+I_; j <= 64; j++){
        ^~~
        VITIS_LOOP_529_18: 
C:\Users\Nani\workspace\Vanilla_FA\FlashAtt1\FlashAtt1\hls\.autopilot\db\flashattentionkernal.pp.0.cpp:15729:9: note: FIX-IT applied suggested code changes
C:\Users\Nani\workspace\Vanilla_FA\FlashAtt1\FlashAtt1\hls\.autopilot\db\flashattentionkernal.pp.0.cpp:15739:9: warning: Added loop label VITIS_LOOP_539_19:   [xilinx-label-all-loops]
        for (int j = 37; j < 64; j++) {
        ^~~
        VITIS_LOOP_539_19: 
C:\Users\Nani\workspace\Vanilla_FA\FlashAtt1\FlashAtt1\hls\.autopilot\db\flashattentionkernal.pp.0.cpp:15739:9: note: FIX-IT applied suggested code changes
C:\Users\Nani\workspace\Vanilla_FA\FlashAtt1\FlashAtt1\hls\.autopilot\db\flashattentionkernal.pp.0.cpp:15747:17: warning: Added loop label VITIS_LOOP_547_20:   [xilinx-label-all-loops]
                for (int j = 0; j < 64; j++){
                ^~~
                VITIS_LOOP_547_20: 
C:\Users\Nani\workspace\Vanilla_FA\FlashAtt1\FlashAtt1\hls\.autopilot\db\flashattentionkernal.pp.0.cpp:15747:17: note: FIX-IT applied suggested code changes
C:\Users\Nani\workspace\Vanilla_FA\FlashAtt1\FlashAtt1\hls\.autopilot\db\flashattentionkernal.pp.0.cpp:16108:13: warning: Added loop label VITIS_LOOP_908_21:   [xilinx-label-all-loops]
            for (int j = 63; j >= I_+31; j--) {
            ^~~
            VITIS_LOOP_908_21: 
C:\Users\Nani\workspace\Vanilla_FA\FlashAtt1\FlashAtt1\hls\.autopilot\db\flashattentionkernal.pp.0.cpp:16108:13: note: FIX-IT applied suggested code changes
C:\Users\Nani\workspace\Vanilla_FA\FlashAtt1\FlashAtt1\hls\.autopilot\db\flashattentionkernal.pp.0.cpp:16114:17: warning: Added loop label VITIS_LOOP_914_22:   [xilinx-label-all-loops]
                for (int j = 63; j >= I_+31; j--) {
                ^~~
                VITIS_LOOP_914_22: 
C:\Users\Nani\workspace\Vanilla_FA\FlashAtt1\FlashAtt1\hls\.autopilot\db\flashattentionkernal.pp.0.cpp:16114:17: note: FIX-IT applied suggested code changes
C:\Users\Nani\workspace\Vanilla_FA\FlashAtt1\FlashAtt1\hls\.autopilot\db\flashattentionkernal.pp.0.cpp:16118:17: warning: Added loop label VITIS_LOOP_918_23:   [xilinx-label-all-loops]
                for (int j = I_+30; j >= 0; j--) {
                ^~~
                VITIS_LOOP_918_23: 
C:\Users\Nani\workspace\Vanilla_FA\FlashAtt1\FlashAtt1\hls\.autopilot\db\flashattentionkernal.pp.0.cpp:16118:17: note: FIX-IT applied suggested code changes
C:\Users\Nani\workspace\Vanilla_FA\FlashAtt1\FlashAtt1\hls\.autopilot\db\flashattentionkernal.pp.0.cpp:16234:13: warning: Added loop label VITIS_LOOP_1034_1:   [xilinx-label-all-loops]
            for (int j = 4; j >= I_+1; j--) {
            ^~~
            VITIS_LOOP_1034_1: 
C:\Users\Nani\workspace\Vanilla_FA\FlashAtt1\FlashAtt1\hls\.autopilot\db\flashattentionkernal.pp.0.cpp:16234:13: note: FIX-IT applied suggested code changes
C:\Users\Nani\workspace\Vanilla_FA\FlashAtt1\FlashAtt1\hls\.autopilot\db\flashattentionkernal.pp.0.cpp:16240:17: warning: Added loop label VITIS_LOOP_1040_2:   [xilinx-label-all-loops]
                for (int j = 4; j >= I_+1; j--) {
                ^~~
                VITIS_LOOP_1040_2: 
C:\Users\Nani\workspace\Vanilla_FA\FlashAtt1\FlashAtt1\hls\.autopilot\db\flashattentionkernal.pp.0.cpp:16240:17: note: FIX-IT applied suggested code changes
C:\Users\Nani\workspace\Vanilla_FA\FlashAtt1\FlashAtt1\hls\.autopilot\db\flashattentionkernal.pp.0.cpp:16244:17: warning: Added loop label VITIS_LOOP_1044_3:   [xilinx-label-all-loops]
                for (int j = I_; j >= 0; j--) {
                ^~~
                VITIS_LOOP_1044_3: 
C:\Users\Nani\workspace\Vanilla_FA\FlashAtt1\FlashAtt1\hls\.autopilot\db\flashattentionkernal.pp.0.cpp:16244:17: note: FIX-IT applied suggested code changes
C:\Users\Nani\workspace\Vanilla_FA\FlashAtt1\FlashAtt1\hls\.autopilot\db\flashattentionkernal.pp.0.cpp:16331:13: warning: Added loop label VITIS_LOOP_1131_4:   [xilinx-label-all-loops]
            for (int j = 10; j >= I_+4; j--) {
            ^~~
            VITIS_LOOP_1131_4: 
C:\Users\Nani\workspace\Vanilla_FA\FlashAtt1\FlashAtt1\hls\.autopilot\db\flashattentionkernal.pp.0.cpp:16331:13: note: FIX-IT applied suggested code changes
C:\Users\Nani\workspace\Vanilla_FA\FlashAtt1\FlashAtt1\hls\.autopilot\db\flashattentionkernal.pp.0.cpp:16337:17: warning: Added loop label VITIS_LOOP_1137_5:   [xilinx-label-all-loops]
                for (int j = 10; j >= I_+4; j--) {
                ^~~
                VITIS_LOOP_1137_5: 
C:\Users\Nani\workspace\Vanilla_FA\FlashAtt1\FlashAtt1\hls\.autopilot\db\flashattentionkernal.pp.0.cpp:16337:17: note: FIX-IT applied suggested code changes
C:\Users\Nani\workspace\Vanilla_FA\FlashAtt1\FlashAtt1\hls\.autopilot\db\flashattentionkernal.pp.0.cpp:16341:17: warning: Added loop label VITIS_LOOP_1141_6:   [xilinx-label-all-loops]
                for (int j = I_+3; j >= 0; j--) {
                ^~~
                VITIS_LOOP_1141_6: 
C:\Users\Nani\workspace\Vanilla_FA\FlashAtt1\FlashAtt1\hls\.autopilot\db\flashattentionkernal.pp.0.cpp:16341:17: note: FIX-IT applied suggested code changes
C:\Users\Nani\workspace\Vanilla_FA\FlashAtt1\FlashAtt1\hls\.autopilot\db\flashattentionkernal.pp.0.cpp:16360:9: warning: Added loop label VITIS_LOOP_1160_7:   [xilinx-label-all-loops]
        for (int j = wf+3; j < w-1; j++) {
        ^~~
        VITIS_LOOP_1160_7: 
C:\Users\Nani\workspace\Vanilla_FA\FlashAtt1\FlashAtt1\hls\.autopilot\db\flashattentionkernal.pp.0.cpp:16360:9: note: FIX-IT applied suggested code changes
C:\Users\Nani\workspace\Vanilla_FA\FlashAtt1\FlashAtt1\hls\.autopilot\db\flashattentionkernal.pp.0.cpp:16367:17: warning: Added loop label VITIS_LOOP_1167_8:   [xilinx-label-all-loops]
                for (int j = 0; j < 22; j++) {
                ^~~
                VITIS_LOOP_1167_8: 
C:\Users\Nani\workspace\Vanilla_FA\FlashAtt1\FlashAtt1\hls\.autopilot\db\flashattentionkernal.pp.0.cpp:16367:17: note: FIX-IT applied suggested code changes
C:\Users\Nani\workspace\Vanilla_FA\FlashAtt1\FlashAtt1\hls\.autopilot\db\flashattentionkernal.pp.0.cpp:16483:13: warning: Added loop label VITIS_LOOP_1283_9:   [xilinx-label-all-loops]
            for (int j = 22; j >= I_+10; j--) {
            ^~~
            VITIS_LOOP_1283_9: 
C:\Users\Nani\workspace\Vanilla_FA\FlashAtt1\FlashAtt1\hls\.autopilot\db\flashattentionkernal.pp.0.cpp:16483:13: note: FIX-IT applied suggested code changes
C:\Users\Nani\workspace\Vanilla_FA\FlashAtt1\FlashAtt1\hls\.autopilot\db\flashattentionkernal.pp.0.cpp:16489:17: warning: Added loop label VITIS_LOOP_1289_10:   [xilinx-label-all-loops]
                for (int j = 22; j >= I_+10; j--){
                ^~~
                VITIS_LOOP_1289_10: 
C:\Users\Nani\workspace\Vanilla_FA\FlashAtt1\FlashAtt1\hls\.autopilot\db\flashattentionkernal.pp.0.cpp:16489:17: note: FIX-IT applied suggested code changes
C:\Users\Nani\workspace\Vanilla_FA\FlashAtt1\FlashAtt1\hls\.autopilot\db\flashattentionkernal.pp.0.cpp:16493:17: warning: Added loop label VITIS_LOOP_1293_11:   [xilinx-label-all-loops]
                for (int j = I_+9; j >= 0; j--) {
                ^~~
                VITIS_LOOP_1293_11: 
C:\Users\Nani\workspace\Vanilla_FA\FlashAtt1\FlashAtt1\hls\.autopilot\db\flashattentionkernal.pp.0.cpp:16493:17: note: FIX-IT applied suggested code changes
C:\Users\Nani\workspace\Vanilla_FA\FlashAtt1\FlashAtt1\hls\.autopilot\db\flashattentionkernal.pp.0.cpp:16513:9: warning: Added loop label VITIS_LOOP_1313_12:   [xilinx-label-all-loops]
        for (int j = wf+4; j < w-1; j++){
        ^~~
        VITIS_LOOP_1313_12: 
C:\Users\Nani\workspace\Vanilla_FA\FlashAtt1\FlashAtt1\hls\.autopilot\db\flashattentionkernal.pp.0.cpp:16513:9: note: FIX-IT applied suggested code changes
C:\Users\Nani\workspace\Vanilla_FA\FlashAtt1\FlashAtt1\hls\.autopilot\db\flashattentionkernal.pp.0.cpp:16520:17: warning: Added loop label VITIS_LOOP_1320_13:   [xilinx-label-all-loops]
                for (int j = 0; j < 46; j++) {
                ^~~
                VITIS_LOOP_1320_13: 
C:\Users\Nani\workspace\Vanilla_FA\FlashAtt1\FlashAtt1\hls\.autopilot\db\flashattentionkernal.pp.0.cpp:16520:17: note: FIX-IT applied suggested code changes
C:\Users\Nani\workspace\Vanilla_FA\FlashAtt1\FlashAtt1\hls\.autopilot\db\flashattentionkernal.pp.0.cpp:16782:13: warning: Added loop label VITIS_LOOP_1582_14:   [xilinx-label-all-loops]
            for (int j = 46; j >= I_+22; j--) {
            ^~~
            VITIS_LOOP_1582_14: 
C:\Users\Nani\workspace\Vanilla_FA\FlashAtt1\FlashAtt1\hls\.autopilot\db\flashattentionkernal.pp.0.cpp:16782:13: note: FIX-IT applied suggested code changes
C:\Users\Nani\workspace\Vanilla_FA\FlashAtt1\FlashAtt1\hls\.autopilot\db\flashattentionkernal.pp.0.cpp:16788:17: warning: Added loop label VITIS_LOOP_1588_15:   [xilinx-label-all-loops]
                for (int j = 46; j >= I_+22; j--) {
                ^~~
                VITIS_LOOP_1588_15: 
C:\Users\Nani\workspace\Vanilla_FA\FlashAtt1\FlashAtt1\hls\.autopilot\db\flashattentionkernal.pp.0.cpp:16788:17: note: FIX-IT applied suggested code changes
C:\Users\Nani\workspace\Vanilla_FA\FlashAtt1\FlashAtt1\hls\.autopilot\db\flashattentionkernal.pp.0.cpp:16792:17: warning: Added loop label VITIS_LOOP_1592_16:   [xilinx-label-all-loops]
                for (int j = I_+21; j >= 0; j--) {
                ^~~
                VITIS_LOOP_1592_16: 
C:\Users\Nani\workspace\Vanilla_FA\FlashAtt1\FlashAtt1\hls\.autopilot\db\flashattentionkernal.pp.0.cpp:16792:17: note: FIX-IT applied suggested code changes
C:\Users\Nani\workspace\Vanilla_FA\FlashAtt1\FlashAtt1\hls\.autopilot\db\flashattentionkernal.pp.0.cpp:16816:9: warning: Added loop label VITIS_LOOP_1616_17:   [xilinx-label-all-loops]
        for (int j = wf+5; j < w-1; j++){
        ^~~
        VITIS_LOOP_1616_17: 
C:\Users\Nani\workspace\Vanilla_FA\FlashAtt1\FlashAtt1\hls\.autopilot\db\flashattentionkernal.pp.0.cpp:16816:9: note: FIX-IT applied suggested code changes
C:\Users\Nani\workspace\Vanilla_FA\FlashAtt1\FlashAtt1\hls\.autopilot\db\flashattentionkernal.pp.0.cpp:16823:17: warning: Added loop label VITIS_LOOP_1623_18:   [xilinx-label-all-loops]
                for (int j = 0; j < 64; j++) {
                ^~~
                VITIS_LOOP_1623_18: 
C:\Users\Nani\workspace\Vanilla_FA\FlashAtt1\FlashAtt1\hls\.autopilot\db\flashattentionkernal.pp.0.cpp:16823:17: note: FIX-IT applied suggested code changes
C:\Users\Nani\workspace\Vanilla_FA\FlashAtt1\FlashAtt1\hls\.autopilot\db\flashattentionkernal.pp.0.cpp:17253:13: warning: Added loop label VITIS_LOOP_2053_19:   [xilinx-label-all-loops]
            for (int j = 64; j >= I_+31; j--) {
            ^~~
            VITIS_LOOP_2053_19: 
C:\Users\Nani\workspace\Vanilla_FA\FlashAtt1\FlashAtt1\hls\.autopilot\db\flashattentionkernal.pp.0.cpp:17253:13: note: FIX-IT applied suggested code changes
C:\Users\Nani\workspace\Vanilla_FA\FlashAtt1\FlashAtt1\hls\.autopilot\db\flashattentionkernal.pp.0.cpp:17259:17: warning: Added loop label VITIS_LOOP_2059_20:   [xilinx-label-all-loops]
                for (int j = 64; j >= I_+31; j--) {
                ^~~
                VITIS_LOOP_2059_20: 
C:\Users\Nani\workspace\Vanilla_FA\FlashAtt1\FlashAtt1\hls\.autopilot\db\flashattentionkernal.pp.0.cpp:17259:17: note: FIX-IT applied suggested code changes
C:\Users\Nani\workspace\Vanilla_FA\FlashAtt1\FlashAtt1\hls\.autopilot\db\flashattentionkernal.pp.0.cpp:17263:17: warning: Added loop label VITIS_LOOP_2063_21:   [xilinx-label-all-loops]
                for (int j = I_+30; j >= 0; j--) {
                ^~~
                VITIS_LOOP_2063_21: 
C:\Users\Nani\workspace\Vanilla_FA\FlashAtt1\FlashAtt1\hls\.autopilot\db\flashattentionkernal.pp.0.cpp:17263:17: note: FIX-IT applied suggested code changes
C:\Users\Nani\workspace\Vanilla_FA\FlashAtt1\FlashAtt1\hls\.autopilot\db\flashattentionkernal.pp.0.cpp:17392:13: warning: Added loop label VITIS_LOOP_2192_1:   [xilinx-label-all-loops]
            for(int j=3; j>=I+1; j--) {
            ^~~
            VITIS_LOOP_2192_1: 
C:\Users\Nani\workspace\Vanilla_FA\FlashAtt1\FlashAtt1\hls\.autopilot\db\flashattentionkernal.pp.0.cpp:17392:13: note: FIX-IT applied suggested code changes
C:\Users\Nani\workspace\Vanilla_FA\FlashAtt1\FlashAtt1\hls\.autopilot\db\flashattentionkernal.pp.0.cpp:17399:17: warning: Added loop label VITIS_LOOP_2199_2:   [xilinx-label-all-loops]
                for(int j=3; j>=I+1; j--) {
                ^~~
                VITIS_LOOP_2199_2: 
C:\Users\Nani\workspace\Vanilla_FA\FlashAtt1\FlashAtt1\hls\.autopilot\db\flashattentionkernal.pp.0.cpp:17399:17: note: FIX-IT applied suggested code changes
C:\Users\Nani\workspace\Vanilla_FA\FlashAtt1\FlashAtt1\hls\.autopilot\db\flashattentionkernal.pp.0.cpp:17403:17: warning: Added loop label VITIS_LOOP_2203_3:   [xilinx-label-all-loops]
                for(int j=I; j>=0; j--) {
                ^~~
                VITIS_LOOP_2203_3: 
C:\Users\Nani\workspace\Vanilla_FA\FlashAtt1\FlashAtt1\hls\.autopilot\db\flashattentionkernal.pp.0.cpp:17403:17: note: FIX-IT applied suggested code changes
C:\Users\Nani\workspace\Vanilla_FA\FlashAtt1\FlashAtt1\hls\.autopilot\db\flashattentionkernal.pp.0.cpp:17450:13: warning: Added loop label VITIS_LOOP_2250_4:   [xilinx-label-all-loops]
            for(int j=7; j>=3+I; j--) {
            ^~~
            VITIS_LOOP_2250_4: 
C:\Users\Nani\workspace\Vanilla_FA\FlashAtt1\FlashAtt1\hls\.autopilot\db\flashattentionkernal.pp.0.cpp:17450:13: note: FIX-IT applied suggested code changes
C:\Users\Nani\workspace\Vanilla_FA\FlashAtt1\FlashAtt1\hls\.autopilot\db\flashattentionkernal.pp.0.cpp:17457:17: warning: Added loop label VITIS_LOOP_2257_5:   [xilinx-label-all-loops]
                for(int j=7; j>=3+I; j--) {
                ^~~
                VITIS_LOOP_2257_5: 
C:\Users\Nani\workspace\Vanilla_FA\FlashAtt1\FlashAtt1\hls\.autopilot\db\flashattentionkernal.pp.0.cpp:17457:17: note: FIX-IT applied suggested code changes
C:\Users\Nani\workspace\Vanilla_FA\FlashAtt1\FlashAtt1\hls\.autopilot\db\flashattentionkernal.pp.0.cpp:17461:17: warning: Added loop label VITIS_LOOP_2261_6:   [xilinx-label-all-loops]
                for(int j=I+2; j>=0; j--) {
                ^~~
                VITIS_LOOP_2261_6: 
C:\Users\Nani\workspace\Vanilla_FA\FlashAtt1\FlashAtt1\hls\.autopilot\db\flashattentionkernal.pp.0.cpp:17461:17: note: FIX-IT applied suggested code changes
C:\Users\Nani\workspace\Vanilla_FA\FlashAtt1\FlashAtt1\hls\.autopilot\db\flashattentionkernal.pp.0.cpp:17479:9: warning: Added loop label VITIS_LOOP_2279_7:   [xilinx-label-all-loops]
        for(int j=11; j<16; j++) {
        ^~~
        VITIS_LOOP_2279_7: 
C:\Users\Nani\workspace\Vanilla_FA\FlashAtt1\FlashAtt1\hls\.autopilot\db\flashattentionkernal.pp.0.cpp:17479:9: note: FIX-IT applied suggested code changes
C:\Users\Nani\workspace\Vanilla_FA\FlashAtt1\FlashAtt1\hls\.autopilot\db\flashattentionkernal.pp.0.cpp:17534:13: warning: Added loop label VITIS_LOOP_2334_8:   [xilinx-label-all-loops]
            for(int j=15; j>=7+I; j--) {
            ^~~
            VITIS_LOOP_2334_8: 
C:\Users\Nani\workspace\Vanilla_FA\FlashAtt1\FlashAtt1\hls\.autopilot\db\flashattentionkernal.pp.0.cpp:17534:13: note: FIX-IT applied suggested code changes
C:\Users\Nani\workspace\Vanilla_FA\FlashAtt1\FlashAtt1\hls\.autopilot\db\flashattentionkernal.pp.0.cpp:17541:17: warning: Added loop label VITIS_LOOP_2341_9:   [xilinx-label-all-loops]
                for(int j=15; j>=7+I; j--) {
                ^~~
                VITIS_LOOP_2341_9: 
C:\Users\Nani\workspace\Vanilla_FA\FlashAtt1\FlashAtt1\hls\.autopilot\db\flashattentionkernal.pp.0.cpp:17541:17: note: FIX-IT applied suggested code changes
C:\Users\Nani\workspace\Vanilla_FA\FlashAtt1\FlashAtt1\hls\.autopilot\db\flashattentionkernal.pp.0.cpp:17545:17: warning: Added loop label VITIS_LOOP_2345_10:   [xilinx-label-all-loops]
                for(int j=6+I; j>=0; j--) {
                ^~~
                VITIS_LOOP_2345_10: 
C:\Users\Nani\workspace\Vanilla_FA\FlashAtt1\FlashAtt1\hls\.autopilot\db\flashattentionkernal.pp.0.cpp:17545:17: note: FIX-IT applied suggested code changes
C:\Users\Nani\workspace\Vanilla_FA\FlashAtt1\FlashAtt1\hls\.autopilot\db\flashattentionkernal.pp.0.cpp:17563:9: warning: Added loop label VITIS_LOOP_2363_11:   [xilinx-label-all-loops]
        for(int j=20; j<32; j++) {
        ^~~
        VITIS_LOOP_2363_11: 
C:\Users\Nani\workspace\Vanilla_FA\FlashAtt1\FlashAtt1\hls\.autopilot\db\flashattentionkernal.pp.0.cpp:17563:9: note: FIX-IT applied suggested code changes
C:\Users\Nani\workspace\Vanilla_FA\FlashAtt1\FlashAtt1\hls\.autopilot\db\flashattentionkernal.pp.0.cpp:17652:13: warning: Added loop label VITIS_LOOP_2452_12:   [xilinx-label-all-loops]
            for(int j=31; j>=I+15; j--) {
            ^~~
            VITIS_LOOP_2452_12: 
C:\Users\Nani\workspace\Vanilla_FA\FlashAtt1\FlashAtt1\hls\.autopilot\db\flashattentionkernal.pp.0.cpp:17652:13: note: FIX-IT applied suggested code changes
C:\Users\Nani\workspace\Vanilla_FA\FlashAtt1\FlashAtt1\hls\.autopilot\db\flashattentionkernal.pp.0.cpp:17659:17: warning: Added loop label VITIS_LOOP_2459_13:   [xilinx-label-all-loops]
                for(int j=31; j>=I+15; j--) {
                ^~~
                VITIS_LOOP_2459_13: 
C:\Users\Nani\workspace\Vanilla_FA\FlashAtt1\FlashAtt1\hls\.autopilot\db\flashattentionkernal.pp.0.cpp:17659:17: note: FIX-IT applied suggested code changes
C:\Users\Nani\workspace\Vanilla_FA\FlashAtt1\FlashAtt1\hls\.autopilot\db\flashattentionkernal.pp.0.cpp:17663:17: warning: Added loop label VITIS_LOOP_2463_14:   [xilinx-label-all-loops]
                for(int j=I+14; j>=0; j--) {
                ^~~
                VITIS_LOOP_2463_14: 
C:\Users\Nani\workspace\Vanilla_FA\FlashAtt1\FlashAtt1\hls\.autopilot\db\flashattentionkernal.pp.0.cpp:17663:17: note: FIX-IT applied suggested code changes
C:\Users\Nani\workspace\Vanilla_FA\FlashAtt1\FlashAtt1\hls\.autopilot\db\flashattentionkernal.pp.0.cpp:17673:9: warning: Added loop label VITIS_LOOP_2473_15:   [xilinx-label-all-loops]
        for(int j=32-F; j<32+I; j++) {
        ^~~
        VITIS_LOOP_2473_15: 
C:\Users\Nani\workspace\Vanilla_FA\FlashAtt1\FlashAtt1\hls\.autopilot\db\flashattentionkernal.pp.0.cpp:17673:9: note: FIX-IT applied suggested code changes
C:\Users\Nani\workspace\Vanilla_FA\FlashAtt1\FlashAtt1\hls\.autopilot\db\flashattentionkernal.pp.0.cpp:17677:9: warning: Added loop label VITIS_LOOP_2477_16:   [xilinx-label-all-loops]
        for(int j=32+I; j<=64; j++) {
        ^~~
        VITIS_LOOP_2477_16: 
C:\Users\Nani\workspace\Vanilla_FA\FlashAtt1\FlashAtt1\hls\.autopilot\db\flashattentionkernal.pp.0.cpp:17677:9: note: FIX-IT applied suggested code changes
C:\Users\Nani\workspace\Vanilla_FA\FlashAtt1\FlashAtt1\hls\.autopilot\db\flashattentionkernal.pp.0.cpp:17688:9: warning: Added loop label VITIS_LOOP_2488_17:   [xilinx-label-all-loops]
        for(int j=37; j<64; j++) {
        ^~~
        VITIS_LOOP_2488_17: 
C:\Users\Nani\workspace\Vanilla_FA\FlashAtt1\FlashAtt1\hls\.autopilot\db\flashattentionkernal.pp.0.cpp:17688:9: note: FIX-IT applied suggested code changes
C:\Users\Nani\workspace\Vanilla_FA\FlashAtt1\FlashAtt1\hls\.autopilot\db\flashattentionkernal.pp.0.cpp:17696:17: warning: Added loop label VITIS_LOOP_2496_18:   [xilinx-label-all-loops]
                for(int j=0; j<64; j++) {
                ^~~
                VITIS_LOOP_2496_18: 
C:\Users\Nani\workspace\Vanilla_FA\FlashAtt1\FlashAtt1\hls\.autopilot\db\flashattentionkernal.pp.0.cpp:17696:17: note: FIX-IT applied suggested code changes
C:\Users\Nani\workspace\Vanilla_FA\FlashAtt1\FlashAtt1\hls\.autopilot\db\flashattentionkernal.pp.0.cpp:18021:13: warning: Added loop label VITIS_LOOP_2821_19:   [xilinx-label-all-loops]
            for(int j=63; j>=I+31; j--) {
            ^~~
            VITIS_LOOP_2821_19: 
C:\Users\Nani\workspace\Vanilla_FA\FlashAtt1\FlashAtt1\hls\.autopilot\db\flashattentionkernal.pp.0.cpp:18021:13: note: FIX-IT applied suggested code changes
C:\Users\Nani\workspace\Vanilla_FA\FlashAtt1\FlashAtt1\hls\.autopilot\db\flashattentionkernal.pp.0.cpp:18028:17: warning: Added loop label VITIS_LOOP_2828_20:   [xilinx-label-all-loops]
                for(int j=63; j>=I+31; j--) {
                ^~~
                VITIS_LOOP_2828_20: 
C:\Users\Nani\workspace\Vanilla_FA\FlashAtt1\FlashAtt1\hls\.autopilot\db\flashattentionkernal.pp.0.cpp:18028:17: note: FIX-IT applied suggested code changes
C:\Users\Nani\workspace\Vanilla_FA\FlashAtt1\FlashAtt1\hls\.autopilot\db\flashattentionkernal.pp.0.cpp:18032:17: warning: Added loop label VITIS_LOOP_2832_21:   [xilinx-label-all-loops]
                for(int j=I+30; j>=0; j--) {
                ^~~
                VITIS_LOOP_2832_21: 
C:\Users\Nani\workspace\Vanilla_FA\FlashAtt1\FlashAtt1\hls\.autopilot\db\flashattentionkernal.pp.0.cpp:18032:17: note: FIX-IT applied suggested code changes
C:\Users\Nani\workspace\Vanilla_FA\FlashAtt1\FlashAtt1\hls\.autopilot\db\flashattentionkernal.pp.0.cpp:18120:4: warning: Added loop label VITIS_LOOP_2920_1:   [xilinx-label-all-loops]
   for(int j = 5; j>=I_+2; j--) {
   ^~~
   VITIS_LOOP_2920_1: 
C:\Users\Nani\workspace\Vanilla_FA\FlashAtt1\FlashAtt1\hls\.autopilot\db\flashattentionkernal.pp.0.cpp:18120:4: note: FIX-IT applied suggested code changes
C:\Users\Nani\workspace\Vanilla_FA\FlashAtt1\FlashAtt1\hls\.autopilot\db\flashattentionkernal.pp.0.cpp:18127:5: warning: Added loop label VITIS_LOOP_2927_2:   [xilinx-label-all-loops]
    for(int j = 5; j>=I_+2; j--) {
    ^~~
    VITIS_LOOP_2927_2: 
C:\Users\Nani\workspace\Vanilla_FA\FlashAtt1\FlashAtt1\hls\.autopilot\db\flashattentionkernal.pp.0.cpp:18127:5: note: FIX-IT applied suggested code changes
C:\Users\Nani\workspace\Vanilla_FA\FlashAtt1\FlashAtt1\hls\.autopilot\db\flashattentionkernal.pp.0.cpp:18131:5: warning: Added loop label VITIS_LOOP_2931_3:   [xilinx-label-all-loops]
    for(int j = I_+1; j>=0; j--) {
    ^~~
    VITIS_LOOP_2931_3: 
C:\Users\Nani\workspace\Vanilla_FA\FlashAtt1\FlashAtt1\hls\.autopilot\db\flashattentionkernal.pp.0.cpp:18131:5: note: FIX-IT applied suggested code changes
C:\Users\Nani\workspace\Vanilla_FA\FlashAtt1\FlashAtt1\hls\.autopilot\db\flashattentionkernal.pp.0.cpp:18146:3: warning: Added loop label VITIS_LOOP_2946_4:   [xilinx-label-all-loops]
  for(int j = 11; j >=7; j--) {
  ^~~
  VITIS_LOOP_2946_4: 
C:\Users\Nani\workspace\Vanilla_FA\FlashAtt1\FlashAtt1\hls\.autopilot\db\flashattentionkernal.pp.0.cpp:18146:3: note: FIX-IT applied suggested code changes
C:\Users\Nani\workspace\Vanilla_FA\FlashAtt1\FlashAtt1\hls\.autopilot\db\flashattentionkernal.pp.0.cpp:18178:4: warning: Added loop label VITIS_LOOP_2978_5:   [xilinx-label-all-loops]
   for(int j = 11; j >= I_+5; j--) {
   ^~~
   VITIS_LOOP_2978_5: 
C:\Users\Nani\workspace\Vanilla_FA\FlashAtt1\FlashAtt1\hls\.autopilot\db\flashattentionkernal.pp.0.cpp:18178:4: note: FIX-IT applied suggested code changes
C:\Users\Nani\workspace\Vanilla_FA\FlashAtt1\FlashAtt1\hls\.autopilot\db\flashattentionkernal.pp.0.cpp:18185:5: warning: Added loop label VITIS_LOOP_2985_6:   [xilinx-label-all-loops]
    for(int j = 11; j>= I_+5; j--) {
    ^~~
    VITIS_LOOP_2985_6: 
C:\Users\Nani\workspace\Vanilla_FA\FlashAtt1\FlashAtt1\hls\.autopilot\db\flashattentionkernal.pp.0.cpp:18185:5: note: FIX-IT applied suggested code changes
C:\Users\Nani\workspace\Vanilla_FA\FlashAtt1\FlashAtt1\hls\.autopilot\db\flashattentionkernal.pp.0.cpp:18189:5: warning: Added loop label VITIS_LOOP_2989_7:   [xilinx-label-all-loops]
    for(int j = I_+4; j>=0; j--) {
    ^~~
    VITIS_LOOP_2989_7: 
C:\Users\Nani\workspace\Vanilla_FA\FlashAtt1\FlashAtt1\hls\.autopilot\db\flashattentionkernal.pp.0.cpp:18189:5: note: FIX-IT applied suggested code changes
C:\Users\Nani\workspace\Vanilla_FA\FlashAtt1\FlashAtt1\hls\.autopilot\db\flashattentionkernal.pp.0.cpp:18204:3: warning: Added loop label VITIS_LOOP_3004_8:   [xilinx-label-all-loops]
  for(int j = 25; j>=15; j--) {
  ^~~
  VITIS_LOOP_3004_8: 
C:\Users\Nani\workspace\Vanilla_FA\FlashAtt1\FlashAtt1\hls\.autopilot\db\flashattentionkernal.pp.0.cpp:18204:3: note: FIX-IT applied suggested code changes
C:\Users\Nani\workspace\Vanilla_FA\FlashAtt1\FlashAtt1\hls\.autopilot\db\flashattentionkernal.pp.0.cpp:18254:4: warning: Added loop label VITIS_LOOP_3054_9:   [xilinx-label-all-loops]
   for(int j = 25; j>= I_+12; j--) {
   ^~~
   VITIS_LOOP_3054_9: 
C:\Users\Nani\workspace\Vanilla_FA\FlashAtt1\FlashAtt1\hls\.autopilot\db\flashattentionkernal.pp.0.cpp:18254:4: note: FIX-IT applied suggested code changes
C:\Users\Nani\workspace\Vanilla_FA\FlashAtt1\FlashAtt1\hls\.autopilot\db\flashattentionkernal.pp.0.cpp:18261:5: warning: Added loop label VITIS_LOOP_3061_10:   [xilinx-label-all-loops]
    for(int j = 25; j>=I_+12; j--) {
    ^~~
    VITIS_LOOP_3061_10: 
C:\Users\Nani\workspace\Vanilla_FA\FlashAtt1\FlashAtt1\hls\.autopilot\db\flashattentionkernal.pp.0.cpp:18261:5: note: FIX-IT applied suggested code changes
C:\Users\Nani\workspace\Vanilla_FA\FlashAtt1\FlashAtt1\hls\.autopilot\db\flashattentionkernal.pp.0.cpp:18265:5: warning: Added loop label VITIS_LOOP_3065_11:   [xilinx-label-all-loops]
    for(int j = I_+11; j>=0; j--) {
    ^~~
    VITIS_LOOP_3065_11: 
C:\Users\Nani\workspace\Vanilla_FA\FlashAtt1\FlashAtt1\hls\.autopilot\db\flashattentionkernal.pp.0.cpp:18265:5: note: FIX-IT applied suggested code changes
C:\Users\Nani\workspace\Vanilla_FA\FlashAtt1\FlashAtt1\hls\.autopilot\db\flashattentionkernal.pp.0.cpp:18280:3: warning: Added loop label VITIS_LOOP_3080_12:   [xilinx-label-all-loops]
  for(int j = 51; j >= 29; j--) {
  ^~~
  VITIS_LOOP_3080_12: 
C:\Users\Nani\workspace\Vanilla_FA\FlashAtt1\FlashAtt1\hls\.autopilot\db\flashattentionkernal.pp.0.cpp:18280:3: note: FIX-IT applied suggested code changes
C:\Users\Nani\workspace\Vanilla_FA\FlashAtt1\FlashAtt1\hls\.autopilot\db\flashattentionkernal.pp.0.cpp:18417:4: warning: Added loop label VITIS_LOOP_3217_13:   [xilinx-label-all-loops]
   for(int j = 51; j >= 25 + I_; j--) {
   ^~~
   VITIS_LOOP_3217_13: 
C:\Users\Nani\workspace\Vanilla_FA\FlashAtt1\FlashAtt1\hls\.autopilot\db\flashattentionkernal.pp.0.cpp:18417:4: note: FIX-IT applied suggested code changes
C:\Users\Nani\workspace\Vanilla_FA\FlashAtt1\FlashAtt1\hls\.autopilot\db\flashattentionkernal.pp.0.cpp:18424:5: warning: Added loop label VITIS_LOOP_3224_14:   [xilinx-label-all-loops]
    for(int j = 51; j>=25 + I_; j--) {
    ^~~
    VITIS_LOOP_3224_14: 
C:\Users\Nani\workspace\Vanilla_FA\FlashAtt1\FlashAtt1\hls\.autopilot\db\flashattentionkernal.pp.0.cpp:18424:5: note: FIX-IT applied suggested code changes
C:\Users\Nani\workspace\Vanilla_FA\FlashAtt1\FlashAtt1\hls\.autopilot\db\flashattentionkernal.pp.0.cpp:18428:5: warning: Added loop label VITIS_LOOP_3228_15:   [xilinx-label-all-loops]
    for(int j = 24 + I_; j >= 0; j--) {
    ^~~
    VITIS_LOOP_3228_15: 
C:\Users\Nani\workspace\Vanilla_FA\FlashAtt1\FlashAtt1\hls\.autopilot\db\flashattentionkernal.pp.0.cpp:18428:5: note: FIX-IT applied suggested code changes
C:\Users\Nani\workspace\Vanilla_FA\FlashAtt1\FlashAtt1\hls\.autopilot\db\flashattentionkernal.pp.0.cpp:18443:3: warning: Added loop label VITIS_LOOP_3243_16:   [xilinx-label-all-loops]
  for(int j = 63; j >= 36; j--) {
  ^~~
  VITIS_LOOP_3243_16: 
C:\Users\Nani\workspace\Vanilla_FA\FlashAtt1\FlashAtt1\hls\.autopilot\db\flashattentionkernal.pp.0.cpp:18443:3: note: FIX-IT applied suggested code changes
C:\Users\Nani\workspace\Vanilla_FA\FlashAtt1\FlashAtt1\hls\.autopilot\db\flashattentionkernal.pp.0.cpp:18603:4: warning: Added loop label VITIS_LOOP_3403_17:   [xilinx-label-all-loops]
   for(int j = 63; j >= 31 + I_; j--) {
   ^~~
   VITIS_LOOP_3403_17: 
C:\Users\Nani\workspace\Vanilla_FA\FlashAtt1\FlashAtt1\hls\.autopilot\db\flashattentionkernal.pp.0.cpp:18603:4: note: FIX-IT applied suggested code changes
C:\Users\Nani\workspace\Vanilla_FA\FlashAtt1\FlashAtt1\hls\.autopilot\db\flashattentionkernal.pp.0.cpp:18610:5: warning: Added loop label VITIS_LOOP_3410_18:   [xilinx-label-all-loops]
    for(int j = 63; j >= 31 + I_; j--) {
    ^~~
    VITIS_LOOP_3410_18: 
C:\Users\Nani\workspace\Vanilla_FA\FlashAtt1\FlashAtt1\hls\.autopilot\db\flashattentionkernal.pp.0.cpp:18610:5: note: FIX-IT applied suggested code changes
C:\Users\Nani\workspace\Vanilla_FA\FlashAtt1\FlashAtt1\hls\.autopilot\db\flashattentionkernal.pp.0.cpp:18614:5: warning: Added loop label VITIS_LOOP_3414_19:   [xilinx-label-all-loops]
    for(int j = 30 + I_; j >= 0; j--) {
    ^~~
    VITIS_LOOP_3414_19: 
C:\Users\Nani\workspace\Vanilla_FA\FlashAtt1\FlashAtt1\hls\.autopilot\db\flashattentionkernal.pp.0.cpp:18614:5: note: FIX-IT applied suggested code changes
C:\Users\Nani\workspace\Vanilla_FA\FlashAtt1\FlashAtt1\hls\.autopilot\db\flashattentionkernal.pp.0.cpp:19329:13: warning: Added loop label VITIS_LOOP_703_1:   [xilinx-label-all-loops]
            for (b_exp = I_-1; b_exp >= -F_; b_exp--) {
            ^~~
            VITIS_LOOP_703_1: 
C:\Users\Nani\workspace\Vanilla_FA\FlashAtt1\FlashAtt1\hls\.autopilot\db\flashattentionkernal.pp.0.cpp:19329:13: note: FIX-IT applied suggested code changes
C:\Users\Nani\workspace\Vanilla_FA\FlashAtt1\FlashAtt1\hls\.autopilot\db\flashattentionkernal.pp.0.cpp:19547:13: warning: Added loop label VITIS_LOOP_921_1:   [xilinx-label-all-loops]
            for (b_exp = I_-1; b_exp >= -F_; b_exp--) {
            ^~~
            VITIS_LOOP_921_1: 
C:\Users\Nani\workspace\Vanilla_FA\FlashAtt1\FlashAtt1\hls\.autopilot\db\flashattentionkernal.pp.0.cpp:19547:13: note: FIX-IT applied suggested code changes
C:\Users\Nani\workspace\Vanilla_FA\FlashAtt1\FlashAtt1\hls\.autopilot\db\flashattentionkernal.pp.0.cpp:19964:13: warning: Added loop label VITIS_LOOP_1345_1:   [xilinx-label-all-loops]
            for (b_exp = I_-1; b_exp >= -F_; b_exp--) {
            ^~~
            VITIS_LOOP_1345_1: 
C:\Users\Nani\workspace\Vanilla_FA\FlashAtt1\FlashAtt1\hls\.autopilot\db\flashattentionkernal.pp.0.cpp:19964:13: note: FIX-IT applied suggested code changes
C:\Users\Nani\workspace\Vanilla_FA\FlashAtt1\FlashAtt1\hls\.autopilot\db\flashattentionkernal.pp.0.cpp:20287:9: warning: Added loop label VITIS_LOOP_243_1:   [xilinx-label-all-loops]
        for ( int pos = msbr-1; pos >= 0; pos-- ) {
        ^~~
        VITIS_LOOP_243_1: 
C:\Users\Nani\workspace\Vanilla_FA\FlashAtt1\FlashAtt1\hls\.autopilot\db\flashattentionkernal.pp.0.cpp:20287:9: note: FIX-IT applied suggested code changes
C:\Users\Nani\workspace\Vanilla_FA\FlashAtt1\FlashAtt1\hls\.autopilot\db\flashattentionkernal.pp.0.cpp:20315:9: warning: Added loop label VITIS_LOOP_271_2:   [xilinx-label-all-loops]
        for ( int pos = -1; pos >= -F_-1; pos-- ) {
        ^~~
        VITIS_LOOP_271_2: 
C:\Users\Nani\workspace\Vanilla_FA\FlashAtt1\FlashAtt1\hls\.autopilot\db\flashattentionkernal.pp.0.cpp:20315:9: note: FIX-IT applied suggested code changes
C:\Users\Nani\workspace\Vanilla_FA\FlashAtt1\FlashAtt1\hls\.autopilot\db\flashattentionkernal.pp.0.cpp:21019:13: warning: Added loop label VITIS_LOOP_48_1:   [xilinx-label-all-loops]
            for (int j = 0; j < W_-1; j++){
            ^~~
            VITIS_LOOP_48_1: 
C:\Users\Nani\workspace\Vanilla_FA\FlashAtt1\FlashAtt1\hls\.autopilot\db\flashattentionkernal.pp.0.cpp:21019:13: note: FIX-IT applied suggested code changes
C:\Users\Nani\workspace\Vanilla_FA\FlashAtt1\FlashAtt1\hls\.autopilot\db\flashattentionkernal.pp.0.cpp:21072:5: warning: Added loop label VITIS_LOOP_109_2:   [xilinx-label-all-loops]
    for (int j = F_l+F_+I_m-1; j < F_l+W_+5; j++){
    ^~~
    VITIS_LOOP_109_2: 
C:\Users\Nani\workspace\Vanilla_FA\FlashAtt1\FlashAtt1\hls\.autopilot\db\flashattentionkernal.pp.0.cpp:21072:5: note: FIX-IT applied suggested code changes
C:\Users\Nani\workspace\Vanilla_FA\FlashAtt1\FlashAtt1\hls\.autopilot\db\flashattentionkernal.pp.0.cpp:21086:13: warning: Added loop label VITIS_LOOP_123_3:   [xilinx-label-all-loops]
            for (int j = WO_m-1; j >= W_-1; j--) {
            ^~~
            VITIS_LOOP_123_3: 
C:\Users\Nani\workspace\Vanilla_FA\FlashAtt1\FlashAtt1\hls\.autopilot\db\flashattentionkernal.pp.0.cpp:21086:13: note: FIX-IT applied suggested code changes
C:\Users\Nani\workspace\Vanilla_FA\FlashAtt1\FlashAtt1\hls\.autopilot\db\flashattentionkernal.pp.0.cpp:21116:13: warning: Added loop label VITIS_LOOP_153_4:   [xilinx-label-all-loops]
            for (int j = W_-2; j >= 0; j--){
            ^~~
            VITIS_LOOP_153_4: 
C:\Users\Nani\workspace\Vanilla_FA\FlashAtt1\FlashAtt1\hls\.autopilot\db\flashattentionkernal.pp.0.cpp:21116:13: note: FIX-IT applied suggested code changes
C:\Users\Nani\workspace\Vanilla_FA\FlashAtt1\FlashAtt1\hls\.autopilot\db\flashattentionkernal.pp.0.cpp:21201:12: warning: Added loop label VITIS_LOOP_281_1:   [xilinx-label-all-loops]
           for(int i = wf_log+we_log-2; i > WI_e - 2; --i) {
           ^~~
           VITIS_LOOP_281_1: 
C:\Users\Nani\workspace\Vanilla_FA\FlashAtt1\FlashAtt1\hls\.autopilot\db\flashattentionkernal.pp.0.cpp:21201:12: note: FIX-IT applied suggested code changes
C:\Users\Nani\workspace\Vanilla_FA\FlashAtt1\FlashAtt1\hls\.autopilot\db\flashattentionkernal.pp.0.cpp:21221:16: warning: Added loop label VITIS_LOOP_301_2:   [xilinx-label-all-loops]
               for (int j = WO_e-1; j >= W_-1; j--) {
               ^~~
               VITIS_LOOP_301_2: 
C:\Users\Nani\workspace\Vanilla_FA\FlashAtt1\FlashAtt1\hls\.autopilot\db\flashattentionkernal.pp.0.cpp:21221:16: note: FIX-IT applied suggested code changes
C:\Users\Nani\workspace\Vanilla_FA\FlashAtt1\FlashAtt1\hls\.autopilot\db\flashattentionkernal.pp.0.cpp:21235:20: warning: Added loop label VITIS_LOOP_315_3:   [xilinx-label-all-loops]
                   for(int i = 0; i < W_-1; ++i) {
                   ^~~
                   VITIS_LOOP_315_3: 
C:\Users\Nani\workspace\Vanilla_FA\FlashAtt1\FlashAtt1\hls\.autopilot\db\flashattentionkernal.pp.0.cpp:21235:20: note: FIX-IT applied suggested code changes
C:\Users\Nani\workspace\Vanilla_FA\FlashAtt1\FlashAtt1\hls\.autopilot\db\flashattentionkernal.pp.0.cpp:21328:12: warning: Added loop label VITIS_LOOP_433_1:   [xilinx-label-all-loops]
           for (int j =WO_d-1; j >= W_-1; j--) {
           ^~~
           VITIS_LOOP_433_1: 
C:\Users\Nani\workspace\Vanilla_FA\FlashAtt1\FlashAtt1\hls\.autopilot\db\flashattentionkernal.pp.0.cpp:21328:12: note: FIX-IT applied suggested code changes
C:\Users\Nani\workspace\Vanilla_FA\FlashAtt1\FlashAtt1\hls\.autopilot\db\flashattentionkernal.pp.0.cpp:21342:15: warning: Added loop label VITIS_LOOP_447_2:   [xilinx-label-all-loops]
              for(int i = 0; i < W_-1; ++i) {
              ^~~
              VITIS_LOOP_447_2: 
C:\Users\Nani\workspace\Vanilla_FA\FlashAtt1\FlashAtt1\hls\.autopilot\db\flashattentionkernal.pp.0.cpp:21342:15: note: FIX-IT applied suggested code changes
C:\Users\Nani\workspace\Vanilla_FA\FlashAtt1\FlashAtt1\hls\.autopilot\db\flashattentionkernal.pp.0.cpp:21462:13: warning: Added loop label VITIS_LOOP_33_1:   [xilinx-label-all-loops]
            for (int i = 0; i < W_-1; i++){
            ^~~
            VITIS_LOOP_33_1: 
C:\Users\Nani\workspace\Vanilla_FA\FlashAtt1\FlashAtt1\hls\.autopilot\db\flashattentionkernal.pp.0.cpp:21462:13: note: FIX-IT applied suggested code changes
C:\Users\Nani\workspace\Vanilla_FA\FlashAtt1\FlashAtt1\hls\.autopilot\db\flashattentionkernal.pp.0.cpp:21586:13: warning: Added loop label VITIS_LOOP_183_1:   [xilinx-label-all-loops]
            for (int i = 0; i < W_-1; i++){
            ^~~
            VITIS_LOOP_183_1: 
C:\Users\Nani\workspace\Vanilla_FA\FlashAtt1\FlashAtt1\hls\.autopilot\db\flashattentionkernal.pp.0.cpp:21586:13: note: FIX-IT applied suggested code changes
C:\Users\Nani\workspace\Vanilla_FA\FlashAtt1\FlashAtt1\hls\.autopilot\db\flashattentionkernal.pp.0.cpp:21641:13: warning: Added loop label VITIS_LOOP_248_1:   [xilinx-label-all-loops]
            for (int i = 0; i < W_-1; i++){
            ^~~
            VITIS_LOOP_248_1: 
C:\Users\Nani\workspace\Vanilla_FA\FlashAtt1\FlashAtt1\hls\.autopilot\db\flashattentionkernal.pp.0.cpp:21641:13: note: FIX-IT applied suggested code changes
C:\Users\Nani\workspace\Vanilla_FA\FlashAtt1\FlashAtt1\hls\.autopilot\db\flashattentionkernal.pp.0.cpp:21908:5: warning: Added loop label VITIS_LOOP_44_1:   [xilinx-label-all-loops]
    for(int l = loop_nm; l > 0; --l){
    ^~~
    VITIS_LOOP_44_1: 
C:\Users\Nani\workspace\Vanilla_FA\FlashAtt1\FlashAtt1\hls\.autopilot\db\flashattentionkernal.pp.0.cpp:21908:5: note: FIX-IT applied suggested code changes
C:\Users\Nani\workspace\Vanilla_FA\FlashAtt1\FlashAtt1\hls\.autopilot\db\flashattentionkernal.pp.0.cpp:22159:2: warning: Added loop label VITIS_LOOP_16_1:   [xilinx-label-all-loops]
 for (int i=0; i<W_;i++)
 ^~~
 VITIS_LOOP_16_1: 
C:\Users\Nani\workspace\Vanilla_FA\FlashAtt1\FlashAtt1\hls\.autopilot\db\flashattentionkernal.pp.0.cpp:22159:2: note: FIX-IT applied suggested code changes
C:\Users\Nani\workspace\Vanilla_FA\FlashAtt1\FlashAtt1\hls\.autopilot\db\flashattentionkernal.pp.0.cpp:22170:2: warning: Added loop label VITIS_LOOP_27_1:   [xilinx-label-all-loops]
 for (int i=0; i<W_;i++)
 ^~~
 VITIS_LOOP_27_1: 
C:\Users\Nani\workspace\Vanilla_FA\FlashAtt1\FlashAtt1\hls\.autopilot\db\flashattentionkernal.pp.0.cpp:22170:2: note: FIX-IT applied suggested code changes
C:\Users\Nani\workspace\Vanilla_FA\FlashAtt1\FlashAtt1\hls\.autopilot\db\flashattentionkernal.pp.0.cpp:22181:2: warning: Added loop label VITIS_LOOP_38_1:   [xilinx-label-all-loops]
 for (int i=0; i<I_;i++)
 ^~~
 VITIS_LOOP_38_1: 
C:\Users\Nani\workspace\Vanilla_FA\FlashAtt1\FlashAtt1\hls\.autopilot\db\flashattentionkernal.pp.0.cpp:22181:2: note: FIX-IT applied suggested code changes
C:\Users\Nani\workspace\Vanilla_FA\FlashAtt1\FlashAtt1\hls\.autopilot\db\flashattentionkernal.pp.0.cpp:22192:2: warning: Added loop label VITIS_LOOP_49_1:   [xilinx-label-all-loops]
 for (int i=0; i<I_;i++)
 ^~~
 VITIS_LOOP_49_1: 
C:\Users\Nani\workspace\Vanilla_FA\FlashAtt1\FlashAtt1\hls\.autopilot\db\flashattentionkernal.pp.0.cpp:22192:2: note: FIX-IT applied suggested code changes
C:\Users\Nani\workspace\Vanilla_FA\FlashAtt1\FlashAtt1\hls\.autopilot\db\flashattentionkernal.pp.0.cpp:22203:2: warning: Added loop label VITIS_LOOP_60_1:   [xilinx-label-all-loops]
 for (int i=0; i<W_;i++)
 ^~~
 VITIS_LOOP_60_1: 
C:\Users\Nani\workspace\Vanilla_FA\FlashAtt1\FlashAtt1\hls\.autopilot\db\flashattentionkernal.pp.0.cpp:22203:2: note: FIX-IT applied suggested code changes
C:\Users\Nani\workspace\Vanilla_FA\FlashAtt1\FlashAtt1\hls\.autopilot\db\flashattentionkernal.pp.0.cpp:22214:2: warning: Added loop label VITIS_LOOP_71_1:   [xilinx-label-all-loops]
 for (int i=0; i<W_;i++)
 ^~~
 VITIS_LOOP_71_1: 
C:\Users\Nani\workspace\Vanilla_FA\FlashAtt1\FlashAtt1\hls\.autopilot\db\flashattentionkernal.pp.0.cpp:22214:2: note: FIX-IT applied suggested code changes
C:\Users\Nani\workspace\Vanilla_FA\FlashAtt1\FlashAtt1\hls\.autopilot\db\flashattentionkernal.pp.0.cpp:22225:2: warning: Added loop label VITIS_LOOP_82_1:   [xilinx-label-all-loops]
 for (int i=0; i<I_;i++)
 ^~~
 VITIS_LOOP_82_1: 
C:\Users\Nani\workspace\Vanilla_FA\FlashAtt1\FlashAtt1\hls\.autopilot\db\flashattentionkernal.pp.0.cpp:22225:2: note: FIX-IT applied suggested code changes
C:\Users\Nani\workspace\Vanilla_FA\FlashAtt1\FlashAtt1\hls\.autopilot\db\flashattentionkernal.pp.0.cpp:22236:2: warning: Added loop label VITIS_LOOP_93_1:   [xilinx-label-all-loops]
 for (int i=0; i<I_;i++)
 ^~~
 VITIS_LOOP_93_1: 
C:\Users\Nani\workspace\Vanilla_FA\FlashAtt1\FlashAtt1\hls\.autopilot\db\flashattentionkernal.pp.0.cpp:22236:2: note: FIX-IT applied suggested code changes
C:\Users\Nani\workspace\Vanilla_FA\FlashAtt1\FlashAtt1\hls\.autopilot\db\flashattentionkernal.pp.0.cpp:24595:12: warning: Added loop label VITIS_LOOP_26_1:   [xilinx-label-all-loops]
           for(int i = 0; i < W_-1; ++i) {
           ^~~
           VITIS_LOOP_26_1: 
C:\Users\Nani\workspace\Vanilla_FA\FlashAtt1\FlashAtt1\hls\.autopilot\db\flashattentionkernal.pp.0.cpp:24595:12: note: FIX-IT applied suggested code changes
C:\Users\Nani\workspace\Vanilla_FA\FlashAtt1\FlashAtt1\hls\.autopilot\db\flashattentionkernal.pp.0.cpp:24659:7: warning: Added loop label VITIS_LOOP_40_1:   [xilinx-label-all-loops]
      for(int pos = msbr - 1 ; pos >= -F-1; pos--) {
      ^~~
      VITIS_LOOP_40_1: 
C:\Users\Nani\workspace\Vanilla_FA\FlashAtt1\FlashAtt1\hls\.autopilot\db\flashattentionkernal.pp.0.cpp:24659:7: note: FIX-IT applied suggested code changes
C:\Users\Nani\workspace\Vanilla_FA\FlashAtt1\FlashAtt1\hls\.autopilot\db\flashattentionkernal.pp.0.cpp:24776:9: warning: Added loop label VITIS_LOOP_49_1:   [xilinx-label-all-loops]
        for(int pos = msbr - 1; pos >= 0; pos--) {
        ^~~
        VITIS_LOOP_49_1: 
C:\Users\Nani\workspace\Vanilla_FA\FlashAtt1\FlashAtt1\hls\.autopilot\db\flashattentionkernal.pp.0.cpp:24776:9: note: FIX-IT applied suggested code changes
C:\Users\Nani\workspace\Vanilla_FA\FlashAtt1\FlashAtt1\hls\.autopilot\db\flashattentionkernal.pp.0.cpp:24801:5: warning: Added loop label VITIS_LOOP_81_2:   [xilinx-label-all-loops]
    for(int pos = -1; pos >= -F-1; pos--) {
    ^~~
    VITIS_LOOP_81_2: 
C:\Users\Nani\workspace\Vanilla_FA\FlashAtt1\FlashAtt1\hls\.autopilot\db\flashattentionkernal.pp.0.cpp:24801:5: note: FIX-IT applied suggested code changes
C:\Users\Nani\workspace\Vanilla_FA\FlashAtt1\FlashAtt1\hls\.autopilot\db\flashattentionkernal.pp.0.cpp:24871:8: warning: Added loop label VITIS_LOOP_169_3:   [xilinx-label-all-loops]
       for(int i = 0; i < W - 1; ++i) {
       ^~~
       VITIS_LOOP_169_3: 
C:\Users\Nani\workspace\Vanilla_FA\FlashAtt1\FlashAtt1\hls\.autopilot\db\flashattentionkernal.pp.0.cpp:24871:8: note: FIX-IT applied suggested code changes
C:\Users\Nani\workspace\Vanilla_FA\FlashAtt1\FlashAtt1\hls\.autopilot\db\flashattentionkernal.pp.0.cpp:27325:9: warning: Added loop label VITIS_LOOP_89_1:   [xilinx-label-all-loops]
        for (int j = 0; j < Bc; j++) {
        ^~~
        VITIS_LOOP_89_1: 
C:\Users\Nani\workspace\Vanilla_FA\FlashAtt1\FlashAtt1\hls\.autopilot\db\flashattentionkernal.pp.0.cpp:27325:9: note: FIX-IT applied suggested code changes
C:\Users\Nani\workspace\Vanilla_FA\FlashAtt1\FlashAtt1\hls\.autopilot\db\flashattentionkernal.pp.0.cpp:27665:5: warning: Added loop label VITIS_LOOP_55_1:   [xilinx-label-all-loops]
    for (int i = 0; i < FP16_PER_BEAT; i++) {
    ^~~
    VITIS_LOOP_55_1: 
C:\Users\Nani\workspace\Vanilla_FA\FlashAtt1\FlashAtt1\hls\.autopilot\db\flashattentionkernal.pp.0.cpp:27665:5: note: FIX-IT applied suggested code changes
C:\Users\Nani\workspace\Vanilla_FA\FlashAtt1\FlashAtt1\hls\.autopilot\db\flashattentionkernal.pp.0.cpp:27675:2: warning: Added loop label VITIS_LOOP_65_1:   [xilinx-label-all-loops]
 for (int i = 0; i < FP16_PER_BEAT; i++) {
 ^~~
 VITIS_LOOP_65_1: 
C:\Users\Nani\workspace\Vanilla_FA\FlashAtt1\FlashAtt1\hls\.autopilot\db\flashattentionkernal.pp.0.cpp:27675:2: note: FIX-IT applied suggested code changes
C:\Users\Nani\workspace\Vanilla_FA\FlashAtt1\FlashAtt1\hls\.autopilot\db\flashattentionkernal.pp.0.cpp:27685:5: warning: Added loop label VITIS_LOOP_75_1:   [xilinx-label-all-loops]
    for (int i = 0; i < FP32_PER_BEAT; i++) {
    ^~~
    VITIS_LOOP_75_1: 
C:\Users\Nani\workspace\Vanilla_FA\FlashAtt1\FlashAtt1\hls\.autopilot\db\flashattentionkernal.pp.0.cpp:27685:5: note: FIX-IT applied suggested code changes
C:\Users\Nani\workspace\Vanilla_FA\FlashAtt1\FlashAtt1\hls\.autopilot\db\flashattentionkernal.pp.0.cpp:27697:2: warning: Added loop label VITIS_LOOP_87_1:   [xilinx-label-all-loops]
 for (int i = 0; i < FP32_PER_BEAT; i++) {
 ^~~
 VITIS_LOOP_87_1: 
C:\Users\Nani\workspace\Vanilla_FA\FlashAtt1\FlashAtt1\hls\.autopilot\db\flashattentionkernal.pp.0.cpp:27697:2: note: FIX-IT applied suggested code changes
C:\Users\Nani\workspace\Vanilla_FA\FlashAtt1\FlashAtt1\hls\.autopilot\db\flashattentionkernal.pp.0.cpp:27729:13: warning: Added loop label VITIS_LOOP_126_1:   [xilinx-label-all-loops]
            for (int v = 0; v < FP16_PER_BEAT; v++) {
            ^~~
            VITIS_LOOP_126_1: 
C:\Users\Nani\workspace\Vanilla_FA\FlashAtt1\FlashAtt1\hls\.autopilot\db\flashattentionkernal.pp.0.cpp:27729:13: note: FIX-IT applied suggested code changes
C:\Users\Nani\workspace\Vanilla_FA\FlashAtt1\FlashAtt1\hls\.autopilot\db\flashattentionkernal.pp.0.cpp:27742:9: warning: Added loop label VITIS_LOOP_139_2:   [xilinx-label-all-loops]
        for (int c = 0; c < D; c++) {
        ^~~
        VITIS_LOOP_139_2: 
C:\Users\Nani\workspace\Vanilla_FA\FlashAtt1\FlashAtt1\hls\.autopilot\db\flashattentionkernal.pp.0.cpp:27742:9: note: FIX-IT applied suggested code changes
C:\Users\Nani\workspace\Vanilla_FA\FlashAtt1\FlashAtt1\hls\.autopilot\db\flashattentionkernal.pp.0.cpp:27772:13: warning: Added loop label VITIS_LOOP_169_1:   [xilinx-label-all-loops]
            for (int v = 0; v < FP16_PER_BEAT; v++) {
            ^~~
            VITIS_LOOP_169_1: 
C:\Users\Nani\workspace\Vanilla_FA\FlashAtt1\FlashAtt1\hls\.autopilot\db\flashattentionkernal.pp.0.cpp:27772:13: note: FIX-IT applied suggested code changes
C:\Users\Nani\workspace\Vanilla_FA\FlashAtt1\FlashAtt1\hls\.autopilot\db\flashattentionkernal.pp.0.cpp:27784:9: warning: Added loop label VITIS_LOOP_181_2:   [xilinx-label-all-loops]
        for (int c = 0; c < D; c++) {
        ^~~
        VITIS_LOOP_181_2: 
C:\Users\Nani\workspace\Vanilla_FA\FlashAtt1\FlashAtt1\hls\.autopilot\db\flashattentionkernal.pp.0.cpp:27784:9: note: FIX-IT applied suggested code changes
C:\Users\Nani\workspace\Vanilla_FA\FlashAtt1\FlashAtt1\hls\.autopilot\db\flashattentionkernal.pp.0.cpp:27812:13: warning: Added loop label VITIS_LOOP_209_1:   [xilinx-label-all-loops]
            for (int v = 0; v < FP16_PER_BEAT; v++) {
            ^~~
            VITIS_LOOP_209_1: 
C:\Users\Nani\workspace\Vanilla_FA\FlashAtt1\FlashAtt1\hls\.autopilot\db\flashattentionkernal.pp.0.cpp:27812:13: note: FIX-IT applied suggested code changes
C:\Users\Nani\workspace\Vanilla_FA\FlashAtt1\FlashAtt1\hls\.autopilot\db\flashattentionkernal.pp.0.cpp:27847:9: warning: Added loop label VITIS_LOOP_244_1:   [xilinx-label-all-loops]
        for (int v = 0; v < FP32_PER_BEAT; v++) {
        ^~~
        VITIS_LOOP_244_1: 
C:\Users\Nani\workspace\Vanilla_FA\FlashAtt1\FlashAtt1\hls\.autopilot\db\flashattentionkernal.pp.0.cpp:27847:9: note: FIX-IT applied suggested code changes
C:\Users\Nani\workspace\Vanilla_FA\FlashAtt1\FlashAtt1\hls\.autopilot\db\flashattentionkernal.pp.0.cpp:27857:5: warning: Added loop label VITIS_LOOP_254_2:   [xilinx-label-all-loops]
    for (int i = num_elements; i < Br; i++) {
    ^~~
    VITIS_LOOP_254_2: 
C:\Users\Nani\workspace\Vanilla_FA\FlashAtt1\FlashAtt1\hls\.autopilot\db\flashattentionkernal.pp.0.cpp:27857:5: note: FIX-IT applied suggested code changes
C:\Users\Nani\workspace\Vanilla_FA\FlashAtt1\FlashAtt1\hls\.autopilot\db\flashattentionkernal.pp.0.cpp:27879:9: warning: Added loop label VITIS_LOOP_276_1:   [xilinx-label-all-loops]
        for (int v = 0; v < FP32_PER_BEAT; v++) {
        ^~~
        VITIS_LOOP_276_1: 
C:\Users\Nani\workspace\Vanilla_FA\FlashAtt1\FlashAtt1\hls\.autopilot\db\flashattentionkernal.pp.0.cpp:27879:9: note: FIX-IT applied suggested code changes
C:\Users\Nani\workspace\Vanilla_FA\FlashAtt1\FlashAtt1\hls\.autopilot\db\flashattentionkernal.pp.0.cpp:27951:47: error: Invalid Directive: for current device, ram_2p + uram is invalid combination for BIND_STORAGE's option 'type + impl' [clang-diagnostic-error]
#pragma HLS BIND_STORAGE variable=K_tile type=ram_2p impl=uram
                                              ^
C:\Users\Nani\workspace\Vanilla_FA\FlashAtt1\FlashAtt1\hls\.autopilot\db\flashattentionkernal.pp.0.cpp:27952:47: error: Invalid Directive: for current device, ram_2p + uram is invalid combination for BIND_STORAGE's option 'type + impl' [clang-diagnostic-error]
#pragma HLS BIND_STORAGE variable=V_tile type=ram_2p impl=uram
                                              ^
C:\Users\Nani\workspace\Vanilla_FA\FlashAtt1\FlashAtt1\hls\.autopilot\db\flashattentionkernal.pp.0.cpp:27962:47: error: Invalid Directive: for current device, ram_2p + bram is invalid combination for BIND_STORAGE's option 'type + impl' [clang-diagnostic-error]
#pragma HLS BIND_STORAGE variable=Q_tile type=ram_2p impl=bram
                                              ^
C:\Users\Nani\workspace\Vanilla_FA\FlashAtt1\FlashAtt1\hls\.autopilot\db\flashattentionkernal.pp.0.cpp:27963:52: error: Invalid Directive: for current device, ram_2p + bram is invalid combination for BIND_STORAGE's option 'type + impl' [clang-diagnostic-error]
#pragma HLS BIND_STORAGE variable=O_tile_fp16 type=ram_2p impl=bram
                                                   ^
C:\Users\Nani\workspace\Vanilla_FA\FlashAtt1\FlashAtt1\hls\.autopilot\db\flashattentionkernal.pp.0.cpp:27970:47: error: Invalid Directive: for current device, ram_2p + bram is invalid combination for BIND_STORAGE's option 'type + impl' [clang-diagnostic-error]
#pragma HLS BIND_STORAGE variable=S_tile type=ram_2p impl=bram
                                              ^
C:\Users\Nani\workspace\Vanilla_FA\FlashAtt1\FlashAtt1\hls\.autopilot\db\flashattentionkernal.pp.0.cpp:27975:47: error: Invalid Directive: for current device, ram_2p + bram is invalid combination for BIND_STORAGE's option 'type + impl' [clang-diagnostic-error]
#pragma HLS BIND_STORAGE variable=P_tile type=ram_2p impl=bram
                                              ^
C:\Users\Nani\workspace\Vanilla_FA\FlashAtt1\FlashAtt1\hls\.autopilot\db\flashattentionkernal.pp.0.cpp:27980:48: error: Invalid Directive: for current device, ram_2p + bram is invalid combination for BIND_STORAGE's option 'type + impl' [clang-diagnostic-error]
#pragma HLS BIND_STORAGE variable=PV_tile type=ram_2p impl=bram
                                               ^
C:\Users\Nani\workspace\Vanilla_FA\FlashAtt1\FlashAtt1\hls\.autopilot\db\flashattentionkernal.pp.0.cpp:27985:46: error: Invalid Directive: for current device, ram_2p + bram is invalid combination for BIND_STORAGE's option 'type + impl' [clang-diagnostic-error]
#pragma HLS BIND_STORAGE variable=O_acc type=ram_2p impl=bram
                                             ^
C:\Users\Nani\workspace\Vanilla_FA\FlashAtt1\FlashAtt1\hls\.autopilot\db\flashattentionkernal.pp.0.cpp:28026:21: warning: Added loop label VITIS_LOOP_186_1:   [xilinx-label-all-loops]
                    for (int c = 0; c < D; c++) {
                    ^~~
                    VITIS_LOOP_186_1: 
C:\Users\Nani\workspace\Vanilla_FA\FlashAtt1\FlashAtt1\hls\.autopilot\db\flashattentionkernal.pp.0.cpp:28026:21: note: FIX-IT applied suggested code changes
C:\Users\Nani\workspace\Vanilla_FA\FlashAtt1\FlashAtt1\hls\.autopilot\db\flashattentionkernal.pp.0.cpp:28042:21: warning: Added loop label VITIS_LOOP_202_2:   [xilinx-label-all-loops]
                    for (int c = 0; c < D; c++) {
                    ^~~
                    VITIS_LOOP_202_2: 
C:\Users\Nani\workspace\Vanilla_FA\FlashAtt1\FlashAtt1\hls\.autopilot\db\flashattentionkernal.pp.0.cpp:28042:21: note: FIX-IT applied suggested code changes
C:\Users\Nani\workspace\Vanilla_FA\FlashAtt1\FlashAtt1\hls\.autopilot\db\flashattentionkernal.pp.0.cpp:28087:21: warning: Added loop label VITIS_LOOP_247_3:   [xilinx-label-all-loops]
                    for (int c = 0; c < D; c++) {
                    ^~~
                    VITIS_LOOP_247_3: 
C:\Users\Nani\workspace\Vanilla_FA\FlashAtt1\FlashAtt1\hls\.autopilot\db\flashattentionkernal.pp.0.cpp:28087:21: note: FIX-IT applied suggested code changes
