

================================================================
== Vitis HLS Report for 'gemm_pv_Pipeline_INIT_PV_ACC'
================================================================
* Date:           Sun Mar 22 18:06:09 2026

* Version:        2025.1 (Build 6135595 on May 21 2025)
* Project:        FlashAtt1
* Solution:       hls (Vivado IP Flow Target)
* Product family: versalhbm
* Target device:  xcvh1582-lsva4737-2LHP-e-S


================================================================
== Performance Estimates
================================================================
+ Timing: 
    * Summary: 
    +--------+----------+----------+------------+
    |  Clock |  Target  | Estimated| Uncertainty|
    +--------+----------+----------+------------+
    |ap_clk  |  10.00 ns|  1.448 ns|     2.70 ns|
    +--------+----------+----------+------------+

+ Latency: 
    * Summary: 
    +---------+---------+----------+----------+-----+-----+------------------------------------------------+
    |  Latency (cycles) |  Latency (absolute) |  Interval |                    Pipeline                    |
    |   min   |   max   |    min   |    max   | min | max |                      Type                      |
    +---------+---------+----------+----------+-----+-----+------------------------------------------------+
    |       10|       10|  0.100 us|  0.100 us|    9|    9|  loop auto-rewind stp (delay=0 clock cycles(s))|
    +---------+---------+----------+----------+-----+-----+------------------------------------------------+

    + Detail: 
        * Instance: 
        N/A

        * Loop: 
        +---------------+---------+---------+----------+-----------+-----------+------+----------+
        |               |  Latency (cycles) | Iteration|  Initiation Interval  | Trip |          |
        |   Loop Name   |   min   |   max   |  Latency |  achieved |   target  | Count| Pipelined|
        +---------------+---------+---------+----------+-----------+-----------+------+----------+
        |- INIT_PV_ACC  |        8|        8|         1|          1|          1|     8|       yes|
        +---------------+---------+---------+----------+-----------+-----------+------+----------+

============================================================
+ Verbose Summary: Synthesis Manager
============================================================
InlineROM: 1
ExposeGlobal: 0
============================================================
+ Verbose Summary: CDFG Model
============================================================
IsTopModel: 0
ResetActiveHigh: 1
IsCombinational: 0
IsDatapathOnly: 0
HasWiredReturn: 1
HasMFsm: 2
HasVarLatency: 1
IsPipeline: 0
IsRtlPipelined: 0
IsInstanceOverlapped: 0
IsDontTouch: 0
HasImplIP: 0
IsGatedGlobalClock: 0

+ Individual pipeline summary: 
  * Pipeline-0: initiation interval (II) = 1, depth = 1


============================================================
+ Verbose Summary: Schedule
============================================================
* Number of FSM states : 1
* Pipeline : 1
  Pipeline-0 : II = 1, D = 1, States = { 1 }
* Dataflow Pipeline: 0

* FSM state transitions: 
1 --> 

* FSM state operations: 

State 1 <SV = 0> <Delay = 1.44>
ST_1 : Operation 4 [1/1] (0.00ns)   --->   "%k = alloca i32 1" [./flashattentiongemm.h:142]   --->   Operation 4 'alloca' 'k' <Predicate = true> <Delay = 0.00>
ST_1 : Operation 5 [1/1] (0.36ns)   --->   "%store_ln142 = store i8 0, i8 %k" [./flashattentiongemm.h:142]   --->   Operation 5 'store' 'store_ln142' <Predicate = true> <Delay = 0.36>
ST_1 : Operation 6 [1/1] (0.00ns)   --->   "%br_ln0 = br void %for.inc"   --->   Operation 6 'br' 'br_ln0' <Predicate = true> <Delay = 0.00>
ST_1 : Operation 7 [1/1] (0.00ns)   --->   "%k_2 = load i8 %k" [./flashattentiongemm.h:142]   --->   Operation 7 'load' 'k_2' <Predicate = true> <Delay = 0.00>
ST_1 : Operation 8 [1/1] (0.00ns)   --->   "%tmp = bitselect i1 @_ssdm_op_BitSelect.i1.i8.i32, i8 %k_2, i32 7" [./flashattentiongemm.h:142]   --->   Operation 8 'bitselect' 'tmp' <Predicate = true> <Delay = 0.00>
ST_1 : Operation 9 [1/1] (0.00ns)   --->   "%br_ln142 = br i1 %tmp, void %for.inc.split, void %GEMM_PV_RED.exitStub" [./flashattentiongemm.h:142]   --->   Operation 9 'br' 'br_ln142' <Predicate = true> <Delay = 0.00>
ST_1 : Operation 10 [1/1] (0.67ns)   --->   "%add_ln142 = add i8 %k_2, i8 16" [./flashattentiongemm.h:142]   --->   Operation 10 'add' 'add_ln142' <Predicate = (!tmp)> <Delay = 0.67> <CoreInst = "Adder">   --->   Core 1 'Adder' <Latency = 0> <II = 1> <Delay = 0.67> <FuncUnit> <Opcode : 'add' 'sub'> <InPorts = 2> <OutPorts = 1>
ST_1 : Operation 11 [1/1] (0.00ns)   --->   "%specpipeline_ln142 = specpipeline void @_ssdm_op_SpecPipeline, i32 4294967295, i32 0, i32 0, i32 0, void @empty_27" [./flashattentiongemm.h:142]   --->   Operation 11 'specpipeline' 'specpipeline_ln142' <Predicate = (!tmp)> <Delay = 0.00>
ST_1 : Operation 12 [1/1] (0.00ns)   --->   "%speclooptripcount_ln142 = speclooptripcount void @_ssdm_op_SpecLoopTripCount, i64 8, i64 8, i64 8" [./flashattentiongemm.h:142]   --->   Operation 12 'speclooptripcount' 'speclooptripcount_ln142' <Predicate = (!tmp)> <Delay = 0.00>
ST_1 : Operation 13 [1/1] (0.00ns)   --->   "%specloopname_ln142 = specloopname void @_ssdm_op_SpecLoopName, void @empty_18" [./flashattentiongemm.h:142]   --->   Operation 13 'specloopname' 'specloopname_ln142' <Predicate = (!tmp)> <Delay = 0.00>
ST_1 : Operation 14 [1/1] (0.00ns)   --->   "%lshr_ln = partselect i3 @_ssdm_op_PartSelect.i3.i8.i32.i32, i8 %k_2, i32 4, i32 6" [./flashattentiongemm.h:142]   --->   Operation 14 'partselect' 'lshr_ln' <Predicate = (!tmp)> <Delay = 0.00>
ST_1 : Operation 15 [1/1] (0.00ns)   --->   "%zext_ln142 = zext i3 %lshr_ln" [./flashattentiongemm.h:142]   --->   Operation 15 'zext' 'zext_ln142' <Predicate = (!tmp)> <Delay = 0.00>
ST_1 : Operation 16 [1/1] (0.00ns)   --->   "%acc_d_addr = getelementptr i32 %acc_d, i64 0, i64 %zext_ln142" [./flashattentiongemm.h:144]   --->   Operation 16 'getelementptr' 'acc_d_addr' <Predicate = (!tmp)> <Delay = 0.00>
ST_1 : Operation 17 [1/1] (0.00ns)   --->   "%acc_d_1_addr = getelementptr i32 %acc_d_1, i64 0, i64 %zext_ln142" [./flashattentiongemm.h:144]   --->   Operation 17 'getelementptr' 'acc_d_1_addr' <Predicate = (!tmp)> <Delay = 0.00>
ST_1 : Operation 18 [1/1] (0.00ns)   --->   "%acc_d_2_addr = getelementptr i32 %acc_d_2, i64 0, i64 %zext_ln142" [./flashattentiongemm.h:144]   --->   Operation 18 'getelementptr' 'acc_d_2_addr' <Predicate = (!tmp)> <Delay = 0.00>
ST_1 : Operation 19 [1/1] (0.00ns)   --->   "%acc_d_3_addr = getelementptr i32 %acc_d_3, i64 0, i64 %zext_ln142" [./flashattentiongemm.h:144]   --->   Operation 19 'getelementptr' 'acc_d_3_addr' <Predicate = (!tmp)> <Delay = 0.00>
ST_1 : Operation 20 [1/1] (0.00ns)   --->   "%acc_d_4_addr = getelementptr i32 %acc_d_4, i64 0, i64 %zext_ln142" [./flashattentiongemm.h:144]   --->   Operation 20 'getelementptr' 'acc_d_4_addr' <Predicate = (!tmp)> <Delay = 0.00>
ST_1 : Operation 21 [1/1] (0.00ns)   --->   "%acc_d_5_addr = getelementptr i32 %acc_d_5, i64 0, i64 %zext_ln142" [./flashattentiongemm.h:144]   --->   Operation 21 'getelementptr' 'acc_d_5_addr' <Predicate = (!tmp)> <Delay = 0.00>
ST_1 : Operation 22 [1/1] (0.00ns)   --->   "%acc_d_6_addr = getelementptr i32 %acc_d_6, i64 0, i64 %zext_ln142" [./flashattentiongemm.h:144]   --->   Operation 22 'getelementptr' 'acc_d_6_addr' <Predicate = (!tmp)> <Delay = 0.00>
ST_1 : Operation 23 [1/1] (0.00ns)   --->   "%acc_d_7_addr = getelementptr i32 %acc_d_7, i64 0, i64 %zext_ln142" [./flashattentiongemm.h:144]   --->   Operation 23 'getelementptr' 'acc_d_7_addr' <Predicate = (!tmp)> <Delay = 0.00>
ST_1 : Operation 24 [1/1] (0.00ns)   --->   "%acc_d_8_addr = getelementptr i32 %acc_d_8, i64 0, i64 %zext_ln142" [./flashattentiongemm.h:144]   --->   Operation 24 'getelementptr' 'acc_d_8_addr' <Predicate = (!tmp)> <Delay = 0.00>
ST_1 : Operation 25 [1/1] (0.00ns)   --->   "%acc_d_9_addr = getelementptr i32 %acc_d_9, i64 0, i64 %zext_ln142" [./flashattentiongemm.h:144]   --->   Operation 25 'getelementptr' 'acc_d_9_addr' <Predicate = (!tmp)> <Delay = 0.00>
ST_1 : Operation 26 [1/1] (0.00ns)   --->   "%acc_d_10_addr = getelementptr i32 %acc_d_10, i64 0, i64 %zext_ln142" [./flashattentiongemm.h:144]   --->   Operation 26 'getelementptr' 'acc_d_10_addr' <Predicate = (!tmp)> <Delay = 0.00>
ST_1 : Operation 27 [1/1] (0.00ns)   --->   "%acc_d_11_addr = getelementptr i32 %acc_d_11, i64 0, i64 %zext_ln142" [./flashattentiongemm.h:144]   --->   Operation 27 'getelementptr' 'acc_d_11_addr' <Predicate = (!tmp)> <Delay = 0.00>
ST_1 : Operation 28 [1/1] (0.00ns)   --->   "%acc_d_12_addr = getelementptr i32 %acc_d_12, i64 0, i64 %zext_ln142" [./flashattentiongemm.h:144]   --->   Operation 28 'getelementptr' 'acc_d_12_addr' <Predicate = (!tmp)> <Delay = 0.00>
ST_1 : Operation 29 [1/1] (0.00ns)   --->   "%acc_d_13_addr = getelementptr i32 %acc_d_13, i64 0, i64 %zext_ln142" [./flashattentiongemm.h:144]   --->   Operation 29 'getelementptr' 'acc_d_13_addr' <Predicate = (!tmp)> <Delay = 0.00>
ST_1 : Operation 30 [1/1] (0.00ns)   --->   "%acc_d_14_addr = getelementptr i32 %acc_d_14, i64 0, i64 %zext_ln142" [./flashattentiongemm.h:144]   --->   Operation 30 'getelementptr' 'acc_d_14_addr' <Predicate = (!tmp)> <Delay = 0.00>
ST_1 : Operation 31 [1/1] (0.00ns)   --->   "%acc_d_15_addr = getelementptr i32 %acc_d_15, i64 0, i64 %zext_ln142" [./flashattentiongemm.h:144]   --->   Operation 31 'getelementptr' 'acc_d_15_addr' <Predicate = (!tmp)> <Delay = 0.00>
ST_1 : Operation 32 [1/1] (0.42ns) (share mux size 2)   --->   "%muxLogicRAMData_to_store_ln144 = muxlogic i32 0"   --->   Operation 32 'muxlogic' 'muxLogicRAMData_to_store_ln144' <Predicate = (!tmp)> <Delay = 0.42>
ST_1 : Operation 33 [1/1] (0.42ns) (share mux size 2)   --->   "%muxLogicRAMAddr_to_store_ln144 = muxlogic i3 %acc_d_addr"   --->   Operation 33 'muxlogic' 'muxLogicRAMAddr_to_store_ln144' <Predicate = (!tmp)> <Delay = 0.42>
ST_1 : Operation 34 [1/1] ( I:0.66ns O:0.66ns ) (share mux size 4)   --->   "%store_ln144 = store i32 0, i3 %acc_d_addr" [./flashattentiongemm.h:144]   --->   Operation 34 'store' 'store_ln144' <Predicate = (!tmp)> <Delay = 0.66> <CoreInst = "RAM">   --->   Core 86 'RAM' <Latency = 1> <II = 1> <Delay = 0.86> <Storage> <Opcode : 'load' 'store'> <Ports = 2> <Width = 32> <Depth = 8> <RAM>
ST_1 : Operation 35 [1/1] (0.42ns) (share mux size 2)   --->   "%muxLogicRAMData_to_store_ln144 = muxlogic i32 0"   --->   Operation 35 'muxlogic' 'muxLogicRAMData_to_store_ln144' <Predicate = (!tmp)> <Delay = 0.42>
ST_1 : Operation 36 [1/1] (0.42ns) (share mux size 2)   --->   "%muxLogicRAMAddr_to_store_ln144 = muxlogic i3 %acc_d_1_addr"   --->   Operation 36 'muxlogic' 'muxLogicRAMAddr_to_store_ln144' <Predicate = (!tmp)> <Delay = 0.42>
ST_1 : Operation 37 [1/1] ( I:0.66ns O:0.66ns ) (share mux size 4)   --->   "%store_ln144 = store i32 0, i3 %acc_d_1_addr" [./flashattentiongemm.h:144]   --->   Operation 37 'store' 'store_ln144' <Predicate = (!tmp)> <Delay = 0.66> <CoreInst = "RAM">   --->   Core 86 'RAM' <Latency = 1> <II = 1> <Delay = 0.86> <Storage> <Opcode : 'load' 'store'> <Ports = 2> <Width = 32> <Depth = 8> <RAM>
ST_1 : Operation 38 [1/1] (0.42ns) (share mux size 2)   --->   "%muxLogicRAMData_to_store_ln144 = muxlogic i32 0"   --->   Operation 38 'muxlogic' 'muxLogicRAMData_to_store_ln144' <Predicate = (!tmp)> <Delay = 0.42>
ST_1 : Operation 39 [1/1] (0.42ns) (share mux size 2)   --->   "%muxLogicRAMAddr_to_store_ln144 = muxlogic i3 %acc_d_2_addr"   --->   Operation 39 'muxlogic' 'muxLogicRAMAddr_to_store_ln144' <Predicate = (!tmp)> <Delay = 0.42>
ST_1 : Operation 40 [1/1] ( I:0.66ns O:0.66ns ) (share mux size 4)   --->   "%store_ln144 = store i32 0, i3 %acc_d_2_addr" [./flashattentiongemm.h:144]   --->   Operation 40 'store' 'store_ln144' <Predicate = (!tmp)> <Delay = 0.66> <CoreInst = "RAM">   --->   Core 86 'RAM' <Latency = 1> <II = 1> <Delay = 0.86> <Storage> <Opcode : 'load' 'store'> <Ports = 2> <Width = 32> <Depth = 8> <RAM>
ST_1 : Operation 41 [1/1] (0.42ns) (share mux size 2)   --->   "%muxLogicRAMData_to_store_ln144 = muxlogic i32 0"   --->   Operation 41 'muxlogic' 'muxLogicRAMData_to_store_ln144' <Predicate = (!tmp)> <Delay = 0.42>
ST_1 : Operation 42 [1/1] (0.42ns) (share mux size 2)   --->   "%muxLogicRAMAddr_to_store_ln144 = muxlogic i3 %acc_d_3_addr"   --->   Operation 42 'muxlogic' 'muxLogicRAMAddr_to_store_ln144' <Predicate = (!tmp)> <Delay = 0.42>
ST_1 : Operation 43 [1/1] ( I:0.66ns O:0.66ns ) (share mux size 4)   --->   "%store_ln144 = store i32 0, i3 %acc_d_3_addr" [./flashattentiongemm.h:144]   --->   Operation 43 'store' 'store_ln144' <Predicate = (!tmp)> <Delay = 0.66> <CoreInst = "RAM">   --->   Core 86 'RAM' <Latency = 1> <II = 1> <Delay = 0.86> <Storage> <Opcode : 'load' 'store'> <Ports = 2> <Width = 32> <Depth = 8> <RAM>
ST_1 : Operation 44 [1/1] (0.42ns) (share mux size 2)   --->   "%muxLogicRAMData_to_store_ln144 = muxlogic i32 0"   --->   Operation 44 'muxlogic' 'muxLogicRAMData_to_store_ln144' <Predicate = (!tmp)> <Delay = 0.42>
ST_1 : Operation 45 [1/1] (0.42ns) (share mux size 2)   --->   "%muxLogicRAMAddr_to_store_ln144 = muxlogic i3 %acc_d_4_addr"   --->   Operation 45 'muxlogic' 'muxLogicRAMAddr_to_store_ln144' <Predicate = (!tmp)> <Delay = 0.42>
ST_1 : Operation 46 [1/1] ( I:0.66ns O:0.66ns ) (share mux size 4)   --->   "%store_ln144 = store i32 0, i3 %acc_d_4_addr" [./flashattentiongemm.h:144]   --->   Operation 46 'store' 'store_ln144' <Predicate = (!tmp)> <Delay = 0.66> <CoreInst = "RAM">   --->   Core 86 'RAM' <Latency = 1> <II = 1> <Delay = 0.86> <Storage> <Opcode : 'load' 'store'> <Ports = 2> <Width = 32> <Depth = 8> <RAM>
ST_1 : Operation 47 [1/1] (0.42ns) (share mux size 2)   --->   "%muxLogicRAMData_to_store_ln144 = muxlogic i32 0"   --->   Operation 47 'muxlogic' 'muxLogicRAMData_to_store_ln144' <Predicate = (!tmp)> <Delay = 0.42>
ST_1 : Operation 48 [1/1] (0.42ns) (share mux size 2)   --->   "%muxLogicRAMAddr_to_store_ln144 = muxlogic i3 %acc_d_5_addr"   --->   Operation 48 'muxlogic' 'muxLogicRAMAddr_to_store_ln144' <Predicate = (!tmp)> <Delay = 0.42>
ST_1 : Operation 49 [1/1] ( I:0.66ns O:0.66ns ) (share mux size 4)   --->   "%store_ln144 = store i32 0, i3 %acc_d_5_addr" [./flashattentiongemm.h:144]   --->   Operation 49 'store' 'store_ln144' <Predicate = (!tmp)> <Delay = 0.66> <CoreInst = "RAM">   --->   Core 86 'RAM' <Latency = 1> <II = 1> <Delay = 0.86> <Storage> <Opcode : 'load' 'store'> <Ports = 2> <Width = 32> <Depth = 8> <RAM>
ST_1 : Operation 50 [1/1] (0.42ns) (share mux size 2)   --->   "%muxLogicRAMData_to_store_ln144 = muxlogic i32 0"   --->   Operation 50 'muxlogic' 'muxLogicRAMData_to_store_ln144' <Predicate = (!tmp)> <Delay = 0.42>
ST_1 : Operation 51 [1/1] (0.42ns) (share mux size 2)   --->   "%muxLogicRAMAddr_to_store_ln144 = muxlogic i3 %acc_d_6_addr"   --->   Operation 51 'muxlogic' 'muxLogicRAMAddr_to_store_ln144' <Predicate = (!tmp)> <Delay = 0.42>
ST_1 : Operation 52 [1/1] ( I:0.66ns O:0.66ns ) (share mux size 4)   --->   "%store_ln144 = store i32 0, i3 %acc_d_6_addr" [./flashattentiongemm.h:144]   --->   Operation 52 'store' 'store_ln144' <Predicate = (!tmp)> <Delay = 0.66> <CoreInst = "RAM">   --->   Core 86 'RAM' <Latency = 1> <II = 1> <Delay = 0.86> <Storage> <Opcode : 'load' 'store'> <Ports = 2> <Width = 32> <Depth = 8> <RAM>
ST_1 : Operation 53 [1/1] (0.42ns) (share mux size 2)   --->   "%muxLogicRAMData_to_store_ln144 = muxlogic i32 0"   --->   Operation 53 'muxlogic' 'muxLogicRAMData_to_store_ln144' <Predicate = (!tmp)> <Delay = 0.42>
ST_1 : Operation 54 [1/1] (0.42ns) (share mux size 2)   --->   "%muxLogicRAMAddr_to_store_ln144 = muxlogic i3 %acc_d_7_addr"   --->   Operation 54 'muxlogic' 'muxLogicRAMAddr_to_store_ln144' <Predicate = (!tmp)> <Delay = 0.42>
ST_1 : Operation 55 [1/1] ( I:0.66ns O:0.66ns ) (share mux size 4)   --->   "%store_ln144 = store i32 0, i3 %acc_d_7_addr" [./flashattentiongemm.h:144]   --->   Operation 55 'store' 'store_ln144' <Predicate = (!tmp)> <Delay = 0.66> <CoreInst = "RAM">   --->   Core 86 'RAM' <Latency = 1> <II = 1> <Delay = 0.86> <Storage> <Opcode : 'load' 'store'> <Ports = 2> <Width = 32> <Depth = 8> <RAM>
ST_1 : Operation 56 [1/1] (0.42ns) (share mux size 2)   --->   "%muxLogicRAMData_to_store_ln144 = muxlogic i32 0"   --->   Operation 56 'muxlogic' 'muxLogicRAMData_to_store_ln144' <Predicate = (!tmp)> <Delay = 0.42>
ST_1 : Operation 57 [1/1] (0.42ns) (share mux size 2)   --->   "%muxLogicRAMAddr_to_store_ln144 = muxlogic i3 %acc_d_8_addr"   --->   Operation 57 'muxlogic' 'muxLogicRAMAddr_to_store_ln144' <Predicate = (!tmp)> <Delay = 0.42>
ST_1 : Operation 58 [1/1] ( I:0.66ns O:0.66ns ) (share mux size 4)   --->   "%store_ln144 = store i32 0, i3 %acc_d_8_addr" [./flashattentiongemm.h:144]   --->   Operation 58 'store' 'store_ln144' <Predicate = (!tmp)> <Delay = 0.66> <CoreInst = "RAM">   --->   Core 86 'RAM' <Latency = 1> <II = 1> <Delay = 0.86> <Storage> <Opcode : 'load' 'store'> <Ports = 2> <Width = 32> <Depth = 8> <RAM>
ST_1 : Operation 59 [1/1] (0.42ns) (share mux size 2)   --->   "%muxLogicRAMData_to_store_ln144 = muxlogic i32 0"   --->   Operation 59 'muxlogic' 'muxLogicRAMData_to_store_ln144' <Predicate = (!tmp)> <Delay = 0.42>
ST_1 : Operation 60 [1/1] (0.42ns) (share mux size 2)   --->   "%muxLogicRAMAddr_to_store_ln144 = muxlogic i3 %acc_d_9_addr"   --->   Operation 60 'muxlogic' 'muxLogicRAMAddr_to_store_ln144' <Predicate = (!tmp)> <Delay = 0.42>
ST_1 : Operation 61 [1/1] ( I:0.66ns O:0.66ns ) (share mux size 4)   --->   "%store_ln144 = store i32 0, i3 %acc_d_9_addr" [./flashattentiongemm.h:144]   --->   Operation 61 'store' 'store_ln144' <Predicate = (!tmp)> <Delay = 0.66> <CoreInst = "RAM">   --->   Core 86 'RAM' <Latency = 1> <II = 1> <Delay = 0.86> <Storage> <Opcode : 'load' 'store'> <Ports = 2> <Width = 32> <Depth = 8> <RAM>
ST_1 : Operation 62 [1/1] (0.42ns) (share mux size 2)   --->   "%muxLogicRAMData_to_store_ln144 = muxlogic i32 0"   --->   Operation 62 'muxlogic' 'muxLogicRAMData_to_store_ln144' <Predicate = (!tmp)> <Delay = 0.42>
ST_1 : Operation 63 [1/1] (0.42ns) (share mux size 2)   --->   "%muxLogicRAMAddr_to_store_ln144 = muxlogic i3 %acc_d_10_addr"   --->   Operation 63 'muxlogic' 'muxLogicRAMAddr_to_store_ln144' <Predicate = (!tmp)> <Delay = 0.42>
ST_1 : Operation 64 [1/1] ( I:0.66ns O:0.66ns ) (share mux size 4)   --->   "%store_ln144 = store i32 0, i3 %acc_d_10_addr" [./flashattentiongemm.h:144]   --->   Operation 64 'store' 'store_ln144' <Predicate = (!tmp)> <Delay = 0.66> <CoreInst = "RAM">   --->   Core 86 'RAM' <Latency = 1> <II = 1> <Delay = 0.86> <Storage> <Opcode : 'load' 'store'> <Ports = 2> <Width = 32> <Depth = 8> <RAM>
ST_1 : Operation 65 [1/1] (0.42ns) (share mux size 2)   --->   "%muxLogicRAMData_to_store_ln144 = muxlogic i32 0"   --->   Operation 65 'muxlogic' 'muxLogicRAMData_to_store_ln144' <Predicate = (!tmp)> <Delay = 0.42>
ST_1 : Operation 66 [1/1] (0.42ns) (share mux size 2)   --->   "%muxLogicRAMAddr_to_store_ln144 = muxlogic i3 %acc_d_11_addr"   --->   Operation 66 'muxlogic' 'muxLogicRAMAddr_to_store_ln144' <Predicate = (!tmp)> <Delay = 0.42>
ST_1 : Operation 67 [1/1] ( I:0.66ns O:0.66ns ) (share mux size 4)   --->   "%store_ln144 = store i32 0, i3 %acc_d_11_addr" [./flashattentiongemm.h:144]   --->   Operation 67 'store' 'store_ln144' <Predicate = (!tmp)> <Delay = 0.66> <CoreInst = "RAM">   --->   Core 86 'RAM' <Latency = 1> <II = 1> <Delay = 0.86> <Storage> <Opcode : 'load' 'store'> <Ports = 2> <Width = 32> <Depth = 8> <RAM>
ST_1 : Operation 68 [1/1] (0.42ns) (share mux size 2)   --->   "%muxLogicRAMData_to_store_ln144 = muxlogic i32 0"   --->   Operation 68 'muxlogic' 'muxLogicRAMData_to_store_ln144' <Predicate = (!tmp)> <Delay = 0.42>
ST_1 : Operation 69 [1/1] (0.42ns) (share mux size 2)   --->   "%muxLogicRAMAddr_to_store_ln144 = muxlogic i3 %acc_d_12_addr"   --->   Operation 69 'muxlogic' 'muxLogicRAMAddr_to_store_ln144' <Predicate = (!tmp)> <Delay = 0.42>
ST_1 : Operation 70 [1/1] ( I:0.66ns O:0.66ns ) (share mux size 4)   --->   "%store_ln144 = store i32 0, i3 %acc_d_12_addr" [./flashattentiongemm.h:144]   --->   Operation 70 'store' 'store_ln144' <Predicate = (!tmp)> <Delay = 0.66> <CoreInst = "RAM">   --->   Core 86 'RAM' <Latency = 1> <II = 1> <Delay = 0.86> <Storage> <Opcode : 'load' 'store'> <Ports = 2> <Width = 32> <Depth = 8> <RAM>
ST_1 : Operation 71 [1/1] (0.42ns) (share mux size 2)   --->   "%muxLogicRAMData_to_store_ln144 = muxlogic i32 0"   --->   Operation 71 'muxlogic' 'muxLogicRAMData_to_store_ln144' <Predicate = (!tmp)> <Delay = 0.42>
ST_1 : Operation 72 [1/1] (0.42ns) (share mux size 2)   --->   "%muxLogicRAMAddr_to_store_ln144 = muxlogic i3 %acc_d_13_addr"   --->   Operation 72 'muxlogic' 'muxLogicRAMAddr_to_store_ln144' <Predicate = (!tmp)> <Delay = 0.42>
ST_1 : Operation 73 [1/1] ( I:0.66ns O:0.66ns ) (share mux size 4)   --->   "%store_ln144 = store i32 0, i3 %acc_d_13_addr" [./flashattentiongemm.h:144]   --->   Operation 73 'store' 'store_ln144' <Predicate = (!tmp)> <Delay = 0.66> <CoreInst = "RAM">   --->   Core 86 'RAM' <Latency = 1> <II = 1> <Delay = 0.86> <Storage> <Opcode : 'load' 'store'> <Ports = 2> <Width = 32> <Depth = 8> <RAM>
ST_1 : Operation 74 [1/1] (0.42ns) (share mux size 2)   --->   "%muxLogicRAMData_to_store_ln144 = muxlogic i32 0"   --->   Operation 74 'muxlogic' 'muxLogicRAMData_to_store_ln144' <Predicate = (!tmp)> <Delay = 0.42>
ST_1 : Operation 75 [1/1] (0.42ns) (share mux size 2)   --->   "%muxLogicRAMAddr_to_store_ln144 = muxlogic i3 %acc_d_14_addr"   --->   Operation 75 'muxlogic' 'muxLogicRAMAddr_to_store_ln144' <Predicate = (!tmp)> <Delay = 0.42>
ST_1 : Operation 76 [1/1] ( I:0.66ns O:0.66ns ) (share mux size 4)   --->   "%store_ln144 = store i32 0, i3 %acc_d_14_addr" [./flashattentiongemm.h:144]   --->   Operation 76 'store' 'store_ln144' <Predicate = (!tmp)> <Delay = 0.66> <CoreInst = "RAM">   --->   Core 86 'RAM' <Latency = 1> <II = 1> <Delay = 0.86> <Storage> <Opcode : 'load' 'store'> <Ports = 2> <Width = 32> <Depth = 8> <RAM>
ST_1 : Operation 77 [1/1] (0.42ns) (share mux size 2)   --->   "%muxLogicRAMData_to_store_ln144 = muxlogic i32 0"   --->   Operation 77 'muxlogic' 'muxLogicRAMData_to_store_ln144' <Predicate = (!tmp)> <Delay = 0.42>
ST_1 : Operation 78 [1/1] (0.42ns) (share mux size 2)   --->   "%muxLogicRAMAddr_to_store_ln144 = muxlogic i3 %acc_d_15_addr"   --->   Operation 78 'muxlogic' 'muxLogicRAMAddr_to_store_ln144' <Predicate = (!tmp)> <Delay = 0.42>
ST_1 : Operation 79 [1/1] ( I:0.66ns O:0.66ns ) (share mux size 4)   --->   "%store_ln144 = store i32 0, i3 %acc_d_15_addr" [./flashattentiongemm.h:144]   --->   Operation 79 'store' 'store_ln144' <Predicate = (!tmp)> <Delay = 0.66> <CoreInst = "RAM">   --->   Core 86 'RAM' <Latency = 1> <II = 1> <Delay = 0.86> <Storage> <Opcode : 'load' 'store'> <Ports = 2> <Width = 32> <Depth = 8> <RAM>
ST_1 : Operation 80 [1/1] (0.36ns)   --->   "%store_ln142 = store i8 %add_ln142, i8 %k" [./flashattentiongemm.h:142]   --->   Operation 80 'store' 'store_ln142' <Predicate = (!tmp)> <Delay = 0.36>
ST_1 : Operation 81 [1/1] (0.00ns)   --->   "%br_ln142 = br void %for.inc" [./flashattentiongemm.h:142]   --->   Operation 81 'br' 'br_ln142' <Predicate = (!tmp)> <Delay = 0.00>
ST_1 : Operation 82 [1/1] (0.28ns)   --->   "%ret_ln0 = ret"   --->   Operation 82 'ret' 'ret_ln0' <Predicate = (tmp)> <Delay = 0.28>


============================================================
+ Verbose Summary: Timing violations
============================================================
Target clock period: 10.000ns, clock uncertainty: 2.700ns.

 <State 1>: 1.448ns
The critical path consists of the following:
	'store' operation 0 bit ('store_ln142', ./flashattentiongemm.h:142) of constant 0 on local variable 'k', ./flashattentiongemm.h:142 [18]  (0.360 ns)
	'load' operation 8 bit ('k', ./flashattentiongemm.h:142) on local variable 'k', ./flashattentiongemm.h:142 [21]  (0.000 ns)
	'add' operation 8 bit ('add_ln142', ./flashattentiongemm.h:142) [25]  (0.672 ns)
	'store' operation 0 bit ('store_ln142', ./flashattentiongemm.h:142) of variable 'add_ln142', ./flashattentiongemm.h:142 on local variable 'k', ./flashattentiongemm.h:142 [95]  (0.360 ns)
	blocking operation 0.056 ns on control path)


============================================================
+ Verbose Summary: Binding
============================================================
N/A
* FSMD analyzer results:
  - Output states:
 - Input state : 
  - Chain level:
	State 1


============================================================
+ Verbose Summary: Datapath Resource usage 
============================================================
N/A
