

================================================================
== Vitis HLS Report for 'gemm_qkt_Pipeline_STORE_S_ROW'
================================================================
* Date:           Sun Mar 22 18:06:04 2026

* Version:        2025.1 (Build 6135595 on May 21 2025)
* Project:        FlashAtt1
* Solution:       hls (Vivado IP Flow Target)
* Product family: versalhbm
* Target device:  xcvh1582-lsva4737-2LHP-e-S


================================================================
== Performance Estimates
================================================================
+ Timing: 
    * Summary: 
    +--------+----------+----------+------------+
    |  Clock |  Target  | Estimated| Uncertainty|
    +--------+----------+----------+------------+
    |ap_clk  |  10.00 ns|  2.988 ns|     2.70 ns|
    +--------+----------+----------+------------+

+ Latency: 
    * Summary: 
    +---------+---------+----------+----------+-----+-----+------------------------------------------------+
    |  Latency (cycles) |  Latency (absolute) |  Interval |                    Pipeline                    |
    |   min   |   max   |    min   |    max   | min | max |                      Type                      |
    +---------+---------+----------+----------+-----+-----+------------------------------------------------+
    |       10|       10|  0.100 us|  0.100 us|    9|    9|  loop auto-rewind stp (delay=0 clock cycles(s))|
    +---------+---------+----------+----------+-----+-----+------------------------------------------------+

    + Detail: 
        * Instance: 
        N/A

        * Loop: 
        +---------------+---------+---------+----------+-----------+-----------+------+----------+
        |               |  Latency (cycles) | Iteration|  Initiation Interval  | Trip |          |
        |   Loop Name   |   min   |   max   |  Latency |  achieved |   target  | Count| Pipelined|
        +---------------+---------+---------+----------+-----------+-----------+------+----------+
        |- STORE_S_ROW  |        8|        8|         1|          1|          1|     8|       yes|
        +---------------+---------+---------+----------+-----------+-----------+------+----------+

============================================================
+ Verbose Summary: Synthesis Manager
============================================================
InlineROM: 1
ExposeGlobal: 0
============================================================
+ Verbose Summary: CDFG Model
============================================================
IsTopModel: 0
ResetActiveHigh: 1
IsCombinational: 0
IsDatapathOnly: 0
HasWiredReturn: 1
HasMFsm: 2
HasVarLatency: 1
IsPipeline: 0
IsRtlPipelined: 0
IsInstanceOverlapped: 0
IsDontTouch: 0
HasImplIP: 0
IsGatedGlobalClock: 0

+ Individual pipeline summary: 
  * Pipeline-0: initiation interval (II) = 1, depth = 1


============================================================
+ Verbose Summary: Schedule
============================================================
* Number of FSM states : 1
* Pipeline : 1
  Pipeline-0 : II = 1, D = 1, States = { 1 }
* Dataflow Pipeline: 0

* FSM state transitions: 
1 --> 

* FSM state operations: 

State 1 <SV = 0> <Delay = 2.98>
ST_1 : Operation 4 [1/1] (0.00ns)   --->   "%j = alloca i32 1" [./flashattentiongemm.h:99]   --->   Operation 4 'alloca' 'j' <Predicate = true> <Delay = 0.00>
ST_1 : Operation 5 [1/1] (0.00ns)   --->   "%specmemcore_ln0 = specmemcore void @_ssdm_op_SpecMemCore, i32 %S_tile_7, i64 666, i64 22, i64 18446744073709551615"   --->   Operation 5 'specmemcore' 'specmemcore_ln0' <Predicate = true> <Delay = 0.00>
ST_1 : Operation 6 [1/1] (0.00ns)   --->   "%specmemcore_ln0 = specmemcore void @_ssdm_op_SpecMemCore, i32 %S_tile_6, i64 666, i64 22, i64 18446744073709551615"   --->   Operation 6 'specmemcore' 'specmemcore_ln0' <Predicate = true> <Delay = 0.00>
ST_1 : Operation 7 [1/1] (0.00ns)   --->   "%specmemcore_ln0 = specmemcore void @_ssdm_op_SpecMemCore, i32 %S_tile_5, i64 666, i64 22, i64 18446744073709551615"   --->   Operation 7 'specmemcore' 'specmemcore_ln0' <Predicate = true> <Delay = 0.00>
ST_1 : Operation 8 [1/1] (0.00ns)   --->   "%specmemcore_ln0 = specmemcore void @_ssdm_op_SpecMemCore, i32 %S_tile_4, i64 666, i64 22, i64 18446744073709551615"   --->   Operation 8 'specmemcore' 'specmemcore_ln0' <Predicate = true> <Delay = 0.00>
ST_1 : Operation 9 [1/1] (0.00ns)   --->   "%specmemcore_ln0 = specmemcore void @_ssdm_op_SpecMemCore, i32 %S_tile_3, i64 666, i64 22, i64 18446744073709551615"   --->   Operation 9 'specmemcore' 'specmemcore_ln0' <Predicate = true> <Delay = 0.00>
ST_1 : Operation 10 [1/1] (0.00ns)   --->   "%specmemcore_ln0 = specmemcore void @_ssdm_op_SpecMemCore, i32 %S_tile_2, i64 666, i64 22, i64 18446744073709551615"   --->   Operation 10 'specmemcore' 'specmemcore_ln0' <Predicate = true> <Delay = 0.00>
ST_1 : Operation 11 [1/1] (0.00ns)   --->   "%specmemcore_ln0 = specmemcore void @_ssdm_op_SpecMemCore, i32 %S_tile_1, i64 666, i64 22, i64 18446744073709551615"   --->   Operation 11 'specmemcore' 'specmemcore_ln0' <Predicate = true> <Delay = 0.00>
ST_1 : Operation 12 [1/1] (0.00ns)   --->   "%specmemcore_ln0 = specmemcore void @_ssdm_op_SpecMemCore, i32 %S_tile_0, i64 666, i64 22, i64 18446744073709551615"   --->   Operation 12 'specmemcore' 'specmemcore_ln0' <Predicate = true> <Delay = 0.00>
ST_1 : Operation 13 [1/1] (0.00ns)   --->   "%acc_row_63_load_reload_read = read i32 @_ssdm_op_Read.ap_auto.float, i32 %acc_row_63_load_reload"   --->   Operation 13 'read' 'acc_row_63_load_reload_read' <Predicate = true> <Delay = 0.00>
ST_1 : Operation 14 [1/1] (0.00ns)   --->   "%acc_row_55_load_reload_read = read i32 @_ssdm_op_Read.ap_auto.float, i32 %acc_row_55_load_reload"   --->   Operation 14 'read' 'acc_row_55_load_reload_read' <Predicate = true> <Delay = 0.00>
ST_1 : Operation 15 [1/1] (0.00ns)   --->   "%acc_row_47_load_reload_read = read i32 @_ssdm_op_Read.ap_auto.float, i32 %acc_row_47_load_reload"   --->   Operation 15 'read' 'acc_row_47_load_reload_read' <Predicate = true> <Delay = 0.00>
ST_1 : Operation 16 [1/1] (0.00ns)   --->   "%acc_row_39_load_reload_read = read i32 @_ssdm_op_Read.ap_auto.float, i32 %acc_row_39_load_reload"   --->   Operation 16 'read' 'acc_row_39_load_reload_read' <Predicate = true> <Delay = 0.00>
ST_1 : Operation 17 [1/1] (0.00ns)   --->   "%acc_row_31_load_reload_read = read i32 @_ssdm_op_Read.ap_auto.float, i32 %acc_row_31_load_reload"   --->   Operation 17 'read' 'acc_row_31_load_reload_read' <Predicate = true> <Delay = 0.00>
ST_1 : Operation 18 [1/1] (0.00ns)   --->   "%acc_row_23_load_reload_read = read i32 @_ssdm_op_Read.ap_auto.float, i32 %acc_row_23_load_reload"   --->   Operation 18 'read' 'acc_row_23_load_reload_read' <Predicate = true> <Delay = 0.00>
ST_1 : Operation 19 [1/1] (0.00ns)   --->   "%acc_row_15_load_reload_read = read i32 @_ssdm_op_Read.ap_auto.float, i32 %acc_row_15_load_reload"   --->   Operation 19 'read' 'acc_row_15_load_reload_read' <Predicate = true> <Delay = 0.00>
ST_1 : Operation 20 [1/1] (0.00ns)   --->   "%acc_row_7_load_reload_read = read i32 @_ssdm_op_Read.ap_auto.float, i32 %acc_row_7_load_reload"   --->   Operation 20 'read' 'acc_row_7_load_reload_read' <Predicate = true> <Delay = 0.00>
ST_1 : Operation 21 [1/1] (0.00ns)   --->   "%acc_row_62_load_reload_read = read i32 @_ssdm_op_Read.ap_auto.float, i32 %acc_row_62_load_reload"   --->   Operation 21 'read' 'acc_row_62_load_reload_read' <Predicate = true> <Delay = 0.00>
ST_1 : Operation 22 [1/1] (0.00ns)   --->   "%acc_row_54_load_reload_read = read i32 @_ssdm_op_Read.ap_auto.float, i32 %acc_row_54_load_reload"   --->   Operation 22 'read' 'acc_row_54_load_reload_read' <Predicate = true> <Delay = 0.00>
ST_1 : Operation 23 [1/1] (0.00ns)   --->   "%acc_row_46_load_reload_read = read i32 @_ssdm_op_Read.ap_auto.float, i32 %acc_row_46_load_reload"   --->   Operation 23 'read' 'acc_row_46_load_reload_read' <Predicate = true> <Delay = 0.00>
ST_1 : Operation 24 [1/1] (0.00ns)   --->   "%acc_row_38_load_reload_read = read i32 @_ssdm_op_Read.ap_auto.float, i32 %acc_row_38_load_reload"   --->   Operation 24 'read' 'acc_row_38_load_reload_read' <Predicate = true> <Delay = 0.00>
ST_1 : Operation 25 [1/1] (0.00ns)   --->   "%acc_row_30_load_reload_read = read i32 @_ssdm_op_Read.ap_auto.float, i32 %acc_row_30_load_reload"   --->   Operation 25 'read' 'acc_row_30_load_reload_read' <Predicate = true> <Delay = 0.00>
ST_1 : Operation 26 [1/1] (0.00ns)   --->   "%acc_row_22_load_reload_read = read i32 @_ssdm_op_Read.ap_auto.float, i32 %acc_row_22_load_reload"   --->   Operation 26 'read' 'acc_row_22_load_reload_read' <Predicate = true> <Delay = 0.00>
ST_1 : Operation 27 [1/1] (0.00ns)   --->   "%acc_row_14_load_reload_read = read i32 @_ssdm_op_Read.ap_auto.float, i32 %acc_row_14_load_reload"   --->   Operation 27 'read' 'acc_row_14_load_reload_read' <Predicate = true> <Delay = 0.00>
ST_1 : Operation 28 [1/1] (0.00ns)   --->   "%acc_row_6_load_reload_read = read i32 @_ssdm_op_Read.ap_auto.float, i32 %acc_row_6_load_reload"   --->   Operation 28 'read' 'acc_row_6_load_reload_read' <Predicate = true> <Delay = 0.00>
ST_1 : Operation 29 [1/1] (0.00ns)   --->   "%acc_row_61_load_reload_read = read i32 @_ssdm_op_Read.ap_auto.float, i32 %acc_row_61_load_reload"   --->   Operation 29 'read' 'acc_row_61_load_reload_read' <Predicate = true> <Delay = 0.00>
ST_1 : Operation 30 [1/1] (0.00ns)   --->   "%acc_row_53_load_reload_read = read i32 @_ssdm_op_Read.ap_auto.float, i32 %acc_row_53_load_reload"   --->   Operation 30 'read' 'acc_row_53_load_reload_read' <Predicate = true> <Delay = 0.00>
ST_1 : Operation 31 [1/1] (0.00ns)   --->   "%acc_row_45_load_reload_read = read i32 @_ssdm_op_Read.ap_auto.float, i32 %acc_row_45_load_reload"   --->   Operation 31 'read' 'acc_row_45_load_reload_read' <Predicate = true> <Delay = 0.00>
ST_1 : Operation 32 [1/1] (0.00ns)   --->   "%acc_row_37_load_reload_read = read i32 @_ssdm_op_Read.ap_auto.float, i32 %acc_row_37_load_reload"   --->   Operation 32 'read' 'acc_row_37_load_reload_read' <Predicate = true> <Delay = 0.00>
ST_1 : Operation 33 [1/1] (0.00ns)   --->   "%acc_row_29_load_reload_read = read i32 @_ssdm_op_Read.ap_auto.float, i32 %acc_row_29_load_reload"   --->   Operation 33 'read' 'acc_row_29_load_reload_read' <Predicate = true> <Delay = 0.00>
ST_1 : Operation 34 [1/1] (0.00ns)   --->   "%acc_row_21_load_reload_read = read i32 @_ssdm_op_Read.ap_auto.float, i32 %acc_row_21_load_reload"   --->   Operation 34 'read' 'acc_row_21_load_reload_read' <Predicate = true> <Delay = 0.00>
ST_1 : Operation 35 [1/1] (0.00ns)   --->   "%acc_row_13_load_reload_read = read i32 @_ssdm_op_Read.ap_auto.float, i32 %acc_row_13_load_reload"   --->   Operation 35 'read' 'acc_row_13_load_reload_read' <Predicate = true> <Delay = 0.00>
ST_1 : Operation 36 [1/1] (0.00ns)   --->   "%acc_row_5_load_reload_read = read i32 @_ssdm_op_Read.ap_auto.float, i32 %acc_row_5_load_reload"   --->   Operation 36 'read' 'acc_row_5_load_reload_read' <Predicate = true> <Delay = 0.00>
ST_1 : Operation 37 [1/1] (0.00ns)   --->   "%acc_row_60_load_reload_read = read i32 @_ssdm_op_Read.ap_auto.float, i32 %acc_row_60_load_reload"   --->   Operation 37 'read' 'acc_row_60_load_reload_read' <Predicate = true> <Delay = 0.00>
ST_1 : Operation 38 [1/1] (0.00ns)   --->   "%acc_row_52_load_reload_read = read i32 @_ssdm_op_Read.ap_auto.float, i32 %acc_row_52_load_reload"   --->   Operation 38 'read' 'acc_row_52_load_reload_read' <Predicate = true> <Delay = 0.00>
ST_1 : Operation 39 [1/1] (0.00ns)   --->   "%acc_row_44_load_reload_read = read i32 @_ssdm_op_Read.ap_auto.float, i32 %acc_row_44_load_reload"   --->   Operation 39 'read' 'acc_row_44_load_reload_read' <Predicate = true> <Delay = 0.00>
ST_1 : Operation 40 [1/1] (0.00ns)   --->   "%acc_row_36_load_reload_read = read i32 @_ssdm_op_Read.ap_auto.float, i32 %acc_row_36_load_reload"   --->   Operation 40 'read' 'acc_row_36_load_reload_read' <Predicate = true> <Delay = 0.00>
ST_1 : Operation 41 [1/1] (0.00ns)   --->   "%acc_row_28_load_reload_read = read i32 @_ssdm_op_Read.ap_auto.float, i32 %acc_row_28_load_reload"   --->   Operation 41 'read' 'acc_row_28_load_reload_read' <Predicate = true> <Delay = 0.00>
ST_1 : Operation 42 [1/1] (0.00ns)   --->   "%acc_row_20_load_reload_read = read i32 @_ssdm_op_Read.ap_auto.float, i32 %acc_row_20_load_reload"   --->   Operation 42 'read' 'acc_row_20_load_reload_read' <Predicate = true> <Delay = 0.00>
ST_1 : Operation 43 [1/1] (0.00ns)   --->   "%acc_row_12_load_reload_read = read i32 @_ssdm_op_Read.ap_auto.float, i32 %acc_row_12_load_reload"   --->   Operation 43 'read' 'acc_row_12_load_reload_read' <Predicate = true> <Delay = 0.00>
ST_1 : Operation 44 [1/1] (0.00ns)   --->   "%acc_row_4_load_reload_read = read i32 @_ssdm_op_Read.ap_auto.float, i32 %acc_row_4_load_reload"   --->   Operation 44 'read' 'acc_row_4_load_reload_read' <Predicate = true> <Delay = 0.00>
ST_1 : Operation 45 [1/1] (0.00ns)   --->   "%acc_row_59_load_reload_read = read i32 @_ssdm_op_Read.ap_auto.float, i32 %acc_row_59_load_reload"   --->   Operation 45 'read' 'acc_row_59_load_reload_read' <Predicate = true> <Delay = 0.00>
ST_1 : Operation 46 [1/1] (0.00ns)   --->   "%acc_row_51_load_reload_read = read i32 @_ssdm_op_Read.ap_auto.float, i32 %acc_row_51_load_reload"   --->   Operation 46 'read' 'acc_row_51_load_reload_read' <Predicate = true> <Delay = 0.00>
ST_1 : Operation 47 [1/1] (0.00ns)   --->   "%acc_row_43_load_reload_read = read i32 @_ssdm_op_Read.ap_auto.float, i32 %acc_row_43_load_reload"   --->   Operation 47 'read' 'acc_row_43_load_reload_read' <Predicate = true> <Delay = 0.00>
ST_1 : Operation 48 [1/1] (0.00ns)   --->   "%acc_row_35_load_reload_read = read i32 @_ssdm_op_Read.ap_auto.float, i32 %acc_row_35_load_reload"   --->   Operation 48 'read' 'acc_row_35_load_reload_read' <Predicate = true> <Delay = 0.00>
ST_1 : Operation 49 [1/1] (0.00ns)   --->   "%acc_row_27_load_reload_read = read i32 @_ssdm_op_Read.ap_auto.float, i32 %acc_row_27_load_reload"   --->   Operation 49 'read' 'acc_row_27_load_reload_read' <Predicate = true> <Delay = 0.00>
ST_1 : Operation 50 [1/1] (0.00ns)   --->   "%acc_row_19_load_reload_read = read i32 @_ssdm_op_Read.ap_auto.float, i32 %acc_row_19_load_reload"   --->   Operation 50 'read' 'acc_row_19_load_reload_read' <Predicate = true> <Delay = 0.00>
ST_1 : Operation 51 [1/1] (0.00ns)   --->   "%acc_row_11_load_reload_read = read i32 @_ssdm_op_Read.ap_auto.float, i32 %acc_row_11_load_reload"   --->   Operation 51 'read' 'acc_row_11_load_reload_read' <Predicate = true> <Delay = 0.00>
ST_1 : Operation 52 [1/1] (0.00ns)   --->   "%acc_row_3_load_reload_read = read i32 @_ssdm_op_Read.ap_auto.float, i32 %acc_row_3_load_reload"   --->   Operation 52 'read' 'acc_row_3_load_reload_read' <Predicate = true> <Delay = 0.00>
ST_1 : Operation 53 [1/1] (0.00ns)   --->   "%acc_row_58_load_reload_read = read i32 @_ssdm_op_Read.ap_auto.float, i32 %acc_row_58_load_reload"   --->   Operation 53 'read' 'acc_row_58_load_reload_read' <Predicate = true> <Delay = 0.00>
ST_1 : Operation 54 [1/1] (0.00ns)   --->   "%acc_row_50_load_reload_read = read i32 @_ssdm_op_Read.ap_auto.float, i32 %acc_row_50_load_reload"   --->   Operation 54 'read' 'acc_row_50_load_reload_read' <Predicate = true> <Delay = 0.00>
ST_1 : Operation 55 [1/1] (0.00ns)   --->   "%acc_row_42_load_reload_read = read i32 @_ssdm_op_Read.ap_auto.float, i32 %acc_row_42_load_reload"   --->   Operation 55 'read' 'acc_row_42_load_reload_read' <Predicate = true> <Delay = 0.00>
ST_1 : Operation 56 [1/1] (0.00ns)   --->   "%acc_row_34_load_reload_read = read i32 @_ssdm_op_Read.ap_auto.float, i32 %acc_row_34_load_reload"   --->   Operation 56 'read' 'acc_row_34_load_reload_read' <Predicate = true> <Delay = 0.00>
ST_1 : Operation 57 [1/1] (0.00ns)   --->   "%acc_row_26_load_reload_read = read i32 @_ssdm_op_Read.ap_auto.float, i32 %acc_row_26_load_reload"   --->   Operation 57 'read' 'acc_row_26_load_reload_read' <Predicate = true> <Delay = 0.00>
ST_1 : Operation 58 [1/1] (0.00ns)   --->   "%acc_row_18_load_reload_read = read i32 @_ssdm_op_Read.ap_auto.float, i32 %acc_row_18_load_reload"   --->   Operation 58 'read' 'acc_row_18_load_reload_read' <Predicate = true> <Delay = 0.00>
ST_1 : Operation 59 [1/1] (0.00ns)   --->   "%acc_row_10_load_reload_read = read i32 @_ssdm_op_Read.ap_auto.float, i32 %acc_row_10_load_reload"   --->   Operation 59 'read' 'acc_row_10_load_reload_read' <Predicate = true> <Delay = 0.00>
ST_1 : Operation 60 [1/1] (0.00ns)   --->   "%acc_row_2_load_reload_read = read i32 @_ssdm_op_Read.ap_auto.float, i32 %acc_row_2_load_reload"   --->   Operation 60 'read' 'acc_row_2_load_reload_read' <Predicate = true> <Delay = 0.00>
ST_1 : Operation 61 [1/1] (0.00ns)   --->   "%acc_row_57_load_reload_read = read i32 @_ssdm_op_Read.ap_auto.float, i32 %acc_row_57_load_reload"   --->   Operation 61 'read' 'acc_row_57_load_reload_read' <Predicate = true> <Delay = 0.00>
ST_1 : Operation 62 [1/1] (0.00ns)   --->   "%acc_row_49_load_reload_read = read i32 @_ssdm_op_Read.ap_auto.float, i32 %acc_row_49_load_reload"   --->   Operation 62 'read' 'acc_row_49_load_reload_read' <Predicate = true> <Delay = 0.00>
ST_1 : Operation 63 [1/1] (0.00ns)   --->   "%acc_row_41_load_reload_read = read i32 @_ssdm_op_Read.ap_auto.float, i32 %acc_row_41_load_reload"   --->   Operation 63 'read' 'acc_row_41_load_reload_read' <Predicate = true> <Delay = 0.00>
ST_1 : Operation 64 [1/1] (0.00ns)   --->   "%acc_row_33_load_reload_read = read i32 @_ssdm_op_Read.ap_auto.float, i32 %acc_row_33_load_reload"   --->   Operation 64 'read' 'acc_row_33_load_reload_read' <Predicate = true> <Delay = 0.00>
ST_1 : Operation 65 [1/1] (0.00ns)   --->   "%acc_row_25_load_reload_read = read i32 @_ssdm_op_Read.ap_auto.float, i32 %acc_row_25_load_reload"   --->   Operation 65 'read' 'acc_row_25_load_reload_read' <Predicate = true> <Delay = 0.00>
ST_1 : Operation 66 [1/1] (0.00ns)   --->   "%acc_row_17_load_reload_read = read i32 @_ssdm_op_Read.ap_auto.float, i32 %acc_row_17_load_reload"   --->   Operation 66 'read' 'acc_row_17_load_reload_read' <Predicate = true> <Delay = 0.00>
ST_1 : Operation 67 [1/1] (0.00ns)   --->   "%acc_row_9_load_reload_read = read i32 @_ssdm_op_Read.ap_auto.float, i32 %acc_row_9_load_reload"   --->   Operation 67 'read' 'acc_row_9_load_reload_read' <Predicate = true> <Delay = 0.00>
ST_1 : Operation 68 [1/1] (0.00ns)   --->   "%acc_row_1_load_reload_read = read i32 @_ssdm_op_Read.ap_auto.float, i32 %acc_row_1_load_reload"   --->   Operation 68 'read' 'acc_row_1_load_reload_read' <Predicate = true> <Delay = 0.00>
ST_1 : Operation 69 [1/1] (0.00ns)   --->   "%acc_row_56_load_reload_read = read i32 @_ssdm_op_Read.ap_auto.float, i32 %acc_row_56_load_reload"   --->   Operation 69 'read' 'acc_row_56_load_reload_read' <Predicate = true> <Delay = 0.00>
ST_1 : Operation 70 [1/1] (0.00ns)   --->   "%acc_row_48_load_reload_read = read i32 @_ssdm_op_Read.ap_auto.float, i32 %acc_row_48_load_reload"   --->   Operation 70 'read' 'acc_row_48_load_reload_read' <Predicate = true> <Delay = 0.00>
ST_1 : Operation 71 [1/1] (0.00ns)   --->   "%acc_row_40_load_reload_read = read i32 @_ssdm_op_Read.ap_auto.float, i32 %acc_row_40_load_reload"   --->   Operation 71 'read' 'acc_row_40_load_reload_read' <Predicate = true> <Delay = 0.00>
ST_1 : Operation 72 [1/1] (0.00ns)   --->   "%acc_row_32_load_reload_read = read i32 @_ssdm_op_Read.ap_auto.float, i32 %acc_row_32_load_reload"   --->   Operation 72 'read' 'acc_row_32_load_reload_read' <Predicate = true> <Delay = 0.00>
ST_1 : Operation 73 [1/1] (0.00ns)   --->   "%acc_row_24_load_reload_read = read i32 @_ssdm_op_Read.ap_auto.float, i32 %acc_row_24_load_reload"   --->   Operation 73 'read' 'acc_row_24_load_reload_read' <Predicate = true> <Delay = 0.00>
ST_1 : Operation 74 [1/1] (0.00ns)   --->   "%acc_row_16_load_reload_read = read i32 @_ssdm_op_Read.ap_auto.float, i32 %acc_row_16_load_reload"   --->   Operation 74 'read' 'acc_row_16_load_reload_read' <Predicate = true> <Delay = 0.00>
ST_1 : Operation 75 [1/1] (0.00ns)   --->   "%acc_row_8_load_reload_read = read i32 @_ssdm_op_Read.ap_auto.float, i32 %acc_row_8_load_reload"   --->   Operation 75 'read' 'acc_row_8_load_reload_read' <Predicate = true> <Delay = 0.00>
ST_1 : Operation 76 [1/1] (0.00ns)   --->   "%acc_row_load_reload_read = read i32 @_ssdm_op_Read.ap_auto.float, i32 %acc_row_load_reload"   --->   Operation 76 'read' 'acc_row_load_reload_read' <Predicate = true> <Delay = 0.00>
ST_1 : Operation 77 [1/1] (0.00ns)   --->   "%cmp60_read = read i1 @_ssdm_op_Read.ap_auto.i1, i1 %cmp60"   --->   Operation 77 'read' 'cmp60_read' <Predicate = true> <Delay = 0.00>
ST_1 : Operation 78 [1/1] (0.00ns)   --->   "%bc_actual_read = read i32 @_ssdm_op_Read.ap_auto.i32, i32 %bc_actual"   --->   Operation 78 'read' 'bc_actual_read' <Predicate = true> <Delay = 0.00>
ST_1 : Operation 79 [1/1] (0.00ns)   --->   "%i_read = read i6 @_ssdm_op_Read.ap_auto.i6, i6 %i"   --->   Operation 79 'read' 'i_read' <Predicate = true> <Delay = 0.00>
ST_1 : Operation 80 [1/1] (0.36ns)   --->   "%store_ln99 = store i7 0, i7 %j" [./flashattentiongemm.h:99]   --->   Operation 80 'store' 'store_ln99' <Predicate = true> <Delay = 0.36>
ST_1 : Operation 81 [1/1] (0.00ns)   --->   "%br_ln0 = br void %for.body59"   --->   Operation 81 'br' 'br_ln0' <Predicate = true> <Delay = 0.00>
ST_1 : Operation 82 [1/1] (0.00ns)   --->   "%j_2 = load i7 %j" [./flashattentiongemm.h:99]   --->   Operation 82 'load' 'j_2' <Predicate = true> <Delay = 0.00>
ST_1 : Operation 83 [1/1] (0.00ns)   --->   "%tmp = bitselect i1 @_ssdm_op_BitSelect.i1.i7.i32, i7 %j_2, i32 6" [./flashattentiongemm.h:99]   --->   Operation 83 'bitselect' 'tmp' <Predicate = true> <Delay = 0.00>
ST_1 : Operation 84 [1/1] (0.00ns)   --->   "%br_ln99 = br i1 %tmp, void %for.body59.split_ifconv, void %for.inc71.exitStub" [./flashattentiongemm.h:99]   --->   Operation 84 'br' 'br_ln99' <Predicate = true> <Delay = 0.00>
ST_1 : Operation 85 [1/1] (0.66ns)   --->   "%add_ln99 = add i7 %j_2, i7 8" [./flashattentiongemm.h:99]   --->   Operation 85 'add' 'add_ln99' <Predicate = (!tmp)> <Delay = 0.66> <CoreInst = "Adder">   --->   Core 1 'Adder' <Latency = 0> <II = 1> <Delay = 0.66> <FuncUnit> <Opcode : 'add' 'sub'> <InPorts = 2> <OutPorts = 1>
ST_1 : Operation 86 [1/1] (0.00ns)   --->   "%zext_ln99 = zext i7 %j_2" [./flashattentiongemm.h:99]   --->   Operation 86 'zext' 'zext_ln99' <Predicate = (!tmp)> <Delay = 0.00>
ST_1 : Operation 87 [1/1] (0.00ns)   --->   "%trunc_ln99 = trunc i7 %j_2" [./flashattentiongemm.h:99]   --->   Operation 87 'trunc' 'trunc_ln99' <Predicate = (!tmp)> <Delay = 0.00>
ST_1 : Operation 88 [1/1] (0.00ns)   --->   "%specpipeline_ln100 = specpipeline void @_ssdm_op_SpecPipeline, i32 1, i32 0, i32 0, i32 0, void @empty_27" [./flashattentiongemm.h:100]   --->   Operation 88 'specpipeline' 'specpipeline_ln100' <Predicate = (!tmp)> <Delay = 0.00>
ST_1 : Operation 89 [1/1] (0.00ns)   --->   "%speclooptripcount_ln99 = speclooptripcount void @_ssdm_op_SpecLoopTripCount, i64 8, i64 8, i64 8" [./flashattentiongemm.h:99]   --->   Operation 89 'speclooptripcount' 'speclooptripcount_ln99' <Predicate = (!tmp)> <Delay = 0.00>
ST_1 : Operation 90 [1/1] (0.00ns)   --->   "%specloopname_ln99 = specloopname void @_ssdm_op_SpecLoopName, void @empty_11" [./flashattentiongemm.h:99]   --->   Operation 90 'specloopname' 'specloopname_ln99' <Predicate = (!tmp)> <Delay = 0.00>
ST_1 : Operation 91 [1/1] (0.00ns)   --->   "%lshr_ln = partselect i3 @_ssdm_op_PartSelect.i3.i7.i32.i32, i7 %j_2, i32 3, i32 5" [./flashattentiongemm.h:99]   --->   Operation 91 'partselect' 'lshr_ln' <Predicate = (!tmp)> <Delay = 0.00>
ST_1 : Operation 92 [1/1] (0.00ns)   --->   "%tmp_178 = bitconcatenate i9 @_ssdm_op_BitConcatenate.i9.i6.i3, i6 %i_read, i3 %lshr_ln" [./flashattentiongemm.h:102]   --->   Operation 92 'bitconcatenate' 'tmp_178' <Predicate = (!tmp)> <Delay = 0.00>
ST_1 : Operation 93 [1/1] (0.00ns)   --->   "%zext_ln102_7 = zext i9 %tmp_178" [./flashattentiongemm.h:102]   --->   Operation 93 'zext' 'zext_ln102_7' <Predicate = (!tmp)> <Delay = 0.00>
ST_1 : Operation 94 [1/1] (0.00ns)   --->   "%S_tile_0_addr = getelementptr i32 %S_tile_0, i64 0, i64 %zext_ln102_7" [./flashattentiongemm.h:102]   --->   Operation 94 'getelementptr' 'S_tile_0_addr' <Predicate = (!tmp)> <Delay = 0.00>
ST_1 : Operation 95 [1/1] (0.00ns)   --->   "%S_tile_1_addr = getelementptr i32 %S_tile_1, i64 0, i64 %zext_ln102_7" [./flashattentiongemm.h:102]   --->   Operation 95 'getelementptr' 'S_tile_1_addr' <Predicate = (!tmp)> <Delay = 0.00>
ST_1 : Operation 96 [1/1] (0.00ns)   --->   "%S_tile_2_addr = getelementptr i32 %S_tile_2, i64 0, i64 %zext_ln102_7" [./flashattentiongemm.h:102]   --->   Operation 96 'getelementptr' 'S_tile_2_addr' <Predicate = (!tmp)> <Delay = 0.00>
ST_1 : Operation 97 [1/1] (0.00ns)   --->   "%S_tile_3_addr = getelementptr i32 %S_tile_3, i64 0, i64 %zext_ln102_7" [./flashattentiongemm.h:102]   --->   Operation 97 'getelementptr' 'S_tile_3_addr' <Predicate = (!tmp)> <Delay = 0.00>
ST_1 : Operation 98 [1/1] (0.00ns)   --->   "%S_tile_4_addr = getelementptr i32 %S_tile_4, i64 0, i64 %zext_ln102_7" [./flashattentiongemm.h:102]   --->   Operation 98 'getelementptr' 'S_tile_4_addr' <Predicate = (!tmp)> <Delay = 0.00>
ST_1 : Operation 99 [1/1] (0.00ns)   --->   "%S_tile_5_addr = getelementptr i32 %S_tile_5, i64 0, i64 %zext_ln102_7" [./flashattentiongemm.h:102]   --->   Operation 99 'getelementptr' 'S_tile_5_addr' <Predicate = (!tmp)> <Delay = 0.00>
ST_1 : Operation 100 [1/1] (0.00ns)   --->   "%S_tile_6_addr = getelementptr i32 %S_tile_6, i64 0, i64 %zext_ln102_7" [./flashattentiongemm.h:102]   --->   Operation 100 'getelementptr' 'S_tile_6_addr' <Predicate = (!tmp)> <Delay = 0.00>
ST_1 : Operation 101 [1/1] (0.00ns)   --->   "%S_tile_7_addr = getelementptr i32 %S_tile_7, i64 0, i64 %zext_ln102_7" [./flashattentiongemm.h:102]   --->   Operation 101 'getelementptr' 'S_tile_7_addr' <Predicate = (!tmp)> <Delay = 0.00>
ST_1 : Operation 102 [1/1] (0.67ns)   --->   "%icmp_ln102 = icmp_slt  i32 %zext_ln99, i32 %bc_actual_read" [./flashattentiongemm.h:102]   --->   Operation 102 'icmp' 'icmp_ln102' <Predicate = (!tmp)> <Delay = 0.67> <CoreInst = "Cmp">   --->   Core 9 'Cmp' <Latency = 0> <II = 1> <Delay = 0.67> <FuncUnit> <Opcode : 'setle' 'setge' 'setlt' 'setgt'> <InPorts = 2> <OutPorts = 1>
ST_1 : Operation 103 [1/1] (0.00ns) (grouped into LUT with out node cond)   --->   "%and_ln102 = and i1 %cmp60_read, i1 %icmp_ln102" [./flashattentiongemm.h:102]   --->   Operation 103 'and' 'and_ln102' <Predicate = (!tmp)> <Delay = 0.00> <CoreInst = "LogicGate">   --->   Core 78 'LogicGate' <Latency = 0> <II = 1> <Delay = 0.25> <FuncUnit> <Opcode : 'and' 'or' 'xor'> <InPorts = 2> <OutPorts = 1>
ST_1 : Operation 104 [1/1] (1.16ns)   --->   "%tmp_s = sparsemux i32 @_ssdm_op_SparseMux.ap_auto.8float.float.i6, i6 0, i32 %acc_row_load_reload_read, i6 8, i32 %acc_row_8_load_reload_read, i6 16, i32 %acc_row_16_load_reload_read, i6 24, i32 %acc_row_24_load_reload_read, i6 32, i32 %acc_row_32_load_reload_read, i6 40, i32 %acc_row_40_load_reload_read, i6 48, i32 %acc_row_48_load_reload_read, i6 56, i32 %acc_row_56_load_reload_read, i32 <undef>, i6 %trunc_ln99" [./flashattentiongemm.h:102]   --->   Operation 104 'sparsemux' 'tmp_s' <Predicate = (!tmp)> <Delay = 1.16> <CoreInst = "BinarySparseMux_DontCare">   --->   Core 150 'BinarySparseMux_DontCare' <Latency = 0> <II = 1> <Delay = 1.16> <FuncUnit> <Opcode : 'sparsemux'> <InPorts = 0> <OutPorts = 1>
ST_1 : Operation 105 [1/1] (0.41ns) (out node of the LUT)   --->   "%cond = select i1 %and_ln102, i32 %tmp_s, i32 0" [./flashattentiongemm.h:102]   --->   Operation 105 'select' 'cond' <Predicate = (!tmp)> <Delay = 0.41> <CoreInst = "Sel">   --->   Core 77 'Sel' <Latency = 0> <II = 1> <Delay = 0.41> <FuncUnit> <Opcode : 'select'> <InPorts = 3> <OutPorts = 1>
ST_1 : Operation 106 [1/1] (0.42ns) (share mux size 2)   --->   "%muxLogicRAMData_to_store_ln102 = muxlogic i32 %cond"   --->   Operation 106 'muxlogic' 'muxLogicRAMData_to_store_ln102' <Predicate = (!tmp)> <Delay = 0.42>
ST_1 : Operation 107 [1/1] (0.42ns) (share mux size 2)   --->   "%muxLogicRAMAddr_to_store_ln102 = muxlogic i9 %S_tile_0_addr"   --->   Operation 107 'muxlogic' 'muxLogicRAMAddr_to_store_ln102' <Predicate = (!tmp)> <Delay = 0.42>
ST_1 : Operation 108 [1/1] ( I:0.62ns O:0.62ns ) (share mux size 3)   --->   "%store_ln102 = store i32 %cond, i9 %S_tile_0_addr" [./flashattentiongemm.h:102]   --->   Operation 108 'store' 'store_ln102' <Predicate = (!tmp)> <Delay = 0.62> <CoreInst = "RAM_2P_BRAM">   --->   Core 97 'RAM_2P_BRAM' <Latency = 1> <II = 1> <Delay = 0.86> <Storage> <Opcode : 'load' 'store'> <Ports = 2> <Width = 32> <Depth = 512> <RAM>
ST_1 : Operation 109 [1/1] (0.00ns)   --->   "%tmp_179 = partselect i5 @_ssdm_op_PartSelect.i5.i7.i32.i32, i7 %j_2, i32 1, i32 5" [./flashattentiongemm.h:99]   --->   Operation 109 'partselect' 'tmp_179' <Predicate = (!tmp)> <Delay = 0.00>
ST_1 : Operation 110 [1/1] (0.00ns)   --->   "%or_ln = bitconcatenate i6 @_ssdm_op_BitConcatenate.i6.i5.i1, i5 %tmp_179, i1 1" [./flashattentiongemm.h:99]   --->   Operation 110 'bitconcatenate' 'or_ln' <Predicate = (!tmp)> <Delay = 0.00>
ST_1 : Operation 111 [1/1] (0.00ns)   --->   "%zext_ln102 = zext i6 %or_ln" [./flashattentiongemm.h:102]   --->   Operation 111 'zext' 'zext_ln102' <Predicate = (!tmp)> <Delay = 0.00>
ST_1 : Operation 112 [1/1] (0.67ns)   --->   "%icmp_ln102_1 = icmp_slt  i32 %zext_ln102, i32 %bc_actual_read" [./flashattentiongemm.h:102]   --->   Operation 112 'icmp' 'icmp_ln102_1' <Predicate = (!tmp)> <Delay = 0.67> <CoreInst = "Cmp">   --->   Core 9 'Cmp' <Latency = 0> <II = 1> <Delay = 0.67> <FuncUnit> <Opcode : 'setle' 'setge' 'setlt' 'setgt'> <InPorts = 2> <OutPorts = 1>
ST_1 : Operation 113 [1/1] (0.00ns) (grouped into LUT with out node cond_1)   --->   "%and_ln102_1 = and i1 %cmp60_read, i1 %icmp_ln102_1" [./flashattentiongemm.h:102]   --->   Operation 113 'and' 'and_ln102_1' <Predicate = (!tmp)> <Delay = 0.00> <CoreInst = "LogicGate">   --->   Core 78 'LogicGate' <Latency = 0> <II = 1> <Delay = 0.25> <FuncUnit> <Opcode : 'and' 'or' 'xor'> <InPorts = 2> <OutPorts = 1>
ST_1 : Operation 114 [1/1] (1.16ns)   --->   "%tmp_171 = sparsemux i32 @_ssdm_op_SparseMux.ap_auto.8float.float.i6, i6 0, i32 %acc_row_1_load_reload_read, i6 8, i32 %acc_row_9_load_reload_read, i6 16, i32 %acc_row_17_load_reload_read, i6 24, i32 %acc_row_25_load_reload_read, i6 32, i32 %acc_row_33_load_reload_read, i6 40, i32 %acc_row_41_load_reload_read, i6 48, i32 %acc_row_49_load_reload_read, i6 56, i32 %acc_row_57_load_reload_read, i32 <undef>, i6 %trunc_ln99" [./flashattentiongemm.h:102]   --->   Operation 114 'sparsemux' 'tmp_171' <Predicate = (!tmp)> <Delay = 1.16> <CoreInst = "BinarySparseMux_DontCare">   --->   Core 150 'BinarySparseMux_DontCare' <Latency = 0> <II = 1> <Delay = 1.16> <FuncUnit> <Opcode : 'sparsemux'> <InPorts = 0> <OutPorts = 1>
ST_1 : Operation 115 [1/1] (0.41ns) (out node of the LUT)   --->   "%cond_1 = select i1 %and_ln102_1, i32 %tmp_171, i32 0" [./flashattentiongemm.h:102]   --->   Operation 115 'select' 'cond_1' <Predicate = (!tmp)> <Delay = 0.41> <CoreInst = "Sel">   --->   Core 77 'Sel' <Latency = 0> <II = 1> <Delay = 0.41> <FuncUnit> <Opcode : 'select'> <InPorts = 3> <OutPorts = 1>
ST_1 : Operation 116 [1/1] (0.42ns) (share mux size 2)   --->   "%muxLogicRAMData_to_store_ln102 = muxlogic i32 %cond_1"   --->   Operation 116 'muxlogic' 'muxLogicRAMData_to_store_ln102' <Predicate = (!tmp)> <Delay = 0.42>
ST_1 : Operation 117 [1/1] (0.42ns) (share mux size 2)   --->   "%muxLogicRAMAddr_to_store_ln102 = muxlogic i9 %S_tile_1_addr"   --->   Operation 117 'muxlogic' 'muxLogicRAMAddr_to_store_ln102' <Predicate = (!tmp)> <Delay = 0.42>
ST_1 : Operation 118 [1/1] ( I:0.62ns O:0.62ns ) (share mux size 3)   --->   "%store_ln102 = store i32 %cond_1, i9 %S_tile_1_addr" [./flashattentiongemm.h:102]   --->   Operation 118 'store' 'store_ln102' <Predicate = (!tmp)> <Delay = 0.62> <CoreInst = "RAM_2P_BRAM">   --->   Core 97 'RAM_2P_BRAM' <Latency = 1> <II = 1> <Delay = 0.86> <Storage> <Opcode : 'load' 'store'> <Ports = 2> <Width = 32> <Depth = 512> <RAM>
ST_1 : Operation 119 [1/1] (0.00ns)   --->   "%tmp_180 = partselect i4 @_ssdm_op_PartSelect.i4.i7.i32.i32, i7 %j_2, i32 2, i32 5" [./flashattentiongemm.h:99]   --->   Operation 119 'partselect' 'tmp_180' <Predicate = (!tmp)> <Delay = 0.00>
ST_1 : Operation 120 [1/1] (0.00ns)   --->   "%or_ln99_1 = bitconcatenate i6 @_ssdm_op_BitConcatenate.i6.i4.i2, i4 %tmp_180, i2 2" [./flashattentiongemm.h:99]   --->   Operation 120 'bitconcatenate' 'or_ln99_1' <Predicate = (!tmp)> <Delay = 0.00>
ST_1 : Operation 121 [1/1] (0.00ns)   --->   "%zext_ln102_1 = zext i6 %or_ln99_1" [./flashattentiongemm.h:102]   --->   Operation 121 'zext' 'zext_ln102_1' <Predicate = (!tmp)> <Delay = 0.00>
ST_1 : Operation 122 [1/1] (0.67ns)   --->   "%icmp_ln102_2 = icmp_slt  i32 %zext_ln102_1, i32 %bc_actual_read" [./flashattentiongemm.h:102]   --->   Operation 122 'icmp' 'icmp_ln102_2' <Predicate = (!tmp)> <Delay = 0.67> <CoreInst = "Cmp">   --->   Core 9 'Cmp' <Latency = 0> <II = 1> <Delay = 0.67> <FuncUnit> <Opcode : 'setle' 'setge' 'setlt' 'setgt'> <InPorts = 2> <OutPorts = 1>
ST_1 : Operation 123 [1/1] (0.00ns) (grouped into LUT with out node cond_2)   --->   "%and_ln102_2 = and i1 %cmp60_read, i1 %icmp_ln102_2" [./flashattentiongemm.h:102]   --->   Operation 123 'and' 'and_ln102_2' <Predicate = (!tmp)> <Delay = 0.00> <CoreInst = "LogicGate">   --->   Core 78 'LogicGate' <Latency = 0> <II = 1> <Delay = 0.25> <FuncUnit> <Opcode : 'and' 'or' 'xor'> <InPorts = 2> <OutPorts = 1>
ST_1 : Operation 124 [1/1] (1.16ns)   --->   "%tmp_172 = sparsemux i32 @_ssdm_op_SparseMux.ap_auto.8float.float.i6, i6 0, i32 %acc_row_2_load_reload_read, i6 8, i32 %acc_row_10_load_reload_read, i6 16, i32 %acc_row_18_load_reload_read, i6 24, i32 %acc_row_26_load_reload_read, i6 32, i32 %acc_row_34_load_reload_read, i6 40, i32 %acc_row_42_load_reload_read, i6 48, i32 %acc_row_50_load_reload_read, i6 56, i32 %acc_row_58_load_reload_read, i32 <undef>, i6 %trunc_ln99" [./flashattentiongemm.h:102]   --->   Operation 124 'sparsemux' 'tmp_172' <Predicate = (!tmp)> <Delay = 1.16> <CoreInst = "BinarySparseMux_DontCare">   --->   Core 150 'BinarySparseMux_DontCare' <Latency = 0> <II = 1> <Delay = 1.16> <FuncUnit> <Opcode : 'sparsemux'> <InPorts = 0> <OutPorts = 1>
ST_1 : Operation 125 [1/1] (0.41ns) (out node of the LUT)   --->   "%cond_2 = select i1 %and_ln102_2, i32 %tmp_172, i32 0" [./flashattentiongemm.h:102]   --->   Operation 125 'select' 'cond_2' <Predicate = (!tmp)> <Delay = 0.41> <CoreInst = "Sel">   --->   Core 77 'Sel' <Latency = 0> <II = 1> <Delay = 0.41> <FuncUnit> <Opcode : 'select'> <InPorts = 3> <OutPorts = 1>
ST_1 : Operation 126 [1/1] (0.42ns) (share mux size 2)   --->   "%muxLogicRAMData_to_store_ln102 = muxlogic i32 %cond_2"   --->   Operation 126 'muxlogic' 'muxLogicRAMData_to_store_ln102' <Predicate = (!tmp)> <Delay = 0.42>
ST_1 : Operation 127 [1/1] (0.42ns) (share mux size 2)   --->   "%muxLogicRAMAddr_to_store_ln102 = muxlogic i9 %S_tile_2_addr"   --->   Operation 127 'muxlogic' 'muxLogicRAMAddr_to_store_ln102' <Predicate = (!tmp)> <Delay = 0.42>
ST_1 : Operation 128 [1/1] ( I:0.62ns O:0.62ns ) (share mux size 3)   --->   "%store_ln102 = store i32 %cond_2, i9 %S_tile_2_addr" [./flashattentiongemm.h:102]   --->   Operation 128 'store' 'store_ln102' <Predicate = (!tmp)> <Delay = 0.62> <CoreInst = "RAM_2P_BRAM">   --->   Core 97 'RAM_2P_BRAM' <Latency = 1> <II = 1> <Delay = 0.86> <Storage> <Opcode : 'load' 'store'> <Ports = 2> <Width = 32> <Depth = 512> <RAM>
ST_1 : Operation 129 [1/1] (0.00ns)   --->   "%or_ln99_2 = bitconcatenate i6 @_ssdm_op_BitConcatenate.i6.i4.i2, i4 %tmp_180, i2 3" [./flashattentiongemm.h:99]   --->   Operation 129 'bitconcatenate' 'or_ln99_2' <Predicate = (!tmp)> <Delay = 0.00>
ST_1 : Operation 130 [1/1] (0.00ns)   --->   "%zext_ln102_2 = zext i6 %or_ln99_2" [./flashattentiongemm.h:102]   --->   Operation 130 'zext' 'zext_ln102_2' <Predicate = (!tmp)> <Delay = 0.00>
ST_1 : Operation 131 [1/1] (0.67ns)   --->   "%icmp_ln102_3 = icmp_slt  i32 %zext_ln102_2, i32 %bc_actual_read" [./flashattentiongemm.h:102]   --->   Operation 131 'icmp' 'icmp_ln102_3' <Predicate = (!tmp)> <Delay = 0.67> <CoreInst = "Cmp">   --->   Core 9 'Cmp' <Latency = 0> <II = 1> <Delay = 0.67> <FuncUnit> <Opcode : 'setle' 'setge' 'setlt' 'setgt'> <InPorts = 2> <OutPorts = 1>
ST_1 : Operation 132 [1/1] (0.00ns) (grouped into LUT with out node cond_3)   --->   "%and_ln102_3 = and i1 %cmp60_read, i1 %icmp_ln102_3" [./flashattentiongemm.h:102]   --->   Operation 132 'and' 'and_ln102_3' <Predicate = (!tmp)> <Delay = 0.00> <CoreInst = "LogicGate">   --->   Core 78 'LogicGate' <Latency = 0> <II = 1> <Delay = 0.25> <FuncUnit> <Opcode : 'and' 'or' 'xor'> <InPorts = 2> <OutPorts = 1>
ST_1 : Operation 133 [1/1] (1.16ns)   --->   "%tmp_173 = sparsemux i32 @_ssdm_op_SparseMux.ap_auto.8float.float.i6, i6 0, i32 %acc_row_3_load_reload_read, i6 8, i32 %acc_row_11_load_reload_read, i6 16, i32 %acc_row_19_load_reload_read, i6 24, i32 %acc_row_27_load_reload_read, i6 32, i32 %acc_row_35_load_reload_read, i6 40, i32 %acc_row_43_load_reload_read, i6 48, i32 %acc_row_51_load_reload_read, i6 56, i32 %acc_row_59_load_reload_read, i32 <undef>, i6 %trunc_ln99" [./flashattentiongemm.h:102]   --->   Operation 133 'sparsemux' 'tmp_173' <Predicate = (!tmp)> <Delay = 1.16> <CoreInst = "BinarySparseMux_DontCare">   --->   Core 150 'BinarySparseMux_DontCare' <Latency = 0> <II = 1> <Delay = 1.16> <FuncUnit> <Opcode : 'sparsemux'> <InPorts = 0> <OutPorts = 1>
ST_1 : Operation 134 [1/1] (0.41ns) (out node of the LUT)   --->   "%cond_3 = select i1 %and_ln102_3, i32 %tmp_173, i32 0" [./flashattentiongemm.h:102]   --->   Operation 134 'select' 'cond_3' <Predicate = (!tmp)> <Delay = 0.41> <CoreInst = "Sel">   --->   Core 77 'Sel' <Latency = 0> <II = 1> <Delay = 0.41> <FuncUnit> <Opcode : 'select'> <InPorts = 3> <OutPorts = 1>
ST_1 : Operation 135 [1/1] (0.42ns) (share mux size 2)   --->   "%muxLogicRAMData_to_store_ln102 = muxlogic i32 %cond_3"   --->   Operation 135 'muxlogic' 'muxLogicRAMData_to_store_ln102' <Predicate = (!tmp)> <Delay = 0.42>
ST_1 : Operation 136 [1/1] (0.42ns) (share mux size 2)   --->   "%muxLogicRAMAddr_to_store_ln102 = muxlogic i9 %S_tile_3_addr"   --->   Operation 136 'muxlogic' 'muxLogicRAMAddr_to_store_ln102' <Predicate = (!tmp)> <Delay = 0.42>
ST_1 : Operation 137 [1/1] ( I:0.62ns O:0.62ns ) (share mux size 3)   --->   "%store_ln102 = store i32 %cond_3, i9 %S_tile_3_addr" [./flashattentiongemm.h:102]   --->   Operation 137 'store' 'store_ln102' <Predicate = (!tmp)> <Delay = 0.62> <CoreInst = "RAM_2P_BRAM">   --->   Core 97 'RAM_2P_BRAM' <Latency = 1> <II = 1> <Delay = 0.86> <Storage> <Opcode : 'load' 'store'> <Ports = 2> <Width = 32> <Depth = 512> <RAM>
ST_1 : Operation 138 [1/1] (0.00ns)   --->   "%or_ln99_3 = bitconcatenate i6 @_ssdm_op_BitConcatenate.i6.i3.i3, i3 %lshr_ln, i3 4" [./flashattentiongemm.h:99]   --->   Operation 138 'bitconcatenate' 'or_ln99_3' <Predicate = (!tmp)> <Delay = 0.00>
ST_1 : Operation 139 [1/1] (0.00ns)   --->   "%zext_ln102_3 = zext i6 %or_ln99_3" [./flashattentiongemm.h:102]   --->   Operation 139 'zext' 'zext_ln102_3' <Predicate = (!tmp)> <Delay = 0.00>
ST_1 : Operation 140 [1/1] (0.67ns)   --->   "%icmp_ln102_4 = icmp_slt  i32 %zext_ln102_3, i32 %bc_actual_read" [./flashattentiongemm.h:102]   --->   Operation 140 'icmp' 'icmp_ln102_4' <Predicate = (!tmp)> <Delay = 0.67> <CoreInst = "Cmp">   --->   Core 9 'Cmp' <Latency = 0> <II = 1> <Delay = 0.67> <FuncUnit> <Opcode : 'setle' 'setge' 'setlt' 'setgt'> <InPorts = 2> <OutPorts = 1>
ST_1 : Operation 141 [1/1] (0.00ns) (grouped into LUT with out node cond_4)   --->   "%and_ln102_4 = and i1 %cmp60_read, i1 %icmp_ln102_4" [./flashattentiongemm.h:102]   --->   Operation 141 'and' 'and_ln102_4' <Predicate = (!tmp)> <Delay = 0.00> <CoreInst = "LogicGate">   --->   Core 78 'LogicGate' <Latency = 0> <II = 1> <Delay = 0.25> <FuncUnit> <Opcode : 'and' 'or' 'xor'> <InPorts = 2> <OutPorts = 1>
ST_1 : Operation 142 [1/1] (1.16ns)   --->   "%tmp_174 = sparsemux i32 @_ssdm_op_SparseMux.ap_auto.8float.float.i6, i6 0, i32 %acc_row_4_load_reload_read, i6 8, i32 %acc_row_12_load_reload_read, i6 16, i32 %acc_row_20_load_reload_read, i6 24, i32 %acc_row_28_load_reload_read, i6 32, i32 %acc_row_36_load_reload_read, i6 40, i32 %acc_row_44_load_reload_read, i6 48, i32 %acc_row_52_load_reload_read, i6 56, i32 %acc_row_60_load_reload_read, i32 <undef>, i6 %trunc_ln99" [./flashattentiongemm.h:102]   --->   Operation 142 'sparsemux' 'tmp_174' <Predicate = (!tmp)> <Delay = 1.16> <CoreInst = "BinarySparseMux_DontCare">   --->   Core 150 'BinarySparseMux_DontCare' <Latency = 0> <II = 1> <Delay = 1.16> <FuncUnit> <Opcode : 'sparsemux'> <InPorts = 0> <OutPorts = 1>
ST_1 : Operation 143 [1/1] (0.41ns) (out node of the LUT)   --->   "%cond_4 = select i1 %and_ln102_4, i32 %tmp_174, i32 0" [./flashattentiongemm.h:102]   --->   Operation 143 'select' 'cond_4' <Predicate = (!tmp)> <Delay = 0.41> <CoreInst = "Sel">   --->   Core 77 'Sel' <Latency = 0> <II = 1> <Delay = 0.41> <FuncUnit> <Opcode : 'select'> <InPorts = 3> <OutPorts = 1>
ST_1 : Operation 144 [1/1] (0.42ns) (share mux size 2)   --->   "%muxLogicRAMData_to_store_ln102 = muxlogic i32 %cond_4"   --->   Operation 144 'muxlogic' 'muxLogicRAMData_to_store_ln102' <Predicate = (!tmp)> <Delay = 0.42>
ST_1 : Operation 145 [1/1] (0.42ns) (share mux size 2)   --->   "%muxLogicRAMAddr_to_store_ln102 = muxlogic i9 %S_tile_4_addr"   --->   Operation 145 'muxlogic' 'muxLogicRAMAddr_to_store_ln102' <Predicate = (!tmp)> <Delay = 0.42>
ST_1 : Operation 146 [1/1] ( I:0.62ns O:0.62ns ) (share mux size 3)   --->   "%store_ln102 = store i32 %cond_4, i9 %S_tile_4_addr" [./flashattentiongemm.h:102]   --->   Operation 146 'store' 'store_ln102' <Predicate = (!tmp)> <Delay = 0.62> <CoreInst = "RAM_2P_BRAM">   --->   Core 97 'RAM_2P_BRAM' <Latency = 1> <II = 1> <Delay = 0.86> <Storage> <Opcode : 'load' 'store'> <Ports = 2> <Width = 32> <Depth = 512> <RAM>
ST_1 : Operation 147 [1/1] (0.00ns)   --->   "%tmp_7 = bitselect i1 @_ssdm_op_BitSelect.i1.i7.i32, i7 %j_2, i32 1" [./flashattentiongemm.h:99]   --->   Operation 147 'bitselect' 'tmp_7' <Predicate = (!tmp)> <Delay = 0.00>
ST_1 : Operation 148 [1/1] (0.00ns)   --->   "%or_ln99_4 = bitconcatenate i6 @_ssdm_op_BitConcatenate.i6.i3.i1.i1.i1, i3 %lshr_ln, i1 1, i1 %tmp_7, i1 1" [./flashattentiongemm.h:99]   --->   Operation 148 'bitconcatenate' 'or_ln99_4' <Predicate = (!tmp)> <Delay = 0.00>
ST_1 : Operation 149 [1/1] (0.00ns)   --->   "%zext_ln102_4 = zext i6 %or_ln99_4" [./flashattentiongemm.h:102]   --->   Operation 149 'zext' 'zext_ln102_4' <Predicate = (!tmp)> <Delay = 0.00>
ST_1 : Operation 150 [1/1] (0.67ns)   --->   "%icmp_ln102_5 = icmp_slt  i32 %zext_ln102_4, i32 %bc_actual_read" [./flashattentiongemm.h:102]   --->   Operation 150 'icmp' 'icmp_ln102_5' <Predicate = (!tmp)> <Delay = 0.67> <CoreInst = "Cmp">   --->   Core 9 'Cmp' <Latency = 0> <II = 1> <Delay = 0.67> <FuncUnit> <Opcode : 'setle' 'setge' 'setlt' 'setgt'> <InPorts = 2> <OutPorts = 1>
ST_1 : Operation 151 [1/1] (0.00ns) (grouped into LUT with out node cond_5)   --->   "%and_ln102_5 = and i1 %cmp60_read, i1 %icmp_ln102_5" [./flashattentiongemm.h:102]   --->   Operation 151 'and' 'and_ln102_5' <Predicate = (!tmp)> <Delay = 0.00> <CoreInst = "LogicGate">   --->   Core 78 'LogicGate' <Latency = 0> <II = 1> <Delay = 0.25> <FuncUnit> <Opcode : 'and' 'or' 'xor'> <InPorts = 2> <OutPorts = 1>
ST_1 : Operation 152 [1/1] (1.16ns)   --->   "%tmp_175 = sparsemux i32 @_ssdm_op_SparseMux.ap_auto.8float.float.i6, i6 0, i32 %acc_row_5_load_reload_read, i6 8, i32 %acc_row_13_load_reload_read, i6 16, i32 %acc_row_21_load_reload_read, i6 24, i32 %acc_row_29_load_reload_read, i6 32, i32 %acc_row_37_load_reload_read, i6 40, i32 %acc_row_45_load_reload_read, i6 48, i32 %acc_row_53_load_reload_read, i6 56, i32 %acc_row_61_load_reload_read, i32 <undef>, i6 %trunc_ln99" [./flashattentiongemm.h:102]   --->   Operation 152 'sparsemux' 'tmp_175' <Predicate = (!tmp)> <Delay = 1.16> <CoreInst = "BinarySparseMux_DontCare">   --->   Core 150 'BinarySparseMux_DontCare' <Latency = 0> <II = 1> <Delay = 1.16> <FuncUnit> <Opcode : 'sparsemux'> <InPorts = 0> <OutPorts = 1>
ST_1 : Operation 153 [1/1] (0.41ns) (out node of the LUT)   --->   "%cond_5 = select i1 %and_ln102_5, i32 %tmp_175, i32 0" [./flashattentiongemm.h:102]   --->   Operation 153 'select' 'cond_5' <Predicate = (!tmp)> <Delay = 0.41> <CoreInst = "Sel">   --->   Core 77 'Sel' <Latency = 0> <II = 1> <Delay = 0.41> <FuncUnit> <Opcode : 'select'> <InPorts = 3> <OutPorts = 1>
ST_1 : Operation 154 [1/1] (0.42ns) (share mux size 2)   --->   "%muxLogicRAMData_to_store_ln102 = muxlogic i32 %cond_5"   --->   Operation 154 'muxlogic' 'muxLogicRAMData_to_store_ln102' <Predicate = (!tmp)> <Delay = 0.42>
ST_1 : Operation 155 [1/1] (0.42ns) (share mux size 2)   --->   "%muxLogicRAMAddr_to_store_ln102 = muxlogic i9 %S_tile_5_addr"   --->   Operation 155 'muxlogic' 'muxLogicRAMAddr_to_store_ln102' <Predicate = (!tmp)> <Delay = 0.42>
ST_1 : Operation 156 [1/1] ( I:0.62ns O:0.62ns ) (share mux size 3)   --->   "%store_ln102 = store i32 %cond_5, i9 %S_tile_5_addr" [./flashattentiongemm.h:102]   --->   Operation 156 'store' 'store_ln102' <Predicate = (!tmp)> <Delay = 0.62> <CoreInst = "RAM_2P_BRAM">   --->   Core 97 'RAM_2P_BRAM' <Latency = 1> <II = 1> <Delay = 0.86> <Storage> <Opcode : 'load' 'store'> <Ports = 2> <Width = 32> <Depth = 512> <RAM>
ST_1 : Operation 157 [1/1] (0.00ns)   --->   "%or_ln99_5 = bitconcatenate i6 @_ssdm_op_BitConcatenate.i6.i3.i3, i3 %lshr_ln, i3 6" [./flashattentiongemm.h:99]   --->   Operation 157 'bitconcatenate' 'or_ln99_5' <Predicate = (!tmp)> <Delay = 0.00>
ST_1 : Operation 158 [1/1] (0.00ns)   --->   "%zext_ln102_5 = zext i6 %or_ln99_5" [./flashattentiongemm.h:102]   --->   Operation 158 'zext' 'zext_ln102_5' <Predicate = (!tmp)> <Delay = 0.00>
ST_1 : Operation 159 [1/1] (0.67ns)   --->   "%icmp_ln102_6 = icmp_slt  i32 %zext_ln102_5, i32 %bc_actual_read" [./flashattentiongemm.h:102]   --->   Operation 159 'icmp' 'icmp_ln102_6' <Predicate = (!tmp)> <Delay = 0.67> <CoreInst = "Cmp">   --->   Core 9 'Cmp' <Latency = 0> <II = 1> <Delay = 0.67> <FuncUnit> <Opcode : 'setle' 'setge' 'setlt' 'setgt'> <InPorts = 2> <OutPorts = 1>
ST_1 : Operation 160 [1/1] (0.00ns) (grouped into LUT with out node cond_6)   --->   "%and_ln102_6 = and i1 %cmp60_read, i1 %icmp_ln102_6" [./flashattentiongemm.h:102]   --->   Operation 160 'and' 'and_ln102_6' <Predicate = (!tmp)> <Delay = 0.00> <CoreInst = "LogicGate">   --->   Core 78 'LogicGate' <Latency = 0> <II = 1> <Delay = 0.25> <FuncUnit> <Opcode : 'and' 'or' 'xor'> <InPorts = 2> <OutPorts = 1>
ST_1 : Operation 161 [1/1] (1.16ns)   --->   "%tmp_176 = sparsemux i32 @_ssdm_op_SparseMux.ap_auto.8float.float.i6, i6 0, i32 %acc_row_6_load_reload_read, i6 8, i32 %acc_row_14_load_reload_read, i6 16, i32 %acc_row_22_load_reload_read, i6 24, i32 %acc_row_30_load_reload_read, i6 32, i32 %acc_row_38_load_reload_read, i6 40, i32 %acc_row_46_load_reload_read, i6 48, i32 %acc_row_54_load_reload_read, i6 56, i32 %acc_row_62_load_reload_read, i32 <undef>, i6 %trunc_ln99" [./flashattentiongemm.h:102]   --->   Operation 161 'sparsemux' 'tmp_176' <Predicate = (!tmp)> <Delay = 1.16> <CoreInst = "BinarySparseMux_DontCare">   --->   Core 150 'BinarySparseMux_DontCare' <Latency = 0> <II = 1> <Delay = 1.16> <FuncUnit> <Opcode : 'sparsemux'> <InPorts = 0> <OutPorts = 1>
ST_1 : Operation 162 [1/1] (0.41ns) (out node of the LUT)   --->   "%cond_6 = select i1 %and_ln102_6, i32 %tmp_176, i32 0" [./flashattentiongemm.h:102]   --->   Operation 162 'select' 'cond_6' <Predicate = (!tmp)> <Delay = 0.41> <CoreInst = "Sel">   --->   Core 77 'Sel' <Latency = 0> <II = 1> <Delay = 0.41> <FuncUnit> <Opcode : 'select'> <InPorts = 3> <OutPorts = 1>
ST_1 : Operation 163 [1/1] (0.42ns) (share mux size 2)   --->   "%muxLogicRAMData_to_store_ln102 = muxlogic i32 %cond_6"   --->   Operation 163 'muxlogic' 'muxLogicRAMData_to_store_ln102' <Predicate = (!tmp)> <Delay = 0.42>
ST_1 : Operation 164 [1/1] (0.42ns) (share mux size 2)   --->   "%muxLogicRAMAddr_to_store_ln102 = muxlogic i9 %S_tile_6_addr"   --->   Operation 164 'muxlogic' 'muxLogicRAMAddr_to_store_ln102' <Predicate = (!tmp)> <Delay = 0.42>
ST_1 : Operation 165 [1/1] ( I:0.62ns O:0.62ns ) (share mux size 3)   --->   "%store_ln102 = store i32 %cond_6, i9 %S_tile_6_addr" [./flashattentiongemm.h:102]   --->   Operation 165 'store' 'store_ln102' <Predicate = (!tmp)> <Delay = 0.62> <CoreInst = "RAM_2P_BRAM">   --->   Core 97 'RAM_2P_BRAM' <Latency = 1> <II = 1> <Delay = 0.86> <Storage> <Opcode : 'load' 'store'> <Ports = 2> <Width = 32> <Depth = 512> <RAM>
ST_1 : Operation 166 [1/1] (0.00ns)   --->   "%or_ln99_6 = bitconcatenate i6 @_ssdm_op_BitConcatenate.i6.i3.i3, i3 %lshr_ln, i3 7" [./flashattentiongemm.h:99]   --->   Operation 166 'bitconcatenate' 'or_ln99_6' <Predicate = (!tmp)> <Delay = 0.00>
ST_1 : Operation 167 [1/1] (0.00ns)   --->   "%zext_ln102_6 = zext i6 %or_ln99_6" [./flashattentiongemm.h:102]   --->   Operation 167 'zext' 'zext_ln102_6' <Predicate = (!tmp)> <Delay = 0.00>
ST_1 : Operation 168 [1/1] (0.67ns)   --->   "%icmp_ln102_7 = icmp_slt  i32 %zext_ln102_6, i32 %bc_actual_read" [./flashattentiongemm.h:102]   --->   Operation 168 'icmp' 'icmp_ln102_7' <Predicate = (!tmp)> <Delay = 0.67> <CoreInst = "Cmp">   --->   Core 9 'Cmp' <Latency = 0> <II = 1> <Delay = 0.67> <FuncUnit> <Opcode : 'setle' 'setge' 'setlt' 'setgt'> <InPorts = 2> <OutPorts = 1>
ST_1 : Operation 169 [1/1] (0.00ns) (grouped into LUT with out node cond_7)   --->   "%and_ln102_7 = and i1 %cmp60_read, i1 %icmp_ln102_7" [./flashattentiongemm.h:102]   --->   Operation 169 'and' 'and_ln102_7' <Predicate = (!tmp)> <Delay = 0.00> <CoreInst = "LogicGate">   --->   Core 78 'LogicGate' <Latency = 0> <II = 1> <Delay = 0.25> <FuncUnit> <Opcode : 'and' 'or' 'xor'> <InPorts = 2> <OutPorts = 1>
ST_1 : Operation 170 [1/1] (1.16ns)   --->   "%tmp_177 = sparsemux i32 @_ssdm_op_SparseMux.ap_auto.8float.float.i6, i6 0, i32 %acc_row_7_load_reload_read, i6 8, i32 %acc_row_15_load_reload_read, i6 16, i32 %acc_row_23_load_reload_read, i6 24, i32 %acc_row_31_load_reload_read, i6 32, i32 %acc_row_39_load_reload_read, i6 40, i32 %acc_row_47_load_reload_read, i6 48, i32 %acc_row_55_load_reload_read, i6 56, i32 %acc_row_63_load_reload_read, i32 <undef>, i6 %trunc_ln99" [./flashattentiongemm.h:102]   --->   Operation 170 'sparsemux' 'tmp_177' <Predicate = (!tmp)> <Delay = 1.16> <CoreInst = "BinarySparseMux_DontCare">   --->   Core 150 'BinarySparseMux_DontCare' <Latency = 0> <II = 1> <Delay = 1.16> <FuncUnit> <Opcode : 'sparsemux'> <InPorts = 0> <OutPorts = 1>
ST_1 : Operation 171 [1/1] (0.41ns) (out node of the LUT)   --->   "%cond_7 = select i1 %and_ln102_7, i32 %tmp_177, i32 0" [./flashattentiongemm.h:102]   --->   Operation 171 'select' 'cond_7' <Predicate = (!tmp)> <Delay = 0.41> <CoreInst = "Sel">   --->   Core 77 'Sel' <Latency = 0> <II = 1> <Delay = 0.41> <FuncUnit> <Opcode : 'select'> <InPorts = 3> <OutPorts = 1>
ST_1 : Operation 172 [1/1] (0.42ns) (share mux size 2)   --->   "%muxLogicRAMData_to_store_ln102 = muxlogic i32 %cond_7"   --->   Operation 172 'muxlogic' 'muxLogicRAMData_to_store_ln102' <Predicate = (!tmp)> <Delay = 0.42>
ST_1 : Operation 173 [1/1] (0.42ns) (share mux size 2)   --->   "%muxLogicRAMAddr_to_store_ln102 = muxlogic i9 %S_tile_7_addr"   --->   Operation 173 'muxlogic' 'muxLogicRAMAddr_to_store_ln102' <Predicate = (!tmp)> <Delay = 0.42>
ST_1 : Operation 174 [1/1] ( I:0.62ns O:0.62ns ) (share mux size 3)   --->   "%store_ln102 = store i32 %cond_7, i9 %S_tile_7_addr" [./flashattentiongemm.h:102]   --->   Operation 174 'store' 'store_ln102' <Predicate = (!tmp)> <Delay = 0.62> <CoreInst = "RAM_2P_BRAM">   --->   Core 97 'RAM_2P_BRAM' <Latency = 1> <II = 1> <Delay = 0.86> <Storage> <Opcode : 'load' 'store'> <Ports = 2> <Width = 32> <Depth = 512> <RAM>
ST_1 : Operation 175 [1/1] (0.36ns)   --->   "%store_ln99 = store i7 %add_ln99, i7 %j" [./flashattentiongemm.h:99]   --->   Operation 175 'store' 'store_ln99' <Predicate = (!tmp)> <Delay = 0.36>
ST_1 : Operation 176 [1/1] (0.00ns)   --->   "%br_ln99 = br void %for.body59" [./flashattentiongemm.h:99]   --->   Operation 176 'br' 'br_ln99' <Predicate = (!tmp)> <Delay = 0.00>
ST_1 : Operation 177 [1/1] (0.28ns)   --->   "%ret_ln0 = ret"   --->   Operation 177 'ret' 'ret_ln0' <Predicate = (tmp)> <Delay = 0.28>


============================================================
+ Verbose Summary: Timing violations
============================================================
Target clock period: 10.000ns, clock uncertainty: 2.700ns.

 <State 1>: 2.988ns
The critical path consists of the following:
	'store' operation 0 bit ('store_ln99', ./flashattentiongemm.h:99) of constant 0 on local variable 'j', ./flashattentiongemm.h:99 [152]  (0.360 ns)
	'load' operation 7 bit ('j', ./flashattentiongemm.h:99) on local variable 'j', ./flashattentiongemm.h:99 [155]  (0.000 ns)
	'sparsemux' operation 32 bit ('tmp_s', ./flashattentiongemm.h:102) [178]  (1.166 ns)
	'select' operation 32 bit ('cond', ./flashattentiongemm.h:102) [179]  (0.413 ns)
	'muxlogic' operation 0 bit ('muxLogicRAMData_to_store_ln102') [180]  (0.421 ns)
	'store' operation 0 bit ('store_ln102', ./flashattentiongemm.h:102) of variable 'cond', ./flashattentiongemm.h:102 on array 'S_tile_0' [182]  (0.628 ns)


============================================================
+ Verbose Summary: Binding
============================================================
N/A
* FSMD analyzer results:
  - Output states:
 - Input state : 
  - Chain level:
	State 1


============================================================
+ Verbose Summary: Datapath Resource usage 
============================================================
N/A
