

================================================================
== Vitis HLS Report for 'gemm_qkt'
================================================================
* Date:           Sun Mar 22 18:06:04 2026

* Version:        2025.1 (Build 6135595 on May 21 2025)
* Project:        FlashAtt1
* Solution:       hls (Vivado IP Flow Target)
* Product family: versalhbm
* Target device:  xcvh1582-lsva4737-2LHP-e-S


================================================================
== Performance Estimates
================================================================
+ Timing: 
    * Summary: 
    +--------+----------+----------+------------+
    |  Clock |  Target  | Estimated| Uncertainty|
    +--------+----------+----------+------------+
    |ap_clk  |  10.00 ns|  7.283 ns|     2.70 ns|
    +--------+----------+----------+------------+

+ Latency: 
    * Summary: 
    +---------+---------+----------+----------+-------+-------+---------+
    |  Latency (cycles) |  Latency (absolute) |    Interval   | Pipeline|
    |   min   |   max   |    min   |    max   |  min  |  max  |   Type  |
    +---------+---------+----------+----------+-------+-------+---------+
    |    34817|    34817|  0.348 ms|  0.348 ms|  34817|  34817|       no|
    +---------+---------+----------+----------+-------+-------+---------+

    + Detail: 
        * Instance: 
        N/A

        * Loop: 
        +----------------+---------+---------+----------+-----------+-----------+------+----------+
        |                |  Latency (cycles) | Iteration|  Initiation Interval  | Trip |          |
        |    Loop Name   |   min   |   max   |  Latency |  achieved |   target  | Count| Pipelined|
        +----------------+---------+---------+----------+-----------+-----------+------+----------+
        |- GEMM_QKT_ROW  |    34816|    34816|       544|          -|          -|    64|        no|
        +----------------+---------+---------+----------+-----------+-----------+------+----------+

============================================================
+ Verbose Summary: Synthesis Manager
============================================================
InlineROM: 1
ExposeGlobal: 0
============================================================
+ Verbose Summary: CDFG Model
============================================================
IsTopModel: 0
ResetActiveHigh: 1
IsCombinational: 0
IsDatapathOnly: 0
HasWiredReturn: 1
HasMFsm: 0
HasVarLatency: 1
IsPipeline: 0
IsRtlPipelined: 0
IsInstanceOverlapped: 0
IsDontTouch: 0
HasImplIP: 0
IsGatedGlobalClock: 0


============================================================
+ Verbose Summary: Schedule
============================================================
* Number of FSM states : 5
* Pipeline : 0
* Dataflow Pipeline: 0

* FSM state transitions: 
1 --> 2 
2 --> 3 
3 --> 4 
4 --> 5 
5 --> 2 

* FSM state operations: 

State 1 <SV = 0> <Delay = 0.36>
ST_1 : Operation 6 [1/1] (0.00ns)   --->   "%i = alloca i32 1" [./flashattentiongemm.h:51]   --->   Operation 6 'alloca' 'i' <Predicate = true> <Delay = 0.00>
ST_1 : Operation 7 [1/1] (0.00ns)   --->   "%bc_actual_read = read i32 @_ssdm_op_Read.ap_auto.i32, i32 %bc_actual"   --->   Operation 7 'read' 'bc_actual_read' <Predicate = true> <Delay = 0.00>
ST_1 : Operation 8 [1/1] (0.00ns)   --->   "%br_actual_read = read i32 @_ssdm_op_Read.ap_auto.i32, i32 %br_actual"   --->   Operation 8 'read' 'br_actual_read' <Predicate = true> <Delay = 0.00>
ST_1 : Operation 9 [1/1] (0.00ns)   --->   "%acc_row_63_load_loc = alloca i64 1"   --->   Operation 9 'alloca' 'acc_row_63_load_loc' <Predicate = true> <Delay = 0.00>
ST_1 : Operation 10 [1/1] (0.00ns)   --->   "%acc_row_62_load_loc = alloca i64 1"   --->   Operation 10 'alloca' 'acc_row_62_load_loc' <Predicate = true> <Delay = 0.00>
ST_1 : Operation 11 [1/1] (0.00ns)   --->   "%acc_row_61_load_loc = alloca i64 1"   --->   Operation 11 'alloca' 'acc_row_61_load_loc' <Predicate = true> <Delay = 0.00>
ST_1 : Operation 12 [1/1] (0.00ns)   --->   "%acc_row_60_load_loc = alloca i64 1"   --->   Operation 12 'alloca' 'acc_row_60_load_loc' <Predicate = true> <Delay = 0.00>
ST_1 : Operation 13 [1/1] (0.00ns)   --->   "%acc_row_59_load_loc = alloca i64 1"   --->   Operation 13 'alloca' 'acc_row_59_load_loc' <Predicate = true> <Delay = 0.00>
ST_1 : Operation 14 [1/1] (0.00ns)   --->   "%acc_row_58_load_loc = alloca i64 1"   --->   Operation 14 'alloca' 'acc_row_58_load_loc' <Predicate = true> <Delay = 0.00>
ST_1 : Operation 15 [1/1] (0.00ns)   --->   "%acc_row_57_load_loc = alloca i64 1"   --->   Operation 15 'alloca' 'acc_row_57_load_loc' <Predicate = true> <Delay = 0.00>
ST_1 : Operation 16 [1/1] (0.00ns)   --->   "%acc_row_56_load_loc = alloca i64 1"   --->   Operation 16 'alloca' 'acc_row_56_load_loc' <Predicate = true> <Delay = 0.00>
ST_1 : Operation 17 [1/1] (0.00ns)   --->   "%acc_row_55_load_loc = alloca i64 1"   --->   Operation 17 'alloca' 'acc_row_55_load_loc' <Predicate = true> <Delay = 0.00>
ST_1 : Operation 18 [1/1] (0.00ns)   --->   "%acc_row_54_load_loc = alloca i64 1"   --->   Operation 18 'alloca' 'acc_row_54_load_loc' <Predicate = true> <Delay = 0.00>
ST_1 : Operation 19 [1/1] (0.00ns)   --->   "%acc_row_53_load_loc = alloca i64 1"   --->   Operation 19 'alloca' 'acc_row_53_load_loc' <Predicate = true> <Delay = 0.00>
ST_1 : Operation 20 [1/1] (0.00ns)   --->   "%acc_row_52_load_loc = alloca i64 1"   --->   Operation 20 'alloca' 'acc_row_52_load_loc' <Predicate = true> <Delay = 0.00>
ST_1 : Operation 21 [1/1] (0.00ns)   --->   "%acc_row_51_load_loc = alloca i64 1"   --->   Operation 21 'alloca' 'acc_row_51_load_loc' <Predicate = true> <Delay = 0.00>
ST_1 : Operation 22 [1/1] (0.00ns)   --->   "%acc_row_50_load_loc = alloca i64 1"   --->   Operation 22 'alloca' 'acc_row_50_load_loc' <Predicate = true> <Delay = 0.00>
ST_1 : Operation 23 [1/1] (0.00ns)   --->   "%acc_row_49_load_loc = alloca i64 1"   --->   Operation 23 'alloca' 'acc_row_49_load_loc' <Predicate = true> <Delay = 0.00>
ST_1 : Operation 24 [1/1] (0.00ns)   --->   "%acc_row_48_load_loc = alloca i64 1"   --->   Operation 24 'alloca' 'acc_row_48_load_loc' <Predicate = true> <Delay = 0.00>
ST_1 : Operation 25 [1/1] (0.00ns)   --->   "%acc_row_47_load_loc = alloca i64 1"   --->   Operation 25 'alloca' 'acc_row_47_load_loc' <Predicate = true> <Delay = 0.00>
ST_1 : Operation 26 [1/1] (0.00ns)   --->   "%acc_row_46_load_loc = alloca i64 1"   --->   Operation 26 'alloca' 'acc_row_46_load_loc' <Predicate = true> <Delay = 0.00>
ST_1 : Operation 27 [1/1] (0.00ns)   --->   "%acc_row_45_load_loc = alloca i64 1"   --->   Operation 27 'alloca' 'acc_row_45_load_loc' <Predicate = true> <Delay = 0.00>
ST_1 : Operation 28 [1/1] (0.00ns)   --->   "%acc_row_44_load_loc = alloca i64 1"   --->   Operation 28 'alloca' 'acc_row_44_load_loc' <Predicate = true> <Delay = 0.00>
ST_1 : Operation 29 [1/1] (0.00ns)   --->   "%acc_row_43_load_loc = alloca i64 1"   --->   Operation 29 'alloca' 'acc_row_43_load_loc' <Predicate = true> <Delay = 0.00>
ST_1 : Operation 30 [1/1] (0.00ns)   --->   "%acc_row_42_load_loc = alloca i64 1"   --->   Operation 30 'alloca' 'acc_row_42_load_loc' <Predicate = true> <Delay = 0.00>
ST_1 : Operation 31 [1/1] (0.00ns)   --->   "%acc_row_41_load_loc = alloca i64 1"   --->   Operation 31 'alloca' 'acc_row_41_load_loc' <Predicate = true> <Delay = 0.00>
ST_1 : Operation 32 [1/1] (0.00ns)   --->   "%acc_row_40_load_loc = alloca i64 1"   --->   Operation 32 'alloca' 'acc_row_40_load_loc' <Predicate = true> <Delay = 0.00>
ST_1 : Operation 33 [1/1] (0.00ns)   --->   "%acc_row_39_load_loc = alloca i64 1"   --->   Operation 33 'alloca' 'acc_row_39_load_loc' <Predicate = true> <Delay = 0.00>
ST_1 : Operation 34 [1/1] (0.00ns)   --->   "%acc_row_38_load_loc = alloca i64 1"   --->   Operation 34 'alloca' 'acc_row_38_load_loc' <Predicate = true> <Delay = 0.00>
ST_1 : Operation 35 [1/1] (0.00ns)   --->   "%acc_row_37_load_loc = alloca i64 1"   --->   Operation 35 'alloca' 'acc_row_37_load_loc' <Predicate = true> <Delay = 0.00>
ST_1 : Operation 36 [1/1] (0.00ns)   --->   "%acc_row_36_load_loc = alloca i64 1"   --->   Operation 36 'alloca' 'acc_row_36_load_loc' <Predicate = true> <Delay = 0.00>
ST_1 : Operation 37 [1/1] (0.00ns)   --->   "%acc_row_35_load_loc = alloca i64 1"   --->   Operation 37 'alloca' 'acc_row_35_load_loc' <Predicate = true> <Delay = 0.00>
ST_1 : Operation 38 [1/1] (0.00ns)   --->   "%acc_row_34_load_loc = alloca i64 1"   --->   Operation 38 'alloca' 'acc_row_34_load_loc' <Predicate = true> <Delay = 0.00>
ST_1 : Operation 39 [1/1] (0.00ns)   --->   "%acc_row_33_load_loc = alloca i64 1"   --->   Operation 39 'alloca' 'acc_row_33_load_loc' <Predicate = true> <Delay = 0.00>
ST_1 : Operation 40 [1/1] (0.00ns)   --->   "%acc_row_32_load_loc = alloca i64 1"   --->   Operation 40 'alloca' 'acc_row_32_load_loc' <Predicate = true> <Delay = 0.00>
ST_1 : Operation 41 [1/1] (0.00ns)   --->   "%acc_row_31_load_loc = alloca i64 1"   --->   Operation 41 'alloca' 'acc_row_31_load_loc' <Predicate = true> <Delay = 0.00>
ST_1 : Operation 42 [1/1] (0.00ns)   --->   "%acc_row_30_load_loc = alloca i64 1"   --->   Operation 42 'alloca' 'acc_row_30_load_loc' <Predicate = true> <Delay = 0.00>
ST_1 : Operation 43 [1/1] (0.00ns)   --->   "%acc_row_29_load_loc = alloca i64 1"   --->   Operation 43 'alloca' 'acc_row_29_load_loc' <Predicate = true> <Delay = 0.00>
ST_1 : Operation 44 [1/1] (0.00ns)   --->   "%acc_row_28_load_loc = alloca i64 1"   --->   Operation 44 'alloca' 'acc_row_28_load_loc' <Predicate = true> <Delay = 0.00>
ST_1 : Operation 45 [1/1] (0.00ns)   --->   "%acc_row_27_load_loc = alloca i64 1"   --->   Operation 45 'alloca' 'acc_row_27_load_loc' <Predicate = true> <Delay = 0.00>
ST_1 : Operation 46 [1/1] (0.00ns)   --->   "%acc_row_26_load_loc = alloca i64 1"   --->   Operation 46 'alloca' 'acc_row_26_load_loc' <Predicate = true> <Delay = 0.00>
ST_1 : Operation 47 [1/1] (0.00ns)   --->   "%acc_row_25_load_loc = alloca i64 1"   --->   Operation 47 'alloca' 'acc_row_25_load_loc' <Predicate = true> <Delay = 0.00>
ST_1 : Operation 48 [1/1] (0.00ns)   --->   "%acc_row_24_load_loc = alloca i64 1"   --->   Operation 48 'alloca' 'acc_row_24_load_loc' <Predicate = true> <Delay = 0.00>
ST_1 : Operation 49 [1/1] (0.00ns)   --->   "%acc_row_23_load_loc = alloca i64 1"   --->   Operation 49 'alloca' 'acc_row_23_load_loc' <Predicate = true> <Delay = 0.00>
ST_1 : Operation 50 [1/1] (0.00ns)   --->   "%acc_row_22_load_loc = alloca i64 1"   --->   Operation 50 'alloca' 'acc_row_22_load_loc' <Predicate = true> <Delay = 0.00>
ST_1 : Operation 51 [1/1] (0.00ns)   --->   "%acc_row_21_load_loc = alloca i64 1"   --->   Operation 51 'alloca' 'acc_row_21_load_loc' <Predicate = true> <Delay = 0.00>
ST_1 : Operation 52 [1/1] (0.00ns)   --->   "%acc_row_20_load_loc = alloca i64 1"   --->   Operation 52 'alloca' 'acc_row_20_load_loc' <Predicate = true> <Delay = 0.00>
ST_1 : Operation 53 [1/1] (0.00ns)   --->   "%acc_row_19_load_loc = alloca i64 1"   --->   Operation 53 'alloca' 'acc_row_19_load_loc' <Predicate = true> <Delay = 0.00>
ST_1 : Operation 54 [1/1] (0.00ns)   --->   "%acc_row_18_load_loc = alloca i64 1"   --->   Operation 54 'alloca' 'acc_row_18_load_loc' <Predicate = true> <Delay = 0.00>
ST_1 : Operation 55 [1/1] (0.00ns)   --->   "%acc_row_17_load_loc = alloca i64 1"   --->   Operation 55 'alloca' 'acc_row_17_load_loc' <Predicate = true> <Delay = 0.00>
ST_1 : Operation 56 [1/1] (0.00ns)   --->   "%acc_row_16_load_loc = alloca i64 1"   --->   Operation 56 'alloca' 'acc_row_16_load_loc' <Predicate = true> <Delay = 0.00>
ST_1 : Operation 57 [1/1] (0.00ns)   --->   "%acc_row_15_load_loc = alloca i64 1"   --->   Operation 57 'alloca' 'acc_row_15_load_loc' <Predicate = true> <Delay = 0.00>
ST_1 : Operation 58 [1/1] (0.00ns)   --->   "%acc_row_14_load_loc = alloca i64 1"   --->   Operation 58 'alloca' 'acc_row_14_load_loc' <Predicate = true> <Delay = 0.00>
ST_1 : Operation 59 [1/1] (0.00ns)   --->   "%acc_row_13_load_loc = alloca i64 1"   --->   Operation 59 'alloca' 'acc_row_13_load_loc' <Predicate = true> <Delay = 0.00>
ST_1 : Operation 60 [1/1] (0.00ns)   --->   "%acc_row_12_load_loc = alloca i64 1"   --->   Operation 60 'alloca' 'acc_row_12_load_loc' <Predicate = true> <Delay = 0.00>
ST_1 : Operation 61 [1/1] (0.00ns)   --->   "%acc_row_11_load_loc = alloca i64 1"   --->   Operation 61 'alloca' 'acc_row_11_load_loc' <Predicate = true> <Delay = 0.00>
ST_1 : Operation 62 [1/1] (0.00ns)   --->   "%acc_row_10_load_loc = alloca i64 1"   --->   Operation 62 'alloca' 'acc_row_10_load_loc' <Predicate = true> <Delay = 0.00>
ST_1 : Operation 63 [1/1] (0.00ns)   --->   "%acc_row_9_load_loc = alloca i64 1"   --->   Operation 63 'alloca' 'acc_row_9_load_loc' <Predicate = true> <Delay = 0.00>
ST_1 : Operation 64 [1/1] (0.00ns)   --->   "%acc_row_8_load_loc = alloca i64 1"   --->   Operation 64 'alloca' 'acc_row_8_load_loc' <Predicate = true> <Delay = 0.00>
ST_1 : Operation 65 [1/1] (0.00ns)   --->   "%acc_row_7_load_loc = alloca i64 1"   --->   Operation 65 'alloca' 'acc_row_7_load_loc' <Predicate = true> <Delay = 0.00>
ST_1 : Operation 66 [1/1] (0.00ns)   --->   "%acc_row_6_load_loc = alloca i64 1"   --->   Operation 66 'alloca' 'acc_row_6_load_loc' <Predicate = true> <Delay = 0.00>
ST_1 : Operation 67 [1/1] (0.00ns)   --->   "%acc_row_5_load_loc = alloca i64 1"   --->   Operation 67 'alloca' 'acc_row_5_load_loc' <Predicate = true> <Delay = 0.00>
ST_1 : Operation 68 [1/1] (0.00ns)   --->   "%acc_row_4_load_loc = alloca i64 1"   --->   Operation 68 'alloca' 'acc_row_4_load_loc' <Predicate = true> <Delay = 0.00>
ST_1 : Operation 69 [1/1] (0.00ns)   --->   "%acc_row_3_load_loc = alloca i64 1"   --->   Operation 69 'alloca' 'acc_row_3_load_loc' <Predicate = true> <Delay = 0.00>
ST_1 : Operation 70 [1/1] (0.00ns)   --->   "%acc_row_2_load_loc = alloca i64 1"   --->   Operation 70 'alloca' 'acc_row_2_load_loc' <Predicate = true> <Delay = 0.00>
ST_1 : Operation 71 [1/1] (0.00ns)   --->   "%acc_row_1_load_loc = alloca i64 1"   --->   Operation 71 'alloca' 'acc_row_1_load_loc' <Predicate = true> <Delay = 0.00>
ST_1 : Operation 72 [1/1] (0.00ns)   --->   "%acc_row_load_loc = alloca i64 1"   --->   Operation 72 'alloca' 'acc_row_load_loc' <Predicate = true> <Delay = 0.00>
ST_1 : Operation 73 [1/1] (0.00ns)   --->   "%specmemcore_ln0 = specmemcore void @_ssdm_op_SpecMemCore, i32 %S_tile_0, i64 666, i64 22, i64 18446744073709551615"   --->   Operation 73 'specmemcore' 'specmemcore_ln0' <Predicate = true> <Delay = 0.00>
ST_1 : Operation 74 [1/1] (0.00ns)   --->   "%specmemcore_ln0 = specmemcore void @_ssdm_op_SpecMemCore, i32 %S_tile_1, i64 666, i64 22, i64 18446744073709551615"   --->   Operation 74 'specmemcore' 'specmemcore_ln0' <Predicate = true> <Delay = 0.00>
ST_1 : Operation 75 [1/1] (0.00ns)   --->   "%specmemcore_ln0 = specmemcore void @_ssdm_op_SpecMemCore, i32 %S_tile_2, i64 666, i64 22, i64 18446744073709551615"   --->   Operation 75 'specmemcore' 'specmemcore_ln0' <Predicate = true> <Delay = 0.00>
ST_1 : Operation 76 [1/1] (0.00ns)   --->   "%specmemcore_ln0 = specmemcore void @_ssdm_op_SpecMemCore, i32 %S_tile_3, i64 666, i64 22, i64 18446744073709551615"   --->   Operation 76 'specmemcore' 'specmemcore_ln0' <Predicate = true> <Delay = 0.00>
ST_1 : Operation 77 [1/1] (0.00ns)   --->   "%specmemcore_ln0 = specmemcore void @_ssdm_op_SpecMemCore, i32 %S_tile_4, i64 666, i64 22, i64 18446744073709551615"   --->   Operation 77 'specmemcore' 'specmemcore_ln0' <Predicate = true> <Delay = 0.00>
ST_1 : Operation 78 [1/1] (0.00ns)   --->   "%specmemcore_ln0 = specmemcore void @_ssdm_op_SpecMemCore, i32 %S_tile_5, i64 666, i64 22, i64 18446744073709551615"   --->   Operation 78 'specmemcore' 'specmemcore_ln0' <Predicate = true> <Delay = 0.00>
ST_1 : Operation 79 [1/1] (0.00ns)   --->   "%specmemcore_ln0 = specmemcore void @_ssdm_op_SpecMemCore, i32 %S_tile_6, i64 666, i64 22, i64 18446744073709551615"   --->   Operation 79 'specmemcore' 'specmemcore_ln0' <Predicate = true> <Delay = 0.00>
ST_1 : Operation 80 [1/1] (0.00ns)   --->   "%specmemcore_ln0 = specmemcore void @_ssdm_op_SpecMemCore, i32 %S_tile_7, i64 666, i64 22, i64 18446744073709551615"   --->   Operation 80 'specmemcore' 'specmemcore_ln0' <Predicate = true> <Delay = 0.00>
ST_1 : Operation 81 [1/1] (0.00ns)   --->   "%specmemcore_ln0 = specmemcore void @_ssdm_op_SpecMemCore, i16 %Q_tile_0, i64 666, i64 22, i64 18446744073709551615"   --->   Operation 81 'specmemcore' 'specmemcore_ln0' <Predicate = true> <Delay = 0.00>
ST_1 : Operation 82 [1/1] (0.00ns)   --->   "%specmemcore_ln0 = specmemcore void @_ssdm_op_SpecMemCore, i16 %Q_tile_1, i64 666, i64 22, i64 18446744073709551615"   --->   Operation 82 'specmemcore' 'specmemcore_ln0' <Predicate = true> <Delay = 0.00>
ST_1 : Operation 83 [1/1] (0.00ns)   --->   "%specmemcore_ln0 = specmemcore void @_ssdm_op_SpecMemCore, i16 %Q_tile_2, i64 666, i64 22, i64 18446744073709551615"   --->   Operation 83 'specmemcore' 'specmemcore_ln0' <Predicate = true> <Delay = 0.00>
ST_1 : Operation 84 [1/1] (0.00ns)   --->   "%specmemcore_ln0 = specmemcore void @_ssdm_op_SpecMemCore, i16 %Q_tile_3, i64 666, i64 22, i64 18446744073709551615"   --->   Operation 84 'specmemcore' 'specmemcore_ln0' <Predicate = true> <Delay = 0.00>
ST_1 : Operation 85 [1/1] (0.00ns)   --->   "%specmemcore_ln0 = specmemcore void @_ssdm_op_SpecMemCore, i16 %Q_tile_4, i64 666, i64 22, i64 18446744073709551615"   --->   Operation 85 'specmemcore' 'specmemcore_ln0' <Predicate = true> <Delay = 0.00>
ST_1 : Operation 86 [1/1] (0.00ns)   --->   "%specmemcore_ln0 = specmemcore void @_ssdm_op_SpecMemCore, i16 %Q_tile_5, i64 666, i64 22, i64 18446744073709551615"   --->   Operation 86 'specmemcore' 'specmemcore_ln0' <Predicate = true> <Delay = 0.00>
ST_1 : Operation 87 [1/1] (0.00ns)   --->   "%specmemcore_ln0 = specmemcore void @_ssdm_op_SpecMemCore, i16 %Q_tile_6, i64 666, i64 22, i64 18446744073709551615"   --->   Operation 87 'specmemcore' 'specmemcore_ln0' <Predicate = true> <Delay = 0.00>
ST_1 : Operation 88 [1/1] (0.00ns)   --->   "%specmemcore_ln0 = specmemcore void @_ssdm_op_SpecMemCore, i16 %Q_tile_7, i64 666, i64 22, i64 18446744073709551615"   --->   Operation 88 'specmemcore' 'specmemcore_ln0' <Predicate = true> <Delay = 0.00>
ST_1 : Operation 89 [1/1] (0.00ns)   --->   "%specmemcore_ln0 = specmemcore void @_ssdm_op_SpecMemCore, i16 %Q_tile_8, i64 666, i64 22, i64 18446744073709551615"   --->   Operation 89 'specmemcore' 'specmemcore_ln0' <Predicate = true> <Delay = 0.00>
ST_1 : Operation 90 [1/1] (0.00ns)   --->   "%specmemcore_ln0 = specmemcore void @_ssdm_op_SpecMemCore, i16 %Q_tile_9, i64 666, i64 22, i64 18446744073709551615"   --->   Operation 90 'specmemcore' 'specmemcore_ln0' <Predicate = true> <Delay = 0.00>
ST_1 : Operation 91 [1/1] (0.00ns)   --->   "%specmemcore_ln0 = specmemcore void @_ssdm_op_SpecMemCore, i16 %Q_tile_10, i64 666, i64 22, i64 18446744073709551615"   --->   Operation 91 'specmemcore' 'specmemcore_ln0' <Predicate = true> <Delay = 0.00>
ST_1 : Operation 92 [1/1] (0.00ns)   --->   "%specmemcore_ln0 = specmemcore void @_ssdm_op_SpecMemCore, i16 %Q_tile_11, i64 666, i64 22, i64 18446744073709551615"   --->   Operation 92 'specmemcore' 'specmemcore_ln0' <Predicate = true> <Delay = 0.00>
ST_1 : Operation 93 [1/1] (0.00ns)   --->   "%specmemcore_ln0 = specmemcore void @_ssdm_op_SpecMemCore, i16 %Q_tile_12, i64 666, i64 22, i64 18446744073709551615"   --->   Operation 93 'specmemcore' 'specmemcore_ln0' <Predicate = true> <Delay = 0.00>
ST_1 : Operation 94 [1/1] (0.00ns)   --->   "%specmemcore_ln0 = specmemcore void @_ssdm_op_SpecMemCore, i16 %Q_tile_13, i64 666, i64 22, i64 18446744073709551615"   --->   Operation 94 'specmemcore' 'specmemcore_ln0' <Predicate = true> <Delay = 0.00>
ST_1 : Operation 95 [1/1] (0.00ns)   --->   "%specmemcore_ln0 = specmemcore void @_ssdm_op_SpecMemCore, i16 %Q_tile_14, i64 666, i64 22, i64 18446744073709551615"   --->   Operation 95 'specmemcore' 'specmemcore_ln0' <Predicate = true> <Delay = 0.00>
ST_1 : Operation 96 [1/1] (0.00ns)   --->   "%specmemcore_ln0 = specmemcore void @_ssdm_op_SpecMemCore, i16 %Q_tile_15, i64 666, i64 22, i64 18446744073709551615"   --->   Operation 96 'specmemcore' 'specmemcore_ln0' <Predicate = true> <Delay = 0.00>
ST_1 : Operation 97 [1/1] (0.00ns)   --->   "%specmemcore_ln0 = specmemcore void @_ssdm_op_SpecMemCore, i16 %K_tile_0, i64 666, i64 24, i64 18446744073709551615"   --->   Operation 97 'specmemcore' 'specmemcore_ln0' <Predicate = true> <Delay = 0.00>
ST_1 : Operation 98 [1/1] (0.00ns)   --->   "%specmemcore_ln0 = specmemcore void @_ssdm_op_SpecMemCore, i16 %K_tile_1, i64 666, i64 24, i64 18446744073709551615"   --->   Operation 98 'specmemcore' 'specmemcore_ln0' <Predicate = true> <Delay = 0.00>
ST_1 : Operation 99 [1/1] (0.00ns)   --->   "%specmemcore_ln0 = specmemcore void @_ssdm_op_SpecMemCore, i16 %K_tile_2, i64 666, i64 24, i64 18446744073709551615"   --->   Operation 99 'specmemcore' 'specmemcore_ln0' <Predicate = true> <Delay = 0.00>
ST_1 : Operation 100 [1/1] (0.00ns)   --->   "%specmemcore_ln0 = specmemcore void @_ssdm_op_SpecMemCore, i16 %K_tile_3, i64 666, i64 24, i64 18446744073709551615"   --->   Operation 100 'specmemcore' 'specmemcore_ln0' <Predicate = true> <Delay = 0.00>
ST_1 : Operation 101 [1/1] (0.00ns)   --->   "%specmemcore_ln0 = specmemcore void @_ssdm_op_SpecMemCore, i16 %K_tile_4, i64 666, i64 24, i64 18446744073709551615"   --->   Operation 101 'specmemcore' 'specmemcore_ln0' <Predicate = true> <Delay = 0.00>
ST_1 : Operation 102 [1/1] (0.00ns)   --->   "%specmemcore_ln0 = specmemcore void @_ssdm_op_SpecMemCore, i16 %K_tile_5, i64 666, i64 24, i64 18446744073709551615"   --->   Operation 102 'specmemcore' 'specmemcore_ln0' <Predicate = true> <Delay = 0.00>
ST_1 : Operation 103 [1/1] (0.00ns)   --->   "%specmemcore_ln0 = specmemcore void @_ssdm_op_SpecMemCore, i16 %K_tile_6, i64 666, i64 24, i64 18446744073709551615"   --->   Operation 103 'specmemcore' 'specmemcore_ln0' <Predicate = true> <Delay = 0.00>
ST_1 : Operation 104 [1/1] (0.00ns)   --->   "%specmemcore_ln0 = specmemcore void @_ssdm_op_SpecMemCore, i16 %K_tile_7, i64 666, i64 24, i64 18446744073709551615"   --->   Operation 104 'specmemcore' 'specmemcore_ln0' <Predicate = true> <Delay = 0.00>
ST_1 : Operation 105 [1/1] (0.00ns)   --->   "%specmemcore_ln0 = specmemcore void @_ssdm_op_SpecMemCore, i16 %K_tile_8, i64 666, i64 24, i64 18446744073709551615"   --->   Operation 105 'specmemcore' 'specmemcore_ln0' <Predicate = true> <Delay = 0.00>
ST_1 : Operation 106 [1/1] (0.00ns)   --->   "%specmemcore_ln0 = specmemcore void @_ssdm_op_SpecMemCore, i16 %K_tile_9, i64 666, i64 24, i64 18446744073709551615"   --->   Operation 106 'specmemcore' 'specmemcore_ln0' <Predicate = true> <Delay = 0.00>
ST_1 : Operation 107 [1/1] (0.00ns)   --->   "%specmemcore_ln0 = specmemcore void @_ssdm_op_SpecMemCore, i16 %K_tile_10, i64 666, i64 24, i64 18446744073709551615"   --->   Operation 107 'specmemcore' 'specmemcore_ln0' <Predicate = true> <Delay = 0.00>
ST_1 : Operation 108 [1/1] (0.00ns)   --->   "%specmemcore_ln0 = specmemcore void @_ssdm_op_SpecMemCore, i16 %K_tile_11, i64 666, i64 24, i64 18446744073709551615"   --->   Operation 108 'specmemcore' 'specmemcore_ln0' <Predicate = true> <Delay = 0.00>
ST_1 : Operation 109 [1/1] (0.00ns)   --->   "%specmemcore_ln0 = specmemcore void @_ssdm_op_SpecMemCore, i16 %K_tile_12, i64 666, i64 24, i64 18446744073709551615"   --->   Operation 109 'specmemcore' 'specmemcore_ln0' <Predicate = true> <Delay = 0.00>
ST_1 : Operation 110 [1/1] (0.00ns)   --->   "%specmemcore_ln0 = specmemcore void @_ssdm_op_SpecMemCore, i16 %K_tile_13, i64 666, i64 24, i64 18446744073709551615"   --->   Operation 110 'specmemcore' 'specmemcore_ln0' <Predicate = true> <Delay = 0.00>
ST_1 : Operation 111 [1/1] (0.00ns)   --->   "%specmemcore_ln0 = specmemcore void @_ssdm_op_SpecMemCore, i16 %K_tile_14, i64 666, i64 24, i64 18446744073709551615"   --->   Operation 111 'specmemcore' 'specmemcore_ln0' <Predicate = true> <Delay = 0.00>
ST_1 : Operation 112 [1/1] (0.00ns)   --->   "%specmemcore_ln0 = specmemcore void @_ssdm_op_SpecMemCore, i16 %K_tile_15, i64 666, i64 24, i64 18446744073709551615"   --->   Operation 112 'specmemcore' 'specmemcore_ln0' <Predicate = true> <Delay = 0.00>
ST_1 : Operation 113 [1/1] (0.36ns)   --->   "%store_ln51 = store i7 0, i7 %i" [./flashattentiongemm.h:51]   --->   Operation 113 'store' 'store_ln51' <Predicate = true> <Delay = 0.36>
ST_1 : Operation 114 [1/1] (0.00ns)   --->   "%br_ln51 = br void %INIT_ACC" [./flashattentiongemm.h:51]   --->   Operation 114 'br' 'br_ln51' <Predicate = true> <Delay = 0.00>

State 2 <SV = 1> <Delay = 1.26>
ST_2 : Operation 115 [1/1] (0.00ns)   --->   "%i_6 = load i7 %i" [./flashattentiongemm.h:51]   --->   Operation 115 'load' 'i_6' <Predicate = true> <Delay = 0.00>
ST_2 : Operation 116 [1/1] (0.66ns)   --->   "%add_ln51 = add i7 %i_6, i7 1" [./flashattentiongemm.h:51]   --->   Operation 116 'add' 'add_ln51' <Predicate = true> <Delay = 0.66> <CoreInst = "Adder">   --->   Core 1 'Adder' <Latency = 0> <II = 1> <Delay = 0.66> <FuncUnit> <Opcode : 'add' 'sub'> <InPorts = 2> <OutPorts = 1>
ST_2 : Operation 117 [1/1] (0.57ns)   --->   "%icmp_ln51 = icmp_eq  i7 %i_6, i7 64" [./flashattentiongemm.h:51]   --->   Operation 117 'icmp' 'icmp_ln51' <Predicate = true> <Delay = 0.57> <CoreInst = "ICmp_EQ">   --->   Core 156 'ICmp_EQ' <Latency = 0> <II = 1> <Delay = 0.57> <FuncUnit> <Opcode : 'seteq' 'setne'> <InPorts = 2> <OutPorts = 1>
ST_2 : Operation 118 [1/1] (0.00ns)   --->   "%br_ln51 = br i1 %icmp_ln51, void %INIT_ACC.split, void %for.end73" [./flashattentiongemm.h:51]   --->   Operation 118 'br' 'br_ln51' <Predicate = true> <Delay = 0.00>
ST_2 : Operation 119 [1/1] (0.00ns)   --->   "%trunc_ln51 = trunc i7 %i_6" [./flashattentiongemm.h:51]   --->   Operation 119 'trunc' 'trunc_ln51' <Predicate = (!icmp_ln51)> <Delay = 0.00>
ST_2 : Operation 120 [1/1] (0.00ns)   --->   "%tmp_s = bitconcatenate i9 @_ssdm_op_BitConcatenate.i9.i6.i3, i6 %trunc_ln51, i3 0" [./flashattentiongemm.h:73]   --->   Operation 120 'bitconcatenate' 'tmp_s' <Predicate = (!icmp_ln51)> <Delay = 0.00>
ST_2 : Operation 121 [1/1] (0.00ns)   --->   "%zext_ln51 = zext i7 %i_6" [./flashattentiongemm.h:51]   --->   Operation 121 'zext' 'zext_ln51' <Predicate = (!icmp_ln51)> <Delay = 0.00>
ST_2 : Operation 122 [2/2] (0.69ns)   --->   "%call_ln73 = call void @gemm_qkt_Pipeline_GEMM_QKT_KK_GEMM_QKT_COL, i9 %tmp_s, i16 %Q_tile_0, i16 %Q_tile_1, i16 %Q_tile_2, i16 %Q_tile_3, i16 %Q_tile_4, i16 %Q_tile_5, i16 %Q_tile_6, i16 %Q_tile_7, i16 %Q_tile_8, i16 %Q_tile_9, i16 %Q_tile_10, i16 %Q_tile_11, i16 %Q_tile_12, i16 %Q_tile_13, i16 %Q_tile_14, i16 %Q_tile_15, i16 %K_tile_0, i16 %K_tile_1, i16 %K_tile_2, i16 %K_tile_3, i16 %K_tile_4, i16 %K_tile_5, i16 %K_tile_6, i16 %K_tile_7, i16 %K_tile_8, i16 %K_tile_9, i16 %K_tile_10, i16 %K_tile_11, i16 %K_tile_12, i16 %K_tile_13, i16 %K_tile_14, i16 %K_tile_15, i32 %acc_row_load_loc, i32 %acc_row_1_load_loc, i32 %acc_row_2_load_loc, i32 %acc_row_3_load_loc, i32 %acc_row_4_load_loc, i32 %acc_row_5_load_loc, i32 %acc_row_6_load_loc, i32 %acc_row_7_load_loc, i32 %acc_row_8_load_loc, i32 %acc_row_9_load_loc, i32 %acc_row_10_load_loc, i32 %acc_row_11_load_loc, i32 %acc_row_12_load_loc, i32 %acc_row_13_load_loc, i32 %acc_row_14_load_loc, i32 %acc_row_15_load_loc, i32 %acc_row_16_load_loc, i32 %acc_row_17_load_loc, i32 %acc_row_18_load_loc, i32 %acc_row_19_load_loc, i32 %acc_row_20_load_loc, i32 %acc_row_21_load_loc, i32 %acc_row_22_load_loc, i32 %acc_row_23_load_loc, i32 %acc_row_24_load_loc, i32 %acc_row_25_load_loc, i32 %acc_row_26_load_loc, i32 %acc_row_27_load_loc, i32 %acc_row_28_load_loc, i32 %acc_row_29_load_loc, i32 %acc_row_30_load_loc, i32 %acc_row_31_load_loc, i32 %acc_row_32_load_loc, i32 %acc_row_33_load_loc, i32 %acc_row_34_load_loc, i32 %acc_row_35_load_loc, i32 %acc_row_36_load_loc, i32 %acc_row_37_load_loc, i32 %acc_row_38_load_loc, i32 %acc_row_39_load_loc, i32 %acc_row_40_load_loc, i32 %acc_row_41_load_loc, i32 %acc_row_42_load_loc, i32 %acc_row_43_load_loc, i32 %acc_row_44_load_loc, i32 %acc_row_45_load_loc, i32 %acc_row_46_load_loc, i32 %acc_row_47_load_loc, i32 %acc_row_48_load_loc, i32 %acc_row_49_load_loc, i32 %acc_row_50_load_loc, i32 %acc_row_51_load_loc, i32 %acc_row_52_load_loc, i32 %acc_row_53_load_loc, i32 %acc_row_54_load_loc, i32 %acc_row_55_load_loc, i32 %acc_row_56_load_loc, i32 %acc_row_57_load_loc, i32 %acc_row_58_load_loc, i32 %acc_row_59_load_loc, i32 %acc_row_60_load_loc, i32 %acc_row_61_load_loc, i32 %acc_row_62_load_loc, i32 %acc_row_63_load_loc" [./flashattentiongemm.h:73]   --->   Operation 122 'call' 'call_ln73' <Predicate = (!icmp_ln51)> <Delay = 0.69> <CoreType = "Generic">   --->   Generic Core
ST_2 : Operation 123 [1/1] (0.67ns)   --->   "%cmp60 = icmp_slt  i32 %zext_ln51, i32 %br_actual_read" [./flashattentiongemm.h:51]   --->   Operation 123 'icmp' 'cmp60' <Predicate = (!icmp_ln51)> <Delay = 0.67> <CoreInst = "Cmp">   --->   Core 9 'Cmp' <Latency = 0> <II = 1> <Delay = 0.67> <FuncUnit> <Opcode : 'setle' 'setge' 'setlt' 'setgt'> <InPorts = 2> <OutPorts = 1>
ST_2 : Operation 124 [1/1] (0.36ns)   --->   "%store_ln51 = store i7 %add_ln51, i7 %i" [./flashattentiongemm.h:51]   --->   Operation 124 'store' 'store_ln51' <Predicate = (!icmp_ln51)> <Delay = 0.36>
ST_2 : Operation 125 [1/1] (0.00ns)   --->   "%ret_ln105 = ret" [./flashattentiongemm.h:105]   --->   Operation 125 'ret' 'ret_ln105' <Predicate = (icmp_ln51)> <Delay = 0.00>

State 3 <SV = 2> <Delay = 0.00>
ST_3 : Operation 126 [1/2] (0.00ns)   --->   "%call_ln73 = call void @gemm_qkt_Pipeline_GEMM_QKT_KK_GEMM_QKT_COL, i9 %tmp_s, i16 %Q_tile_0, i16 %Q_tile_1, i16 %Q_tile_2, i16 %Q_tile_3, i16 %Q_tile_4, i16 %Q_tile_5, i16 %Q_tile_6, i16 %Q_tile_7, i16 %Q_tile_8, i16 %Q_tile_9, i16 %Q_tile_10, i16 %Q_tile_11, i16 %Q_tile_12, i16 %Q_tile_13, i16 %Q_tile_14, i16 %Q_tile_15, i16 %K_tile_0, i16 %K_tile_1, i16 %K_tile_2, i16 %K_tile_3, i16 %K_tile_4, i16 %K_tile_5, i16 %K_tile_6, i16 %K_tile_7, i16 %K_tile_8, i16 %K_tile_9, i16 %K_tile_10, i16 %K_tile_11, i16 %K_tile_12, i16 %K_tile_13, i16 %K_tile_14, i16 %K_tile_15, i32 %acc_row_load_loc, i32 %acc_row_1_load_loc, i32 %acc_row_2_load_loc, i32 %acc_row_3_load_loc, i32 %acc_row_4_load_loc, i32 %acc_row_5_load_loc, i32 %acc_row_6_load_loc, i32 %acc_row_7_load_loc, i32 %acc_row_8_load_loc, i32 %acc_row_9_load_loc, i32 %acc_row_10_load_loc, i32 %acc_row_11_load_loc, i32 %acc_row_12_load_loc, i32 %acc_row_13_load_loc, i32 %acc_row_14_load_loc, i32 %acc_row_15_load_loc, i32 %acc_row_16_load_loc, i32 %acc_row_17_load_loc, i32 %acc_row_18_load_loc, i32 %acc_row_19_load_loc, i32 %acc_row_20_load_loc, i32 %acc_row_21_load_loc, i32 %acc_row_22_load_loc, i32 %acc_row_23_load_loc, i32 %acc_row_24_load_loc, i32 %acc_row_25_load_loc, i32 %acc_row_26_load_loc, i32 %acc_row_27_load_loc, i32 %acc_row_28_load_loc, i32 %acc_row_29_load_loc, i32 %acc_row_30_load_loc, i32 %acc_row_31_load_loc, i32 %acc_row_32_load_loc, i32 %acc_row_33_load_loc, i32 %acc_row_34_load_loc, i32 %acc_row_35_load_loc, i32 %acc_row_36_load_loc, i32 %acc_row_37_load_loc, i32 %acc_row_38_load_loc, i32 %acc_row_39_load_loc, i32 %acc_row_40_load_loc, i32 %acc_row_41_load_loc, i32 %acc_row_42_load_loc, i32 %acc_row_43_load_loc, i32 %acc_row_44_load_loc, i32 %acc_row_45_load_loc, i32 %acc_row_46_load_loc, i32 %acc_row_47_load_loc, i32 %acc_row_48_load_loc, i32 %acc_row_49_load_loc, i32 %acc_row_50_load_loc, i32 %acc_row_51_load_loc, i32 %acc_row_52_load_loc, i32 %acc_row_53_load_loc, i32 %acc_row_54_load_loc, i32 %acc_row_55_load_loc, i32 %acc_row_56_load_loc, i32 %acc_row_57_load_loc, i32 %acc_row_58_load_loc, i32 %acc_row_59_load_loc, i32 %acc_row_60_load_loc, i32 %acc_row_61_load_loc, i32 %acc_row_62_load_loc, i32 %acc_row_63_load_loc" [./flashattentiongemm.h:73]   --->   Operation 126 'call' 'call_ln73' <Predicate = true> <Delay = 0.00> <CoreType = "Generic">   --->   Generic Core

State 4 <SV = 3> <Delay = 2.62>
ST_4 : Operation 127 [1/1] (0.00ns)   --->   "%acc_row_load = load i32 %acc_row_load_loc"   --->   Operation 127 'load' 'acc_row_load' <Predicate = true> <Delay = 0.00>
ST_4 : Operation 128 [1/1] (0.00ns)   --->   "%acc_row_1_load = load i32 %acc_row_1_load_loc"   --->   Operation 128 'load' 'acc_row_1_load' <Predicate = true> <Delay = 0.00>
ST_4 : Operation 129 [1/1] (0.00ns)   --->   "%acc_row_2_load = load i32 %acc_row_2_load_loc"   --->   Operation 129 'load' 'acc_row_2_load' <Predicate = true> <Delay = 0.00>
ST_4 : Operation 130 [1/1] (0.00ns)   --->   "%acc_row_3_load = load i32 %acc_row_3_load_loc"   --->   Operation 130 'load' 'acc_row_3_load' <Predicate = true> <Delay = 0.00>
ST_4 : Operation 131 [1/1] (0.00ns)   --->   "%acc_row_4_load = load i32 %acc_row_4_load_loc"   --->   Operation 131 'load' 'acc_row_4_load' <Predicate = true> <Delay = 0.00>
ST_4 : Operation 132 [1/1] (0.00ns)   --->   "%acc_row_5_load = load i32 %acc_row_5_load_loc"   --->   Operation 132 'load' 'acc_row_5_load' <Predicate = true> <Delay = 0.00>
ST_4 : Operation 133 [1/1] (0.00ns)   --->   "%acc_row_6_load = load i32 %acc_row_6_load_loc"   --->   Operation 133 'load' 'acc_row_6_load' <Predicate = true> <Delay = 0.00>
ST_4 : Operation 134 [1/1] (0.00ns)   --->   "%acc_row_7_load = load i32 %acc_row_7_load_loc"   --->   Operation 134 'load' 'acc_row_7_load' <Predicate = true> <Delay = 0.00>
ST_4 : Operation 135 [1/1] (0.00ns)   --->   "%acc_row_8_load = load i32 %acc_row_8_load_loc"   --->   Operation 135 'load' 'acc_row_8_load' <Predicate = true> <Delay = 0.00>
ST_4 : Operation 136 [1/1] (0.00ns)   --->   "%acc_row_9_load = load i32 %acc_row_9_load_loc"   --->   Operation 136 'load' 'acc_row_9_load' <Predicate = true> <Delay = 0.00>
ST_4 : Operation 137 [1/1] (0.00ns)   --->   "%acc_row_10_load = load i32 %acc_row_10_load_loc"   --->   Operation 137 'load' 'acc_row_10_load' <Predicate = true> <Delay = 0.00>
ST_4 : Operation 138 [1/1] (0.00ns)   --->   "%acc_row_11_load = load i32 %acc_row_11_load_loc"   --->   Operation 138 'load' 'acc_row_11_load' <Predicate = true> <Delay = 0.00>
ST_4 : Operation 139 [1/1] (0.00ns)   --->   "%acc_row_12_load = load i32 %acc_row_12_load_loc"   --->   Operation 139 'load' 'acc_row_12_load' <Predicate = true> <Delay = 0.00>
ST_4 : Operation 140 [1/1] (0.00ns)   --->   "%acc_row_13_load = load i32 %acc_row_13_load_loc"   --->   Operation 140 'load' 'acc_row_13_load' <Predicate = true> <Delay = 0.00>
ST_4 : Operation 141 [1/1] (0.00ns)   --->   "%acc_row_14_load = load i32 %acc_row_14_load_loc"   --->   Operation 141 'load' 'acc_row_14_load' <Predicate = true> <Delay = 0.00>
ST_4 : Operation 142 [1/1] (0.00ns)   --->   "%acc_row_15_load = load i32 %acc_row_15_load_loc"   --->   Operation 142 'load' 'acc_row_15_load' <Predicate = true> <Delay = 0.00>
ST_4 : Operation 143 [1/1] (0.00ns)   --->   "%acc_row_16_load = load i32 %acc_row_16_load_loc"   --->   Operation 143 'load' 'acc_row_16_load' <Predicate = true> <Delay = 0.00>
ST_4 : Operation 144 [1/1] (0.00ns)   --->   "%acc_row_17_load = load i32 %acc_row_17_load_loc"   --->   Operation 144 'load' 'acc_row_17_load' <Predicate = true> <Delay = 0.00>
ST_4 : Operation 145 [1/1] (0.00ns)   --->   "%acc_row_18_load = load i32 %acc_row_18_load_loc"   --->   Operation 145 'load' 'acc_row_18_load' <Predicate = true> <Delay = 0.00>
ST_4 : Operation 146 [1/1] (0.00ns)   --->   "%acc_row_19_load = load i32 %acc_row_19_load_loc"   --->   Operation 146 'load' 'acc_row_19_load' <Predicate = true> <Delay = 0.00>
ST_4 : Operation 147 [1/1] (0.00ns)   --->   "%acc_row_20_load = load i32 %acc_row_20_load_loc"   --->   Operation 147 'load' 'acc_row_20_load' <Predicate = true> <Delay = 0.00>
ST_4 : Operation 148 [1/1] (0.00ns)   --->   "%acc_row_21_load = load i32 %acc_row_21_load_loc"   --->   Operation 148 'load' 'acc_row_21_load' <Predicate = true> <Delay = 0.00>
ST_4 : Operation 149 [1/1] (0.00ns)   --->   "%acc_row_22_load = load i32 %acc_row_22_load_loc"   --->   Operation 149 'load' 'acc_row_22_load' <Predicate = true> <Delay = 0.00>
ST_4 : Operation 150 [1/1] (0.00ns)   --->   "%acc_row_23_load = load i32 %acc_row_23_load_loc"   --->   Operation 150 'load' 'acc_row_23_load' <Predicate = true> <Delay = 0.00>
ST_4 : Operation 151 [1/1] (0.00ns)   --->   "%acc_row_24_load = load i32 %acc_row_24_load_loc"   --->   Operation 151 'load' 'acc_row_24_load' <Predicate = true> <Delay = 0.00>
ST_4 : Operation 152 [1/1] (0.00ns)   --->   "%acc_row_25_load = load i32 %acc_row_25_load_loc"   --->   Operation 152 'load' 'acc_row_25_load' <Predicate = true> <Delay = 0.00>
ST_4 : Operation 153 [1/1] (0.00ns)   --->   "%acc_row_26_load = load i32 %acc_row_26_load_loc"   --->   Operation 153 'load' 'acc_row_26_load' <Predicate = true> <Delay = 0.00>
ST_4 : Operation 154 [1/1] (0.00ns)   --->   "%acc_row_27_load = load i32 %acc_row_27_load_loc"   --->   Operation 154 'load' 'acc_row_27_load' <Predicate = true> <Delay = 0.00>
ST_4 : Operation 155 [1/1] (0.00ns)   --->   "%acc_row_28_load = load i32 %acc_row_28_load_loc"   --->   Operation 155 'load' 'acc_row_28_load' <Predicate = true> <Delay = 0.00>
ST_4 : Operation 156 [1/1] (0.00ns)   --->   "%acc_row_29_load = load i32 %acc_row_29_load_loc"   --->   Operation 156 'load' 'acc_row_29_load' <Predicate = true> <Delay = 0.00>
ST_4 : Operation 157 [1/1] (0.00ns)   --->   "%acc_row_30_load = load i32 %acc_row_30_load_loc"   --->   Operation 157 'load' 'acc_row_30_load' <Predicate = true> <Delay = 0.00>
ST_4 : Operation 158 [1/1] (0.00ns)   --->   "%acc_row_31_load = load i32 %acc_row_31_load_loc"   --->   Operation 158 'load' 'acc_row_31_load' <Predicate = true> <Delay = 0.00>
ST_4 : Operation 159 [1/1] (0.00ns)   --->   "%acc_row_32_load = load i32 %acc_row_32_load_loc"   --->   Operation 159 'load' 'acc_row_32_load' <Predicate = true> <Delay = 0.00>
ST_4 : Operation 160 [1/1] (0.00ns)   --->   "%acc_row_33_load = load i32 %acc_row_33_load_loc"   --->   Operation 160 'load' 'acc_row_33_load' <Predicate = true> <Delay = 0.00>
ST_4 : Operation 161 [1/1] (0.00ns)   --->   "%acc_row_34_load = load i32 %acc_row_34_load_loc"   --->   Operation 161 'load' 'acc_row_34_load' <Predicate = true> <Delay = 0.00>
ST_4 : Operation 162 [1/1] (0.00ns)   --->   "%acc_row_35_load = load i32 %acc_row_35_load_loc"   --->   Operation 162 'load' 'acc_row_35_load' <Predicate = true> <Delay = 0.00>
ST_4 : Operation 163 [1/1] (0.00ns)   --->   "%acc_row_36_load = load i32 %acc_row_36_load_loc"   --->   Operation 163 'load' 'acc_row_36_load' <Predicate = true> <Delay = 0.00>
ST_4 : Operation 164 [1/1] (0.00ns)   --->   "%acc_row_37_load = load i32 %acc_row_37_load_loc"   --->   Operation 164 'load' 'acc_row_37_load' <Predicate = true> <Delay = 0.00>
ST_4 : Operation 165 [1/1] (0.00ns)   --->   "%acc_row_38_load = load i32 %acc_row_38_load_loc"   --->   Operation 165 'load' 'acc_row_38_load' <Predicate = true> <Delay = 0.00>
ST_4 : Operation 166 [1/1] (0.00ns)   --->   "%acc_row_39_load = load i32 %acc_row_39_load_loc"   --->   Operation 166 'load' 'acc_row_39_load' <Predicate = true> <Delay = 0.00>
ST_4 : Operation 167 [1/1] (0.00ns)   --->   "%acc_row_40_load = load i32 %acc_row_40_load_loc"   --->   Operation 167 'load' 'acc_row_40_load' <Predicate = true> <Delay = 0.00>
ST_4 : Operation 168 [1/1] (0.00ns)   --->   "%acc_row_41_load = load i32 %acc_row_41_load_loc"   --->   Operation 168 'load' 'acc_row_41_load' <Predicate = true> <Delay = 0.00>
ST_4 : Operation 169 [1/1] (0.00ns)   --->   "%acc_row_42_load = load i32 %acc_row_42_load_loc"   --->   Operation 169 'load' 'acc_row_42_load' <Predicate = true> <Delay = 0.00>
ST_4 : Operation 170 [1/1] (0.00ns)   --->   "%acc_row_43_load = load i32 %acc_row_43_load_loc"   --->   Operation 170 'load' 'acc_row_43_load' <Predicate = true> <Delay = 0.00>
ST_4 : Operation 171 [1/1] (0.00ns)   --->   "%acc_row_44_load = load i32 %acc_row_44_load_loc"   --->   Operation 171 'load' 'acc_row_44_load' <Predicate = true> <Delay = 0.00>
ST_4 : Operation 172 [1/1] (0.00ns)   --->   "%acc_row_45_load = load i32 %acc_row_45_load_loc"   --->   Operation 172 'load' 'acc_row_45_load' <Predicate = true> <Delay = 0.00>
ST_4 : Operation 173 [1/1] (0.00ns)   --->   "%acc_row_46_load = load i32 %acc_row_46_load_loc"   --->   Operation 173 'load' 'acc_row_46_load' <Predicate = true> <Delay = 0.00>
ST_4 : Operation 174 [1/1] (0.00ns)   --->   "%acc_row_47_load = load i32 %acc_row_47_load_loc"   --->   Operation 174 'load' 'acc_row_47_load' <Predicate = true> <Delay = 0.00>
ST_4 : Operation 175 [1/1] (0.00ns)   --->   "%acc_row_48_load = load i32 %acc_row_48_load_loc"   --->   Operation 175 'load' 'acc_row_48_load' <Predicate = true> <Delay = 0.00>
ST_4 : Operation 176 [1/1] (0.00ns)   --->   "%acc_row_49_load = load i32 %acc_row_49_load_loc"   --->   Operation 176 'load' 'acc_row_49_load' <Predicate = true> <Delay = 0.00>
ST_4 : Operation 177 [1/1] (0.00ns)   --->   "%acc_row_50_load = load i32 %acc_row_50_load_loc"   --->   Operation 177 'load' 'acc_row_50_load' <Predicate = true> <Delay = 0.00>
ST_4 : Operation 178 [1/1] (0.00ns)   --->   "%acc_row_51_load = load i32 %acc_row_51_load_loc"   --->   Operation 178 'load' 'acc_row_51_load' <Predicate = true> <Delay = 0.00>
ST_4 : Operation 179 [1/1] (0.00ns)   --->   "%acc_row_52_load = load i32 %acc_row_52_load_loc"   --->   Operation 179 'load' 'acc_row_52_load' <Predicate = true> <Delay = 0.00>
ST_4 : Operation 180 [1/1] (0.00ns)   --->   "%acc_row_53_load = load i32 %acc_row_53_load_loc"   --->   Operation 180 'load' 'acc_row_53_load' <Predicate = true> <Delay = 0.00>
ST_4 : Operation 181 [1/1] (0.00ns)   --->   "%acc_row_54_load = load i32 %acc_row_54_load_loc"   --->   Operation 181 'load' 'acc_row_54_load' <Predicate = true> <Delay = 0.00>
ST_4 : Operation 182 [1/1] (0.00ns)   --->   "%acc_row_55_load = load i32 %acc_row_55_load_loc"   --->   Operation 182 'load' 'acc_row_55_load' <Predicate = true> <Delay = 0.00>
ST_4 : Operation 183 [1/1] (0.00ns)   --->   "%acc_row_56_load = load i32 %acc_row_56_load_loc"   --->   Operation 183 'load' 'acc_row_56_load' <Predicate = true> <Delay = 0.00>
ST_4 : Operation 184 [1/1] (0.00ns)   --->   "%acc_row_57_load = load i32 %acc_row_57_load_loc"   --->   Operation 184 'load' 'acc_row_57_load' <Predicate = true> <Delay = 0.00>
ST_4 : Operation 185 [1/1] (0.00ns)   --->   "%acc_row_58_load = load i32 %acc_row_58_load_loc"   --->   Operation 185 'load' 'acc_row_58_load' <Predicate = true> <Delay = 0.00>
ST_4 : Operation 186 [1/1] (0.00ns)   --->   "%acc_row_59_load = load i32 %acc_row_59_load_loc"   --->   Operation 186 'load' 'acc_row_59_load' <Predicate = true> <Delay = 0.00>
ST_4 : Operation 187 [1/1] (0.00ns)   --->   "%acc_row_60_load = load i32 %acc_row_60_load_loc"   --->   Operation 187 'load' 'acc_row_60_load' <Predicate = true> <Delay = 0.00>
ST_4 : Operation 188 [1/1] (0.00ns)   --->   "%acc_row_61_load = load i32 %acc_row_61_load_loc"   --->   Operation 188 'load' 'acc_row_61_load' <Predicate = true> <Delay = 0.00>
ST_4 : Operation 189 [1/1] (0.00ns)   --->   "%acc_row_62_load = load i32 %acc_row_62_load_loc"   --->   Operation 189 'load' 'acc_row_62_load' <Predicate = true> <Delay = 0.00>
ST_4 : Operation 190 [1/1] (0.00ns)   --->   "%acc_row_63_load = load i32 %acc_row_63_load_loc"   --->   Operation 190 'load' 'acc_row_63_load' <Predicate = true> <Delay = 0.00>
ST_4 : Operation 191 [2/2] (2.62ns)   --->   "%call_ln51 = call void @gemm_qkt_Pipeline_STORE_S_ROW, i6 %trunc_ln51, i32 %S_tile_0, i32 %S_tile_1, i32 %S_tile_2, i32 %S_tile_3, i32 %S_tile_4, i32 %S_tile_5, i32 %S_tile_6, i32 %S_tile_7, i32 %bc_actual_read, i1 %cmp60, i32 %acc_row_load, i32 %acc_row_8_load, i32 %acc_row_16_load, i32 %acc_row_24_load, i32 %acc_row_32_load, i32 %acc_row_40_load, i32 %acc_row_48_load, i32 %acc_row_56_load, i32 %acc_row_1_load, i32 %acc_row_9_load, i32 %acc_row_17_load, i32 %acc_row_25_load, i32 %acc_row_33_load, i32 %acc_row_41_load, i32 %acc_row_49_load, i32 %acc_row_57_load, i32 %acc_row_2_load, i32 %acc_row_10_load, i32 %acc_row_18_load, i32 %acc_row_26_load, i32 %acc_row_34_load, i32 %acc_row_42_load, i32 %acc_row_50_load, i32 %acc_row_58_load, i32 %acc_row_3_load, i32 %acc_row_11_load, i32 %acc_row_19_load, i32 %acc_row_27_load, i32 %acc_row_35_load, i32 %acc_row_43_load, i32 %acc_row_51_load, i32 %acc_row_59_load, i32 %acc_row_4_load, i32 %acc_row_12_load, i32 %acc_row_20_load, i32 %acc_row_28_load, i32 %acc_row_36_load, i32 %acc_row_44_load, i32 %acc_row_52_load, i32 %acc_row_60_load, i32 %acc_row_5_load, i32 %acc_row_13_load, i32 %acc_row_21_load, i32 %acc_row_29_load, i32 %acc_row_37_load, i32 %acc_row_45_load, i32 %acc_row_53_load, i32 %acc_row_61_load, i32 %acc_row_6_load, i32 %acc_row_14_load, i32 %acc_row_22_load, i32 %acc_row_30_load, i32 %acc_row_38_load, i32 %acc_row_46_load, i32 %acc_row_54_load, i32 %acc_row_62_load, i32 %acc_row_7_load, i32 %acc_row_15_load, i32 %acc_row_23_load, i32 %acc_row_31_load, i32 %acc_row_39_load, i32 %acc_row_47_load, i32 %acc_row_55_load, i32 %acc_row_63_load" [./flashattentiongemm.h:51]   --->   Operation 191 'call' 'call_ln51' <Predicate = true> <Delay = 2.62> <CoreType = "Generic">   --->   Generic Core

State 5 <SV = 4> <Delay = 0.64>
ST_5 : Operation 192 [1/1] (0.00ns)   --->   "%speclooptripcount_ln54 = speclooptripcount void @_ssdm_op_SpecLoopTripCount, i64 64, i64 64, i64 64" [./flashattentiongemm.h:54]   --->   Operation 192 'speclooptripcount' 'speclooptripcount_ln54' <Predicate = true> <Delay = 0.00>
ST_5 : Operation 193 [1/1] (0.00ns)   --->   "%specloopname_ln51 = specloopname void @_ssdm_op_SpecLoopName, void @empty_12" [./flashattentiongemm.h:51]   --->   Operation 193 'specloopname' 'specloopname_ln51' <Predicate = true> <Delay = 0.00>
ST_5 : Operation 194 [1/2] (0.64ns)   --->   "%call_ln51 = call void @gemm_qkt_Pipeline_STORE_S_ROW, i6 %trunc_ln51, i32 %S_tile_0, i32 %S_tile_1, i32 %S_tile_2, i32 %S_tile_3, i32 %S_tile_4, i32 %S_tile_5, i32 %S_tile_6, i32 %S_tile_7, i32 %bc_actual_read, i1 %cmp60, i32 %acc_row_load, i32 %acc_row_8_load, i32 %acc_row_16_load, i32 %acc_row_24_load, i32 %acc_row_32_load, i32 %acc_row_40_load, i32 %acc_row_48_load, i32 %acc_row_56_load, i32 %acc_row_1_load, i32 %acc_row_9_load, i32 %acc_row_17_load, i32 %acc_row_25_load, i32 %acc_row_33_load, i32 %acc_row_41_load, i32 %acc_row_49_load, i32 %acc_row_57_load, i32 %acc_row_2_load, i32 %acc_row_10_load, i32 %acc_row_18_load, i32 %acc_row_26_load, i32 %acc_row_34_load, i32 %acc_row_42_load, i32 %acc_row_50_load, i32 %acc_row_58_load, i32 %acc_row_3_load, i32 %acc_row_11_load, i32 %acc_row_19_load, i32 %acc_row_27_load, i32 %acc_row_35_load, i32 %acc_row_43_load, i32 %acc_row_51_load, i32 %acc_row_59_load, i32 %acc_row_4_load, i32 %acc_row_12_load, i32 %acc_row_20_load, i32 %acc_row_28_load, i32 %acc_row_36_load, i32 %acc_row_44_load, i32 %acc_row_52_load, i32 %acc_row_60_load, i32 %acc_row_5_load, i32 %acc_row_13_load, i32 %acc_row_21_load, i32 %acc_row_29_load, i32 %acc_row_37_load, i32 %acc_row_45_load, i32 %acc_row_53_load, i32 %acc_row_61_load, i32 %acc_row_6_load, i32 %acc_row_14_load, i32 %acc_row_22_load, i32 %acc_row_30_load, i32 %acc_row_38_load, i32 %acc_row_46_load, i32 %acc_row_54_load, i32 %acc_row_62_load, i32 %acc_row_7_load, i32 %acc_row_15_load, i32 %acc_row_23_load, i32 %acc_row_31_load, i32 %acc_row_39_load, i32 %acc_row_47_load, i32 %acc_row_55_load, i32 %acc_row_63_load" [./flashattentiongemm.h:51]   --->   Operation 194 'call' 'call_ln51' <Predicate = true> <Delay = 0.64> <CoreType = "Generic">   --->   Generic Core
ST_5 : Operation 195 [1/1] (0.00ns)   --->   "%br_ln51 = br void %INIT_ACC" [./flashattentiongemm.h:51]   --->   Operation 195 'br' 'br_ln51' <Predicate = true> <Delay = 0.00>


============================================================
+ Verbose Summary: Timing violations
============================================================
Target clock period: 10.000ns, clock uncertainty: 2.700ns.

 <State 1>: 0.360ns
The critical path consists of the following:
	'alloca' operation 7 bit ('i', ./flashattentiongemm.h:51) [43]  (0.000 ns)
	'store' operation 0 bit ('store_ln51', ./flashattentiongemm.h:51) of constant 0 on local variable 'i', ./flashattentiongemm.h:51 [150]  (0.360 ns)

 <State 2>: 1.268ns
The critical path consists of the following:
	'load' operation 7 bit ('i', ./flashattentiongemm.h:51) on local variable 'i', ./flashattentiongemm.h:51 [153]  (0.000 ns)
	'icmp' operation 1 bit ('icmp_ln51', ./flashattentiongemm.h:51) [155]  (0.573 ns)
	'call' operation 0 bit ('call_ln73', ./flashattentiongemm.h:73) to 'gemm_qkt_Pipeline_GEMM_QKT_KK_GEMM_QKT_COL' [163]  (0.695 ns)

 <State 3>: 0.000ns
The critical path consists of the following:

 <State 4>: 2.628ns
The critical path consists of the following:
	'load' operation 32 bit ('acc_row_load') on local variable 'acc_row_load_loc' [164]  (0.000 ns)
	'call' operation 0 bit ('call_ln51', ./flashattentiongemm.h:51) to 'gemm_qkt_Pipeline_STORE_S_ROW' [229]  (2.628 ns)

 <State 5>: 0.644ns
The critical path consists of the following:
	'call' operation 0 bit ('call_ln51', ./flashattentiongemm.h:51) to 'gemm_qkt_Pipeline_STORE_S_ROW' [229]  (0.644 ns)


============================================================
+ Verbose Summary: Binding
============================================================
N/A
* FSMD analyzer results:
  - Output states:
 - Input state : 
  - Chain level:
	State 1
	State 2
	State 3
	State 4
	State 5


============================================================
+ Verbose Summary: Datapath Resource usage 
============================================================
N/A
