

================================================================
== Vitis HLS Report for 'gemm_pv'
================================================================
* Date:           Sun Mar 22 18:06:12 2026

* Version:        2025.1 (Build 6135595 on May 21 2025)
* Project:        FlashAtt1
* Solution:       hls (Vivado IP Flow Target)
* Product family: versalhbm
* Target device:  xcvh1582-lsva4737-2LHP-e-S


================================================================
== Performance Estimates
================================================================
+ Timing: 
    * Summary: 
    +--------+----------+----------+------------+
    |  Clock |  Target  | Estimated| Uncertainty|
    +--------+----------+----------+------------+
    |ap_clk  |  10.00 ns|  6.377 ns|     2.70 ns|
    +--------+----------+----------+------------+

+ Latency: 
    * Summary: 
    +---------+---------+----------+----------+-------+-------+---------+
    |  Latency (cycles) |  Latency (absolute) |    Interval   | Pipeline|
    |   min   |   max   |    min   |    max   |  min  |  max  |   Type  |
    +---------+---------+----------+----------+-------+-------+---------+
    |    34625|    34625|  0.346 ms|  0.346 ms|  34625|  34625|       no|
    +---------+---------+----------+----------+-------+-------+---------+

    + Detail: 
        * Instance: 
        +------------------------------------------------------+-------------------------------------------+---------+---------+----------+----------+-----+-----+------------------------------------------------+
        |                                                      |                                           |  Latency (cycles) |  Latency (absolute) |  Interval |                    Pipeline                    |
        |                       Instance                       |                   Module                  |   min   |   max   |    min   |    max   | min | max |                      Type                      |
        +------------------------------------------------------+-------------------------------------------+---------+---------+----------+----------+-----+-----+------------------------------------------------+
        |grp_gemm_pv_Pipeline_INIT_PV_ACC_fu_200               |gemm_pv_Pipeline_INIT_PV_ACC               |       10|       10|  0.100 us|  0.100 us|    9|    9|  loop auto-rewind stp (delay=0 clock cycles(s))|
        |grp_gemm_pv_Pipeline_GEMM_PV_RED_GEMM_PV_DCOL_fu_220  |gemm_pv_Pipeline_GEMM_PV_RED_GEMM_PV_DCOL  |      515|      515|  5.150 us|  5.150 us|  513|  513|  loop auto-rewind stp (delay=0 clock cycles(s))|
        |grp_gemm_pv_Pipeline_STORE_PV_ROW_fu_291              |gemm_pv_Pipeline_STORE_PV_ROW              |       10|       10|  0.100 us|  0.100 us|    9|    9|  loop auto-rewind stp (delay=0 clock cycles(s))|
        +------------------------------------------------------+-------------------------------------------+---------+---------+----------+----------+-----+-----+------------------------------------------------+

        * Loop: 
        +---------------+---------+---------+----------+-----------+-----------+------+----------+
        |               |  Latency (cycles) | Iteration|  Initiation Interval  | Trip |          |
        |   Loop Name   |   min   |   max   |  Latency |  achieved |   target  | Count| Pipelined|
        +---------------+---------+---------+----------+-----------+-----------+------+----------+
        |- GEMM_PV_ROW  |    34624|    34624|       541|          -|          -|    64|        no|
        +---------------+---------+---------+----------+-----------+-----------+------+----------+

============================================================
+ Verbose Summary: Synthesis Manager
============================================================
InlineROM: 1
ExposeGlobal: 0
============================================================
+ Verbose Summary: CDFG Model
============================================================
IsTopModel: 0
ResetActiveHigh: 1
IsCombinational: 0
IsDatapathOnly: 0
HasWiredReturn: 1
HasMFsm: 0
HasVarLatency: 1
IsPipeline: 0
IsRtlPipelined: 0
IsInstanceOverlapped: 0
IsDontTouch: 0
HasImplIP: 0
IsGatedGlobalClock: 0


============================================================
+ Verbose Summary: Schedule
============================================================
* Number of FSM states : 7
* Pipeline : 0
* Dataflow Pipeline: 0

* FSM state transitions: 
1 --> 2 
2 --> 3 
3 --> 4 
4 --> 5 
5 --> 6 
6 --> 7 
7 --> 2 

* FSM state operations: 

State 1 <SV = 0> <Delay = 0.66>
ST_1 : Operation 8 [1/1] (0.00ns)   --->   "%i = alloca i32 1" [./flashattentiongemm.h:135]   --->   Operation 8 'alloca' 'i' <Predicate = true> <Delay = 0.00>
ST_1 : Operation 9 [1/1] (0.00ns)   --->   "%specmemcore_ln0 = specmemcore void @_ssdm_op_SpecMemCore, i32 %PV_tile_0, i64 666, i64 22, i64 18446744073709551615"   --->   Operation 9 'specmemcore' 'specmemcore_ln0' <Predicate = true> <Delay = 0.00>
ST_1 : Operation 10 [1/1] (0.00ns)   --->   "%specmemcore_ln0 = specmemcore void @_ssdm_op_SpecMemCore, i32 %PV_tile_1, i64 666, i64 22, i64 18446744073709551615"   --->   Operation 10 'specmemcore' 'specmemcore_ln0' <Predicate = true> <Delay = 0.00>
ST_1 : Operation 11 [1/1] (0.00ns)   --->   "%specmemcore_ln0 = specmemcore void @_ssdm_op_SpecMemCore, i32 %PV_tile_2, i64 666, i64 22, i64 18446744073709551615"   --->   Operation 11 'specmemcore' 'specmemcore_ln0' <Predicate = true> <Delay = 0.00>
ST_1 : Operation 12 [1/1] (0.00ns)   --->   "%specmemcore_ln0 = specmemcore void @_ssdm_op_SpecMemCore, i32 %PV_tile_3, i64 666, i64 22, i64 18446744073709551615"   --->   Operation 12 'specmemcore' 'specmemcore_ln0' <Predicate = true> <Delay = 0.00>
ST_1 : Operation 13 [1/1] (0.00ns)   --->   "%specmemcore_ln0 = specmemcore void @_ssdm_op_SpecMemCore, i32 %PV_tile_4, i64 666, i64 22, i64 18446744073709551615"   --->   Operation 13 'specmemcore' 'specmemcore_ln0' <Predicate = true> <Delay = 0.00>
ST_1 : Operation 14 [1/1] (0.00ns)   --->   "%specmemcore_ln0 = specmemcore void @_ssdm_op_SpecMemCore, i32 %PV_tile_5, i64 666, i64 22, i64 18446744073709551615"   --->   Operation 14 'specmemcore' 'specmemcore_ln0' <Predicate = true> <Delay = 0.00>
ST_1 : Operation 15 [1/1] (0.00ns)   --->   "%specmemcore_ln0 = specmemcore void @_ssdm_op_SpecMemCore, i32 %PV_tile_6, i64 666, i64 22, i64 18446744073709551615"   --->   Operation 15 'specmemcore' 'specmemcore_ln0' <Predicate = true> <Delay = 0.00>
ST_1 : Operation 16 [1/1] (0.00ns)   --->   "%specmemcore_ln0 = specmemcore void @_ssdm_op_SpecMemCore, i32 %PV_tile_7, i64 666, i64 22, i64 18446744073709551615"   --->   Operation 16 'specmemcore' 'specmemcore_ln0' <Predicate = true> <Delay = 0.00>
ST_1 : Operation 17 [1/1] (0.00ns)   --->   "%specmemcore_ln0 = specmemcore void @_ssdm_op_SpecMemCore, i32 %PV_tile_8, i64 666, i64 22, i64 18446744073709551615"   --->   Operation 17 'specmemcore' 'specmemcore_ln0' <Predicate = true> <Delay = 0.00>
ST_1 : Operation 18 [1/1] (0.00ns)   --->   "%specmemcore_ln0 = specmemcore void @_ssdm_op_SpecMemCore, i32 %PV_tile_9, i64 666, i64 22, i64 18446744073709551615"   --->   Operation 18 'specmemcore' 'specmemcore_ln0' <Predicate = true> <Delay = 0.00>
ST_1 : Operation 19 [1/1] (0.00ns)   --->   "%specmemcore_ln0 = specmemcore void @_ssdm_op_SpecMemCore, i32 %PV_tile_10, i64 666, i64 22, i64 18446744073709551615"   --->   Operation 19 'specmemcore' 'specmemcore_ln0' <Predicate = true> <Delay = 0.00>
ST_1 : Operation 20 [1/1] (0.00ns)   --->   "%specmemcore_ln0 = specmemcore void @_ssdm_op_SpecMemCore, i32 %PV_tile_11, i64 666, i64 22, i64 18446744073709551615"   --->   Operation 20 'specmemcore' 'specmemcore_ln0' <Predicate = true> <Delay = 0.00>
ST_1 : Operation 21 [1/1] (0.00ns)   --->   "%specmemcore_ln0 = specmemcore void @_ssdm_op_SpecMemCore, i32 %PV_tile_12, i64 666, i64 22, i64 18446744073709551615"   --->   Operation 21 'specmemcore' 'specmemcore_ln0' <Predicate = true> <Delay = 0.00>
ST_1 : Operation 22 [1/1] (0.00ns)   --->   "%specmemcore_ln0 = specmemcore void @_ssdm_op_SpecMemCore, i32 %PV_tile_13, i64 666, i64 22, i64 18446744073709551615"   --->   Operation 22 'specmemcore' 'specmemcore_ln0' <Predicate = true> <Delay = 0.00>
ST_1 : Operation 23 [1/1] (0.00ns)   --->   "%specmemcore_ln0 = specmemcore void @_ssdm_op_SpecMemCore, i32 %PV_tile_14, i64 666, i64 22, i64 18446744073709551615"   --->   Operation 23 'specmemcore' 'specmemcore_ln0' <Predicate = true> <Delay = 0.00>
ST_1 : Operation 24 [1/1] (0.00ns)   --->   "%specmemcore_ln0 = specmemcore void @_ssdm_op_SpecMemCore, i32 %PV_tile_15, i64 666, i64 22, i64 18446744073709551615"   --->   Operation 24 'specmemcore' 'specmemcore_ln0' <Predicate = true> <Delay = 0.00>
ST_1 : Operation 25 [1/1] (0.00ns)   --->   "%specmemcore_ln0 = specmemcore void @_ssdm_op_SpecMemCore, i16 %P_tile_0, i64 666, i64 22, i64 18446744073709551615"   --->   Operation 25 'specmemcore' 'specmemcore_ln0' <Predicate = true> <Delay = 0.00>
ST_1 : Operation 26 [1/1] (0.00ns)   --->   "%specmemcore_ln0 = specmemcore void @_ssdm_op_SpecMemCore, i16 %P_tile_1, i64 666, i64 22, i64 18446744073709551615"   --->   Operation 26 'specmemcore' 'specmemcore_ln0' <Predicate = true> <Delay = 0.00>
ST_1 : Operation 27 [1/1] (0.00ns)   --->   "%specmemcore_ln0 = specmemcore void @_ssdm_op_SpecMemCore, i16 %P_tile_2, i64 666, i64 22, i64 18446744073709551615"   --->   Operation 27 'specmemcore' 'specmemcore_ln0' <Predicate = true> <Delay = 0.00>
ST_1 : Operation 28 [1/1] (0.00ns)   --->   "%specmemcore_ln0 = specmemcore void @_ssdm_op_SpecMemCore, i16 %P_tile_3, i64 666, i64 22, i64 18446744073709551615"   --->   Operation 28 'specmemcore' 'specmemcore_ln0' <Predicate = true> <Delay = 0.00>
ST_1 : Operation 29 [1/1] (0.00ns)   --->   "%specmemcore_ln0 = specmemcore void @_ssdm_op_SpecMemCore, i16 %P_tile_4, i64 666, i64 22, i64 18446744073709551615"   --->   Operation 29 'specmemcore' 'specmemcore_ln0' <Predicate = true> <Delay = 0.00>
ST_1 : Operation 30 [1/1] (0.00ns)   --->   "%specmemcore_ln0 = specmemcore void @_ssdm_op_SpecMemCore, i16 %P_tile_5, i64 666, i64 22, i64 18446744073709551615"   --->   Operation 30 'specmemcore' 'specmemcore_ln0' <Predicate = true> <Delay = 0.00>
ST_1 : Operation 31 [1/1] (0.00ns)   --->   "%specmemcore_ln0 = specmemcore void @_ssdm_op_SpecMemCore, i16 %P_tile_6, i64 666, i64 22, i64 18446744073709551615"   --->   Operation 31 'specmemcore' 'specmemcore_ln0' <Predicate = true> <Delay = 0.00>
ST_1 : Operation 32 [1/1] (0.00ns)   --->   "%specmemcore_ln0 = specmemcore void @_ssdm_op_SpecMemCore, i16 %P_tile_7, i64 666, i64 22, i64 18446744073709551615"   --->   Operation 32 'specmemcore' 'specmemcore_ln0' <Predicate = true> <Delay = 0.00>
ST_1 : Operation 33 [1/1] (0.00ns)   --->   "%specmemcore_ln0 = specmemcore void @_ssdm_op_SpecMemCore, i16 %V_tile_0, i64 666, i64 24, i64 18446744073709551615"   --->   Operation 33 'specmemcore' 'specmemcore_ln0' <Predicate = true> <Delay = 0.00>
ST_1 : Operation 34 [1/1] (0.00ns)   --->   "%specmemcore_ln0 = specmemcore void @_ssdm_op_SpecMemCore, i16 %V_tile_1, i64 666, i64 24, i64 18446744073709551615"   --->   Operation 34 'specmemcore' 'specmemcore_ln0' <Predicate = true> <Delay = 0.00>
ST_1 : Operation 35 [1/1] (0.00ns)   --->   "%specmemcore_ln0 = specmemcore void @_ssdm_op_SpecMemCore, i16 %V_tile_2, i64 666, i64 24, i64 18446744073709551615"   --->   Operation 35 'specmemcore' 'specmemcore_ln0' <Predicate = true> <Delay = 0.00>
ST_1 : Operation 36 [1/1] (0.00ns)   --->   "%specmemcore_ln0 = specmemcore void @_ssdm_op_SpecMemCore, i16 %V_tile_3, i64 666, i64 24, i64 18446744073709551615"   --->   Operation 36 'specmemcore' 'specmemcore_ln0' <Predicate = true> <Delay = 0.00>
ST_1 : Operation 37 [1/1] (0.00ns)   --->   "%specmemcore_ln0 = specmemcore void @_ssdm_op_SpecMemCore, i16 %V_tile_4, i64 666, i64 24, i64 18446744073709551615"   --->   Operation 37 'specmemcore' 'specmemcore_ln0' <Predicate = true> <Delay = 0.00>
ST_1 : Operation 38 [1/1] (0.00ns)   --->   "%specmemcore_ln0 = specmemcore void @_ssdm_op_SpecMemCore, i16 %V_tile_5, i64 666, i64 24, i64 18446744073709551615"   --->   Operation 38 'specmemcore' 'specmemcore_ln0' <Predicate = true> <Delay = 0.00>
ST_1 : Operation 39 [1/1] (0.00ns)   --->   "%specmemcore_ln0 = specmemcore void @_ssdm_op_SpecMemCore, i16 %V_tile_6, i64 666, i64 24, i64 18446744073709551615"   --->   Operation 39 'specmemcore' 'specmemcore_ln0' <Predicate = true> <Delay = 0.00>
ST_1 : Operation 40 [1/1] (0.00ns)   --->   "%specmemcore_ln0 = specmemcore void @_ssdm_op_SpecMemCore, i16 %V_tile_7, i64 666, i64 24, i64 18446744073709551615"   --->   Operation 40 'specmemcore' 'specmemcore_ln0' <Predicate = true> <Delay = 0.00>
ST_1 : Operation 41 [1/1] (0.00ns)   --->   "%specmemcore_ln0 = specmemcore void @_ssdm_op_SpecMemCore, i16 %V_tile_8, i64 666, i64 24, i64 18446744073709551615"   --->   Operation 41 'specmemcore' 'specmemcore_ln0' <Predicate = true> <Delay = 0.00>
ST_1 : Operation 42 [1/1] (0.00ns)   --->   "%specmemcore_ln0 = specmemcore void @_ssdm_op_SpecMemCore, i16 %V_tile_9, i64 666, i64 24, i64 18446744073709551615"   --->   Operation 42 'specmemcore' 'specmemcore_ln0' <Predicate = true> <Delay = 0.00>
ST_1 : Operation 43 [1/1] (0.00ns)   --->   "%specmemcore_ln0 = specmemcore void @_ssdm_op_SpecMemCore, i16 %V_tile_10, i64 666, i64 24, i64 18446744073709551615"   --->   Operation 43 'specmemcore' 'specmemcore_ln0' <Predicate = true> <Delay = 0.00>
ST_1 : Operation 44 [1/1] (0.00ns)   --->   "%specmemcore_ln0 = specmemcore void @_ssdm_op_SpecMemCore, i16 %V_tile_11, i64 666, i64 24, i64 18446744073709551615"   --->   Operation 44 'specmemcore' 'specmemcore_ln0' <Predicate = true> <Delay = 0.00>
ST_1 : Operation 45 [1/1] (0.00ns)   --->   "%specmemcore_ln0 = specmemcore void @_ssdm_op_SpecMemCore, i16 %V_tile_12, i64 666, i64 24, i64 18446744073709551615"   --->   Operation 45 'specmemcore' 'specmemcore_ln0' <Predicate = true> <Delay = 0.00>
ST_1 : Operation 46 [1/1] (0.00ns)   --->   "%specmemcore_ln0 = specmemcore void @_ssdm_op_SpecMemCore, i16 %V_tile_13, i64 666, i64 24, i64 18446744073709551615"   --->   Operation 46 'specmemcore' 'specmemcore_ln0' <Predicate = true> <Delay = 0.00>
ST_1 : Operation 47 [1/1] (0.00ns)   --->   "%specmemcore_ln0 = specmemcore void @_ssdm_op_SpecMemCore, i16 %V_tile_14, i64 666, i64 24, i64 18446744073709551615"   --->   Operation 47 'specmemcore' 'specmemcore_ln0' <Predicate = true> <Delay = 0.00>
ST_1 : Operation 48 [1/1] (0.00ns)   --->   "%specmemcore_ln0 = specmemcore void @_ssdm_op_SpecMemCore, i16 %V_tile_15, i64 666, i64 24, i64 18446744073709551615"   --->   Operation 48 'specmemcore' 'specmemcore_ln0' <Predicate = true> <Delay = 0.00>
ST_1 : Operation 49 [1/1] (0.00ns)   --->   "%bc_actual_read = read i32 @_ssdm_op_Read.ap_auto.i32, i32 %bc_actual"   --->   Operation 49 'read' 'bc_actual_read' <Predicate = true> <Delay = 0.00>
ST_1 : Operation 50 [1/1] (0.00ns)   --->   "%br_actual_read = read i32 @_ssdm_op_Read.ap_auto.i32, i32 %br_actual"   --->   Operation 50 'read' 'br_actual_read' <Predicate = true> <Delay = 0.00>
ST_1 : Operation 51 [1/1] (0.66ns)   --->   "%acc_d = alloca i64 1" [./flashattentiongemm.h:138]   --->   Operation 51 'alloca' 'acc_d' <Predicate = true> <Delay = 0.66>
ST_1 : Operation 52 [1/1] (0.66ns)   --->   "%acc_d_1 = alloca i64 1" [./flashattentiongemm.h:138]   --->   Operation 52 'alloca' 'acc_d_1' <Predicate = true> <Delay = 0.66>
ST_1 : Operation 53 [1/1] (0.66ns)   --->   "%acc_d_2 = alloca i64 1" [./flashattentiongemm.h:138]   --->   Operation 53 'alloca' 'acc_d_2' <Predicate = true> <Delay = 0.66>
ST_1 : Operation 54 [1/1] (0.66ns)   --->   "%acc_d_3 = alloca i64 1" [./flashattentiongemm.h:138]   --->   Operation 54 'alloca' 'acc_d_3' <Predicate = true> <Delay = 0.66>
ST_1 : Operation 55 [1/1] (0.66ns)   --->   "%acc_d_4 = alloca i64 1" [./flashattentiongemm.h:138]   --->   Operation 55 'alloca' 'acc_d_4' <Predicate = true> <Delay = 0.66>
ST_1 : Operation 56 [1/1] (0.66ns)   --->   "%acc_d_5 = alloca i64 1" [./flashattentiongemm.h:138]   --->   Operation 56 'alloca' 'acc_d_5' <Predicate = true> <Delay = 0.66>
ST_1 : Operation 57 [1/1] (0.66ns)   --->   "%acc_d_6 = alloca i64 1" [./flashattentiongemm.h:138]   --->   Operation 57 'alloca' 'acc_d_6' <Predicate = true> <Delay = 0.66>
ST_1 : Operation 58 [1/1] (0.66ns)   --->   "%acc_d_7 = alloca i64 1" [./flashattentiongemm.h:138]   --->   Operation 58 'alloca' 'acc_d_7' <Predicate = true> <Delay = 0.66>
ST_1 : Operation 59 [1/1] (0.66ns)   --->   "%acc_d_8 = alloca i64 1" [./flashattentiongemm.h:138]   --->   Operation 59 'alloca' 'acc_d_8' <Predicate = true> <Delay = 0.66>
ST_1 : Operation 60 [1/1] (0.66ns)   --->   "%acc_d_9 = alloca i64 1" [./flashattentiongemm.h:138]   --->   Operation 60 'alloca' 'acc_d_9' <Predicate = true> <Delay = 0.66>
ST_1 : Operation 61 [1/1] (0.66ns)   --->   "%acc_d_10 = alloca i64 1" [./flashattentiongemm.h:138]   --->   Operation 61 'alloca' 'acc_d_10' <Predicate = true> <Delay = 0.66>
ST_1 : Operation 62 [1/1] (0.66ns)   --->   "%acc_d_11 = alloca i64 1" [./flashattentiongemm.h:138]   --->   Operation 62 'alloca' 'acc_d_11' <Predicate = true> <Delay = 0.66>
ST_1 : Operation 63 [1/1] (0.66ns)   --->   "%acc_d_12 = alloca i64 1" [./flashattentiongemm.h:138]   --->   Operation 63 'alloca' 'acc_d_12' <Predicate = true> <Delay = 0.66>
ST_1 : Operation 64 [1/1] (0.66ns)   --->   "%acc_d_13 = alloca i64 1" [./flashattentiongemm.h:138]   --->   Operation 64 'alloca' 'acc_d_13' <Predicate = true> <Delay = 0.66>
ST_1 : Operation 65 [1/1] (0.66ns)   --->   "%acc_d_14 = alloca i64 1" [./flashattentiongemm.h:138]   --->   Operation 65 'alloca' 'acc_d_14' <Predicate = true> <Delay = 0.66>
ST_1 : Operation 66 [1/1] (0.66ns)   --->   "%acc_d_15 = alloca i64 1" [./flashattentiongemm.h:138]   --->   Operation 66 'alloca' 'acc_d_15' <Predicate = true> <Delay = 0.66>
ST_1 : Operation 67 [1/1] (0.36ns)   --->   "%store_ln135 = store i7 0, i7 %i" [./flashattentiongemm.h:135]   --->   Operation 67 'store' 'store_ln135' <Predicate = true> <Delay = 0.36>
ST_1 : Operation 68 [1/1] (0.00ns)   --->   "%br_ln135 = br void %INIT_PV_ACC" [./flashattentiongemm.h:135]   --->   Operation 68 'br' 'br_ln135' <Predicate = true> <Delay = 0.00>

State 2 <SV = 1> <Delay = 1.02>
ST_2 : Operation 69 [1/1] (0.00ns)   --->   "%i_7 = load i7 %i" [./flashattentiongemm.h:135]   --->   Operation 69 'load' 'i_7' <Predicate = true> <Delay = 0.00>
ST_2 : Operation 70 [1/1] (0.66ns)   --->   "%add_ln135 = add i7 %i_7, i7 1" [./flashattentiongemm.h:135]   --->   Operation 70 'add' 'add_ln135' <Predicate = true> <Delay = 0.66> <CoreInst = "Adder">   --->   Core 1 'Adder' <Latency = 0> <II = 1> <Delay = 0.66> <FuncUnit> <Opcode : 'add' 'sub'> <InPorts = 2> <OutPorts = 1>
ST_2 : Operation 71 [1/1] (0.57ns)   --->   "%icmp_ln135 = icmp_eq  i7 %i_7, i7 64" [./flashattentiongemm.h:135]   --->   Operation 71 'icmp' 'icmp_ln135' <Predicate = true> <Delay = 0.57> <CoreInst = "ICmp_EQ">   --->   Core 156 'ICmp_EQ' <Latency = 0> <II = 1> <Delay = 0.57> <FuncUnit> <Opcode : 'seteq' 'setne'> <InPorts = 2> <OutPorts = 1>
ST_2 : Operation 72 [1/1] (0.00ns)   --->   "%br_ln135 = br i1 %icmp_ln135, void %INIT_PV_ACC.split, void %for.end62" [./flashattentiongemm.h:135]   --->   Operation 72 'br' 'br_ln135' <Predicate = true> <Delay = 0.00>
ST_2 : Operation 73 [2/2] (0.00ns)   --->   "%call_ln0 = call void @gemm_pv_Pipeline_INIT_PV_ACC, i32 %acc_d_15, i32 %acc_d_14, i32 %acc_d_13, i32 %acc_d_12, i32 %acc_d_11, i32 %acc_d_10, i32 %acc_d_9, i32 %acc_d_8, i32 %acc_d_7, i32 %acc_d_6, i32 %acc_d_5, i32 %acc_d_4, i32 %acc_d_3, i32 %acc_d_2, i32 %acc_d_1, i32 %acc_d"   --->   Operation 73 'call' 'call_ln0' <Predicate = (!icmp_ln135)> <Delay = 0.00> <CoreType = "Generic">   --->   Generic Core
ST_2 : Operation 74 [1/1] (0.36ns)   --->   "%store_ln135 = store i7 %add_ln135, i7 %i" [./flashattentiongemm.h:135]   --->   Operation 74 'store' 'store_ln135' <Predicate = (!icmp_ln135)> <Delay = 0.36>
ST_2 : Operation 75 [1/1] (0.00ns)   --->   "%ret_ln179 = ret" [./flashattentiongemm.h:179]   --->   Operation 75 'ret' 'ret_ln179' <Predicate = (icmp_ln135)> <Delay = 0.00>

State 3 <SV = 2> <Delay = 0.64>
ST_3 : Operation 76 [1/2] (0.64ns)   --->   "%call_ln0 = call void @gemm_pv_Pipeline_INIT_PV_ACC, i32 %acc_d_15, i32 %acc_d_14, i32 %acc_d_13, i32 %acc_d_12, i32 %acc_d_11, i32 %acc_d_10, i32 %acc_d_9, i32 %acc_d_8, i32 %acc_d_7, i32 %acc_d_6, i32 %acc_d_5, i32 %acc_d_4, i32 %acc_d_3, i32 %acc_d_2, i32 %acc_d_1, i32 %acc_d"   --->   Operation 76 'call' 'call_ln0' <Predicate = true> <Delay = 0.64> <CoreType = "Generic">   --->   Generic Core

State 4 <SV = 3> <Delay = 1.92>
ST_4 : Operation 77 [1/1] (0.00ns)   --->   "%trunc_ln135 = trunc i7 %i_7" [./flashattentiongemm.h:135]   --->   Operation 77 'trunc' 'trunc_ln135' <Predicate = true> <Delay = 0.00>
ST_4 : Operation 78 [1/1] (0.00ns)   --->   "%zext_ln135 = zext i7 %i_7" [./flashattentiongemm.h:135]   --->   Operation 78 'zext' 'zext_ln135' <Predicate = true> <Delay = 0.00>
ST_4 : Operation 79 [1/1] (0.67ns)   --->   "%cmp9 = icmp_slt  i32 %zext_ln135, i32 %br_actual_read" [./flashattentiongemm.h:135]   --->   Operation 79 'icmp' 'cmp9' <Predicate = true> <Delay = 0.67> <CoreInst = "Cmp">   --->   Core 9 'Cmp' <Latency = 0> <II = 1> <Delay = 0.67> <FuncUnit> <Opcode : 'setle' 'setge' 'setlt' 'setgt'> <InPorts = 2> <OutPorts = 1>
ST_4 : Operation 80 [2/2] (1.25ns)   --->   "%call_ln135 = call void @gemm_pv_Pipeline_GEMM_PV_RED_GEMM_PV_DCOL, i6 %trunc_ln135, i16 %P_tile_0, i16 %P_tile_1, i16 %P_tile_2, i16 %P_tile_3, i16 %P_tile_4, i16 %P_tile_5, i16 %P_tile_6, i16 %P_tile_7, i32 %bc_actual_read, i1 %cmp9, i16 %V_tile_0, i16 %V_tile_1, i16 %V_tile_2, i16 %V_tile_3, i16 %V_tile_4, i16 %V_tile_5, i16 %V_tile_6, i16 %V_tile_7, i16 %V_tile_8, i16 %V_tile_9, i16 %V_tile_10, i16 %V_tile_11, i16 %V_tile_12, i16 %V_tile_13, i16 %V_tile_14, i16 %V_tile_15, i32 %acc_d_15, i32 %acc_d_14, i32 %acc_d_13, i32 %acc_d_12, i32 %acc_d_11, i32 %acc_d_10, i32 %acc_d_9, i32 %acc_d_8, i32 %acc_d_7, i32 %acc_d_6, i32 %acc_d_5, i32 %acc_d_4, i32 %acc_d_3, i32 %acc_d_2, i32 %acc_d_1, i32 %acc_d" [./flashattentiongemm.h:135]   --->   Operation 80 'call' 'call_ln135' <Predicate = true> <Delay = 1.25> <CoreType = "Generic">   --->   Generic Core

State 5 <SV = 4> <Delay = 0.00>
ST_5 : Operation 81 [1/2] (0.00ns)   --->   "%call_ln135 = call void @gemm_pv_Pipeline_GEMM_PV_RED_GEMM_PV_DCOL, i6 %trunc_ln135, i16 %P_tile_0, i16 %P_tile_1, i16 %P_tile_2, i16 %P_tile_3, i16 %P_tile_4, i16 %P_tile_5, i16 %P_tile_6, i16 %P_tile_7, i32 %bc_actual_read, i1 %cmp9, i16 %V_tile_0, i16 %V_tile_1, i16 %V_tile_2, i16 %V_tile_3, i16 %V_tile_4, i16 %V_tile_5, i16 %V_tile_6, i16 %V_tile_7, i16 %V_tile_8, i16 %V_tile_9, i16 %V_tile_10, i16 %V_tile_11, i16 %V_tile_12, i16 %V_tile_13, i16 %V_tile_14, i16 %V_tile_15, i32 %acc_d_15, i32 %acc_d_14, i32 %acc_d_13, i32 %acc_d_12, i32 %acc_d_11, i32 %acc_d_10, i32 %acc_d_9, i32 %acc_d_8, i32 %acc_d_7, i32 %acc_d_6, i32 %acc_d_5, i32 %acc_d_4, i32 %acc_d_3, i32 %acc_d_2, i32 %acc_d_1, i32 %acc_d" [./flashattentiongemm.h:135]   --->   Operation 81 'call' 'call_ln135' <Predicate = true> <Delay = 0.00> <CoreType = "Generic">   --->   Generic Core

State 6 <SV = 5> <Delay = 0.67>
ST_6 : Operation 82 [2/2] (0.67ns)   --->   "%call_ln135 = call void @gemm_pv_Pipeline_STORE_PV_ROW, i6 %trunc_ln135, i32 %br_actual_read, i32 %PV_tile_0, i32 %PV_tile_1, i32 %PV_tile_2, i32 %PV_tile_3, i32 %PV_tile_4, i32 %PV_tile_5, i32 %PV_tile_6, i32 %PV_tile_7, i32 %PV_tile_8, i32 %PV_tile_9, i32 %PV_tile_10, i32 %PV_tile_11, i32 %PV_tile_12, i32 %PV_tile_13, i32 %PV_tile_14, i32 %PV_tile_15, i32 %acc_d, i32 %acc_d_1, i32 %acc_d_2, i32 %acc_d_3, i32 %acc_d_4, i32 %acc_d_5, i32 %acc_d_6, i32 %acc_d_7, i32 %acc_d_8, i32 %acc_d_9, i32 %acc_d_10, i32 %acc_d_11, i32 %acc_d_12, i32 %acc_d_13, i32 %acc_d_14, i32 %acc_d_15" [./flashattentiongemm.h:135]   --->   Operation 82 'call' 'call_ln135' <Predicate = true> <Delay = 0.67> <CoreType = "Generic">   --->   Generic Core

State 7 <SV = 6> <Delay = 0.64>
ST_7 : Operation 83 [1/1] (0.00ns)   --->   "%speclooptripcount_ln138 = speclooptripcount void @_ssdm_op_SpecLoopTripCount, i64 64, i64 64, i64 64" [./flashattentiongemm.h:138]   --->   Operation 83 'speclooptripcount' 'speclooptripcount_ln138' <Predicate = true> <Delay = 0.00>
ST_7 : Operation 84 [1/1] (0.00ns)   --->   "%specloopname_ln135 = specloopname void @_ssdm_op_SpecLoopName, void @empty_20" [./flashattentiongemm.h:135]   --->   Operation 84 'specloopname' 'specloopname_ln135' <Predicate = true> <Delay = 0.00>
ST_7 : Operation 85 [1/2] (0.64ns)   --->   "%call_ln135 = call void @gemm_pv_Pipeline_STORE_PV_ROW, i6 %trunc_ln135, i32 %br_actual_read, i32 %PV_tile_0, i32 %PV_tile_1, i32 %PV_tile_2, i32 %PV_tile_3, i32 %PV_tile_4, i32 %PV_tile_5, i32 %PV_tile_6, i32 %PV_tile_7, i32 %PV_tile_8, i32 %PV_tile_9, i32 %PV_tile_10, i32 %PV_tile_11, i32 %PV_tile_12, i32 %PV_tile_13, i32 %PV_tile_14, i32 %PV_tile_15, i32 %acc_d, i32 %acc_d_1, i32 %acc_d_2, i32 %acc_d_3, i32 %acc_d_4, i32 %acc_d_5, i32 %acc_d_6, i32 %acc_d_7, i32 %acc_d_8, i32 %acc_d_9, i32 %acc_d_10, i32 %acc_d_11, i32 %acc_d_12, i32 %acc_d_13, i32 %acc_d_14, i32 %acc_d_15" [./flashattentiongemm.h:135]   --->   Operation 85 'call' 'call_ln135' <Predicate = true> <Delay = 0.64> <CoreType = "Generic">   --->   Generic Core
ST_7 : Operation 86 [1/1] (0.00ns)   --->   "%br_ln135 = br void %INIT_PV_ACC" [./flashattentiongemm.h:135]   --->   Operation 86 'br' 'br_ln135' <Predicate = true> <Delay = 0.00>


============================================================
+ Verbose Summary: Binding
============================================================
STG Binding: 
---------------- STG Properties BEGIN ----------------
- Is combinational: 0
- Is one-state seq: 0
- Is datapath-only: 0
- Is pipelined: 0
- Is top level: 0
Port [ Return ] is wired: 1; IO mode=ap_ctrl_hs:ce=0
Port [ P_tile_0]:  wired=1; compound=1; hidden=0; nouse=0; global=0; static=0; extern=0; dir=0; type=1; pingpong=0; private_global=0; MemPort=[13]; IO mode=ap_memory:ce=0
Port [ P_tile_1]:  wired=1; compound=1; hidden=0; nouse=0; global=0; static=0; extern=0; dir=0; type=1; pingpong=0; private_global=0; MemPort=[13]; IO mode=ap_memory:ce=0
Port [ P_tile_2]:  wired=1; compound=1; hidden=0; nouse=0; global=0; static=0; extern=0; dir=0; type=1; pingpong=0; private_global=0; MemPort=[13]; IO mode=ap_memory:ce=0
Port [ P_tile_3]:  wired=1; compound=1; hidden=0; nouse=0; global=0; static=0; extern=0; dir=0; type=1; pingpong=0; private_global=0; MemPort=[13]; IO mode=ap_memory:ce=0
Port [ P_tile_4]:  wired=1; compound=1; hidden=0; nouse=0; global=0; static=0; extern=0; dir=0; type=1; pingpong=0; private_global=0; MemPort=[13]; IO mode=ap_memory:ce=0
Port [ P_tile_5]:  wired=1; compound=1; hidden=0; nouse=0; global=0; static=0; extern=0; dir=0; type=1; pingpong=0; private_global=0; MemPort=[13]; IO mode=ap_memory:ce=0
Port [ P_tile_6]:  wired=1; compound=1; hidden=0; nouse=0; global=0; static=0; extern=0; dir=0; type=1; pingpong=0; private_global=0; MemPort=[13]; IO mode=ap_memory:ce=0
Port [ P_tile_7]:  wired=1; compound=1; hidden=0; nouse=0; global=0; static=0; extern=0; dir=0; type=1; pingpong=0; private_global=0; MemPort=[13]; IO mode=ap_memory:ce=0
Port [ V_tile_0]:  wired=1; compound=1; hidden=0; nouse=0; global=0; static=0; extern=0; dir=0; type=1; pingpong=0; private_global=0; MemPort=[13]; IO mode=ap_memory:ce=0
Port [ V_tile_1]:  wired=1; compound=1; hidden=0; nouse=0; global=0; static=0; extern=0; dir=0; type=1; pingpong=0; private_global=0; MemPort=[13]; IO mode=ap_memory:ce=0
Port [ V_tile_2]:  wired=1; compound=1; hidden=0; nouse=0; global=0; static=0; extern=0; dir=0; type=1; pingpong=0; private_global=0; MemPort=[13]; IO mode=ap_memory:ce=0
Port [ V_tile_3]:  wired=1; compound=1; hidden=0; nouse=0; global=0; static=0; extern=0; dir=0; type=1; pingpong=0; private_global=0; MemPort=[13]; IO mode=ap_memory:ce=0
Port [ V_tile_4]:  wired=1; compound=1; hidden=0; nouse=0; global=0; static=0; extern=0; dir=0; type=1; pingpong=0; private_global=0; MemPort=[13]; IO mode=ap_memory:ce=0
Port [ V_tile_5]:  wired=1; compound=1; hidden=0; nouse=0; global=0; static=0; extern=0; dir=0; type=1; pingpong=0; private_global=0; MemPort=[13]; IO mode=ap_memory:ce=0
Port [ V_tile_6]:  wired=1; compound=1; hidden=0; nouse=0; global=0; static=0; extern=0; dir=0; type=1; pingpong=0; private_global=0; MemPort=[13]; IO mode=ap_memory:ce=0
Port [ V_tile_7]:  wired=1; compound=1; hidden=0; nouse=0; global=0; static=0; extern=0; dir=0; type=1; pingpong=0; private_global=0; MemPort=[13]; IO mode=ap_memory:ce=0
Port [ V_tile_8]:  wired=1; compound=1; hidden=0; nouse=0; global=0; static=0; extern=0; dir=0; type=1; pingpong=0; private_global=0; MemPort=[13]; IO mode=ap_memory:ce=0
Port [ V_tile_9]:  wired=1; compound=1; hidden=0; nouse=0; global=0; static=0; extern=0; dir=0; type=1; pingpong=0; private_global=0; MemPort=[13]; IO mode=ap_memory:ce=0
Port [ V_tile_10]:  wired=1; compound=1; hidden=0; nouse=0; global=0; static=0; extern=0; dir=0; type=1; pingpong=0; private_global=0; MemPort=[13]; IO mode=ap_memory:ce=0
Port [ V_tile_11]:  wired=1; compound=1; hidden=0; nouse=0; global=0; static=0; extern=0; dir=0; type=1; pingpong=0; private_global=0; MemPort=[13]; IO mode=ap_memory:ce=0
Port [ V_tile_12]:  wired=1; compound=1; hidden=0; nouse=0; global=0; static=0; extern=0; dir=0; type=1; pingpong=0; private_global=0; MemPort=[13]; IO mode=ap_memory:ce=0
Port [ V_tile_13]:  wired=1; compound=1; hidden=0; nouse=0; global=0; static=0; extern=0; dir=0; type=1; pingpong=0; private_global=0; MemPort=[13]; IO mode=ap_memory:ce=0
Port [ V_tile_14]:  wired=1; compound=1; hidden=0; nouse=0; global=0; static=0; extern=0; dir=0; type=1; pingpong=0; private_global=0; MemPort=[13]; IO mode=ap_memory:ce=0
Port [ V_tile_15]:  wired=1; compound=1; hidden=0; nouse=0; global=0; static=0; extern=0; dir=0; type=1; pingpong=0; private_global=0; MemPort=[13]; IO mode=ap_memory:ce=0
Port [ PV_tile_0]:  wired=1; compound=1; hidden=0; nouse=0; global=0; static=0; extern=0; dir=1; type=1; pingpong=0; private_global=0; MemPort=[30]; IO mode=ap_memory:ce=0
Port [ PV_tile_1]:  wired=1; compound=1; hidden=0; nouse=0; global=0; static=0; extern=0; dir=1; type=1; pingpong=0; private_global=0; MemPort=[30]; IO mode=ap_memory:ce=0
Port [ PV_tile_2]:  wired=1; compound=1; hidden=0; nouse=0; global=0; static=0; extern=0; dir=1; type=1; pingpong=0; private_global=0; MemPort=[30]; IO mode=ap_memory:ce=0
Port [ PV_tile_3]:  wired=1; compound=1; hidden=0; nouse=0; global=0; static=0; extern=0; dir=1; type=1; pingpong=0; private_global=0; MemPort=[30]; IO mode=ap_memory:ce=0
Port [ PV_tile_4]:  wired=1; compound=1; hidden=0; nouse=0; global=0; static=0; extern=0; dir=1; type=1; pingpong=0; private_global=0; MemPort=[30]; IO mode=ap_memory:ce=0
Port [ PV_tile_5]:  wired=1; compound=1; hidden=0; nouse=0; global=0; static=0; extern=0; dir=1; type=1; pingpong=0; private_global=0; MemPort=[30]; IO mode=ap_memory:ce=0
Port [ PV_tile_6]:  wired=1; compound=1; hidden=0; nouse=0; global=0; static=0; extern=0; dir=1; type=1; pingpong=0; private_global=0; MemPort=[30]; IO mode=ap_memory:ce=0
Port [ PV_tile_7]:  wired=1; compound=1; hidden=0; nouse=0; global=0; static=0; extern=0; dir=1; type=1; pingpong=0; private_global=0; MemPort=[30]; IO mode=ap_memory:ce=0
Port [ PV_tile_8]:  wired=1; compound=1; hidden=0; nouse=0; global=0; static=0; extern=0; dir=1; type=1; pingpong=0; private_global=0; MemPort=[30]; IO mode=ap_memory:ce=0
Port [ PV_tile_9]:  wired=1; compound=1; hidden=0; nouse=0; global=0; static=0; extern=0; dir=1; type=1; pingpong=0; private_global=0; MemPort=[30]; IO mode=ap_memory:ce=0
Port [ PV_tile_10]:  wired=1; compound=1; hidden=0; nouse=0; global=0; static=0; extern=0; dir=1; type=1; pingpong=0; private_global=0; MemPort=[30]; IO mode=ap_memory:ce=0
Port [ PV_tile_11]:  wired=1; compound=1; hidden=0; nouse=0; global=0; static=0; extern=0; dir=1; type=1; pingpong=0; private_global=0; MemPort=[30]; IO mode=ap_memory:ce=0
Port [ PV_tile_12]:  wired=1; compound=1; hidden=0; nouse=0; global=0; static=0; extern=0; dir=1; type=1; pingpong=0; private_global=0; MemPort=[30]; IO mode=ap_memory:ce=0
Port [ PV_tile_13]:  wired=1; compound=1; hidden=0; nouse=0; global=0; static=0; extern=0; dir=1; type=1; pingpong=0; private_global=0; MemPort=[30]; IO mode=ap_memory:ce=0
Port [ PV_tile_14]:  wired=1; compound=1; hidden=0; nouse=0; global=0; static=0; extern=0; dir=1; type=1; pingpong=0; private_global=0; MemPort=[30]; IO mode=ap_memory:ce=0
Port [ PV_tile_15]:  wired=1; compound=1; hidden=0; nouse=0; global=0; static=0; extern=0; dir=1; type=1; pingpong=0; private_global=0; MemPort=[30]; IO mode=ap_memory:ce=0
Port [ br_actual]:  wired=1; compound=0; hidden=0; nouse=0; global=0; static=0; extern=0; dir=0; type=0; pingpong=0; private_global=0; IO mode=ap_none:ce=0
Port [ bc_actual]:  wired=1; compound=0; hidden=0; nouse=0; global=0; static=0; extern=0; dir=0; type=0; pingpong=0; private_global=0; IO mode=ap_none:ce=0
---------------- STG Properties END ------------------

---------------- Datapath Model BEGIN ----------------

<LifeTime>
<method=bitvector/>
i                       (alloca           ) [ 01111111]
specmemcore_ln0         (specmemcore      ) [ 00000000]
specmemcore_ln0         (specmemcore      ) [ 00000000]
specmemcore_ln0         (specmemcore      ) [ 00000000]
specmemcore_ln0         (specmemcore      ) [ 00000000]
specmemcore_ln0         (specmemcore      ) [ 00000000]
specmemcore_ln0         (specmemcore      ) [ 00000000]
specmemcore_ln0         (specmemcore      ) [ 00000000]
specmemcore_ln0         (specmemcore      ) [ 00000000]
specmemcore_ln0         (specmemcore      ) [ 00000000]
specmemcore_ln0         (specmemcore      ) [ 00000000]
specmemcore_ln0         (specmemcore      ) [ 00000000]
specmemcore_ln0         (specmemcore      ) [ 00000000]
specmemcore_ln0         (specmemcore      ) [ 00000000]
specmemcore_ln0         (specmemcore      ) [ 00000000]
specmemcore_ln0         (specmemcore      ) [ 00000000]
specmemcore_ln0         (specmemcore      ) [ 00000000]
specmemcore_ln0         (specmemcore      ) [ 00000000]
specmemcore_ln0         (specmemcore      ) [ 00000000]
specmemcore_ln0         (specmemcore      ) [ 00000000]
specmemcore_ln0         (specmemcore      ) [ 00000000]
specmemcore_ln0         (specmemcore      ) [ 00000000]
specmemcore_ln0         (specmemcore      ) [ 00000000]
specmemcore_ln0         (specmemcore      ) [ 00000000]
specmemcore_ln0         (specmemcore      ) [ 00000000]
specmemcore_ln0         (specmemcore      ) [ 00000000]
specmemcore_ln0         (specmemcore      ) [ 00000000]
specmemcore_ln0         (specmemcore      ) [ 00000000]
specmemcore_ln0         (specmemcore      ) [ 00000000]
specmemcore_ln0         (specmemcore      ) [ 00000000]
specmemcore_ln0         (specmemcore      ) [ 00000000]
specmemcore_ln0         (specmemcore      ) [ 00000000]
specmemcore_ln0         (specmemcore      ) [ 00000000]
specmemcore_ln0         (specmemcore      ) [ 00000000]
specmemcore_ln0         (specmemcore      ) [ 00000000]
specmemcore_ln0         (specmemcore      ) [ 00000000]
specmemcore_ln0         (specmemcore      ) [ 00000000]
specmemcore_ln0         (specmemcore      ) [ 00000000]
specmemcore_ln0         (specmemcore      ) [ 00000000]
specmemcore_ln0         (specmemcore      ) [ 00000000]
specmemcore_ln0         (specmemcore      ) [ 00000000]
bc_actual_read          (read             ) [ 00111111]
br_actual_read          (read             ) [ 00111111]
acc_d                   (alloca           ) [ 00111111]
acc_d_1                 (alloca           ) [ 00111111]
acc_d_2                 (alloca           ) [ 00111111]
acc_d_3                 (alloca           ) [ 00111111]
acc_d_4                 (alloca           ) [ 00111111]
acc_d_5                 (alloca           ) [ 00111111]
acc_d_6                 (alloca           ) [ 00111111]
acc_d_7                 (alloca           ) [ 00111111]
acc_d_8                 (alloca           ) [ 00111111]
acc_d_9                 (alloca           ) [ 00111111]
acc_d_10                (alloca           ) [ 00111111]
acc_d_11                (alloca           ) [ 00111111]
acc_d_12                (alloca           ) [ 00111111]
acc_d_13                (alloca           ) [ 00111111]
acc_d_14                (alloca           ) [ 00111111]
acc_d_15                (alloca           ) [ 00111111]
store_ln135             (store            ) [ 00000000]
br_ln135                (br               ) [ 00000000]
i_7                     (load             ) [ 00011000]
add_ln135               (add              ) [ 00000000]
icmp_ln135              (icmp             ) [ 00111111]
br_ln135                (br               ) [ 00000000]
store_ln135             (store            ) [ 00000000]
ret_ln179               (ret              ) [ 00000000]
call_ln0                (call             ) [ 00000000]
trunc_ln135             (trunc            ) [ 00000111]
zext_ln135              (zext             ) [ 00000000]
cmp9                    (icmp             ) [ 00000100]
call_ln135              (call             ) [ 00000000]
speclooptripcount_ln138 (speclooptripcount) [ 00000000]
specloopname_ln135      (specloopname     ) [ 00000000]
call_ln135              (call             ) [ 00000000]
br_ln135                (br               ) [ 00000000]
</LifeTime>

<model>

<comp_list>
<comp id="0" class="1000" name="P_tile_0">
<pin_list>
<pin id="1" dir="1" index="0" bw="1" slack="0"/>
</pin_list>
<bind>
<StgValue><ssdm name="P_tile_0"/><MemPortTyVec>1 3 </MemPortTyVec>
</StgValue>
</bind>
</comp>

<comp id="2" class="1000" name="P_tile_1">
<pin_list>
<pin id="3" dir="1" index="0" bw="1" slack="0"/>
</pin_list>
<bind>
<StgValue><ssdm name="P_tile_1"/><MemPortTyVec>1 3 </MemPortTyVec>
</StgValue>
</bind>
</comp>

<comp id="4" class="1000" name="P_tile_2">
<pin_list>
<pin id="5" dir="1" index="0" bw="1" slack="0"/>
</pin_list>
<bind>
<StgValue><ssdm name="P_tile_2"/><MemPortTyVec>1 3 </MemPortTyVec>
</StgValue>
</bind>
</comp>

<comp id="6" class="1000" name="P_tile_3">
<pin_list>
<pin id="7" dir="1" index="0" bw="1" slack="0"/>
</pin_list>
<bind>
<StgValue><ssdm name="P_tile_3"/><MemPortTyVec>1 3 </MemPortTyVec>
</StgValue>
</bind>
</comp>

<comp id="8" class="1000" name="P_tile_4">
<pin_list>
<pin id="9" dir="1" index="0" bw="1" slack="0"/>
</pin_list>
<bind>
<StgValue><ssdm name="P_tile_4"/><MemPortTyVec>1 3 </MemPortTyVec>
</StgValue>
</bind>
</comp>

<comp id="10" class="1000" name="P_tile_5">
<pin_list>
<pin id="11" dir="1" index="0" bw="1" slack="0"/>
</pin_list>
<bind>
<StgValue><ssdm name="P_tile_5"/><MemPortTyVec>1 3 </MemPortTyVec>
</StgValue>
</bind>
</comp>

<comp id="12" class="1000" name="P_tile_6">
<pin_list>
<pin id="13" dir="1" index="0" bw="1" slack="0"/>
</pin_list>
<bind>
<StgValue><ssdm name="P_tile_6"/><MemPortTyVec>1 3 </MemPortTyVec>
</StgValue>
</bind>
</comp>

<comp id="14" class="1000" name="P_tile_7">
<pin_list>
<pin id="15" dir="1" index="0" bw="1" slack="0"/>
</pin_list>
<bind>
<StgValue><ssdm name="P_tile_7"/><MemPortTyVec>1 3 </MemPortTyVec>
</StgValue>
</bind>
</comp>

<comp id="16" class="1000" name="V_tile_0">
<pin_list>
<pin id="17" dir="1" index="0" bw="1" slack="0"/>
</pin_list>
<bind>
<StgValue><ssdm name="V_tile_0"/><MemPortTyVec>1 3 </MemPortTyVec>
</StgValue>
</bind>
</comp>

<comp id="18" class="1000" name="V_tile_1">
<pin_list>
<pin id="19" dir="1" index="0" bw="1" slack="0"/>
</pin_list>
<bind>
<StgValue><ssdm name="V_tile_1"/><MemPortTyVec>1 3 </MemPortTyVec>
</StgValue>
</bind>
</comp>

<comp id="20" class="1000" name="V_tile_2">
<pin_list>
<pin id="21" dir="1" index="0" bw="1" slack="0"/>
</pin_list>
<bind>
<StgValue><ssdm name="V_tile_2"/><MemPortTyVec>1 3 </MemPortTyVec>
</StgValue>
</bind>
</comp>

<comp id="22" class="1000" name="V_tile_3">
<pin_list>
<pin id="23" dir="1" index="0" bw="1" slack="0"/>
</pin_list>
<bind>
<StgValue><ssdm name="V_tile_3"/><MemPortTyVec>1 3 </MemPortTyVec>
</StgValue>
</bind>
</comp>

<comp id="24" class="1000" name="V_tile_4">
<pin_list>
<pin id="25" dir="1" index="0" bw="1" slack="0"/>
</pin_list>
<bind>
<StgValue><ssdm name="V_tile_4"/><MemPortTyVec>1 3 </MemPortTyVec>
</StgValue>
</bind>
</comp>

<comp id="26" class="1000" name="V_tile_5">
<pin_list>
<pin id="27" dir="1" index="0" bw="1" slack="0"/>
</pin_list>
<bind>
<StgValue><ssdm name="V_tile_5"/><MemPortTyVec>1 3 </MemPortTyVec>
</StgValue>
</bind>
</comp>

<comp id="28" class="1000" name="V_tile_6">
<pin_list>
<pin id="29" dir="1" index="0" bw="1" slack="0"/>
</pin_list>
<bind>
<StgValue><ssdm name="V_tile_6"/><MemPortTyVec>1 3 </MemPortTyVec>
</StgValue>
</bind>
</comp>

<comp id="30" class="1000" name="V_tile_7">
<pin_list>
<pin id="31" dir="1" index="0" bw="1" slack="0"/>
</pin_list>
<bind>
<StgValue><ssdm name="V_tile_7"/><MemPortTyVec>1 3 </MemPortTyVec>
</StgValue>
</bind>
</comp>

<comp id="32" class="1000" name="V_tile_8">
<pin_list>
<pin id="33" dir="1" index="0" bw="1" slack="0"/>
</pin_list>
<bind>
<StgValue><ssdm name="V_tile_8"/><MemPortTyVec>1 3 </MemPortTyVec>
</StgValue>
</bind>
</comp>

<comp id="34" class="1000" name="V_tile_9">
<pin_list>
<pin id="35" dir="1" index="0" bw="1" slack="0"/>
</pin_list>
<bind>
<StgValue><ssdm name="V_tile_9"/><MemPortTyVec>1 3 </MemPortTyVec>
</StgValue>
</bind>
</comp>

<comp id="36" class="1000" name="V_tile_10">
<pin_list>
<pin id="37" dir="1" index="0" bw="1" slack="0"/>
</pin_list>
<bind>
<StgValue><ssdm name="V_tile_10"/><MemPortTyVec>1 3 </MemPortTyVec>
</StgValue>
</bind>
</comp>

<comp id="38" class="1000" name="V_tile_11">
<pin_list>
<pin id="39" dir="1" index="0" bw="1" slack="0"/>
</pin_list>
<bind>
<StgValue><ssdm name="V_tile_11"/><MemPortTyVec>1 3 </MemPortTyVec>
</StgValue>
</bind>
</comp>

<comp id="40" class="1000" name="V_tile_12">
<pin_list>
<pin id="41" dir="1" index="0" bw="1" slack="0"/>
</pin_list>
<bind>
<StgValue><ssdm name="V_tile_12"/><MemPortTyVec>1 3 </MemPortTyVec>
</StgValue>
</bind>
</comp>

<comp id="42" class="1000" name="V_tile_13">
<pin_list>
<pin id="43" dir="1" index="0" bw="1" slack="0"/>
</pin_list>
<bind>
<StgValue><ssdm name="V_tile_13"/><MemPortTyVec>1 3 </MemPortTyVec>
</StgValue>
</bind>
</comp>

<comp id="44" class="1000" name="V_tile_14">
<pin_list>
<pin id="45" dir="1" index="0" bw="1" slack="0"/>
</pin_list>
<bind>
<StgValue><ssdm name="V_tile_14"/><MemPortTyVec>1 3 </MemPortTyVec>
</StgValue>
</bind>
</comp>

<comp id="46" class="1000" name="V_tile_15">
<pin_list>
<pin id="47" dir="1" index="0" bw="1" slack="0"/>
</pin_list>
<bind>
<StgValue><ssdm name="V_tile_15"/><MemPortTyVec>1 3 </MemPortTyVec>
</StgValue>
</bind>
</comp>

<comp id="48" class="1000" name="PV_tile_0">
<pin_list>
<pin id="49" dir="1" index="0" bw="1" slack="0"/>
</pin_list>
<bind>
<StgValue><ssdm name="PV_tile_0"/><MemPortTyVec>3 0 </MemPortTyVec>
</StgValue>
</bind>
</comp>

<comp id="50" class="1000" name="PV_tile_1">
<pin_list>
<pin id="51" dir="1" index="0" bw="1" slack="0"/>
</pin_list>
<bind>
<StgValue><ssdm name="PV_tile_1"/><MemPortTyVec>3 0 </MemPortTyVec>
</StgValue>
</bind>
</comp>

<comp id="52" class="1000" name="PV_tile_2">
<pin_list>
<pin id="53" dir="1" index="0" bw="1" slack="0"/>
</pin_list>
<bind>
<StgValue><ssdm name="PV_tile_2"/><MemPortTyVec>3 0 </MemPortTyVec>
</StgValue>
</bind>
</comp>

<comp id="54" class="1000" name="PV_tile_3">
<pin_list>
<pin id="55" dir="1" index="0" bw="1" slack="0"/>
</pin_list>
<bind>
<StgValue><ssdm name="PV_tile_3"/><MemPortTyVec>3 0 </MemPortTyVec>
</StgValue>
</bind>
</comp>

<comp id="56" class="1000" name="PV_tile_4">
<pin_list>
<pin id="57" dir="1" index="0" bw="1" slack="0"/>
</pin_list>
<bind>
<StgValue><ssdm name="PV_tile_4"/><MemPortTyVec>3 0 </MemPortTyVec>
</StgValue>
</bind>
</comp>

<comp id="58" class="1000" name="PV_tile_5">
<pin_list>
<pin id="59" dir="1" index="0" bw="1" slack="0"/>
</pin_list>
<bind>
<StgValue><ssdm name="PV_tile_5"/><MemPortTyVec>3 0 </MemPortTyVec>
</StgValue>
</bind>
</comp>

<comp id="60" class="1000" name="PV_tile_6">
<pin_list>
<pin id="61" dir="1" index="0" bw="1" slack="0"/>
</pin_list>
<bind>
<StgValue><ssdm name="PV_tile_6"/><MemPortTyVec>3 0 </MemPortTyVec>
</StgValue>
</bind>
</comp>

<comp id="62" class="1000" name="PV_tile_7">
<pin_list>
<pin id="63" dir="1" index="0" bw="1" slack="0"/>
</pin_list>
<bind>
<StgValue><ssdm name="PV_tile_7"/><MemPortTyVec>3 0 </MemPortTyVec>
</StgValue>
</bind>
</comp>

<comp id="64" class="1000" name="PV_tile_8">
<pin_list>
<pin id="65" dir="1" index="0" bw="1" slack="0"/>
</pin_list>
<bind>
<StgValue><ssdm name="PV_tile_8"/><MemPortTyVec>3 0 </MemPortTyVec>
</StgValue>
</bind>
</comp>

<comp id="66" class="1000" name="PV_tile_9">
<pin_list>
<pin id="67" dir="1" index="0" bw="1" slack="0"/>
</pin_list>
<bind>
<StgValue><ssdm name="PV_tile_9"/><MemPortTyVec>3 0 </MemPortTyVec>
</StgValue>
</bind>
</comp>

<comp id="68" class="1000" name="PV_tile_10">
<pin_list>
<pin id="69" dir="1" index="0" bw="1" slack="0"/>
</pin_list>
<bind>
<StgValue><ssdm name="PV_tile_10"/><MemPortTyVec>3 0 </MemPortTyVec>
</StgValue>
</bind>
</comp>

<comp id="70" class="1000" name="PV_tile_11">
<pin_list>
<pin id="71" dir="1" index="0" bw="1" slack="0"/>
</pin_list>
<bind>
<StgValue><ssdm name="PV_tile_11"/><MemPortTyVec>3 0 </MemPortTyVec>
</StgValue>
</bind>
</comp>

<comp id="72" class="1000" name="PV_tile_12">
<pin_list>
<pin id="73" dir="1" index="0" bw="1" slack="0"/>
</pin_list>
<bind>
<StgValue><ssdm name="PV_tile_12"/><MemPortTyVec>3 0 </MemPortTyVec>
</StgValue>
</bind>
</comp>

<comp id="74" class="1000" name="PV_tile_13">
<pin_list>
<pin id="75" dir="1" index="0" bw="1" slack="0"/>
</pin_list>
<bind>
<StgValue><ssdm name="PV_tile_13"/><MemPortTyVec>3 0 </MemPortTyVec>
</StgValue>
</bind>
</comp>

<comp id="76" class="1000" name="PV_tile_14">
<pin_list>
<pin id="77" dir="1" index="0" bw="1" slack="0"/>
</pin_list>
<bind>
<StgValue><ssdm name="PV_tile_14"/><MemPortTyVec>3 0 </MemPortTyVec>
</StgValue>
</bind>
</comp>

<comp id="78" class="1000" name="PV_tile_15">
<pin_list>
<pin id="79" dir="1" index="0" bw="1" slack="0"/>
</pin_list>
<bind>
<StgValue><ssdm name="PV_tile_15"/><MemPortTyVec>3 0 </MemPortTyVec>
</StgValue>
</bind>
</comp>

<comp id="80" class="1000" name="br_actual">
<pin_list>
<pin id="81" dir="1" index="0" bw="1" slack="0"/>
</pin_list>
<bind>
<StgValue><ssdm name="br_actual"/></StgValue>
</bind>
</comp>

<comp id="82" class="1000" name="bc_actual">
<pin_list>
<pin id="83" dir="1" index="0" bw="1" slack="0"/>
</pin_list>
<bind>
<StgValue><ssdm name="bc_actual"/></StgValue>
</bind>
</comp>

<comp id="84" class="1001" name="const_84">
<pin_list>
<pin id="85" dir="1" index="0" bw="1" slack="0"/>
</pin_list>
<bind>
<StgValue><ssdm name=""/></StgValue>
</bind>
</comp>

<comp id="86" class="1001" name="const_86">
<pin_list>
<pin id="87" dir="1" index="0" bw="1" slack="2147483647"/>
</pin_list>
<bind>
<StgValue><ssdm name="_ssdm_op_SpecMemCore"/></StgValue>
</bind>
</comp>

<comp id="88" class="1001" name="const_88">
<pin_list>
<pin id="89" dir="1" index="0" bw="1" slack="2147483647"/>
</pin_list>
<bind>
<StgValue><ssdm name=""/></StgValue>
</bind>
</comp>

<comp id="90" class="1001" name="const_90">
<pin_list>
<pin id="91" dir="1" index="0" bw="1" slack="2147483647"/>
</pin_list>
<bind>
<StgValue><ssdm name=""/></StgValue>
</bind>
</comp>

<comp id="92" class="1001" name="const_92">
<pin_list>
<pin id="93" dir="1" index="0" bw="1" slack="2147483647"/>
</pin_list>
<bind>
<StgValue><ssdm name=""/></StgValue>
</bind>
</comp>

<comp id="94" class="1001" name="const_94">
<pin_list>
<pin id="95" dir="1" index="0" bw="1" slack="2147483647"/>
</pin_list>
<bind>
<StgValue><ssdm name=""/></StgValue>
</bind>
</comp>

<comp id="96" class="1001" name="const_96">
<pin_list>
<pin id="97" dir="1" index="0" bw="1" slack="0"/>
</pin_list>
<bind>
<StgValue><ssdm name="_ssdm_op_Read.ap_auto.i32"/></StgValue>
</bind>
</comp>

<comp id="98" class="1001" name="const_98">
<pin_list>
<pin id="99" dir="1" index="0" bw="1" slack="0"/>
</pin_list>
<bind>
<StgValue><ssdm name=""/></StgValue>
</bind>
</comp>

<comp id="100" class="1001" name="const_100">
<pin_list>
<pin id="101" dir="1" index="0" bw="1" slack="0"/>
</pin_list>
<bind>
<StgValue><ssdm name=""/></StgValue>
</bind>
</comp>

<comp id="102" class="1001" name="const_102">
<pin_list>
<pin id="103" dir="1" index="0" bw="1" slack="0"/>
</pin_list>
<bind>
<StgValue><ssdm name=""/></StgValue>
</bind>
</comp>

<comp id="104" class="1001" name="const_104">
<pin_list>
<pin id="105" dir="1" index="0" bw="1" slack="0"/>
</pin_list>
<bind>
<StgValue><ssdm name=""/></StgValue>
</bind>
</comp>

<comp id="106" class="1001" name="const_106">
<pin_list>
<pin id="107" dir="1" index="0" bw="1" slack="0"/>
</pin_list>
<bind>
<StgValue><ssdm name="gemm_pv_Pipeline_INIT_PV_ACC"/></StgValue>
</bind>
</comp>

<comp id="108" class="1001" name="const_108">
<pin_list>
<pin id="109" dir="1" index="0" bw="1" slack="0"/>
</pin_list>
<bind>
<StgValue><ssdm name="gemm_pv_Pipeline_GEMM_PV_RED_GEMM_PV_DCOL"/></StgValue>
</bind>
</comp>

<comp id="110" class="1001" name="const_110">
<pin_list>
<pin id="111" dir="1" index="0" bw="1" slack="0"/>
</pin_list>
<bind>
<StgValue><ssdm name="gemm_pv_Pipeline_STORE_PV_ROW"/></StgValue>
</bind>
</comp>

<comp id="112" class="1001" name="const_112">
<pin_list>
<pin id="113" dir="1" index="0" bw="1" slack="2147483647"/>
</pin_list>
<bind>
<StgValue><ssdm name="_ssdm_op_SpecLoopTripCount"/></StgValue>
</bind>
</comp>

<comp id="114" class="1001" name="const_114">
<pin_list>
<pin id="115" dir="1" index="0" bw="1" slack="2147483647"/>
</pin_list>
<bind>
<StgValue><ssdm name=""/></StgValue>
</bind>
</comp>

<comp id="116" class="1001" name="const_116">
<pin_list>
<pin id="117" dir="1" index="0" bw="1" slack="2147483647"/>
</pin_list>
<bind>
<StgValue><ssdm name="_ssdm_op_SpecLoopName"/></StgValue>
</bind>
</comp>

<comp id="118" class="1001" name="const_118">
<pin_list>
<pin id="119" dir="1" index="0" bw="1" slack="2147483647"/>
</pin_list>
<bind>
<StgValue><ssdm name="empty_20"/></StgValue>
</bind>
</comp>

<comp id="120" class="1004" name="i_fu_120">
<pin_list>
<pin id="121" dir="0" index="0" bw="1" slack="0"/>
<pin id="122" dir="1" index="1" bw="7" slack="0"/>
</pin_list>
<bind>
<opcode="alloca(26) " fcode="alloca"/>
<opset="i/1 "/>
</bind>
</comp>

<comp id="124" class="1004" name="acc_d_alloca_fu_124">
<pin_list>
<pin id="125" dir="0" index="0" bw="1" slack="0"/>
<pin id="126" dir="1" index="1" bw="32" slack="2147483647"/>
</pin_list>
<bind>
<opcode="alloca(26) " fcode="alloca"/>
<opset="acc_d/1 "/>
</bind>
</comp>

<comp id="128" class="1004" name="acc_d_1_alloca_fu_128">
<pin_list>
<pin id="129" dir="0" index="0" bw="1" slack="0"/>
<pin id="130" dir="1" index="1" bw="32" slack="2147483647"/>
</pin_list>
<bind>
<opcode="alloca(26) " fcode="alloca"/>
<opset="acc_d_1/1 "/>
</bind>
</comp>

<comp id="132" class="1004" name="acc_d_2_alloca_fu_132">
<pin_list>
<pin id="133" dir="0" index="0" bw="1" slack="0"/>
<pin id="134" dir="1" index="1" bw="32" slack="2147483647"/>
</pin_list>
<bind>
<opcode="alloca(26) " fcode="alloca"/>
<opset="acc_d_2/1 "/>
</bind>
</comp>

<comp id="136" class="1004" name="acc_d_3_alloca_fu_136">
<pin_list>
<pin id="137" dir="0" index="0" bw="1" slack="0"/>
<pin id="138" dir="1" index="1" bw="32" slack="2147483647"/>
</pin_list>
<bind>
<opcode="alloca(26) " fcode="alloca"/>
<opset="acc_d_3/1 "/>
</bind>
</comp>

<comp id="140" class="1004" name="acc_d_4_alloca_fu_140">
<pin_list>
<pin id="141" dir="0" index="0" bw="1" slack="0"/>
<pin id="142" dir="1" index="1" bw="32" slack="2147483647"/>
</pin_list>
<bind>
<opcode="alloca(26) " fcode="alloca"/>
<opset="acc_d_4/1 "/>
</bind>
</comp>

<comp id="144" class="1004" name="acc_d_5_alloca_fu_144">
<pin_list>
<pin id="145" dir="0" index="0" bw="1" slack="0"/>
<pin id="146" dir="1" index="1" bw="32" slack="2147483647"/>
</pin_list>
<bind>
<opcode="alloca(26) " fcode="alloca"/>
<opset="acc_d_5/1 "/>
</bind>
</comp>

<comp id="148" class="1004" name="acc_d_6_alloca_fu_148">
<pin_list>
<pin id="149" dir="0" index="0" bw="1" slack="0"/>
<pin id="150" dir="1" index="1" bw="32" slack="2147483647"/>
</pin_list>
<bind>
<opcode="alloca(26) " fcode="alloca"/>
<opset="acc_d_6/1 "/>
</bind>
</comp>

<comp id="152" class="1004" name="acc_d_7_alloca_fu_152">
<pin_list>
<pin id="153" dir="0" index="0" bw="1" slack="0"/>
<pin id="154" dir="1" index="1" bw="32" slack="2147483647"/>
</pin_list>
<bind>
<opcode="alloca(26) " fcode="alloca"/>
<opset="acc_d_7/1 "/>
</bind>
</comp>

<comp id="156" class="1004" name="acc_d_8_alloca_fu_156">
<pin_list>
<pin id="157" dir="0" index="0" bw="1" slack="0"/>
<pin id="158" dir="1" index="1" bw="32" slack="2147483647"/>
</pin_list>
<bind>
<opcode="alloca(26) " fcode="alloca"/>
<opset="acc_d_8/1 "/>
</bind>
</comp>

<comp id="160" class="1004" name="acc_d_9_alloca_fu_160">
<pin_list>
<pin id="161" dir="0" index="0" bw="1" slack="0"/>
<pin id="162" dir="1" index="1" bw="32" slack="2147483647"/>
</pin_list>
<bind>
<opcode="alloca(26) " fcode="alloca"/>
<opset="acc_d_9/1 "/>
</bind>
</comp>

<comp id="164" class="1004" name="acc_d_10_alloca_fu_164">
<pin_list>
<pin id="165" dir="0" index="0" bw="1" slack="0"/>
<pin id="166" dir="1" index="1" bw="32" slack="2147483647"/>
</pin_list>
<bind>
<opcode="alloca(26) " fcode="alloca"/>
<opset="acc_d_10/1 "/>
</bind>
</comp>

<comp id="168" class="1004" name="acc_d_11_alloca_fu_168">
<pin_list>
<pin id="169" dir="0" index="0" bw="1" slack="0"/>
<pin id="170" dir="1" index="1" bw="32" slack="2147483647"/>
</pin_list>
<bind>
<opcode="alloca(26) " fcode="alloca"/>
<opset="acc_d_11/1 "/>
</bind>
</comp>

<comp id="172" class="1004" name="acc_d_12_alloca_fu_172">
<pin_list>
<pin id="173" dir="0" index="0" bw="1" slack="0"/>
<pin id="174" dir="1" index="1" bw="32" slack="2147483647"/>
</pin_list>
<bind>
<opcode="alloca(26) " fcode="alloca"/>
<opset="acc_d_12/1 "/>
</bind>
</comp>

<comp id="176" class="1004" name="acc_d_13_alloca_fu_176">
<pin_list>
<pin id="177" dir="0" index="0" bw="1" slack="0"/>
<pin id="178" dir="1" index="1" bw="32" slack="2147483647"/>
</pin_list>
<bind>
<opcode="alloca(26) " fcode="alloca"/>
<opset="acc_d_13/1 "/>
</bind>
</comp>

<comp id="180" class="1004" name="acc_d_14_alloca_fu_180">
<pin_list>
<pin id="181" dir="0" index="0" bw="1" slack="0"/>
<pin id="182" dir="1" index="1" bw="32" slack="2147483647"/>
</pin_list>
<bind>
<opcode="alloca(26) " fcode="alloca"/>
<opset="acc_d_14/1 "/>
</bind>
</comp>

<comp id="184" class="1004" name="acc_d_15_alloca_fu_184">
<pin_list>
<pin id="185" dir="0" index="0" bw="1" slack="0"/>
<pin id="186" dir="1" index="1" bw="32" slack="2147483647"/>
</pin_list>
<bind>
<opcode="alloca(26) " fcode="alloca"/>
<opset="acc_d_15/1 "/>
</bind>
</comp>

<comp id="188" class="1004" name="bc_actual_read_read_fu_188">
<pin_list>
<pin id="189" dir="0" index="0" bw="32" slack="0"/>
<pin id="190" dir="0" index="1" bw="32" slack="0"/>
<pin id="191" dir="1" index="2" bw="32" slack="3"/>
</pin_list>
<bind>
<opcode="read(1150) " fcode="read"/>
<opset="bc_actual_read/1 "/>
</bind>
</comp>

<comp id="194" class="1004" name="br_actual_read_read_fu_194">
<pin_list>
<pin id="195" dir="0" index="0" bw="32" slack="0"/>
<pin id="196" dir="0" index="1" bw="32" slack="0"/>
<pin id="197" dir="1" index="2" bw="32" slack="3"/>
</pin_list>
<bind>
<opcode="read(1150) " fcode="read"/>
<opset="br_actual_read/1 "/>
</bind>
</comp>

<comp id="200" class="1004" name="grp_gemm_pv_Pipeline_INIT_PV_ACC_fu_200">
<pin_list>
<pin id="201" dir="0" index="0" bw="0" slack="0"/>
<pin id="202" dir="0" index="1" bw="32" slack="2147483647"/>
<pin id="203" dir="0" index="2" bw="32" slack="2147483647"/>
<pin id="204" dir="0" index="3" bw="32" slack="2147483647"/>
<pin id="205" dir="0" index="4" bw="32" slack="2147483647"/>
<pin id="206" dir="0" index="5" bw="32" slack="2147483647"/>
<pin id="207" dir="0" index="6" bw="32" slack="2147483647"/>
<pin id="208" dir="0" index="7" bw="32" slack="2147483647"/>
<pin id="209" dir="0" index="8" bw="32" slack="2147483647"/>
<pin id="210" dir="0" index="9" bw="32" slack="2147483647"/>
<pin id="211" dir="0" index="10" bw="32" slack="2147483647"/>
<pin id="212" dir="0" index="11" bw="32" slack="2147483647"/>
<pin id="213" dir="0" index="12" bw="32" slack="2147483647"/>
<pin id="214" dir="0" index="13" bw="32" slack="2147483647"/>
<pin id="215" dir="0" index="14" bw="32" slack="2147483647"/>
<pin id="216" dir="0" index="15" bw="32" slack="2147483647"/>
<pin id="217" dir="0" index="16" bw="32" slack="2147483647"/>
<pin id="218" dir="1" index="17" bw="0" slack="2147483647"/>
</pin_list>
<bind>
<opcode="call(48) " fcode="call"/>
<opset="call_ln0/2 "/>
</bind>
</comp>

<comp id="220" class="1004" name="grp_gemm_pv_Pipeline_GEMM_PV_RED_GEMM_PV_DCOL_fu_220">
<pin_list>
<pin id="221" dir="0" index="0" bw="0" slack="0"/>
<pin id="222" dir="0" index="1" bw="6" slack="0"/>
<pin id="223" dir="0" index="2" bw="16" slack="0"/>
<pin id="224" dir="0" index="3" bw="16" slack="0"/>
<pin id="225" dir="0" index="4" bw="16" slack="0"/>
<pin id="226" dir="0" index="5" bw="16" slack="0"/>
<pin id="227" dir="0" index="6" bw="16" slack="0"/>
<pin id="228" dir="0" index="7" bw="16" slack="0"/>
<pin id="229" dir="0" index="8" bw="16" slack="0"/>
<pin id="230" dir="0" index="9" bw="16" slack="0"/>
<pin id="231" dir="0" index="10" bw="32" slack="3"/>
<pin id="232" dir="0" index="11" bw="1" slack="0"/>
<pin id="233" dir="0" index="12" bw="16" slack="0"/>
<pin id="234" dir="0" index="13" bw="16" slack="0"/>
<pin id="235" dir="0" index="14" bw="16" slack="0"/>
<pin id="236" dir="0" index="15" bw="16" slack="0"/>
<pin id="237" dir="0" index="16" bw="16" slack="0"/>
<pin id="238" dir="0" index="17" bw="16" slack="0"/>
<pin id="239" dir="0" index="18" bw="16" slack="0"/>
<pin id="240" dir="0" index="19" bw="16" slack="0"/>
<pin id="241" dir="0" index="20" bw="16" slack="0"/>
<pin id="242" dir="0" index="21" bw="16" slack="0"/>
<pin id="243" dir="0" index="22" bw="16" slack="0"/>
<pin id="244" dir="0" index="23" bw="16" slack="0"/>
<pin id="245" dir="0" index="24" bw="16" slack="0"/>
<pin id="246" dir="0" index="25" bw="16" slack="0"/>
<pin id="247" dir="0" index="26" bw="16" slack="0"/>
<pin id="248" dir="0" index="27" bw="16" slack="0"/>
<pin id="249" dir="0" index="28" bw="32" slack="2147483647"/>
<pin id="250" dir="0" index="29" bw="32" slack="2147483647"/>
<pin id="251" dir="0" index="30" bw="32" slack="2147483647"/>
<pin id="252" dir="0" index="31" bw="32" slack="2147483647"/>
<pin id="253" dir="0" index="32" bw="32" slack="2147483647"/>
<pin id="254" dir="0" index="33" bw="32" slack="2147483647"/>
<pin id="255" dir="0" index="34" bw="32" slack="2147483647"/>
<pin id="256" dir="0" index="35" bw="32" slack="2147483647"/>
<pin id="257" dir="0" index="36" bw="32" slack="2147483647"/>
<pin id="258" dir="0" index="37" bw="32" slack="2147483647"/>
<pin id="259" dir="0" index="38" bw="32" slack="2147483647"/>
<pin id="260" dir="0" index="39" bw="32" slack="2147483647"/>
<pin id="261" dir="0" index="40" bw="32" slack="2147483647"/>
<pin id="262" dir="0" index="41" bw="32" slack="2147483647"/>
<pin id="263" dir="0" index="42" bw="32" slack="2147483647"/>
<pin id="264" dir="0" index="43" bw="32" slack="2147483647"/>
<pin id="265" dir="1" index="44" bw="0" slack="2147483647"/>
</pin_list>
<bind>
<opcode="call(48) " fcode="call"/>
<opset="call_ln135/4 "/>
</bind>
</comp>

<comp id="291" class="1004" name="grp_gemm_pv_Pipeline_STORE_PV_ROW_fu_291">
<pin_list>
<pin id="292" dir="0" index="0" bw="0" slack="0"/>
<pin id="293" dir="0" index="1" bw="6" slack="2"/>
<pin id="294" dir="0" index="2" bw="32" slack="5"/>
<pin id="295" dir="0" index="3" bw="32" slack="0"/>
<pin id="296" dir="0" index="4" bw="32" slack="0"/>
<pin id="297" dir="0" index="5" bw="32" slack="0"/>
<pin id="298" dir="0" index="6" bw="32" slack="0"/>
<pin id="299" dir="0" index="7" bw="32" slack="0"/>
<pin id="300" dir="0" index="8" bw="32" slack="0"/>
<pin id="301" dir="0" index="9" bw="32" slack="0"/>
<pin id="302" dir="0" index="10" bw="32" slack="0"/>
<pin id="303" dir="0" index="11" bw="32" slack="0"/>
<pin id="304" dir="0" index="12" bw="32" slack="0"/>
<pin id="305" dir="0" index="13" bw="32" slack="0"/>
<pin id="306" dir="0" index="14" bw="32" slack="0"/>
<pin id="307" dir="0" index="15" bw="32" slack="0"/>
<pin id="308" dir="0" index="16" bw="32" slack="0"/>
<pin id="309" dir="0" index="17" bw="32" slack="0"/>
<pin id="310" dir="0" index="18" bw="32" slack="0"/>
<pin id="311" dir="0" index="19" bw="32" slack="2147483647"/>
<pin id="312" dir="0" index="20" bw="32" slack="2147483647"/>
<pin id="313" dir="0" index="21" bw="32" slack="2147483647"/>
<pin id="314" dir="0" index="22" bw="32" slack="2147483647"/>
<pin id="315" dir="0" index="23" bw="32" slack="2147483647"/>
<pin id="316" dir="0" index="24" bw="32" slack="2147483647"/>
<pin id="317" dir="0" index="25" bw="32" slack="2147483647"/>
<pin id="318" dir="0" index="26" bw="32" slack="2147483647"/>
<pin id="319" dir="0" index="27" bw="32" slack="2147483647"/>
<pin id="320" dir="0" index="28" bw="32" slack="2147483647"/>
<pin id="321" dir="0" index="29" bw="32" slack="2147483647"/>
<pin id="322" dir="0" index="30" bw="32" slack="2147483647"/>
<pin id="323" dir="0" index="31" bw="32" slack="2147483647"/>
<pin id="324" dir="0" index="32" bw="32" slack="2147483647"/>
<pin id="325" dir="0" index="33" bw="32" slack="2147483647"/>
<pin id="326" dir="0" index="34" bw="32" slack="2147483647"/>
<pin id="327" dir="1" index="35" bw="0" slack="2147483647"/>
</pin_list>
<bind>
<opcode="call(48) " fcode="call"/>
<opset="call_ln135/6 "/>
</bind>
</comp>

<comp id="345" class="1004" name="store_ln135_store_fu_345">
<pin_list>
<pin id="346" dir="0" index="0" bw="1" slack="0"/>
<pin id="347" dir="0" index="1" bw="7" slack="0"/>
<pin id="348" dir="1" index="2" bw="0" slack="2147483647"/>
</pin_list>
<bind>
<opcode="store(28) " fcode="store"/>
<opset="store_ln135/1 "/>
</bind>
</comp>

<comp id="350" class="1004" name="i_7_load_fu_350">
<pin_list>
<pin id="351" dir="0" index="0" bw="7" slack="1"/>
<pin id="352" dir="1" index="1" bw="7" slack="0"/>
</pin_list>
<bind>
<opcode="load(27) " fcode="load"/>
<opset="i_7/2 "/>
</bind>
</comp>

<comp id="353" class="1004" name="add_ln135_fu_353">
<pin_list>
<pin id="354" dir="0" index="0" bw="7" slack="0"/>
<pin id="355" dir="0" index="1" bw="1" slack="0"/>
<pin id="356" dir="1" index="2" bw="7" slack="0"/>
</pin_list>
<bind>
<opcode="add(8) " fcode="add"/>
<opset="add_ln135/2 "/>
</bind>
</comp>

<comp id="359" class="1004" name="icmp_ln135_fu_359">
<pin_list>
<pin id="360" dir="0" index="0" bw="7" slack="0"/>
<pin id="361" dir="0" index="1" bw="7" slack="0"/>
<pin id="362" dir="1" index="2" bw="1" slack="2147483647"/>
</pin_list>
<bind>
<opcode="icmp(45) " fcode="icmp"/>
<opset="icmp_ln135/2 "/>
</bind>
</comp>

<comp id="365" class="1004" name="store_ln135_store_fu_365">
<pin_list>
<pin id="366" dir="0" index="0" bw="7" slack="0"/>
<pin id="367" dir="0" index="1" bw="7" slack="1"/>
<pin id="368" dir="1" index="2" bw="0" slack="2147483647"/>
</pin_list>
<bind>
<opcode="store(28) " fcode="store"/>
<opset="store_ln135/2 "/>
</bind>
</comp>

<comp id="370" class="1004" name="trunc_ln135_fu_370">
<pin_list>
<pin id="371" dir="0" index="0" bw="7" slack="2"/>
<pin id="372" dir="1" index="1" bw="6" slack="0"/>
</pin_list>
<bind>
<opcode="trunc(33) " fcode="trunc"/>
<opset="trunc_ln135/4 "/>
</bind>
</comp>

<comp id="374" class="1004" name="zext_ln135_fu_374">
<pin_list>
<pin id="375" dir="0" index="0" bw="7" slack="2"/>
<pin id="376" dir="1" index="1" bw="32" slack="0"/>
</pin_list>
<bind>
<opcode="zext(34) " fcode="zext"/>
<opset="zext_ln135/4 "/>
</bind>
</comp>

<comp id="377" class="1004" name="cmp9_fu_377">
<pin_list>
<pin id="378" dir="0" index="0" bw="7" slack="0"/>
<pin id="379" dir="0" index="1" bw="32" slack="3"/>
<pin id="380" dir="1" index="2" bw="1" slack="0"/>
</pin_list>
<bind>
<opcode="icmp(45) " fcode="icmp"/>
<opset="cmp9/4 "/>
</bind>
</comp>

<comp id="383" class="1005" name="i_reg_383">
<pin_list>
<pin id="384" dir="0" index="0" bw="7" slack="0"/>
<pin id="385" dir="1" index="1" bw="7" slack="0"/>
</pin_list>
<bind>
<opset="i "/>
</bind>
</comp>

<comp id="390" class="1005" name="bc_actual_read_reg_390">
<pin_list>
<pin id="391" dir="0" index="0" bw="32" slack="3"/>
<pin id="392" dir="1" index="1" bw="32" slack="3"/>
</pin_list>
<bind>
<opset="bc_actual_read "/>
</bind>
</comp>

<comp id="395" class="1005" name="br_actual_read_reg_395">
<pin_list>
<pin id="396" dir="0" index="0" bw="32" slack="3"/>
<pin id="397" dir="1" index="1" bw="32" slack="3"/>
</pin_list>
<bind>
<opset="br_actual_read "/>
</bind>
</comp>

<comp id="401" class="1005" name="i_7_reg_401">
<pin_list>
<pin id="402" dir="0" index="0" bw="7" slack="2"/>
<pin id="403" dir="1" index="1" bw="7" slack="2"/>
</pin_list>
<bind>
<opset="i_7 "/>
</bind>
</comp>

<comp id="410" class="1005" name="trunc_ln135_reg_410">
<pin_list>
<pin id="411" dir="0" index="0" bw="6" slack="1"/>
<pin id="412" dir="1" index="1" bw="6" slack="1"/>
</pin_list>
<bind>
<opset="trunc_ln135 "/>
</bind>
</comp>

<comp id="416" class="1005" name="cmp9_reg_416">
<pin_list>
<pin id="417" dir="0" index="0" bw="1" slack="1"/>
<pin id="418" dir="1" index="1" bw="1" slack="1"/>
</pin_list>
<bind>
<opset="cmp9 "/>
</bind>
</comp>

</comp_list>

<net_list>
<net id="123"><net_src comp="84" pin="0"/><net_sink comp="120" pin=0"/></net>

<net id="127"><net_src comp="98" pin="0"/><net_sink comp="124" pin=0"/></net>

<net id="131"><net_src comp="98" pin="0"/><net_sink comp="128" pin=0"/></net>

<net id="135"><net_src comp="98" pin="0"/><net_sink comp="132" pin=0"/></net>

<net id="139"><net_src comp="98" pin="0"/><net_sink comp="136" pin=0"/></net>

<net id="143"><net_src comp="98" pin="0"/><net_sink comp="140" pin=0"/></net>

<net id="147"><net_src comp="98" pin="0"/><net_sink comp="144" pin=0"/></net>

<net id="151"><net_src comp="98" pin="0"/><net_sink comp="148" pin=0"/></net>

<net id="155"><net_src comp="98" pin="0"/><net_sink comp="152" pin=0"/></net>

<net id="159"><net_src comp="98" pin="0"/><net_sink comp="156" pin=0"/></net>

<net id="163"><net_src comp="98" pin="0"/><net_sink comp="160" pin=0"/></net>

<net id="167"><net_src comp="98" pin="0"/><net_sink comp="164" pin=0"/></net>

<net id="171"><net_src comp="98" pin="0"/><net_sink comp="168" pin=0"/></net>

<net id="175"><net_src comp="98" pin="0"/><net_sink comp="172" pin=0"/></net>

<net id="179"><net_src comp="98" pin="0"/><net_sink comp="176" pin=0"/></net>

<net id="183"><net_src comp="98" pin="0"/><net_sink comp="180" pin=0"/></net>

<net id="187"><net_src comp="98" pin="0"/><net_sink comp="184" pin=0"/></net>

<net id="192"><net_src comp="96" pin="0"/><net_sink comp="188" pin=0"/></net>

<net id="193"><net_src comp="82" pin="0"/><net_sink comp="188" pin=1"/></net>

<net id="198"><net_src comp="96" pin="0"/><net_sink comp="194" pin=0"/></net>

<net id="199"><net_src comp="80" pin="0"/><net_sink comp="194" pin=1"/></net>

<net id="219"><net_src comp="106" pin="0"/><net_sink comp="200" pin=0"/></net>

<net id="266"><net_src comp="108" pin="0"/><net_sink comp="220" pin=0"/></net>

<net id="267"><net_src comp="0" pin="0"/><net_sink comp="220" pin=2"/></net>

<net id="268"><net_src comp="2" pin="0"/><net_sink comp="220" pin=3"/></net>

<net id="269"><net_src comp="4" pin="0"/><net_sink comp="220" pin=4"/></net>

<net id="270"><net_src comp="6" pin="0"/><net_sink comp="220" pin=5"/></net>

<net id="271"><net_src comp="8" pin="0"/><net_sink comp="220" pin=6"/></net>

<net id="272"><net_src comp="10" pin="0"/><net_sink comp="220" pin=7"/></net>

<net id="273"><net_src comp="12" pin="0"/><net_sink comp="220" pin=8"/></net>

<net id="274"><net_src comp="14" pin="0"/><net_sink comp="220" pin=9"/></net>

<net id="275"><net_src comp="16" pin="0"/><net_sink comp="220" pin=12"/></net>

<net id="276"><net_src comp="18" pin="0"/><net_sink comp="220" pin=13"/></net>

<net id="277"><net_src comp="20" pin="0"/><net_sink comp="220" pin=14"/></net>

<net id="278"><net_src comp="22" pin="0"/><net_sink comp="220" pin=15"/></net>

<net id="279"><net_src comp="24" pin="0"/><net_sink comp="220" pin=16"/></net>

<net id="280"><net_src comp="26" pin="0"/><net_sink comp="220" pin=17"/></net>

<net id="281"><net_src comp="28" pin="0"/><net_sink comp="220" pin=18"/></net>

<net id="282"><net_src comp="30" pin="0"/><net_sink comp="220" pin=19"/></net>

<net id="283"><net_src comp="32" pin="0"/><net_sink comp="220" pin=20"/></net>

<net id="284"><net_src comp="34" pin="0"/><net_sink comp="220" pin=21"/></net>

<net id="285"><net_src comp="36" pin="0"/><net_sink comp="220" pin=22"/></net>

<net id="286"><net_src comp="38" pin="0"/><net_sink comp="220" pin=23"/></net>

<net id="287"><net_src comp="40" pin="0"/><net_sink comp="220" pin=24"/></net>

<net id="288"><net_src comp="42" pin="0"/><net_sink comp="220" pin=25"/></net>

<net id="289"><net_src comp="44" pin="0"/><net_sink comp="220" pin=26"/></net>

<net id="290"><net_src comp="46" pin="0"/><net_sink comp="220" pin=27"/></net>

<net id="328"><net_src comp="110" pin="0"/><net_sink comp="291" pin=0"/></net>

<net id="329"><net_src comp="48" pin="0"/><net_sink comp="291" pin=3"/></net>

<net id="330"><net_src comp="50" pin="0"/><net_sink comp="291" pin=4"/></net>

<net id="331"><net_src comp="52" pin="0"/><net_sink comp="291" pin=5"/></net>

<net id="332"><net_src comp="54" pin="0"/><net_sink comp="291" pin=6"/></net>

<net id="333"><net_src comp="56" pin="0"/><net_sink comp="291" pin=7"/></net>

<net id="334"><net_src comp="58" pin="0"/><net_sink comp="291" pin=8"/></net>

<net id="335"><net_src comp="60" pin="0"/><net_sink comp="291" pin=9"/></net>

<net id="336"><net_src comp="62" pin="0"/><net_sink comp="291" pin=10"/></net>

<net id="337"><net_src comp="64" pin="0"/><net_sink comp="291" pin=11"/></net>

<net id="338"><net_src comp="66" pin="0"/><net_sink comp="291" pin=12"/></net>

<net id="339"><net_src comp="68" pin="0"/><net_sink comp="291" pin=13"/></net>

<net id="340"><net_src comp="70" pin="0"/><net_sink comp="291" pin=14"/></net>

<net id="341"><net_src comp="72" pin="0"/><net_sink comp="291" pin=15"/></net>

<net id="342"><net_src comp="74" pin="0"/><net_sink comp="291" pin=16"/></net>

<net id="343"><net_src comp="76" pin="0"/><net_sink comp="291" pin=17"/></net>

<net id="344"><net_src comp="78" pin="0"/><net_sink comp="291" pin=18"/></net>

<net id="349"><net_src comp="100" pin="0"/><net_sink comp="345" pin=0"/></net>

<net id="357"><net_src comp="350" pin="1"/><net_sink comp="353" pin=0"/></net>

<net id="358"><net_src comp="102" pin="0"/><net_sink comp="353" pin=1"/></net>

<net id="363"><net_src comp="350" pin="1"/><net_sink comp="359" pin=0"/></net>

<net id="364"><net_src comp="104" pin="0"/><net_sink comp="359" pin=1"/></net>

<net id="369"><net_src comp="353" pin="2"/><net_sink comp="365" pin=0"/></net>

<net id="373"><net_src comp="370" pin="1"/><net_sink comp="220" pin=1"/></net>

<net id="381"><net_src comp="374" pin="1"/><net_sink comp="377" pin=0"/></net>

<net id="382"><net_src comp="377" pin="2"/><net_sink comp="220" pin=11"/></net>

<net id="386"><net_src comp="120" pin="1"/><net_sink comp="383" pin=0"/></net>

<net id="387"><net_src comp="383" pin="1"/><net_sink comp="345" pin=1"/></net>

<net id="388"><net_src comp="383" pin="1"/><net_sink comp="350" pin=0"/></net>

<net id="389"><net_src comp="383" pin="1"/><net_sink comp="365" pin=1"/></net>

<net id="393"><net_src comp="188" pin="2"/><net_sink comp="390" pin=0"/></net>

<net id="394"><net_src comp="390" pin="1"/><net_sink comp="220" pin=10"/></net>

<net id="398"><net_src comp="194" pin="2"/><net_sink comp="395" pin=0"/></net>

<net id="399"><net_src comp="395" pin="1"/><net_sink comp="377" pin=1"/></net>

<net id="400"><net_src comp="395" pin="1"/><net_sink comp="291" pin=2"/></net>

<net id="404"><net_src comp="350" pin="1"/><net_sink comp="401" pin=0"/></net>

<net id="405"><net_src comp="401" pin="1"/><net_sink comp="370" pin=0"/></net>

<net id="406"><net_src comp="401" pin="1"/><net_sink comp="374" pin=0"/></net>

<net id="413"><net_src comp="370" pin="1"/><net_sink comp="410" pin=0"/></net>

<net id="414"><net_src comp="410" pin="1"/><net_sink comp="220" pin=1"/></net>

<net id="415"><net_src comp="410" pin="1"/><net_sink comp="291" pin=1"/></net>

<net id="419"><net_src comp="377" pin="2"/><net_sink comp="416" pin=0"/></net>

<net id="420"><net_src comp="416" pin="1"/><net_sink comp="220" pin=11"/></net>

</net_list>

</model> 
---------------- Datapath Model END ------------------

* FSMD analyzer results:
  - Output states:
	Port: PV_tile_0 | {6 7 }
	Port: PV_tile_1 | {6 7 }
	Port: PV_tile_2 | {6 7 }
	Port: PV_tile_3 | {6 7 }
	Port: PV_tile_4 | {6 7 }
	Port: PV_tile_5 | {6 7 }
	Port: PV_tile_6 | {6 7 }
	Port: PV_tile_7 | {6 7 }
	Port: PV_tile_8 | {6 7 }
	Port: PV_tile_9 | {6 7 }
	Port: PV_tile_10 | {6 7 }
	Port: PV_tile_11 | {6 7 }
	Port: PV_tile_12 | {6 7 }
	Port: PV_tile_13 | {6 7 }
	Port: PV_tile_14 | {6 7 }
	Port: PV_tile_15 | {6 7 }
 - Input state : 
	Port: gemm_pv : P_tile_0 | {4 5 }
	Port: gemm_pv : P_tile_1 | {4 5 }
	Port: gemm_pv : P_tile_2 | {4 5 }
	Port: gemm_pv : P_tile_3 | {4 5 }
	Port: gemm_pv : P_tile_4 | {4 5 }
	Port: gemm_pv : P_tile_5 | {4 5 }
	Port: gemm_pv : P_tile_6 | {4 5 }
	Port: gemm_pv : P_tile_7 | {4 5 }
	Port: gemm_pv : V_tile_0 | {4 5 }
	Port: gemm_pv : V_tile_1 | {4 5 }
	Port: gemm_pv : V_tile_2 | {4 5 }
	Port: gemm_pv : V_tile_3 | {4 5 }
	Port: gemm_pv : V_tile_4 | {4 5 }
	Port: gemm_pv : V_tile_5 | {4 5 }
	Port: gemm_pv : V_tile_6 | {4 5 }
	Port: gemm_pv : V_tile_7 | {4 5 }
	Port: gemm_pv : V_tile_8 | {4 5 }
	Port: gemm_pv : V_tile_9 | {4 5 }
	Port: gemm_pv : V_tile_10 | {4 5 }
	Port: gemm_pv : V_tile_11 | {4 5 }
	Port: gemm_pv : V_tile_12 | {4 5 }
	Port: gemm_pv : V_tile_13 | {4 5 }
	Port: gemm_pv : V_tile_14 | {4 5 }
	Port: gemm_pv : V_tile_15 | {4 5 }
	Port: gemm_pv : br_actual | {1 }
	Port: gemm_pv : bc_actual | {1 }
  - Chain level:
	State 1
		store_ln135 : 1
	State 2
		add_ln135 : 1
		icmp_ln135 : 1
		br_ln135 : 2
		store_ln135 : 2
	State 3
	State 4
		cmp9 : 1
		call_ln135 : 2
	State 5
	State 6
	State 7


============================================================
+ Verbose Summary: Datapath Resource usage 
============================================================

* Functional unit list:
|----------|------------------------------------------------------|---------|---------|---------|---------|
| Operation|                    Functional Unit                   |   DSP   |  Delay  |    FF   |   LUT   |
|----------|------------------------------------------------------|---------|---------|---------|---------|
|          |        grp_gemm_pv_Pipeline_INIT_PV_ACC_fu_200       |    0    |    0    |    8    |    8    |
|   call   | grp_gemm_pv_Pipeline_GEMM_PV_RED_GEMM_PV_DCOL_fu_220 |    16   |  13.976 |   839   |   561   |
|          |       grp_gemm_pv_Pipeline_STORE_PV_ROW_fu_291       |    0    |   5.76  |    66   |   616   |
|----------|------------------------------------------------------|---------|---------|---------|---------|
|   icmp   |                   icmp_ln135_fu_359                  |    0    |    0    |    0    |    3    |
|          |                      cmp9_fu_377                     |    0    |    0    |    0    |    16   |
|----------|------------------------------------------------------|---------|---------|---------|---------|
|    add   |                   add_ln135_fu_353                   |    0    |    0    |    0    |    8    |
|----------|------------------------------------------------------|---------|---------|---------|---------|
|   read   |              bc_actual_read_read_fu_188              |    0    |    0    |    0    |    0    |
|          |              br_actual_read_read_fu_194              |    0    |    0    |    0    |    0    |
|----------|------------------------------------------------------|---------|---------|---------|---------|
|   trunc  |                  trunc_ln135_fu_370                  |    0    |    0    |    0    |    0    |
|----------|------------------------------------------------------|---------|---------|---------|---------|
|   zext   |                   zext_ln135_fu_374                  |    0    |    0    |    0    |    0    |
|----------|------------------------------------------------------|---------|---------|---------|---------|
|   Total  |                                                      |    16   |  19.736 |   913   |   1212  |
|----------|------------------------------------------------------|---------|---------|---------|---------|

Memories:
+--------+--------+--------+--------+--------+
|        |  BRAM  |   FF   |   LUT  |  URAM  |
+--------+--------+--------+--------+--------+
|  acc_d |    0   |   64   |   33   |    0   |
| acc_d_1|    0   |   64   |   33   |    0   |
|acc_d_10|    0   |   64   |   33   |    0   |
|acc_d_11|    0   |   64   |   33   |    0   |
|acc_d_12|    0   |   64   |   33   |    0   |
|acc_d_13|    0   |   64   |   33   |    0   |
|acc_d_14|    0   |   64   |   33   |    0   |
|acc_d_15|    0   |   64   |   33   |    0   |
| acc_d_2|    0   |   64   |   33   |    0   |
| acc_d_3|    0   |   64   |   33   |    0   |
| acc_d_4|    0   |   64   |   33   |    0   |
| acc_d_5|    0   |   64   |   33   |    0   |
| acc_d_6|    0   |   64   |   33   |    0   |
| acc_d_7|    0   |   64   |   33   |    0   |
| acc_d_8|    0   |   64   |   33   |    0   |
| acc_d_9|    0   |   64   |   33   |    0   |
+--------+--------+--------+--------+--------+
|  Total |    0   |  1024  |   528  |    0   |
+--------+--------+--------+--------+--------+

* Register list:
+----------------------+--------+
|                      |   FF   |
+----------------------+--------+
|bc_actual_read_reg_390|   32   |
|br_actual_read_reg_395|   32   |
|     cmp9_reg_416     |    1   |
|      i_7_reg_401     |    7   |
|       i_reg_383      |    7   |
|  trunc_ln135_reg_410 |    6   |
+----------------------+--------+
|         Total        |   85   |
+----------------------+--------+

* Multiplexer (MUX) list: 
|------------------------------------------------------|------|------|------|--------||---------||---------||---------|
|                         Comp                         |  Pin | Size |  BW  | S x BW ||  Delay  ||    FF   ||   LUT   |
|------------------------------------------------------|------|------|------|--------||---------||---------||---------|
| grp_gemm_pv_Pipeline_GEMM_PV_RED_GEMM_PV_DCOL_fu_220 |  p1  |   2  |   6  |   12   ||    0    ||    8    |
| grp_gemm_pv_Pipeline_GEMM_PV_RED_GEMM_PV_DCOL_fu_220 |  p11 |   2  |   1  |    2   ||    0    ||    1    |
|------------------------------------------------------|------|------|------|--------||---------||---------||---------|
|                         Total                        |      |      |      |   14   ||  0.644  ||    0    ||    9    |
|------------------------------------------------------|------|------|------|--------||---------||---------||---------|



* Summary:
+-----------+--------+--------+--------+--------+--------+--------+
|           |  BRAM  |   DSP  |  Delay |   FF   |   LUT  |  URAM  |
+-----------+--------+--------+--------+--------+--------+--------+
|  Function |    -   |   16   |   19   |   913  |  1212  |    -   |
|   Memory  |    0   |    -   |    -   |  1024  |   528  |    0   |
|Multiplexer|    -   |    -   |    0   |    0   |    9   |    -   |
|  Register |    -   |    -   |    -   |   85   |    -   |    -   |
+-----------+--------+--------+--------+--------+--------+--------+
|   Total   |    0   |   16   |   20   |  2022  |  1749  |    0   |
+-----------+--------+--------+--------+--------+--------+--------+
