

================================================================
== Vitis HLS Report for 'gemm_pv_Pipeline_INIT_PV_ACC'
================================================================
* Date:           Sun Mar 22 18:06:09 2026

* Version:        2025.1 (Build 6135595 on May 21 2025)
* Project:        FlashAtt1
* Solution:       hls (Vivado IP Flow Target)
* Product family: versalhbm
* Target device:  xcvh1582-lsva4737-2LHP-e-S


================================================================
== Performance Estimates
================================================================
+ Timing: 
    * Summary: 
    +--------+----------+----------+------------+
    |  Clock |  Target  | Estimated| Uncertainty|
    +--------+----------+----------+------------+
    |ap_clk  |  10.00 ns|  1.448 ns|     2.70 ns|
    +--------+----------+----------+------------+

+ Latency: 
    * Summary: 
    +---------+---------+----------+----------+-----+-----+------------------------------------------------+
    |  Latency (cycles) |  Latency (absolute) |  Interval |                    Pipeline                    |
    |   min   |   max   |    min   |    max   | min | max |                      Type                      |
    +---------+---------+----------+----------+-----+-----+------------------------------------------------+
    |       10|       10|  0.100 us|  0.100 us|    9|    9|  loop auto-rewind stp (delay=0 clock cycles(s))|
    +---------+---------+----------+----------+-----+-----+------------------------------------------------+

    + Detail: 
        * Instance: 
        N/A

        * Loop: 
        +---------------+---------+---------+----------+-----------+-----------+------+----------+
        |               |  Latency (cycles) | Iteration|  Initiation Interval  | Trip |          |
        |   Loop Name   |   min   |   max   |  Latency |  achieved |   target  | Count| Pipelined|
        +---------------+---------+---------+----------+-----------+-----------+------+----------+
        |- INIT_PV_ACC  |        8|        8|         1|          1|          1|     8|       yes|
        +---------------+---------+---------+----------+-----------+-----------+------+----------+

============================================================
+ Verbose Summary: Synthesis Manager
============================================================
InlineROM: 1
ExposeGlobal: 0
============================================================
+ Verbose Summary: CDFG Model
============================================================
IsTopModel: 0
ResetActiveHigh: 1
IsCombinational: 0
IsDatapathOnly: 0
HasWiredReturn: 1
HasMFsm: 2
HasVarLatency: 1
IsPipeline: 0
IsRtlPipelined: 0
IsInstanceOverlapped: 0
IsDontTouch: 0
HasImplIP: 0
IsGatedGlobalClock: 0

+ Individual pipeline summary: 
  * Pipeline-0: initiation interval (II) = 1, depth = 1


============================================================
+ Verbose Summary: Schedule
============================================================
* Number of FSM states : 1
* Pipeline : 1
  Pipeline-0 : II = 1, D = 1, States = { 1 }
* Dataflow Pipeline: 0

* FSM state transitions: 
1 --> 

* FSM state operations: 

State 1 <SV = 0> <Delay = 1.44>
ST_1 : Operation 4 [1/1] (0.00ns)   --->   "%k = alloca i32 1" [./flashattentiongemm.h:142]   --->   Operation 4 'alloca' 'k' <Predicate = true> <Delay = 0.00>
ST_1 : Operation 5 [1/1] (0.36ns)   --->   "%store_ln142 = store i8 0, i8 %k" [./flashattentiongemm.h:142]   --->   Operation 5 'store' 'store_ln142' <Predicate = true> <Delay = 0.36>
ST_1 : Operation 6 [1/1] (0.00ns)   --->   "%br_ln0 = br void %for.inc"   --->   Operation 6 'br' 'br_ln0' <Predicate = true> <Delay = 0.00>
ST_1 : Operation 7 [1/1] (0.00ns)   --->   "%k_2 = load i8 %k" [./flashattentiongemm.h:142]   --->   Operation 7 'load' 'k_2' <Predicate = true> <Delay = 0.00>
ST_1 : Operation 8 [1/1] (0.00ns)   --->   "%tmp = bitselect i1 @_ssdm_op_BitSelect.i1.i8.i32, i8 %k_2, i32 7" [./flashattentiongemm.h:142]   --->   Operation 8 'bitselect' 'tmp' <Predicate = true> <Delay = 0.00>
ST_1 : Operation 9 [1/1] (0.00ns)   --->   "%br_ln142 = br i1 %tmp, void %for.inc.split, void %GEMM_PV_RED.exitStub" [./flashattentiongemm.h:142]   --->   Operation 9 'br' 'br_ln142' <Predicate = true> <Delay = 0.00>
ST_1 : Operation 10 [1/1] (0.67ns)   --->   "%add_ln142 = add i8 %k_2, i8 16" [./flashattentiongemm.h:142]   --->   Operation 10 'add' 'add_ln142' <Predicate = (!tmp)> <Delay = 0.67> <CoreInst = "Adder">   --->   Core 1 'Adder' <Latency = 0> <II = 1> <Delay = 0.67> <FuncUnit> <Opcode : 'add' 'sub'> <InPorts = 2> <OutPorts = 1>
ST_1 : Operation 11 [1/1] (0.00ns)   --->   "%specpipeline_ln142 = specpipeline void @_ssdm_op_SpecPipeline, i32 4294967295, i32 0, i32 0, i32 0, void @empty_27" [./flashattentiongemm.h:142]   --->   Operation 11 'specpipeline' 'specpipeline_ln142' <Predicate = (!tmp)> <Delay = 0.00>
ST_1 : Operation 12 [1/1] (0.00ns)   --->   "%speclooptripcount_ln142 = speclooptripcount void @_ssdm_op_SpecLoopTripCount, i64 8, i64 8, i64 8" [./flashattentiongemm.h:142]   --->   Operation 12 'speclooptripcount' 'speclooptripcount_ln142' <Predicate = (!tmp)> <Delay = 0.00>
ST_1 : Operation 13 [1/1] (0.00ns)   --->   "%specloopname_ln142 = specloopname void @_ssdm_op_SpecLoopName, void @empty_18" [./flashattentiongemm.h:142]   --->   Operation 13 'specloopname' 'specloopname_ln142' <Predicate = (!tmp)> <Delay = 0.00>
ST_1 : Operation 14 [1/1] (0.00ns)   --->   "%lshr_ln = partselect i3 @_ssdm_op_PartSelect.i3.i8.i32.i32, i8 %k_2, i32 4, i32 6" [./flashattentiongemm.h:142]   --->   Operation 14 'partselect' 'lshr_ln' <Predicate = (!tmp)> <Delay = 0.00>
ST_1 : Operation 15 [1/1] (0.00ns)   --->   "%zext_ln142 = zext i3 %lshr_ln" [./flashattentiongemm.h:142]   --->   Operation 15 'zext' 'zext_ln142' <Predicate = (!tmp)> <Delay = 0.00>
ST_1 : Operation 16 [1/1] (0.00ns)   --->   "%acc_d_addr = getelementptr i32 %acc_d, i64 0, i64 %zext_ln142" [./flashattentiongemm.h:144]   --->   Operation 16 'getelementptr' 'acc_d_addr' <Predicate = (!tmp)> <Delay = 0.00>
ST_1 : Operation 17 [1/1] (0.00ns)   --->   "%acc_d_1_addr = getelementptr i32 %acc_d_1, i64 0, i64 %zext_ln142" [./flashattentiongemm.h:144]   --->   Operation 17 'getelementptr' 'acc_d_1_addr' <Predicate = (!tmp)> <Delay = 0.00>
ST_1 : Operation 18 [1/1] (0.00ns)   --->   "%acc_d_2_addr = getelementptr i32 %acc_d_2, i64 0, i64 %zext_ln142" [./flashattentiongemm.h:144]   --->   Operation 18 'getelementptr' 'acc_d_2_addr' <Predicate = (!tmp)> <Delay = 0.00>
ST_1 : Operation 19 [1/1] (0.00ns)   --->   "%acc_d_3_addr = getelementptr i32 %acc_d_3, i64 0, i64 %zext_ln142" [./flashattentiongemm.h:144]   --->   Operation 19 'getelementptr' 'acc_d_3_addr' <Predicate = (!tmp)> <Delay = 0.00>
ST_1 : Operation 20 [1/1] (0.00ns)   --->   "%acc_d_4_addr = getelementptr i32 %acc_d_4, i64 0, i64 %zext_ln142" [./flashattentiongemm.h:144]   --->   Operation 20 'getelementptr' 'acc_d_4_addr' <Predicate = (!tmp)> <Delay = 0.00>
ST_1 : Operation 21 [1/1] (0.00ns)   --->   "%acc_d_5_addr = getelementptr i32 %acc_d_5, i64 0, i64 %zext_ln142" [./flashattentiongemm.h:144]   --->   Operation 21 'getelementptr' 'acc_d_5_addr' <Predicate = (!tmp)> <Delay = 0.00>
ST_1 : Operation 22 [1/1] (0.00ns)   --->   "%acc_d_6_addr = getelementptr i32 %acc_d_6, i64 0, i64 %zext_ln142" [./flashattentiongemm.h:144]   --->   Operation 22 'getelementptr' 'acc_d_6_addr' <Predicate = (!tmp)> <Delay = 0.00>
ST_1 : Operation 23 [1/1] (0.00ns)   --->   "%acc_d_7_addr = getelementptr i32 %acc_d_7, i64 0, i64 %zext_ln142" [./flashattentiongemm.h:144]   --->   Operation 23 'getelementptr' 'acc_d_7_addr' <Predicate = (!tmp)> <Delay = 0.00>
ST_1 : Operation 24 [1/1] (0.00ns)   --->   "%acc_d_8_addr = getelementptr i32 %acc_d_8, i64 0, i64 %zext_ln142" [./flashattentiongemm.h:144]   --->   Operation 24 'getelementptr' 'acc_d_8_addr' <Predicate = (!tmp)> <Delay = 0.00>
ST_1 : Operation 25 [1/1] (0.00ns)   --->   "%acc_d_9_addr = getelementptr i32 %acc_d_9, i64 0, i64 %zext_ln142" [./flashattentiongemm.h:144]   --->   Operation 25 'getelementptr' 'acc_d_9_addr' <Predicate = (!tmp)> <Delay = 0.00>
ST_1 : Operation 26 [1/1] (0.00ns)   --->   "%acc_d_10_addr = getelementptr i32 %acc_d_10, i64 0, i64 %zext_ln142" [./flashattentiongemm.h:144]   --->   Operation 26 'getelementptr' 'acc_d_10_addr' <Predicate = (!tmp)> <Delay = 0.00>
ST_1 : Operation 27 [1/1] (0.00ns)   --->   "%acc_d_11_addr = getelementptr i32 %acc_d_11, i64 0, i64 %zext_ln142" [./flashattentiongemm.h:144]   --->   Operation 27 'getelementptr' 'acc_d_11_addr' <Predicate = (!tmp)> <Delay = 0.00>
ST_1 : Operation 28 [1/1] (0.00ns)   --->   "%acc_d_12_addr = getelementptr i32 %acc_d_12, i64 0, i64 %zext_ln142" [./flashattentiongemm.h:144]   --->   Operation 28 'getelementptr' 'acc_d_12_addr' <Predicate = (!tmp)> <Delay = 0.00>
ST_1 : Operation 29 [1/1] (0.00ns)   --->   "%acc_d_13_addr = getelementptr i32 %acc_d_13, i64 0, i64 %zext_ln142" [./flashattentiongemm.h:144]   --->   Operation 29 'getelementptr' 'acc_d_13_addr' <Predicate = (!tmp)> <Delay = 0.00>
ST_1 : Operation 30 [1/1] (0.00ns)   --->   "%acc_d_14_addr = getelementptr i32 %acc_d_14, i64 0, i64 %zext_ln142" [./flashattentiongemm.h:144]   --->   Operation 30 'getelementptr' 'acc_d_14_addr' <Predicate = (!tmp)> <Delay = 0.00>
ST_1 : Operation 31 [1/1] (0.00ns)   --->   "%acc_d_15_addr = getelementptr i32 %acc_d_15, i64 0, i64 %zext_ln142" [./flashattentiongemm.h:144]   --->   Operation 31 'getelementptr' 'acc_d_15_addr' <Predicate = (!tmp)> <Delay = 0.00>
ST_1 : Operation 32 [1/1] (0.42ns) (share mux size 2)   --->   "%muxLogicRAMData_to_store_ln144 = muxlogic i32 0"   --->   Operation 32 'muxlogic' 'muxLogicRAMData_to_store_ln144' <Predicate = (!tmp)> <Delay = 0.42>
ST_1 : Operation 33 [1/1] (0.42ns) (share mux size 2)   --->   "%muxLogicRAMAddr_to_store_ln144 = muxlogic i3 %acc_d_addr"   --->   Operation 33 'muxlogic' 'muxLogicRAMAddr_to_store_ln144' <Predicate = (!tmp)> <Delay = 0.42>
ST_1 : Operation 34 [1/1] ( I:0.66ns O:0.66ns ) (share mux size 4)   --->   "%store_ln144 = store i32 0, i3 %acc_d_addr" [./flashattentiongemm.h:144]   --->   Operation 34 'store' 'store_ln144' <Predicate = (!tmp)> <Delay = 0.66> <CoreInst = "RAM">   --->   Core 86 'RAM' <Latency = 1> <II = 1> <Delay = 0.86> <Storage> <Opcode : 'load' 'store'> <Ports = 2> <Width = 32> <Depth = 8> <RAM>
ST_1 : Operation 35 [1/1] (0.42ns) (share mux size 2)   --->   "%muxLogicRAMData_to_store_ln144 = muxlogic i32 0"   --->   Operation 35 'muxlogic' 'muxLogicRAMData_to_store_ln144' <Predicate = (!tmp)> <Delay = 0.42>
ST_1 : Operation 36 [1/1] (0.42ns) (share mux size 2)   --->   "%muxLogicRAMAddr_to_store_ln144 = muxlogic i3 %acc_d_1_addr"   --->   Operation 36 'muxlogic' 'muxLogicRAMAddr_to_store_ln144' <Predicate = (!tmp)> <Delay = 0.42>
ST_1 : Operation 37 [1/1] ( I:0.66ns O:0.66ns ) (share mux size 4)   --->   "%store_ln144 = store i32 0, i3 %acc_d_1_addr" [./flashattentiongemm.h:144]   --->   Operation 37 'store' 'store_ln144' <Predicate = (!tmp)> <Delay = 0.66> <CoreInst = "RAM">   --->   Core 86 'RAM' <Latency = 1> <II = 1> <Delay = 0.86> <Storage> <Opcode : 'load' 'store'> <Ports = 2> <Width = 32> <Depth = 8> <RAM>
ST_1 : Operation 38 [1/1] (0.42ns) (share mux size 2)   --->   "%muxLogicRAMData_to_store_ln144 = muxlogic i32 0"   --->   Operation 38 'muxlogic' 'muxLogicRAMData_to_store_ln144' <Predicate = (!tmp)> <Delay = 0.42>
ST_1 : Operation 39 [1/1] (0.42ns) (share mux size 2)   --->   "%muxLogicRAMAddr_to_store_ln144 = muxlogic i3 %acc_d_2_addr"   --->   Operation 39 'muxlogic' 'muxLogicRAMAddr_to_store_ln144' <Predicate = (!tmp)> <Delay = 0.42>
ST_1 : Operation 40 [1/1] ( I:0.66ns O:0.66ns ) (share mux size 4)   --->   "%store_ln144 = store i32 0, i3 %acc_d_2_addr" [./flashattentiongemm.h:144]   --->   Operation 40 'store' 'store_ln144' <Predicate = (!tmp)> <Delay = 0.66> <CoreInst = "RAM">   --->   Core 86 'RAM' <Latency = 1> <II = 1> <Delay = 0.86> <Storage> <Opcode : 'load' 'store'> <Ports = 2> <Width = 32> <Depth = 8> <RAM>
ST_1 : Operation 41 [1/1] (0.42ns) (share mux size 2)   --->   "%muxLogicRAMData_to_store_ln144 = muxlogic i32 0"   --->   Operation 41 'muxlogic' 'muxLogicRAMData_to_store_ln144' <Predicate = (!tmp)> <Delay = 0.42>
ST_1 : Operation 42 [1/1] (0.42ns) (share mux size 2)   --->   "%muxLogicRAMAddr_to_store_ln144 = muxlogic i3 %acc_d_3_addr"   --->   Operation 42 'muxlogic' 'muxLogicRAMAddr_to_store_ln144' <Predicate = (!tmp)> <Delay = 0.42>
ST_1 : Operation 43 [1/1] ( I:0.66ns O:0.66ns ) (share mux size 4)   --->   "%store_ln144 = store i32 0, i3 %acc_d_3_addr" [./flashattentiongemm.h:144]   --->   Operation 43 'store' 'store_ln144' <Predicate = (!tmp)> <Delay = 0.66> <CoreInst = "RAM">   --->   Core 86 'RAM' <Latency = 1> <II = 1> <Delay = 0.86> <Storage> <Opcode : 'load' 'store'> <Ports = 2> <Width = 32> <Depth = 8> <RAM>
ST_1 : Operation 44 [1/1] (0.42ns) (share mux size 2)   --->   "%muxLogicRAMData_to_store_ln144 = muxlogic i32 0"   --->   Operation 44 'muxlogic' 'muxLogicRAMData_to_store_ln144' <Predicate = (!tmp)> <Delay = 0.42>
ST_1 : Operation 45 [1/1] (0.42ns) (share mux size 2)   --->   "%muxLogicRAMAddr_to_store_ln144 = muxlogic i3 %acc_d_4_addr"   --->   Operation 45 'muxlogic' 'muxLogicRAMAddr_to_store_ln144' <Predicate = (!tmp)> <Delay = 0.42>
ST_1 : Operation 46 [1/1] ( I:0.66ns O:0.66ns ) (share mux size 4)   --->   "%store_ln144 = store i32 0, i3 %acc_d_4_addr" [./flashattentiongemm.h:144]   --->   Operation 46 'store' 'store_ln144' <Predicate = (!tmp)> <Delay = 0.66> <CoreInst = "RAM">   --->   Core 86 'RAM' <Latency = 1> <II = 1> <Delay = 0.86> <Storage> <Opcode : 'load' 'store'> <Ports = 2> <Width = 32> <Depth = 8> <RAM>
ST_1 : Operation 47 [1/1] (0.42ns) (share mux size 2)   --->   "%muxLogicRAMData_to_store_ln144 = muxlogic i32 0"   --->   Operation 47 'muxlogic' 'muxLogicRAMData_to_store_ln144' <Predicate = (!tmp)> <Delay = 0.42>
ST_1 : Operation 48 [1/1] (0.42ns) (share mux size 2)   --->   "%muxLogicRAMAddr_to_store_ln144 = muxlogic i3 %acc_d_5_addr"   --->   Operation 48 'muxlogic' 'muxLogicRAMAddr_to_store_ln144' <Predicate = (!tmp)> <Delay = 0.42>
ST_1 : Operation 49 [1/1] ( I:0.66ns O:0.66ns ) (share mux size 4)   --->   "%store_ln144 = store i32 0, i3 %acc_d_5_addr" [./flashattentiongemm.h:144]   --->   Operation 49 'store' 'store_ln144' <Predicate = (!tmp)> <Delay = 0.66> <CoreInst = "RAM">   --->   Core 86 'RAM' <Latency = 1> <II = 1> <Delay = 0.86> <Storage> <Opcode : 'load' 'store'> <Ports = 2> <Width = 32> <Depth = 8> <RAM>
ST_1 : Operation 50 [1/1] (0.42ns) (share mux size 2)   --->   "%muxLogicRAMData_to_store_ln144 = muxlogic i32 0"   --->   Operation 50 'muxlogic' 'muxLogicRAMData_to_store_ln144' <Predicate = (!tmp)> <Delay = 0.42>
ST_1 : Operation 51 [1/1] (0.42ns) (share mux size 2)   --->   "%muxLogicRAMAddr_to_store_ln144 = muxlogic i3 %acc_d_6_addr"   --->   Operation 51 'muxlogic' 'muxLogicRAMAddr_to_store_ln144' <Predicate = (!tmp)> <Delay = 0.42>
ST_1 : Operation 52 [1/1] ( I:0.66ns O:0.66ns ) (share mux size 4)   --->   "%store_ln144 = store i32 0, i3 %acc_d_6_addr" [./flashattentiongemm.h:144]   --->   Operation 52 'store' 'store_ln144' <Predicate = (!tmp)> <Delay = 0.66> <CoreInst = "RAM">   --->   Core 86 'RAM' <Latency = 1> <II = 1> <Delay = 0.86> <Storage> <Opcode : 'load' 'store'> <Ports = 2> <Width = 32> <Depth = 8> <RAM>
ST_1 : Operation 53 [1/1] (0.42ns) (share mux size 2)   --->   "%muxLogicRAMData_to_store_ln144 = muxlogic i32 0"   --->   Operation 53 'muxlogic' 'muxLogicRAMData_to_store_ln144' <Predicate = (!tmp)> <Delay = 0.42>
ST_1 : Operation 54 [1/1] (0.42ns) (share mux size 2)   --->   "%muxLogicRAMAddr_to_store_ln144 = muxlogic i3 %acc_d_7_addr"   --->   Operation 54 'muxlogic' 'muxLogicRAMAddr_to_store_ln144' <Predicate = (!tmp)> <Delay = 0.42>
ST_1 : Operation 55 [1/1] ( I:0.66ns O:0.66ns ) (share mux size 4)   --->   "%store_ln144 = store i32 0, i3 %acc_d_7_addr" [./flashattentiongemm.h:144]   --->   Operation 55 'store' 'store_ln144' <Predicate = (!tmp)> <Delay = 0.66> <CoreInst = "RAM">   --->   Core 86 'RAM' <Latency = 1> <II = 1> <Delay = 0.86> <Storage> <Opcode : 'load' 'store'> <Ports = 2> <Width = 32> <Depth = 8> <RAM>
ST_1 : Operation 56 [1/1] (0.42ns) (share mux size 2)   --->   "%muxLogicRAMData_to_store_ln144 = muxlogic i32 0"   --->   Operation 56 'muxlogic' 'muxLogicRAMData_to_store_ln144' <Predicate = (!tmp)> <Delay = 0.42>
ST_1 : Operation 57 [1/1] (0.42ns) (share mux size 2)   --->   "%muxLogicRAMAddr_to_store_ln144 = muxlogic i3 %acc_d_8_addr"   --->   Operation 57 'muxlogic' 'muxLogicRAMAddr_to_store_ln144' <Predicate = (!tmp)> <Delay = 0.42>
ST_1 : Operation 58 [1/1] ( I:0.66ns O:0.66ns ) (share mux size 4)   --->   "%store_ln144 = store i32 0, i3 %acc_d_8_addr" [./flashattentiongemm.h:144]   --->   Operation 58 'store' 'store_ln144' <Predicate = (!tmp)> <Delay = 0.66> <CoreInst = "RAM">   --->   Core 86 'RAM' <Latency = 1> <II = 1> <Delay = 0.86> <Storage> <Opcode : 'load' 'store'> <Ports = 2> <Width = 32> <Depth = 8> <RAM>
ST_1 : Operation 59 [1/1] (0.42ns) (share mux size 2)   --->   "%muxLogicRAMData_to_store_ln144 = muxlogic i32 0"   --->   Operation 59 'muxlogic' 'muxLogicRAMData_to_store_ln144' <Predicate = (!tmp)> <Delay = 0.42>
ST_1 : Operation 60 [1/1] (0.42ns) (share mux size 2)   --->   "%muxLogicRAMAddr_to_store_ln144 = muxlogic i3 %acc_d_9_addr"   --->   Operation 60 'muxlogic' 'muxLogicRAMAddr_to_store_ln144' <Predicate = (!tmp)> <Delay = 0.42>
ST_1 : Operation 61 [1/1] ( I:0.66ns O:0.66ns ) (share mux size 4)   --->   "%store_ln144 = store i32 0, i3 %acc_d_9_addr" [./flashattentiongemm.h:144]   --->   Operation 61 'store' 'store_ln144' <Predicate = (!tmp)> <Delay = 0.66> <CoreInst = "RAM">   --->   Core 86 'RAM' <Latency = 1> <II = 1> <Delay = 0.86> <Storage> <Opcode : 'load' 'store'> <Ports = 2> <Width = 32> <Depth = 8> <RAM>
ST_1 : Operation 62 [1/1] (0.42ns) (share mux size 2)   --->   "%muxLogicRAMData_to_store_ln144 = muxlogic i32 0"   --->   Operation 62 'muxlogic' 'muxLogicRAMData_to_store_ln144' <Predicate = (!tmp)> <Delay = 0.42>
ST_1 : Operation 63 [1/1] (0.42ns) (share mux size 2)   --->   "%muxLogicRAMAddr_to_store_ln144 = muxlogic i3 %acc_d_10_addr"   --->   Operation 63 'muxlogic' 'muxLogicRAMAddr_to_store_ln144' <Predicate = (!tmp)> <Delay = 0.42>
ST_1 : Operation 64 [1/1] ( I:0.66ns O:0.66ns ) (share mux size 4)   --->   "%store_ln144 = store i32 0, i3 %acc_d_10_addr" [./flashattentiongemm.h:144]   --->   Operation 64 'store' 'store_ln144' <Predicate = (!tmp)> <Delay = 0.66> <CoreInst = "RAM">   --->   Core 86 'RAM' <Latency = 1> <II = 1> <Delay = 0.86> <Storage> <Opcode : 'load' 'store'> <Ports = 2> <Width = 32> <Depth = 8> <RAM>
ST_1 : Operation 65 [1/1] (0.42ns) (share mux size 2)   --->   "%muxLogicRAMData_to_store_ln144 = muxlogic i32 0"   --->   Operation 65 'muxlogic' 'muxLogicRAMData_to_store_ln144' <Predicate = (!tmp)> <Delay = 0.42>
ST_1 : Operation 66 [1/1] (0.42ns) (share mux size 2)   --->   "%muxLogicRAMAddr_to_store_ln144 = muxlogic i3 %acc_d_11_addr"   --->   Operation 66 'muxlogic' 'muxLogicRAMAddr_to_store_ln144' <Predicate = (!tmp)> <Delay = 0.42>
ST_1 : Operation 67 [1/1] ( I:0.66ns O:0.66ns ) (share mux size 4)   --->   "%store_ln144 = store i32 0, i3 %acc_d_11_addr" [./flashattentiongemm.h:144]   --->   Operation 67 'store' 'store_ln144' <Predicate = (!tmp)> <Delay = 0.66> <CoreInst = "RAM">   --->   Core 86 'RAM' <Latency = 1> <II = 1> <Delay = 0.86> <Storage> <Opcode : 'load' 'store'> <Ports = 2> <Width = 32> <Depth = 8> <RAM>
ST_1 : Operation 68 [1/1] (0.42ns) (share mux size 2)   --->   "%muxLogicRAMData_to_store_ln144 = muxlogic i32 0"   --->   Operation 68 'muxlogic' 'muxLogicRAMData_to_store_ln144' <Predicate = (!tmp)> <Delay = 0.42>
ST_1 : Operation 69 [1/1] (0.42ns) (share mux size 2)   --->   "%muxLogicRAMAddr_to_store_ln144 = muxlogic i3 %acc_d_12_addr"   --->   Operation 69 'muxlogic' 'muxLogicRAMAddr_to_store_ln144' <Predicate = (!tmp)> <Delay = 0.42>
ST_1 : Operation 70 [1/1] ( I:0.66ns O:0.66ns ) (share mux size 4)   --->   "%store_ln144 = store i32 0, i3 %acc_d_12_addr" [./flashattentiongemm.h:144]   --->   Operation 70 'store' 'store_ln144' <Predicate = (!tmp)> <Delay = 0.66> <CoreInst = "RAM">   --->   Core 86 'RAM' <Latency = 1> <II = 1> <Delay = 0.86> <Storage> <Opcode : 'load' 'store'> <Ports = 2> <Width = 32> <Depth = 8> <RAM>
ST_1 : Operation 71 [1/1] (0.42ns) (share mux size 2)   --->   "%muxLogicRAMData_to_store_ln144 = muxlogic i32 0"   --->   Operation 71 'muxlogic' 'muxLogicRAMData_to_store_ln144' <Predicate = (!tmp)> <Delay = 0.42>
ST_1 : Operation 72 [1/1] (0.42ns) (share mux size 2)   --->   "%muxLogicRAMAddr_to_store_ln144 = muxlogic i3 %acc_d_13_addr"   --->   Operation 72 'muxlogic' 'muxLogicRAMAddr_to_store_ln144' <Predicate = (!tmp)> <Delay = 0.42>
ST_1 : Operation 73 [1/1] ( I:0.66ns O:0.66ns ) (share mux size 4)   --->   "%store_ln144 = store i32 0, i3 %acc_d_13_addr" [./flashattentiongemm.h:144]   --->   Operation 73 'store' 'store_ln144' <Predicate = (!tmp)> <Delay = 0.66> <CoreInst = "RAM">   --->   Core 86 'RAM' <Latency = 1> <II = 1> <Delay = 0.86> <Storage> <Opcode : 'load' 'store'> <Ports = 2> <Width = 32> <Depth = 8> <RAM>
ST_1 : Operation 74 [1/1] (0.42ns) (share mux size 2)   --->   "%muxLogicRAMData_to_store_ln144 = muxlogic i32 0"   --->   Operation 74 'muxlogic' 'muxLogicRAMData_to_store_ln144' <Predicate = (!tmp)> <Delay = 0.42>
ST_1 : Operation 75 [1/1] (0.42ns) (share mux size 2)   --->   "%muxLogicRAMAddr_to_store_ln144 = muxlogic i3 %acc_d_14_addr"   --->   Operation 75 'muxlogic' 'muxLogicRAMAddr_to_store_ln144' <Predicate = (!tmp)> <Delay = 0.42>
ST_1 : Operation 76 [1/1] ( I:0.66ns O:0.66ns ) (share mux size 4)   --->   "%store_ln144 = store i32 0, i3 %acc_d_14_addr" [./flashattentiongemm.h:144]   --->   Operation 76 'store' 'store_ln144' <Predicate = (!tmp)> <Delay = 0.66> <CoreInst = "RAM">   --->   Core 86 'RAM' <Latency = 1> <II = 1> <Delay = 0.86> <Storage> <Opcode : 'load' 'store'> <Ports = 2> <Width = 32> <Depth = 8> <RAM>
ST_1 : Operation 77 [1/1] (0.42ns) (share mux size 2)   --->   "%muxLogicRAMData_to_store_ln144 = muxlogic i32 0"   --->   Operation 77 'muxlogic' 'muxLogicRAMData_to_store_ln144' <Predicate = (!tmp)> <Delay = 0.42>
ST_1 : Operation 78 [1/1] (0.42ns) (share mux size 2)   --->   "%muxLogicRAMAddr_to_store_ln144 = muxlogic i3 %acc_d_15_addr"   --->   Operation 78 'muxlogic' 'muxLogicRAMAddr_to_store_ln144' <Predicate = (!tmp)> <Delay = 0.42>
ST_1 : Operation 79 [1/1] ( I:0.66ns O:0.66ns ) (share mux size 4)   --->   "%store_ln144 = store i32 0, i3 %acc_d_15_addr" [./flashattentiongemm.h:144]   --->   Operation 79 'store' 'store_ln144' <Predicate = (!tmp)> <Delay = 0.66> <CoreInst = "RAM">   --->   Core 86 'RAM' <Latency = 1> <II = 1> <Delay = 0.86> <Storage> <Opcode : 'load' 'store'> <Ports = 2> <Width = 32> <Depth = 8> <RAM>
ST_1 : Operation 80 [1/1] (0.36ns)   --->   "%store_ln142 = store i8 %add_ln142, i8 %k" [./flashattentiongemm.h:142]   --->   Operation 80 'store' 'store_ln142' <Predicate = (!tmp)> <Delay = 0.36>
ST_1 : Operation 81 [1/1] (0.00ns)   --->   "%br_ln142 = br void %for.inc" [./flashattentiongemm.h:142]   --->   Operation 81 'br' 'br_ln142' <Predicate = (!tmp)> <Delay = 0.00>
ST_1 : Operation 82 [1/1] (0.28ns)   --->   "%ret_ln0 = ret"   --->   Operation 82 'ret' 'ret_ln0' <Predicate = (tmp)> <Delay = 0.28>


============================================================
+ Verbose Summary: Binding
============================================================
STG Binding: 
---------------- STG Properties BEGIN ----------------
- Is combinational: 0
- Is one-state seq: 0
- Is datapath-only: 0
- Is pipelined: 0
- Is top level: 0
Port [ Return ] is wired: 1; IO mode=ap_ctrl_hs:ce=0
Port [ acc_d_15]:  wired=1; compound=1; hidden=0; nouse=0; global=0; static=0; extern=0; dir=1; type=1; pingpong=0; private_global=0; MemPort=[03]; IO mode=ap_memory:ce=0
Port [ acc_d_14]:  wired=1; compound=1; hidden=0; nouse=0; global=0; static=0; extern=0; dir=1; type=1; pingpong=0; private_global=0; MemPort=[03]; IO mode=ap_memory:ce=0
Port [ acc_d_13]:  wired=1; compound=1; hidden=0; nouse=0; global=0; static=0; extern=0; dir=1; type=1; pingpong=0; private_global=0; MemPort=[03]; IO mode=ap_memory:ce=0
Port [ acc_d_12]:  wired=1; compound=1; hidden=0; nouse=0; global=0; static=0; extern=0; dir=1; type=1; pingpong=0; private_global=0; MemPort=[03]; IO mode=ap_memory:ce=0
Port [ acc_d_11]:  wired=1; compound=1; hidden=0; nouse=0; global=0; static=0; extern=0; dir=1; type=1; pingpong=0; private_global=0; MemPort=[03]; IO mode=ap_memory:ce=0
Port [ acc_d_10]:  wired=1; compound=1; hidden=0; nouse=0; global=0; static=0; extern=0; dir=1; type=1; pingpong=0; private_global=0; MemPort=[03]; IO mode=ap_memory:ce=0
Port [ acc_d_9]:  wired=1; compound=1; hidden=0; nouse=0; global=0; static=0; extern=0; dir=1; type=1; pingpong=0; private_global=0; MemPort=[03]; IO mode=ap_memory:ce=0
Port [ acc_d_8]:  wired=1; compound=1; hidden=0; nouse=0; global=0; static=0; extern=0; dir=1; type=1; pingpong=0; private_global=0; MemPort=[03]; IO mode=ap_memory:ce=0
Port [ acc_d_7]:  wired=1; compound=1; hidden=0; nouse=0; global=0; static=0; extern=0; dir=1; type=1; pingpong=0; private_global=0; MemPort=[03]; IO mode=ap_memory:ce=0
Port [ acc_d_6]:  wired=1; compound=1; hidden=0; nouse=0; global=0; static=0; extern=0; dir=1; type=1; pingpong=0; private_global=0; MemPort=[03]; IO mode=ap_memory:ce=0
Port [ acc_d_5]:  wired=1; compound=1; hidden=0; nouse=0; global=0; static=0; extern=0; dir=1; type=1; pingpong=0; private_global=0; MemPort=[03]; IO mode=ap_memory:ce=0
Port [ acc_d_4]:  wired=1; compound=1; hidden=0; nouse=0; global=0; static=0; extern=0; dir=1; type=1; pingpong=0; private_global=0; MemPort=[03]; IO mode=ap_memory:ce=0
Port [ acc_d_3]:  wired=1; compound=1; hidden=0; nouse=0; global=0; static=0; extern=0; dir=1; type=1; pingpong=0; private_global=0; MemPort=[03]; IO mode=ap_memory:ce=0
Port [ acc_d_2]:  wired=1; compound=1; hidden=0; nouse=0; global=0; static=0; extern=0; dir=1; type=1; pingpong=0; private_global=0; MemPort=[03]; IO mode=ap_memory:ce=0
Port [ acc_d_1]:  wired=1; compound=1; hidden=0; nouse=0; global=0; static=0; extern=0; dir=1; type=1; pingpong=0; private_global=0; MemPort=[03]; IO mode=ap_memory:ce=0
Port [ acc_d]:  wired=1; compound=1; hidden=0; nouse=0; global=0; static=0; extern=0; dir=1; type=1; pingpong=0; private_global=0; MemPort=[03]; IO mode=ap_memory:ce=0
---------------- STG Properties END ------------------

---------------- Datapath Model BEGIN ----------------

<LifeTime>
<method=bitvector/>
k                              (alloca           ) [ 01]
store_ln142                    (store            ) [ 00]
br_ln0                         (br               ) [ 00]
k_2                            (load             ) [ 00]
tmp                            (bitselect        ) [ 01]
br_ln142                       (br               ) [ 00]
add_ln142                      (add              ) [ 00]
specpipeline_ln142             (specpipeline     ) [ 00]
speclooptripcount_ln142        (speclooptripcount) [ 00]
specloopname_ln142             (specloopname     ) [ 00]
lshr_ln                        (partselect       ) [ 00]
zext_ln142                     (zext             ) [ 00]
acc_d_addr                     (getelementptr    ) [ 00]
acc_d_1_addr                   (getelementptr    ) [ 00]
acc_d_2_addr                   (getelementptr    ) [ 00]
acc_d_3_addr                   (getelementptr    ) [ 00]
acc_d_4_addr                   (getelementptr    ) [ 00]
acc_d_5_addr                   (getelementptr    ) [ 00]
acc_d_6_addr                   (getelementptr    ) [ 00]
acc_d_7_addr                   (getelementptr    ) [ 00]
acc_d_8_addr                   (getelementptr    ) [ 00]
acc_d_9_addr                   (getelementptr    ) [ 00]
acc_d_10_addr                  (getelementptr    ) [ 00]
acc_d_11_addr                  (getelementptr    ) [ 00]
acc_d_12_addr                  (getelementptr    ) [ 00]
acc_d_13_addr                  (getelementptr    ) [ 00]
acc_d_14_addr                  (getelementptr    ) [ 00]
acc_d_15_addr                  (getelementptr    ) [ 00]
muxLogicRAMData_to_store_ln144 (muxlogic         ) [ 00]
muxLogicRAMAddr_to_store_ln144 (muxlogic         ) [ 00]
store_ln144                    (store            ) [ 00]
muxLogicRAMData_to_store_ln144 (muxlogic         ) [ 00]
muxLogicRAMAddr_to_store_ln144 (muxlogic         ) [ 00]
store_ln144                    (store            ) [ 00]
muxLogicRAMData_to_store_ln144 (muxlogic         ) [ 00]
muxLogicRAMAddr_to_store_ln144 (muxlogic         ) [ 00]
store_ln144                    (store            ) [ 00]
muxLogicRAMData_to_store_ln144 (muxlogic         ) [ 00]
muxLogicRAMAddr_to_store_ln144 (muxlogic         ) [ 00]
store_ln144                    (store            ) [ 00]
muxLogicRAMData_to_store_ln144 (muxlogic         ) [ 00]
muxLogicRAMAddr_to_store_ln144 (muxlogic         ) [ 00]
store_ln144                    (store            ) [ 00]
muxLogicRAMData_to_store_ln144 (muxlogic         ) [ 00]
muxLogicRAMAddr_to_store_ln144 (muxlogic         ) [ 00]
store_ln144                    (store            ) [ 00]
muxLogicRAMData_to_store_ln144 (muxlogic         ) [ 00]
muxLogicRAMAddr_to_store_ln144 (muxlogic         ) [ 00]
store_ln144                    (store            ) [ 00]
muxLogicRAMData_to_store_ln144 (muxlogic         ) [ 00]
muxLogicRAMAddr_to_store_ln144 (muxlogic         ) [ 00]
store_ln144                    (store            ) [ 00]
muxLogicRAMData_to_store_ln144 (muxlogic         ) [ 00]
muxLogicRAMAddr_to_store_ln144 (muxlogic         ) [ 00]
store_ln144                    (store            ) [ 00]
muxLogicRAMData_to_store_ln144 (muxlogic         ) [ 00]
muxLogicRAMAddr_to_store_ln144 (muxlogic         ) [ 00]
store_ln144                    (store            ) [ 00]
muxLogicRAMData_to_store_ln144 (muxlogic         ) [ 00]
muxLogicRAMAddr_to_store_ln144 (muxlogic         ) [ 00]
store_ln144                    (store            ) [ 00]
muxLogicRAMData_to_store_ln144 (muxlogic         ) [ 00]
muxLogicRAMAddr_to_store_ln144 (muxlogic         ) [ 00]
store_ln144                    (store            ) [ 00]
muxLogicRAMData_to_store_ln144 (muxlogic         ) [ 00]
muxLogicRAMAddr_to_store_ln144 (muxlogic         ) [ 00]
store_ln144                    (store            ) [ 00]
muxLogicRAMData_to_store_ln144 (muxlogic         ) [ 00]
muxLogicRAMAddr_to_store_ln144 (muxlogic         ) [ 00]
store_ln144                    (store            ) [ 00]
muxLogicRAMData_to_store_ln144 (muxlogic         ) [ 00]
muxLogicRAMAddr_to_store_ln144 (muxlogic         ) [ 00]
store_ln144                    (store            ) [ 00]
muxLogicRAMData_to_store_ln144 (muxlogic         ) [ 00]
muxLogicRAMAddr_to_store_ln144 (muxlogic         ) [ 00]
store_ln144                    (store            ) [ 00]
store_ln142                    (store            ) [ 00]
br_ln142                       (br               ) [ 00]
ret_ln0                        (ret              ) [ 00]
</LifeTime>

<model>

<comp_list>
<comp id="0" class="1000" name="acc_d_15">
<pin_list>
<pin id="1" dir="1" index="0" bw="1" slack="0"/>
</pin_list>
<bind>
<StgValue><ssdm name="acc_d_15"/><MemPortTyVec>0 3 </MemPortTyVec>
</StgValue>
</bind>
</comp>

<comp id="2" class="1000" name="acc_d_14">
<pin_list>
<pin id="3" dir="1" index="0" bw="1" slack="0"/>
</pin_list>
<bind>
<StgValue><ssdm name="acc_d_14"/><MemPortTyVec>0 3 </MemPortTyVec>
</StgValue>
</bind>
</comp>

<comp id="4" class="1000" name="acc_d_13">
<pin_list>
<pin id="5" dir="1" index="0" bw="1" slack="0"/>
</pin_list>
<bind>
<StgValue><ssdm name="acc_d_13"/><MemPortTyVec>0 3 </MemPortTyVec>
</StgValue>
</bind>
</comp>

<comp id="6" class="1000" name="acc_d_12">
<pin_list>
<pin id="7" dir="1" index="0" bw="1" slack="0"/>
</pin_list>
<bind>
<StgValue><ssdm name="acc_d_12"/><MemPortTyVec>0 3 </MemPortTyVec>
</StgValue>
</bind>
</comp>

<comp id="8" class="1000" name="acc_d_11">
<pin_list>
<pin id="9" dir="1" index="0" bw="1" slack="0"/>
</pin_list>
<bind>
<StgValue><ssdm name="acc_d_11"/><MemPortTyVec>0 3 </MemPortTyVec>
</StgValue>
</bind>
</comp>

<comp id="10" class="1000" name="acc_d_10">
<pin_list>
<pin id="11" dir="1" index="0" bw="1" slack="0"/>
</pin_list>
<bind>
<StgValue><ssdm name="acc_d_10"/><MemPortTyVec>0 3 </MemPortTyVec>
</StgValue>
</bind>
</comp>

<comp id="12" class="1000" name="acc_d_9">
<pin_list>
<pin id="13" dir="1" index="0" bw="1" slack="0"/>
</pin_list>
<bind>
<StgValue><ssdm name="acc_d_9"/><MemPortTyVec>0 3 </MemPortTyVec>
</StgValue>
</bind>
</comp>

<comp id="14" class="1000" name="acc_d_8">
<pin_list>
<pin id="15" dir="1" index="0" bw="1" slack="0"/>
</pin_list>
<bind>
<StgValue><ssdm name="acc_d_8"/><MemPortTyVec>0 3 </MemPortTyVec>
</StgValue>
</bind>
</comp>

<comp id="16" class="1000" name="acc_d_7">
<pin_list>
<pin id="17" dir="1" index="0" bw="1" slack="0"/>
</pin_list>
<bind>
<StgValue><ssdm name="acc_d_7"/><MemPortTyVec>0 3 </MemPortTyVec>
</StgValue>
</bind>
</comp>

<comp id="18" class="1000" name="acc_d_6">
<pin_list>
<pin id="19" dir="1" index="0" bw="1" slack="0"/>
</pin_list>
<bind>
<StgValue><ssdm name="acc_d_6"/><MemPortTyVec>0 3 </MemPortTyVec>
</StgValue>
</bind>
</comp>

<comp id="20" class="1000" name="acc_d_5">
<pin_list>
<pin id="21" dir="1" index="0" bw="1" slack="0"/>
</pin_list>
<bind>
<StgValue><ssdm name="acc_d_5"/><MemPortTyVec>0 3 </MemPortTyVec>
</StgValue>
</bind>
</comp>

<comp id="22" class="1000" name="acc_d_4">
<pin_list>
<pin id="23" dir="1" index="0" bw="1" slack="0"/>
</pin_list>
<bind>
<StgValue><ssdm name="acc_d_4"/><MemPortTyVec>0 3 </MemPortTyVec>
</StgValue>
</bind>
</comp>

<comp id="24" class="1000" name="acc_d_3">
<pin_list>
<pin id="25" dir="1" index="0" bw="1" slack="0"/>
</pin_list>
<bind>
<StgValue><ssdm name="acc_d_3"/><MemPortTyVec>0 3 </MemPortTyVec>
</StgValue>
</bind>
</comp>

<comp id="26" class="1000" name="acc_d_2">
<pin_list>
<pin id="27" dir="1" index="0" bw="1" slack="0"/>
</pin_list>
<bind>
<StgValue><ssdm name="acc_d_2"/><MemPortTyVec>0 3 </MemPortTyVec>
</StgValue>
</bind>
</comp>

<comp id="28" class="1000" name="acc_d_1">
<pin_list>
<pin id="29" dir="1" index="0" bw="1" slack="0"/>
</pin_list>
<bind>
<StgValue><ssdm name="acc_d_1"/><MemPortTyVec>0 3 </MemPortTyVec>
</StgValue>
</bind>
</comp>

<comp id="30" class="1000" name="acc_d">
<pin_list>
<pin id="31" dir="1" index="0" bw="1" slack="0"/>
</pin_list>
<bind>
<StgValue><ssdm name="acc_d"/><MemPortTyVec>0 3 </MemPortTyVec>
</StgValue>
</bind>
</comp>

<comp id="32" class="1001" name="const_32">
<pin_list>
<pin id="33" dir="1" index="0" bw="1" slack="0"/>
</pin_list>
<bind>
<StgValue><ssdm name=""/></StgValue>
</bind>
</comp>

<comp id="34" class="1001" name="const_34">
<pin_list>
<pin id="35" dir="1" index="0" bw="1" slack="0"/>
</pin_list>
<bind>
<StgValue><ssdm name=""/></StgValue>
</bind>
</comp>

<comp id="36" class="1001" name="const_36">
<pin_list>
<pin id="37" dir="1" index="0" bw="1" slack="0"/>
</pin_list>
<bind>
<StgValue><ssdm name="_ssdm_op_BitSelect.i1.i8.i32"/></StgValue>
</bind>
</comp>

<comp id="38" class="1001" name="const_38">
<pin_list>
<pin id="39" dir="1" index="0" bw="1" slack="0"/>
</pin_list>
<bind>
<StgValue><ssdm name=""/></StgValue>
</bind>
</comp>

<comp id="40" class="1001" name="const_40">
<pin_list>
<pin id="41" dir="1" index="0" bw="1" slack="0"/>
</pin_list>
<bind>
<StgValue><ssdm name=""/></StgValue>
</bind>
</comp>

<comp id="42" class="1001" name="const_42">
<pin_list>
<pin id="43" dir="1" index="0" bw="1" slack="2147483647"/>
</pin_list>
<bind>
<StgValue><ssdm name="_ssdm_op_SpecPipeline"/></StgValue>
</bind>
</comp>

<comp id="44" class="1001" name="const_44">
<pin_list>
<pin id="45" dir="1" index="0" bw="1" slack="2147483647"/>
</pin_list>
<bind>
<StgValue><ssdm name=""/></StgValue>
</bind>
</comp>

<comp id="46" class="1001" name="const_46">
<pin_list>
<pin id="47" dir="1" index="0" bw="1" slack="2147483647"/>
</pin_list>
<bind>
<StgValue><ssdm name=""/></StgValue>
</bind>
</comp>

<comp id="48" class="1001" name="const_48">
<pin_list>
<pin id="49" dir="1" index="0" bw="1" slack="2147483647"/>
</pin_list>
<bind>
<StgValue><ssdm name="empty_27"/></StgValue>
</bind>
</comp>

<comp id="50" class="1001" name="const_50">
<pin_list>
<pin id="51" dir="1" index="0" bw="1" slack="2147483647"/>
</pin_list>
<bind>
<StgValue><ssdm name="_ssdm_op_SpecLoopTripCount"/></StgValue>
</bind>
</comp>

<comp id="52" class="1001" name="const_52">
<pin_list>
<pin id="53" dir="1" index="0" bw="1" slack="2147483647"/>
</pin_list>
<bind>
<StgValue><ssdm name=""/></StgValue>
</bind>
</comp>

<comp id="54" class="1001" name="const_54">
<pin_list>
<pin id="55" dir="1" index="0" bw="1" slack="2147483647"/>
</pin_list>
<bind>
<StgValue><ssdm name="_ssdm_op_SpecLoopName"/></StgValue>
</bind>
</comp>

<comp id="56" class="1001" name="const_56">
<pin_list>
<pin id="57" dir="1" index="0" bw="1" slack="2147483647"/>
</pin_list>
<bind>
<StgValue><ssdm name="empty_18"/></StgValue>
</bind>
</comp>

<comp id="58" class="1001" name="const_58">
<pin_list>
<pin id="59" dir="1" index="0" bw="1" slack="0"/>
</pin_list>
<bind>
<StgValue><ssdm name="_ssdm_op_PartSelect.i3.i8.i32.i32"/></StgValue>
</bind>
</comp>

<comp id="60" class="1001" name="const_60">
<pin_list>
<pin id="61" dir="1" index="0" bw="1" slack="0"/>
</pin_list>
<bind>
<StgValue><ssdm name=""/></StgValue>
</bind>
</comp>

<comp id="62" class="1001" name="const_62">
<pin_list>
<pin id="63" dir="1" index="0" bw="1" slack="0"/>
</pin_list>
<bind>
<StgValue><ssdm name=""/></StgValue>
</bind>
</comp>

<comp id="64" class="1001" name="const_64">
<pin_list>
<pin id="65" dir="1" index="0" bw="1" slack="0"/>
</pin_list>
<bind>
<StgValue><ssdm name=""/></StgValue>
</bind>
</comp>

<comp id="66" class="1001" name="const_66">
<pin_list>
<pin id="67" dir="1" index="0" bw="1" slack="0"/>
</pin_list>
<bind>
<StgValue><ssdm name=""/></StgValue>
</bind>
</comp>

<comp id="68" class="1004" name="k_fu_68">
<pin_list>
<pin id="69" dir="0" index="0" bw="1" slack="0"/>
<pin id="70" dir="1" index="1" bw="8" slack="0"/>
</pin_list>
<bind>
<opcode="alloca(26) " fcode="alloca"/>
<opset="k/1 "/>
</bind>
</comp>

<comp id="72" class="1004" name="acc_d_addr_gep_fu_72">
<pin_list>
<pin id="73" dir="0" index="0" bw="32" slack="0"/>
<pin id="74" dir="0" index="1" bw="1" slack="0"/>
<pin id="75" dir="0" index="2" bw="3" slack="0"/>
<pin id="76" dir="1" index="3" bw="3" slack="0"/>
</pin_list>
<bind>
<opcode="getelementptr(29) " fcode="getelementptr"/>
<opset="acc_d_addr/1 "/>
</bind>
</comp>

<comp id="79" class="1004" name="acc_d_1_addr_gep_fu_79">
<pin_list>
<pin id="80" dir="0" index="0" bw="32" slack="0"/>
<pin id="81" dir="0" index="1" bw="1" slack="0"/>
<pin id="82" dir="0" index="2" bw="3" slack="0"/>
<pin id="83" dir="1" index="3" bw="3" slack="0"/>
</pin_list>
<bind>
<opcode="getelementptr(29) " fcode="getelementptr"/>
<opset="acc_d_1_addr/1 "/>
</bind>
</comp>

<comp id="86" class="1004" name="acc_d_2_addr_gep_fu_86">
<pin_list>
<pin id="87" dir="0" index="0" bw="32" slack="0"/>
<pin id="88" dir="0" index="1" bw="1" slack="0"/>
<pin id="89" dir="0" index="2" bw="3" slack="0"/>
<pin id="90" dir="1" index="3" bw="3" slack="0"/>
</pin_list>
<bind>
<opcode="getelementptr(29) " fcode="getelementptr"/>
<opset="acc_d_2_addr/1 "/>
</bind>
</comp>

<comp id="93" class="1004" name="acc_d_3_addr_gep_fu_93">
<pin_list>
<pin id="94" dir="0" index="0" bw="32" slack="0"/>
<pin id="95" dir="0" index="1" bw="1" slack="0"/>
<pin id="96" dir="0" index="2" bw="3" slack="0"/>
<pin id="97" dir="1" index="3" bw="3" slack="0"/>
</pin_list>
<bind>
<opcode="getelementptr(29) " fcode="getelementptr"/>
<opset="acc_d_3_addr/1 "/>
</bind>
</comp>

<comp id="100" class="1004" name="acc_d_4_addr_gep_fu_100">
<pin_list>
<pin id="101" dir="0" index="0" bw="32" slack="0"/>
<pin id="102" dir="0" index="1" bw="1" slack="0"/>
<pin id="103" dir="0" index="2" bw="3" slack="0"/>
<pin id="104" dir="1" index="3" bw="3" slack="0"/>
</pin_list>
<bind>
<opcode="getelementptr(29) " fcode="getelementptr"/>
<opset="acc_d_4_addr/1 "/>
</bind>
</comp>

<comp id="107" class="1004" name="acc_d_5_addr_gep_fu_107">
<pin_list>
<pin id="108" dir="0" index="0" bw="32" slack="0"/>
<pin id="109" dir="0" index="1" bw="1" slack="0"/>
<pin id="110" dir="0" index="2" bw="3" slack="0"/>
<pin id="111" dir="1" index="3" bw="3" slack="0"/>
</pin_list>
<bind>
<opcode="getelementptr(29) " fcode="getelementptr"/>
<opset="acc_d_5_addr/1 "/>
</bind>
</comp>

<comp id="114" class="1004" name="acc_d_6_addr_gep_fu_114">
<pin_list>
<pin id="115" dir="0" index="0" bw="32" slack="0"/>
<pin id="116" dir="0" index="1" bw="1" slack="0"/>
<pin id="117" dir="0" index="2" bw="3" slack="0"/>
<pin id="118" dir="1" index="3" bw="3" slack="0"/>
</pin_list>
<bind>
<opcode="getelementptr(29) " fcode="getelementptr"/>
<opset="acc_d_6_addr/1 "/>
</bind>
</comp>

<comp id="121" class="1004" name="acc_d_7_addr_gep_fu_121">
<pin_list>
<pin id="122" dir="0" index="0" bw="32" slack="0"/>
<pin id="123" dir="0" index="1" bw="1" slack="0"/>
<pin id="124" dir="0" index="2" bw="3" slack="0"/>
<pin id="125" dir="1" index="3" bw="3" slack="0"/>
</pin_list>
<bind>
<opcode="getelementptr(29) " fcode="getelementptr"/>
<opset="acc_d_7_addr/1 "/>
</bind>
</comp>

<comp id="128" class="1004" name="acc_d_8_addr_gep_fu_128">
<pin_list>
<pin id="129" dir="0" index="0" bw="32" slack="0"/>
<pin id="130" dir="0" index="1" bw="1" slack="0"/>
<pin id="131" dir="0" index="2" bw="3" slack="0"/>
<pin id="132" dir="1" index="3" bw="3" slack="0"/>
</pin_list>
<bind>
<opcode="getelementptr(29) " fcode="getelementptr"/>
<opset="acc_d_8_addr/1 "/>
</bind>
</comp>

<comp id="135" class="1004" name="acc_d_9_addr_gep_fu_135">
<pin_list>
<pin id="136" dir="0" index="0" bw="32" slack="0"/>
<pin id="137" dir="0" index="1" bw="1" slack="0"/>
<pin id="138" dir="0" index="2" bw="3" slack="0"/>
<pin id="139" dir="1" index="3" bw="3" slack="0"/>
</pin_list>
<bind>
<opcode="getelementptr(29) " fcode="getelementptr"/>
<opset="acc_d_9_addr/1 "/>
</bind>
</comp>

<comp id="142" class="1004" name="acc_d_10_addr_gep_fu_142">
<pin_list>
<pin id="143" dir="0" index="0" bw="32" slack="0"/>
<pin id="144" dir="0" index="1" bw="1" slack="0"/>
<pin id="145" dir="0" index="2" bw="3" slack="0"/>
<pin id="146" dir="1" index="3" bw="3" slack="0"/>
</pin_list>
<bind>
<opcode="getelementptr(29) " fcode="getelementptr"/>
<opset="acc_d_10_addr/1 "/>
</bind>
</comp>

<comp id="149" class="1004" name="acc_d_11_addr_gep_fu_149">
<pin_list>
<pin id="150" dir="0" index="0" bw="32" slack="0"/>
<pin id="151" dir="0" index="1" bw="1" slack="0"/>
<pin id="152" dir="0" index="2" bw="3" slack="0"/>
<pin id="153" dir="1" index="3" bw="3" slack="0"/>
</pin_list>
<bind>
<opcode="getelementptr(29) " fcode="getelementptr"/>
<opset="acc_d_11_addr/1 "/>
</bind>
</comp>

<comp id="156" class="1004" name="acc_d_12_addr_gep_fu_156">
<pin_list>
<pin id="157" dir="0" index="0" bw="32" slack="0"/>
<pin id="158" dir="0" index="1" bw="1" slack="0"/>
<pin id="159" dir="0" index="2" bw="3" slack="0"/>
<pin id="160" dir="1" index="3" bw="3" slack="0"/>
</pin_list>
<bind>
<opcode="getelementptr(29) " fcode="getelementptr"/>
<opset="acc_d_12_addr/1 "/>
</bind>
</comp>

<comp id="163" class="1004" name="acc_d_13_addr_gep_fu_163">
<pin_list>
<pin id="164" dir="0" index="0" bw="32" slack="0"/>
<pin id="165" dir="0" index="1" bw="1" slack="0"/>
<pin id="166" dir="0" index="2" bw="3" slack="0"/>
<pin id="167" dir="1" index="3" bw="3" slack="0"/>
</pin_list>
<bind>
<opcode="getelementptr(29) " fcode="getelementptr"/>
<opset="acc_d_13_addr/1 "/>
</bind>
</comp>

<comp id="170" class="1004" name="acc_d_14_addr_gep_fu_170">
<pin_list>
<pin id="171" dir="0" index="0" bw="32" slack="0"/>
<pin id="172" dir="0" index="1" bw="1" slack="0"/>
<pin id="173" dir="0" index="2" bw="3" slack="0"/>
<pin id="174" dir="1" index="3" bw="3" slack="0"/>
</pin_list>
<bind>
<opcode="getelementptr(29) " fcode="getelementptr"/>
<opset="acc_d_14_addr/1 "/>
</bind>
</comp>

<comp id="177" class="1004" name="acc_d_15_addr_gep_fu_177">
<pin_list>
<pin id="178" dir="0" index="0" bw="32" slack="0"/>
<pin id="179" dir="0" index="1" bw="1" slack="0"/>
<pin id="180" dir="0" index="2" bw="3" slack="0"/>
<pin id="181" dir="1" index="3" bw="3" slack="0"/>
</pin_list>
<bind>
<opcode="getelementptr(29) " fcode="getelementptr"/>
<opset="acc_d_15_addr/1 "/>
</bind>
</comp>

<comp id="184" class="1004" name="store_ln144_access_fu_184">
<pin_list>
<pin id="185" dir="0" index="0" bw="3" slack="0"/>
<pin id="186" dir="0" index="1" bw="32" slack="0"/>
<pin id="187" dir="0" index="2" bw="0" slack="2147483647"/>
<pin id="188" dir="1" index="3" bw="32" slack="2147483647"/>
</pin_list>
<bind>
<opcode="store(28) " fcode="store"/>
<opset="store_ln144/1 "/>
</bind>
</comp>

<comp id="191" class="1004" name="store_ln144_access_fu_191">
<pin_list>
<pin id="192" dir="0" index="0" bw="3" slack="0"/>
<pin id="193" dir="0" index="1" bw="32" slack="0"/>
<pin id="194" dir="0" index="2" bw="0" slack="2147483647"/>
<pin id="195" dir="1" index="3" bw="32" slack="2147483647"/>
</pin_list>
<bind>
<opcode="store(28) " fcode="store"/>
<opset="store_ln144/1 "/>
</bind>
</comp>

<comp id="198" class="1004" name="store_ln144_access_fu_198">
<pin_list>
<pin id="199" dir="0" index="0" bw="3" slack="0"/>
<pin id="200" dir="0" index="1" bw="32" slack="0"/>
<pin id="201" dir="0" index="2" bw="0" slack="2147483647"/>
<pin id="202" dir="1" index="3" bw="32" slack="2147483647"/>
</pin_list>
<bind>
<opcode="store(28) " fcode="store"/>
<opset="store_ln144/1 "/>
</bind>
</comp>

<comp id="205" class="1004" name="store_ln144_access_fu_205">
<pin_list>
<pin id="206" dir="0" index="0" bw="3" slack="0"/>
<pin id="207" dir="0" index="1" bw="32" slack="0"/>
<pin id="208" dir="0" index="2" bw="0" slack="2147483647"/>
<pin id="209" dir="1" index="3" bw="32" slack="2147483647"/>
</pin_list>
<bind>
<opcode="store(28) " fcode="store"/>
<opset="store_ln144/1 "/>
</bind>
</comp>

<comp id="212" class="1004" name="store_ln144_access_fu_212">
<pin_list>
<pin id="213" dir="0" index="0" bw="3" slack="0"/>
<pin id="214" dir="0" index="1" bw="32" slack="0"/>
<pin id="215" dir="0" index="2" bw="0" slack="2147483647"/>
<pin id="216" dir="1" index="3" bw="32" slack="2147483647"/>
</pin_list>
<bind>
<opcode="store(28) " fcode="store"/>
<opset="store_ln144/1 "/>
</bind>
</comp>

<comp id="219" class="1004" name="store_ln144_access_fu_219">
<pin_list>
<pin id="220" dir="0" index="0" bw="3" slack="0"/>
<pin id="221" dir="0" index="1" bw="32" slack="0"/>
<pin id="222" dir="0" index="2" bw="0" slack="2147483647"/>
<pin id="223" dir="1" index="3" bw="32" slack="2147483647"/>
</pin_list>
<bind>
<opcode="store(28) " fcode="store"/>
<opset="store_ln144/1 "/>
</bind>
</comp>

<comp id="226" class="1004" name="store_ln144_access_fu_226">
<pin_list>
<pin id="227" dir="0" index="0" bw="3" slack="0"/>
<pin id="228" dir="0" index="1" bw="32" slack="0"/>
<pin id="229" dir="0" index="2" bw="0" slack="2147483647"/>
<pin id="230" dir="1" index="3" bw="32" slack="2147483647"/>
</pin_list>
<bind>
<opcode="store(28) " fcode="store"/>
<opset="store_ln144/1 "/>
</bind>
</comp>

<comp id="233" class="1004" name="store_ln144_access_fu_233">
<pin_list>
<pin id="234" dir="0" index="0" bw="3" slack="0"/>
<pin id="235" dir="0" index="1" bw="32" slack="0"/>
<pin id="236" dir="0" index="2" bw="0" slack="2147483647"/>
<pin id="237" dir="1" index="3" bw="32" slack="2147483647"/>
</pin_list>
<bind>
<opcode="store(28) " fcode="store"/>
<opset="store_ln144/1 "/>
</bind>
</comp>

<comp id="240" class="1004" name="store_ln144_access_fu_240">
<pin_list>
<pin id="241" dir="0" index="0" bw="3" slack="0"/>
<pin id="242" dir="0" index="1" bw="32" slack="0"/>
<pin id="243" dir="0" index="2" bw="0" slack="2147483647"/>
<pin id="244" dir="1" index="3" bw="32" slack="2147483647"/>
</pin_list>
<bind>
<opcode="store(28) " fcode="store"/>
<opset="store_ln144/1 "/>
</bind>
</comp>

<comp id="247" class="1004" name="store_ln144_access_fu_247">
<pin_list>
<pin id="248" dir="0" index="0" bw="3" slack="0"/>
<pin id="249" dir="0" index="1" bw="32" slack="0"/>
<pin id="250" dir="0" index="2" bw="0" slack="2147483647"/>
<pin id="251" dir="1" index="3" bw="32" slack="2147483647"/>
</pin_list>
<bind>
<opcode="store(28) " fcode="store"/>
<opset="store_ln144/1 "/>
</bind>
</comp>

<comp id="254" class="1004" name="store_ln144_access_fu_254">
<pin_list>
<pin id="255" dir="0" index="0" bw="3" slack="0"/>
<pin id="256" dir="0" index="1" bw="32" slack="0"/>
<pin id="257" dir="0" index="2" bw="0" slack="2147483647"/>
<pin id="258" dir="1" index="3" bw="32" slack="2147483647"/>
</pin_list>
<bind>
<opcode="store(28) " fcode="store"/>
<opset="store_ln144/1 "/>
</bind>
</comp>

<comp id="261" class="1004" name="store_ln144_access_fu_261">
<pin_list>
<pin id="262" dir="0" index="0" bw="3" slack="0"/>
<pin id="263" dir="0" index="1" bw="32" slack="0"/>
<pin id="264" dir="0" index="2" bw="0" slack="2147483647"/>
<pin id="265" dir="1" index="3" bw="32" slack="2147483647"/>
</pin_list>
<bind>
<opcode="store(28) " fcode="store"/>
<opset="store_ln144/1 "/>
</bind>
</comp>

<comp id="268" class="1004" name="store_ln144_access_fu_268">
<pin_list>
<pin id="269" dir="0" index="0" bw="3" slack="0"/>
<pin id="270" dir="0" index="1" bw="32" slack="0"/>
<pin id="271" dir="0" index="2" bw="0" slack="2147483647"/>
<pin id="272" dir="1" index="3" bw="32" slack="2147483647"/>
</pin_list>
<bind>
<opcode="store(28) " fcode="store"/>
<opset="store_ln144/1 "/>
</bind>
</comp>

<comp id="275" class="1004" name="store_ln144_access_fu_275">
<pin_list>
<pin id="276" dir="0" index="0" bw="3" slack="0"/>
<pin id="277" dir="0" index="1" bw="32" slack="0"/>
<pin id="278" dir="0" index="2" bw="0" slack="2147483647"/>
<pin id="279" dir="1" index="3" bw="32" slack="2147483647"/>
</pin_list>
<bind>
<opcode="store(28) " fcode="store"/>
<opset="store_ln144/1 "/>
</bind>
</comp>

<comp id="282" class="1004" name="store_ln144_access_fu_282">
<pin_list>
<pin id="283" dir="0" index="0" bw="3" slack="0"/>
<pin id="284" dir="0" index="1" bw="32" slack="0"/>
<pin id="285" dir="0" index="2" bw="0" slack="2147483647"/>
<pin id="286" dir="1" index="3" bw="32" slack="2147483647"/>
</pin_list>
<bind>
<opcode="store(28) " fcode="store"/>
<opset="store_ln144/1 "/>
</bind>
</comp>

<comp id="289" class="1004" name="store_ln144_access_fu_289">
<pin_list>
<pin id="290" dir="0" index="0" bw="3" slack="0"/>
<pin id="291" dir="0" index="1" bw="32" slack="0"/>
<pin id="292" dir="0" index="2" bw="0" slack="2147483647"/>
<pin id="293" dir="1" index="3" bw="32" slack="2147483647"/>
</pin_list>
<bind>
<opcode="store(28) " fcode="store"/>
<opset="store_ln144/1 "/>
</bind>
</comp>

<comp id="296" class="1004" name="store_ln142_store_fu_296">
<pin_list>
<pin id="297" dir="0" index="0" bw="1" slack="0"/>
<pin id="298" dir="0" index="1" bw="8" slack="0"/>
<pin id="299" dir="1" index="2" bw="0" slack="2147483647"/>
</pin_list>
<bind>
<opcode="store(28) " fcode="store"/>
<opset="store_ln142/1 "/>
</bind>
</comp>

<comp id="301" class="1004" name="k_2_load_fu_301">
<pin_list>
<pin id="302" dir="0" index="0" bw="8" slack="0"/>
<pin id="303" dir="1" index="1" bw="8" slack="0"/>
</pin_list>
<bind>
<opcode="load(27) " fcode="load"/>
<opset="k_2/1 "/>
</bind>
</comp>

<comp id="304" class="1004" name="tmp_fu_304">
<pin_list>
<pin id="305" dir="0" index="0" bw="1" slack="0"/>
<pin id="306" dir="0" index="1" bw="8" slack="0"/>
<pin id="307" dir="0" index="2" bw="4" slack="0"/>
<pin id="308" dir="1" index="3" bw="1" slack="2147483647"/>
</pin_list>
<bind>
<opcode="bitselect(1000) " fcode="bitselect"/>
<opset="tmp/1 "/>
</bind>
</comp>

<comp id="312" class="1004" name="add_ln142_fu_312">
<pin_list>
<pin id="313" dir="0" index="0" bw="8" slack="0"/>
<pin id="314" dir="0" index="1" bw="6" slack="0"/>
<pin id="315" dir="1" index="2" bw="8" slack="0"/>
</pin_list>
<bind>
<opcode="add(8) " fcode="add"/>
<opset="add_ln142/1 "/>
</bind>
</comp>

<comp id="318" class="1004" name="lshr_ln_fu_318">
<pin_list>
<pin id="319" dir="0" index="0" bw="3" slack="0"/>
<pin id="320" dir="0" index="1" bw="8" slack="0"/>
<pin id="321" dir="0" index="2" bw="4" slack="0"/>
<pin id="322" dir="0" index="3" bw="4" slack="0"/>
<pin id="323" dir="1" index="4" bw="3" slack="0"/>
</pin_list>
<bind>
<opcode="partselect(1002) " fcode="partselect"/>
<opset="lshr_ln/1 "/>
</bind>
</comp>

<comp id="328" class="1004" name="zext_ln142_fu_328">
<pin_list>
<pin id="329" dir="0" index="0" bw="3" slack="0"/>
<pin id="330" dir="1" index="1" bw="64" slack="0"/>
</pin_list>
<bind>
<opcode="zext(34) " fcode="zext"/>
<opset="zext_ln142/1 "/>
</bind>
</comp>

<comp id="348" class="1004" name="muxLogicRAMData_to_store_ln144_fu_348">
<pin_list>
<pin id="349" dir="0" index="0" bw="32" slack="0"/>
<pin id="350" dir="1" index="1" bw="0" slack="2147483647"/>
</pin_list>
<bind>
<opcode="muxlogic(592) " fcode="muxlogic"/>
<opset="muxLogicRAMData_to_store_ln144/1 "/>
</bind>
</comp>

<comp id="352" class="1004" name="muxLogicRAMAddr_to_store_ln144_fu_352">
<pin_list>
<pin id="353" dir="0" index="0" bw="3" slack="0"/>
<pin id="354" dir="1" index="1" bw="0" slack="2147483647"/>
</pin_list>
<bind>
<opcode="muxlogic(592) " fcode="muxlogic"/>
<opset="muxLogicRAMAddr_to_store_ln144/1 "/>
</bind>
</comp>

<comp id="356" class="1004" name="muxLogicRAMData_to_store_ln144_fu_356">
<pin_list>
<pin id="357" dir="0" index="0" bw="32" slack="0"/>
<pin id="358" dir="1" index="1" bw="0" slack="2147483647"/>
</pin_list>
<bind>
<opcode="muxlogic(592) " fcode="muxlogic"/>
<opset="muxLogicRAMData_to_store_ln144/1 "/>
</bind>
</comp>

<comp id="360" class="1004" name="muxLogicRAMAddr_to_store_ln144_fu_360">
<pin_list>
<pin id="361" dir="0" index="0" bw="3" slack="0"/>
<pin id="362" dir="1" index="1" bw="0" slack="2147483647"/>
</pin_list>
<bind>
<opcode="muxlogic(592) " fcode="muxlogic"/>
<opset="muxLogicRAMAddr_to_store_ln144/1 "/>
</bind>
</comp>

<comp id="364" class="1004" name="muxLogicRAMData_to_store_ln144_fu_364">
<pin_list>
<pin id="365" dir="0" index="0" bw="32" slack="0"/>
<pin id="366" dir="1" index="1" bw="0" slack="2147483647"/>
</pin_list>
<bind>
<opcode="muxlogic(592) " fcode="muxlogic"/>
<opset="muxLogicRAMData_to_store_ln144/1 "/>
</bind>
</comp>

<comp id="368" class="1004" name="muxLogicRAMAddr_to_store_ln144_fu_368">
<pin_list>
<pin id="369" dir="0" index="0" bw="3" slack="0"/>
<pin id="370" dir="1" index="1" bw="0" slack="2147483647"/>
</pin_list>
<bind>
<opcode="muxlogic(592) " fcode="muxlogic"/>
<opset="muxLogicRAMAddr_to_store_ln144/1 "/>
</bind>
</comp>

<comp id="372" class="1004" name="muxLogicRAMData_to_store_ln144_fu_372">
<pin_list>
<pin id="373" dir="0" index="0" bw="32" slack="0"/>
<pin id="374" dir="1" index="1" bw="0" slack="2147483647"/>
</pin_list>
<bind>
<opcode="muxlogic(592) " fcode="muxlogic"/>
<opset="muxLogicRAMData_to_store_ln144/1 "/>
</bind>
</comp>

<comp id="376" class="1004" name="muxLogicRAMAddr_to_store_ln144_fu_376">
<pin_list>
<pin id="377" dir="0" index="0" bw="3" slack="0"/>
<pin id="378" dir="1" index="1" bw="0" slack="2147483647"/>
</pin_list>
<bind>
<opcode="muxlogic(592) " fcode="muxlogic"/>
<opset="muxLogicRAMAddr_to_store_ln144/1 "/>
</bind>
</comp>

<comp id="380" class="1004" name="muxLogicRAMData_to_store_ln144_fu_380">
<pin_list>
<pin id="381" dir="0" index="0" bw="32" slack="0"/>
<pin id="382" dir="1" index="1" bw="0" slack="2147483647"/>
</pin_list>
<bind>
<opcode="muxlogic(592) " fcode="muxlogic"/>
<opset="muxLogicRAMData_to_store_ln144/1 "/>
</bind>
</comp>

<comp id="384" class="1004" name="muxLogicRAMAddr_to_store_ln144_fu_384">
<pin_list>
<pin id="385" dir="0" index="0" bw="3" slack="0"/>
<pin id="386" dir="1" index="1" bw="0" slack="2147483647"/>
</pin_list>
<bind>
<opcode="muxlogic(592) " fcode="muxlogic"/>
<opset="muxLogicRAMAddr_to_store_ln144/1 "/>
</bind>
</comp>

<comp id="388" class="1004" name="muxLogicRAMData_to_store_ln144_fu_388">
<pin_list>
<pin id="389" dir="0" index="0" bw="32" slack="0"/>
<pin id="390" dir="1" index="1" bw="0" slack="2147483647"/>
</pin_list>
<bind>
<opcode="muxlogic(592) " fcode="muxlogic"/>
<opset="muxLogicRAMData_to_store_ln144/1 "/>
</bind>
</comp>

<comp id="392" class="1004" name="muxLogicRAMAddr_to_store_ln144_fu_392">
<pin_list>
<pin id="393" dir="0" index="0" bw="3" slack="0"/>
<pin id="394" dir="1" index="1" bw="0" slack="2147483647"/>
</pin_list>
<bind>
<opcode="muxlogic(592) " fcode="muxlogic"/>
<opset="muxLogicRAMAddr_to_store_ln144/1 "/>
</bind>
</comp>

<comp id="396" class="1004" name="muxLogicRAMData_to_store_ln144_fu_396">
<pin_list>
<pin id="397" dir="0" index="0" bw="32" slack="0"/>
<pin id="398" dir="1" index="1" bw="0" slack="2147483647"/>
</pin_list>
<bind>
<opcode="muxlogic(592) " fcode="muxlogic"/>
<opset="muxLogicRAMData_to_store_ln144/1 "/>
</bind>
</comp>

<comp id="400" class="1004" name="muxLogicRAMAddr_to_store_ln144_fu_400">
<pin_list>
<pin id="401" dir="0" index="0" bw="3" slack="0"/>
<pin id="402" dir="1" index="1" bw="0" slack="2147483647"/>
</pin_list>
<bind>
<opcode="muxlogic(592) " fcode="muxlogic"/>
<opset="muxLogicRAMAddr_to_store_ln144/1 "/>
</bind>
</comp>

<comp id="404" class="1004" name="muxLogicRAMData_to_store_ln144_fu_404">
<pin_list>
<pin id="405" dir="0" index="0" bw="32" slack="0"/>
<pin id="406" dir="1" index="1" bw="0" slack="2147483647"/>
</pin_list>
<bind>
<opcode="muxlogic(592) " fcode="muxlogic"/>
<opset="muxLogicRAMData_to_store_ln144/1 "/>
</bind>
</comp>

<comp id="408" class="1004" name="muxLogicRAMAddr_to_store_ln144_fu_408">
<pin_list>
<pin id="409" dir="0" index="0" bw="3" slack="0"/>
<pin id="410" dir="1" index="1" bw="0" slack="2147483647"/>
</pin_list>
<bind>
<opcode="muxlogic(592) " fcode="muxlogic"/>
<opset="muxLogicRAMAddr_to_store_ln144/1 "/>
</bind>
</comp>

<comp id="412" class="1004" name="muxLogicRAMData_to_store_ln144_fu_412">
<pin_list>
<pin id="413" dir="0" index="0" bw="32" slack="0"/>
<pin id="414" dir="1" index="1" bw="0" slack="2147483647"/>
</pin_list>
<bind>
<opcode="muxlogic(592) " fcode="muxlogic"/>
<opset="muxLogicRAMData_to_store_ln144/1 "/>
</bind>
</comp>

<comp id="416" class="1004" name="muxLogicRAMAddr_to_store_ln144_fu_416">
<pin_list>
<pin id="417" dir="0" index="0" bw="3" slack="0"/>
<pin id="418" dir="1" index="1" bw="0" slack="2147483647"/>
</pin_list>
<bind>
<opcode="muxlogic(592) " fcode="muxlogic"/>
<opset="muxLogicRAMAddr_to_store_ln144/1 "/>
</bind>
</comp>

<comp id="420" class="1004" name="muxLogicRAMData_to_store_ln144_fu_420">
<pin_list>
<pin id="421" dir="0" index="0" bw="32" slack="0"/>
<pin id="422" dir="1" index="1" bw="0" slack="2147483647"/>
</pin_list>
<bind>
<opcode="muxlogic(592) " fcode="muxlogic"/>
<opset="muxLogicRAMData_to_store_ln144/1 "/>
</bind>
</comp>

<comp id="424" class="1004" name="muxLogicRAMAddr_to_store_ln144_fu_424">
<pin_list>
<pin id="425" dir="0" index="0" bw="3" slack="0"/>
<pin id="426" dir="1" index="1" bw="0" slack="2147483647"/>
</pin_list>
<bind>
<opcode="muxlogic(592) " fcode="muxlogic"/>
<opset="muxLogicRAMAddr_to_store_ln144/1 "/>
</bind>
</comp>

<comp id="428" class="1004" name="muxLogicRAMData_to_store_ln144_fu_428">
<pin_list>
<pin id="429" dir="0" index="0" bw="32" slack="0"/>
<pin id="430" dir="1" index="1" bw="0" slack="2147483647"/>
</pin_list>
<bind>
<opcode="muxlogic(592) " fcode="muxlogic"/>
<opset="muxLogicRAMData_to_store_ln144/1 "/>
</bind>
</comp>

<comp id="432" class="1004" name="muxLogicRAMAddr_to_store_ln144_fu_432">
<pin_list>
<pin id="433" dir="0" index="0" bw="3" slack="0"/>
<pin id="434" dir="1" index="1" bw="0" slack="2147483647"/>
</pin_list>
<bind>
<opcode="muxlogic(592) " fcode="muxlogic"/>
<opset="muxLogicRAMAddr_to_store_ln144/1 "/>
</bind>
</comp>

<comp id="436" class="1004" name="muxLogicRAMData_to_store_ln144_fu_436">
<pin_list>
<pin id="437" dir="0" index="0" bw="32" slack="0"/>
<pin id="438" dir="1" index="1" bw="0" slack="2147483647"/>
</pin_list>
<bind>
<opcode="muxlogic(592) " fcode="muxlogic"/>
<opset="muxLogicRAMData_to_store_ln144/1 "/>
</bind>
</comp>

<comp id="440" class="1004" name="muxLogicRAMAddr_to_store_ln144_fu_440">
<pin_list>
<pin id="441" dir="0" index="0" bw="3" slack="0"/>
<pin id="442" dir="1" index="1" bw="0" slack="2147483647"/>
</pin_list>
<bind>
<opcode="muxlogic(592) " fcode="muxlogic"/>
<opset="muxLogicRAMAddr_to_store_ln144/1 "/>
</bind>
</comp>

<comp id="444" class="1004" name="muxLogicRAMData_to_store_ln144_fu_444">
<pin_list>
<pin id="445" dir="0" index="0" bw="32" slack="0"/>
<pin id="446" dir="1" index="1" bw="0" slack="2147483647"/>
</pin_list>
<bind>
<opcode="muxlogic(592) " fcode="muxlogic"/>
<opset="muxLogicRAMData_to_store_ln144/1 "/>
</bind>
</comp>

<comp id="448" class="1004" name="muxLogicRAMAddr_to_store_ln144_fu_448">
<pin_list>
<pin id="449" dir="0" index="0" bw="3" slack="0"/>
<pin id="450" dir="1" index="1" bw="0" slack="2147483647"/>
</pin_list>
<bind>
<opcode="muxlogic(592) " fcode="muxlogic"/>
<opset="muxLogicRAMAddr_to_store_ln144/1 "/>
</bind>
</comp>

<comp id="452" class="1004" name="muxLogicRAMData_to_store_ln144_fu_452">
<pin_list>
<pin id="453" dir="0" index="0" bw="32" slack="0"/>
<pin id="454" dir="1" index="1" bw="0" slack="2147483647"/>
</pin_list>
<bind>
<opcode="muxlogic(592) " fcode="muxlogic"/>
<opset="muxLogicRAMData_to_store_ln144/1 "/>
</bind>
</comp>

<comp id="456" class="1004" name="muxLogicRAMAddr_to_store_ln144_fu_456">
<pin_list>
<pin id="457" dir="0" index="0" bw="3" slack="0"/>
<pin id="458" dir="1" index="1" bw="0" slack="2147483647"/>
</pin_list>
<bind>
<opcode="muxlogic(592) " fcode="muxlogic"/>
<opset="muxLogicRAMAddr_to_store_ln144/1 "/>
</bind>
</comp>

<comp id="460" class="1004" name="muxLogicRAMData_to_store_ln144_fu_460">
<pin_list>
<pin id="461" dir="0" index="0" bw="32" slack="0"/>
<pin id="462" dir="1" index="1" bw="0" slack="2147483647"/>
</pin_list>
<bind>
<opcode="muxlogic(592) " fcode="muxlogic"/>
<opset="muxLogicRAMData_to_store_ln144/1 "/>
</bind>
</comp>

<comp id="464" class="1004" name="muxLogicRAMAddr_to_store_ln144_fu_464">
<pin_list>
<pin id="465" dir="0" index="0" bw="3" slack="0"/>
<pin id="466" dir="1" index="1" bw="0" slack="2147483647"/>
</pin_list>
<bind>
<opcode="muxlogic(592) " fcode="muxlogic"/>
<opset="muxLogicRAMAddr_to_store_ln144/1 "/>
</bind>
</comp>

<comp id="468" class="1004" name="muxLogicRAMData_to_store_ln144_fu_468">
<pin_list>
<pin id="469" dir="0" index="0" bw="32" slack="0"/>
<pin id="470" dir="1" index="1" bw="0" slack="2147483647"/>
</pin_list>
<bind>
<opcode="muxlogic(592) " fcode="muxlogic"/>
<opset="muxLogicRAMData_to_store_ln144/1 "/>
</bind>
</comp>

<comp id="472" class="1004" name="muxLogicRAMAddr_to_store_ln144_fu_472">
<pin_list>
<pin id="473" dir="0" index="0" bw="3" slack="0"/>
<pin id="474" dir="1" index="1" bw="0" slack="2147483647"/>
</pin_list>
<bind>
<opcode="muxlogic(592) " fcode="muxlogic"/>
<opset="muxLogicRAMAddr_to_store_ln144/1 "/>
</bind>
</comp>

<comp id="476" class="1004" name="store_ln142_store_fu_476">
<pin_list>
<pin id="477" dir="0" index="0" bw="8" slack="0"/>
<pin id="478" dir="0" index="1" bw="8" slack="0"/>
<pin id="479" dir="1" index="2" bw="0" slack="2147483647"/>
</pin_list>
<bind>
<opcode="store(28) " fcode="store"/>
<opset="store_ln142/1 "/>
</bind>
</comp>

<comp id="481" class="1005" name="k_reg_481">
<pin_list>
<pin id="482" dir="0" index="0" bw="8" slack="0"/>
<pin id="483" dir="1" index="1" bw="8" slack="0"/>
</pin_list>
<bind>
<opset="k "/>
</bind>
</comp>

</comp_list>

<net_list>
<net id="71"><net_src comp="32" pin="0"/><net_sink comp="68" pin=0"/></net>

<net id="77"><net_src comp="30" pin="0"/><net_sink comp="72" pin=0"/></net>

<net id="78"><net_src comp="64" pin="0"/><net_sink comp="72" pin=1"/></net>

<net id="84"><net_src comp="28" pin="0"/><net_sink comp="79" pin=0"/></net>

<net id="85"><net_src comp="64" pin="0"/><net_sink comp="79" pin=1"/></net>

<net id="91"><net_src comp="26" pin="0"/><net_sink comp="86" pin=0"/></net>

<net id="92"><net_src comp="64" pin="0"/><net_sink comp="86" pin=1"/></net>

<net id="98"><net_src comp="24" pin="0"/><net_sink comp="93" pin=0"/></net>

<net id="99"><net_src comp="64" pin="0"/><net_sink comp="93" pin=1"/></net>

<net id="105"><net_src comp="22" pin="0"/><net_sink comp="100" pin=0"/></net>

<net id="106"><net_src comp="64" pin="0"/><net_sink comp="100" pin=1"/></net>

<net id="112"><net_src comp="20" pin="0"/><net_sink comp="107" pin=0"/></net>

<net id="113"><net_src comp="64" pin="0"/><net_sink comp="107" pin=1"/></net>

<net id="119"><net_src comp="18" pin="0"/><net_sink comp="114" pin=0"/></net>

<net id="120"><net_src comp="64" pin="0"/><net_sink comp="114" pin=1"/></net>

<net id="126"><net_src comp="16" pin="0"/><net_sink comp="121" pin=0"/></net>

<net id="127"><net_src comp="64" pin="0"/><net_sink comp="121" pin=1"/></net>

<net id="133"><net_src comp="14" pin="0"/><net_sink comp="128" pin=0"/></net>

<net id="134"><net_src comp="64" pin="0"/><net_sink comp="128" pin=1"/></net>

<net id="140"><net_src comp="12" pin="0"/><net_sink comp="135" pin=0"/></net>

<net id="141"><net_src comp="64" pin="0"/><net_sink comp="135" pin=1"/></net>

<net id="147"><net_src comp="10" pin="0"/><net_sink comp="142" pin=0"/></net>

<net id="148"><net_src comp="64" pin="0"/><net_sink comp="142" pin=1"/></net>

<net id="154"><net_src comp="8" pin="0"/><net_sink comp="149" pin=0"/></net>

<net id="155"><net_src comp="64" pin="0"/><net_sink comp="149" pin=1"/></net>

<net id="161"><net_src comp="6" pin="0"/><net_sink comp="156" pin=0"/></net>

<net id="162"><net_src comp="64" pin="0"/><net_sink comp="156" pin=1"/></net>

<net id="168"><net_src comp="4" pin="0"/><net_sink comp="163" pin=0"/></net>

<net id="169"><net_src comp="64" pin="0"/><net_sink comp="163" pin=1"/></net>

<net id="175"><net_src comp="2" pin="0"/><net_sink comp="170" pin=0"/></net>

<net id="176"><net_src comp="64" pin="0"/><net_sink comp="170" pin=1"/></net>

<net id="182"><net_src comp="0" pin="0"/><net_sink comp="177" pin=0"/></net>

<net id="183"><net_src comp="64" pin="0"/><net_sink comp="177" pin=1"/></net>

<net id="189"><net_src comp="66" pin="0"/><net_sink comp="184" pin=1"/></net>

<net id="190"><net_src comp="72" pin="3"/><net_sink comp="184" pin=0"/></net>

<net id="196"><net_src comp="66" pin="0"/><net_sink comp="191" pin=1"/></net>

<net id="197"><net_src comp="79" pin="3"/><net_sink comp="191" pin=0"/></net>

<net id="203"><net_src comp="66" pin="0"/><net_sink comp="198" pin=1"/></net>

<net id="204"><net_src comp="86" pin="3"/><net_sink comp="198" pin=0"/></net>

<net id="210"><net_src comp="66" pin="0"/><net_sink comp="205" pin=1"/></net>

<net id="211"><net_src comp="93" pin="3"/><net_sink comp="205" pin=0"/></net>

<net id="217"><net_src comp="66" pin="0"/><net_sink comp="212" pin=1"/></net>

<net id="218"><net_src comp="100" pin="3"/><net_sink comp="212" pin=0"/></net>

<net id="224"><net_src comp="66" pin="0"/><net_sink comp="219" pin=1"/></net>

<net id="225"><net_src comp="107" pin="3"/><net_sink comp="219" pin=0"/></net>

<net id="231"><net_src comp="66" pin="0"/><net_sink comp="226" pin=1"/></net>

<net id="232"><net_src comp="114" pin="3"/><net_sink comp="226" pin=0"/></net>

<net id="238"><net_src comp="66" pin="0"/><net_sink comp="233" pin=1"/></net>

<net id="239"><net_src comp="121" pin="3"/><net_sink comp="233" pin=0"/></net>

<net id="245"><net_src comp="66" pin="0"/><net_sink comp="240" pin=1"/></net>

<net id="246"><net_src comp="128" pin="3"/><net_sink comp="240" pin=0"/></net>

<net id="252"><net_src comp="66" pin="0"/><net_sink comp="247" pin=1"/></net>

<net id="253"><net_src comp="135" pin="3"/><net_sink comp="247" pin=0"/></net>

<net id="259"><net_src comp="66" pin="0"/><net_sink comp="254" pin=1"/></net>

<net id="260"><net_src comp="142" pin="3"/><net_sink comp="254" pin=0"/></net>

<net id="266"><net_src comp="66" pin="0"/><net_sink comp="261" pin=1"/></net>

<net id="267"><net_src comp="149" pin="3"/><net_sink comp="261" pin=0"/></net>

<net id="273"><net_src comp="66" pin="0"/><net_sink comp="268" pin=1"/></net>

<net id="274"><net_src comp="156" pin="3"/><net_sink comp="268" pin=0"/></net>

<net id="280"><net_src comp="66" pin="0"/><net_sink comp="275" pin=1"/></net>

<net id="281"><net_src comp="163" pin="3"/><net_sink comp="275" pin=0"/></net>

<net id="287"><net_src comp="66" pin="0"/><net_sink comp="282" pin=1"/></net>

<net id="288"><net_src comp="170" pin="3"/><net_sink comp="282" pin=0"/></net>

<net id="294"><net_src comp="66" pin="0"/><net_sink comp="289" pin=1"/></net>

<net id="295"><net_src comp="177" pin="3"/><net_sink comp="289" pin=0"/></net>

<net id="300"><net_src comp="34" pin="0"/><net_sink comp="296" pin=0"/></net>

<net id="309"><net_src comp="36" pin="0"/><net_sink comp="304" pin=0"/></net>

<net id="310"><net_src comp="301" pin="1"/><net_sink comp="304" pin=1"/></net>

<net id="311"><net_src comp="38" pin="0"/><net_sink comp="304" pin=2"/></net>

<net id="316"><net_src comp="301" pin="1"/><net_sink comp="312" pin=0"/></net>

<net id="317"><net_src comp="40" pin="0"/><net_sink comp="312" pin=1"/></net>

<net id="324"><net_src comp="58" pin="0"/><net_sink comp="318" pin=0"/></net>

<net id="325"><net_src comp="301" pin="1"/><net_sink comp="318" pin=1"/></net>

<net id="326"><net_src comp="60" pin="0"/><net_sink comp="318" pin=2"/></net>

<net id="327"><net_src comp="62" pin="0"/><net_sink comp="318" pin=3"/></net>

<net id="331"><net_src comp="318" pin="4"/><net_sink comp="328" pin=0"/></net>

<net id="332"><net_src comp="328" pin="1"/><net_sink comp="72" pin=2"/></net>

<net id="333"><net_src comp="328" pin="1"/><net_sink comp="79" pin=2"/></net>

<net id="334"><net_src comp="328" pin="1"/><net_sink comp="86" pin=2"/></net>

<net id="335"><net_src comp="328" pin="1"/><net_sink comp="93" pin=2"/></net>

<net id="336"><net_src comp="328" pin="1"/><net_sink comp="100" pin=2"/></net>

<net id="337"><net_src comp="328" pin="1"/><net_sink comp="107" pin=2"/></net>

<net id="338"><net_src comp="328" pin="1"/><net_sink comp="114" pin=2"/></net>

<net id="339"><net_src comp="328" pin="1"/><net_sink comp="121" pin=2"/></net>

<net id="340"><net_src comp="328" pin="1"/><net_sink comp="128" pin=2"/></net>

<net id="341"><net_src comp="328" pin="1"/><net_sink comp="135" pin=2"/></net>

<net id="342"><net_src comp="328" pin="1"/><net_sink comp="142" pin=2"/></net>

<net id="343"><net_src comp="328" pin="1"/><net_sink comp="149" pin=2"/></net>

<net id="344"><net_src comp="328" pin="1"/><net_sink comp="156" pin=2"/></net>

<net id="345"><net_src comp="328" pin="1"/><net_sink comp="163" pin=2"/></net>

<net id="346"><net_src comp="328" pin="1"/><net_sink comp="170" pin=2"/></net>

<net id="347"><net_src comp="328" pin="1"/><net_sink comp="177" pin=2"/></net>

<net id="351"><net_src comp="66" pin="0"/><net_sink comp="348" pin=0"/></net>

<net id="355"><net_src comp="72" pin="3"/><net_sink comp="352" pin=0"/></net>

<net id="359"><net_src comp="66" pin="0"/><net_sink comp="356" pin=0"/></net>

<net id="363"><net_src comp="79" pin="3"/><net_sink comp="360" pin=0"/></net>

<net id="367"><net_src comp="66" pin="0"/><net_sink comp="364" pin=0"/></net>

<net id="371"><net_src comp="86" pin="3"/><net_sink comp="368" pin=0"/></net>

<net id="375"><net_src comp="66" pin="0"/><net_sink comp="372" pin=0"/></net>

<net id="379"><net_src comp="93" pin="3"/><net_sink comp="376" pin=0"/></net>

<net id="383"><net_src comp="66" pin="0"/><net_sink comp="380" pin=0"/></net>

<net id="387"><net_src comp="100" pin="3"/><net_sink comp="384" pin=0"/></net>

<net id="391"><net_src comp="66" pin="0"/><net_sink comp="388" pin=0"/></net>

<net id="395"><net_src comp="107" pin="3"/><net_sink comp="392" pin=0"/></net>

<net id="399"><net_src comp="66" pin="0"/><net_sink comp="396" pin=0"/></net>

<net id="403"><net_src comp="114" pin="3"/><net_sink comp="400" pin=0"/></net>

<net id="407"><net_src comp="66" pin="0"/><net_sink comp="404" pin=0"/></net>

<net id="411"><net_src comp="121" pin="3"/><net_sink comp="408" pin=0"/></net>

<net id="415"><net_src comp="66" pin="0"/><net_sink comp="412" pin=0"/></net>

<net id="419"><net_src comp="128" pin="3"/><net_sink comp="416" pin=0"/></net>

<net id="423"><net_src comp="66" pin="0"/><net_sink comp="420" pin=0"/></net>

<net id="427"><net_src comp="135" pin="3"/><net_sink comp="424" pin=0"/></net>

<net id="431"><net_src comp="66" pin="0"/><net_sink comp="428" pin=0"/></net>

<net id="435"><net_src comp="142" pin="3"/><net_sink comp="432" pin=0"/></net>

<net id="439"><net_src comp="66" pin="0"/><net_sink comp="436" pin=0"/></net>

<net id="443"><net_src comp="149" pin="3"/><net_sink comp="440" pin=0"/></net>

<net id="447"><net_src comp="66" pin="0"/><net_sink comp="444" pin=0"/></net>

<net id="451"><net_src comp="156" pin="3"/><net_sink comp="448" pin=0"/></net>

<net id="455"><net_src comp="66" pin="0"/><net_sink comp="452" pin=0"/></net>

<net id="459"><net_src comp="163" pin="3"/><net_sink comp="456" pin=0"/></net>

<net id="463"><net_src comp="66" pin="0"/><net_sink comp="460" pin=0"/></net>

<net id="467"><net_src comp="170" pin="3"/><net_sink comp="464" pin=0"/></net>

<net id="471"><net_src comp="66" pin="0"/><net_sink comp="468" pin=0"/></net>

<net id="475"><net_src comp="177" pin="3"/><net_sink comp="472" pin=0"/></net>

<net id="480"><net_src comp="312" pin="2"/><net_sink comp="476" pin=0"/></net>

<net id="484"><net_src comp="68" pin="1"/><net_sink comp="481" pin=0"/></net>

<net id="485"><net_src comp="481" pin="1"/><net_sink comp="296" pin=1"/></net>

<net id="486"><net_src comp="481" pin="1"/><net_sink comp="301" pin=0"/></net>

<net id="487"><net_src comp="481" pin="1"/><net_sink comp="476" pin=1"/></net>

</net_list>

</model> 
---------------- Datapath Model END ------------------

* FSMD analyzer results:
  - Output states:
	Port: acc_d_15 | {1 }
	Port: acc_d_14 | {1 }
	Port: acc_d_13 | {1 }
	Port: acc_d_12 | {1 }
	Port: acc_d_11 | {1 }
	Port: acc_d_10 | {1 }
	Port: acc_d_9 | {1 }
	Port: acc_d_8 | {1 }
	Port: acc_d_7 | {1 }
	Port: acc_d_6 | {1 }
	Port: acc_d_5 | {1 }
	Port: acc_d_4 | {1 }
	Port: acc_d_3 | {1 }
	Port: acc_d_2 | {1 }
	Port: acc_d_1 | {1 }
	Port: acc_d | {1 }
 - Input state : 
  - Chain level:
	State 1
		store_ln142 : 1
		k_2 : 1
		tmp : 2
		br_ln142 : 3
		add_ln142 : 2
		lshr_ln : 2
		zext_ln142 : 3
		acc_d_addr : 4
		acc_d_1_addr : 4
		acc_d_2_addr : 4
		acc_d_3_addr : 4
		acc_d_4_addr : 4
		acc_d_5_addr : 4
		acc_d_6_addr : 4
		acc_d_7_addr : 4
		acc_d_8_addr : 4
		acc_d_9_addr : 4
		acc_d_10_addr : 4
		acc_d_11_addr : 4
		acc_d_12_addr : 4
		acc_d_13_addr : 4
		acc_d_14_addr : 4
		acc_d_15_addr : 4
		muxLogicRAMAddr_to_store_ln144 : 5
		store_ln144 : 5
		muxLogicRAMAddr_to_store_ln144 : 5
		store_ln144 : 5
		muxLogicRAMAddr_to_store_ln144 : 5
		store_ln144 : 5
		muxLogicRAMAddr_to_store_ln144 : 5
		store_ln144 : 5
		muxLogicRAMAddr_to_store_ln144 : 5
		store_ln144 : 5
		muxLogicRAMAddr_to_store_ln144 : 5
		store_ln144 : 5
		muxLogicRAMAddr_to_store_ln144 : 5
		store_ln144 : 5
		muxLogicRAMAddr_to_store_ln144 : 5
		store_ln144 : 5
		muxLogicRAMAddr_to_store_ln144 : 5
		store_ln144 : 5
		muxLogicRAMAddr_to_store_ln144 : 5
		store_ln144 : 5
		muxLogicRAMAddr_to_store_ln144 : 5
		store_ln144 : 5
		muxLogicRAMAddr_to_store_ln144 : 5
		store_ln144 : 5
		muxLogicRAMAddr_to_store_ln144 : 5
		store_ln144 : 5
		muxLogicRAMAddr_to_store_ln144 : 5
		store_ln144 : 5
		muxLogicRAMAddr_to_store_ln144 : 5
		store_ln144 : 5
		muxLogicRAMAddr_to_store_ln144 : 5
		store_ln144 : 5
		store_ln142 : 3


============================================================
+ Verbose Summary: Datapath Resource usage 
============================================================

* Functional unit list:
|----------|---------------------------------------|---------|---------|
| Operation|            Functional Unit            |    FF   |   LUT   |
|----------|---------------------------------------|---------|---------|
|    add   |            add_ln142_fu_312           |    0    |    8    |
|----------|---------------------------------------|---------|---------|
| bitselect|               tmp_fu_304              |    0    |    0    |
|----------|---------------------------------------|---------|---------|
|partselect|             lshr_ln_fu_318            |    0    |    0    |
|----------|---------------------------------------|---------|---------|
|   zext   |           zext_ln142_fu_328           |    0    |    0    |
|----------|---------------------------------------|---------|---------|
|          | muxLogicRAMData_to_store_ln144_fu_348 |    0    |    0    |
|          | muxLogicRAMAddr_to_store_ln144_fu_352 |    0    |    0    |
|          | muxLogicRAMData_to_store_ln144_fu_356 |    0    |    0    |
|          | muxLogicRAMAddr_to_store_ln144_fu_360 |    0    |    0    |
|          | muxLogicRAMData_to_store_ln144_fu_364 |    0    |    0    |
|          | muxLogicRAMAddr_to_store_ln144_fu_368 |    0    |    0    |
|          | muxLogicRAMData_to_store_ln144_fu_372 |    0    |    0    |
|          | muxLogicRAMAddr_to_store_ln144_fu_376 |    0    |    0    |
|          | muxLogicRAMData_to_store_ln144_fu_380 |    0    |    0    |
|          | muxLogicRAMAddr_to_store_ln144_fu_384 |    0    |    0    |
|          | muxLogicRAMData_to_store_ln144_fu_388 |    0    |    0    |
|          | muxLogicRAMAddr_to_store_ln144_fu_392 |    0    |    0    |
|          | muxLogicRAMData_to_store_ln144_fu_396 |    0    |    0    |
|          | muxLogicRAMAddr_to_store_ln144_fu_400 |    0    |    0    |
|          | muxLogicRAMData_to_store_ln144_fu_404 |    0    |    0    |
| muxlogic | muxLogicRAMAddr_to_store_ln144_fu_408 |    0    |    0    |
|          | muxLogicRAMData_to_store_ln144_fu_412 |    0    |    0    |
|          | muxLogicRAMAddr_to_store_ln144_fu_416 |    0    |    0    |
|          | muxLogicRAMData_to_store_ln144_fu_420 |    0    |    0    |
|          | muxLogicRAMAddr_to_store_ln144_fu_424 |    0    |    0    |
|          | muxLogicRAMData_to_store_ln144_fu_428 |    0    |    0    |
|          | muxLogicRAMAddr_to_store_ln144_fu_432 |    0    |    0    |
|          | muxLogicRAMData_to_store_ln144_fu_436 |    0    |    0    |
|          | muxLogicRAMAddr_to_store_ln144_fu_440 |    0    |    0    |
|          | muxLogicRAMData_to_store_ln144_fu_444 |    0    |    0    |
|          | muxLogicRAMAddr_to_store_ln144_fu_448 |    0    |    0    |
|          | muxLogicRAMData_to_store_ln144_fu_452 |    0    |    0    |
|          | muxLogicRAMAddr_to_store_ln144_fu_456 |    0    |    0    |
|          | muxLogicRAMData_to_store_ln144_fu_460 |    0    |    0    |
|          | muxLogicRAMAddr_to_store_ln144_fu_464 |    0    |    0    |
|          | muxLogicRAMData_to_store_ln144_fu_468 |    0    |    0    |
|          | muxLogicRAMAddr_to_store_ln144_fu_472 |    0    |    0    |
|----------|---------------------------------------|---------|---------|
|   Total  |                                       |    0    |    8    |
|----------|---------------------------------------|---------|---------|

Memories:
N/A

* Register list:
+---------+--------+
|         |   FF   |
+---------+--------+
|k_reg_481|    8   |
+---------+--------+
|  Total  |    8   |
+---------+--------+

* Multiplexer (MUX) list: 
|--------|------|------|------|--------|
|  Comp  |  Pin | Size |  BW  | S x BW |
|--------|------|------|------|--------|
|  Total |      |      |      |    0   |
|--------|------|------|------|--------|



* Summary:
+-----------+--------+--------+
|           |   FF   |   LUT  |
+-----------+--------+--------+
|  Function |    0   |    8   |
|   Memory  |    -   |    -   |
|Multiplexer|    -   |    -   |
|  Register |    8   |    -   |
+-----------+--------+--------+
|   Total   |    8   |    8   |
+-----------+--------+--------+
