

================================================================
== Vitis HLS Report for 'load_stats_fp32_Pipeline_LOAD_STATS'
================================================================
* Date:           Sun Mar 22 18:05:53 2026

* Version:        2025.1 (Build 6135595 on May 21 2025)
* Project:        FlashAtt1
* Solution:       hls (Vivado IP Flow Target)
* Product family: versalhbm
* Target device:  xcvh1582-lsva4737-2LHP-e-S


================================================================
== Performance Estimates
================================================================
+ Timing: 
    * Summary: 
    +--------+----------+----------+------------+
    |  Clock |  Target  | Estimated| Uncertainty|
    +--------+----------+----------+------------+
    |ap_clk  |  10.00 ns|  1.689 ns|     2.70 ns|
    +--------+----------+----------+------------+

+ Latency: 
    * Summary: 
    +---------+-----------+-----------+-----------+-----+-----------+------------------------------------------------+
    |   Latency (cycles)  |   Latency (absolute)  |     Interval    |                    Pipeline                    |
    |   min   |    max    |    min    |    max    | min |    max    |                      Type                      |
    +---------+-----------+-----------+-----------+-----+-----------+------------------------------------------------+
    |        2|  134217729|  20.000 ns|  1.342 sec|    1|  134217728|  loop auto-rewind stp (delay=0 clock cycles(s))|
    +---------+-----------+-----------+-----------+-----+-----------+------------------------------------------------+

    + Detail: 
        * Instance: 
        N/A

        * Loop: 
        +--------------+---------+-----------+----------+-----------+-----------+---------------+----------+
        |              |   Latency (cycles)  | Iteration|  Initiation Interval  |      Trip     |          |
        |   Loop Name  |   min   |    max    |  Latency |  achieved |   target  |     Count     | Pipelined|
        +--------------+---------+-----------+----------+-----------+-----------+---------------+----------+
        |- LOAD_STATS  |        0|  134217727|         2|          1|          1|  0 ~ 134217727|       yes|
        +--------------+---------+-----------+----------+-----------+-----------+---------------+----------+

============================================================
+ Verbose Summary: Synthesis Manager
============================================================
InlineROM: 1
ExposeGlobal: 0
============================================================
+ Verbose Summary: CDFG Model
============================================================
IsTopModel: 0
ResetActiveHigh: 1
IsCombinational: 0
IsDatapathOnly: 0
HasWiredReturn: 1
HasMFsm: 2
HasVarLatency: 1
IsPipeline: 0
IsRtlPipelined: 0
IsInstanceOverlapped: 0
IsDontTouch: 0
HasImplIP: 0
IsGatedGlobalClock: 0

+ Individual pipeline summary: 
  * Pipeline-0: initiation interval (II) = 1, depth = 2


============================================================
+ Verbose Summary: Schedule
============================================================
* Number of FSM states : 2
* Pipeline : 1
  Pipeline-0 : II = 1, D = 2, States = { 1 2 }
* Dataflow Pipeline: 0

* FSM state transitions: 
1 --> 2 
2 --> 

* FSM state operations: 

State 1 <SV = 0> <Delay = 1.68>
ST_1 : Operation 5 [1/1] (0.00ns)   --->   "%b = alloca i32 1" [./flashattentionmemory.h:237]   --->   Operation 5 'alloca' 'b' <Predicate = true> <Delay = 0.00>
ST_1 : Operation 6 [1/1] (0.00ns)   --->   "%sext_ln237_1_read = read i58 @_ssdm_op_Read.ap_auto.i58, i58 %sext_ln237_1"   --->   Operation 6 'read' 'sext_ln237_1_read' <Predicate = true> <Delay = 0.00>
ST_1 : Operation 7 [1/1] (0.00ns)   --->   "%total_beats_read = read i29 @_ssdm_op_Read.ap_auto.i29, i29 %total_beats"   --->   Operation 7 'read' 'total_beats_read' <Predicate = true> <Delay = 0.00>
ST_1 : Operation 8 [1/1] (0.00ns)   --->   "%num_elements_read = read i32 @_ssdm_op_Read.ap_auto.i32, i32 %num_elements"   --->   Operation 8 'read' 'num_elements_read' <Predicate = true> <Delay = 0.00>
ST_1 : Operation 9 [1/1] (0.00ns)   --->   "%sext_ln237_1_cast = sext i58 %sext_ln237_1_read"   --->   Operation 9 'sext' 'sext_ln237_1_cast' <Predicate = true> <Delay = 0.00>
ST_1 : Operation 10 [1/1] (0.00ns)   --->   "%specinterface_ln0 = specinterface void @_ssdm_op_SpecInterface, i512 %gmem_l, void @empty_21, i32 0, i32 0, void @empty_27, i32 64, i32 4096, void @empty_33, void @empty_28, void @empty_27, i32 16, i32 4, i32 16, i32 16, void @empty_27, void @empty_27, i32 4294967295, i32 0, i32 0"   --->   Operation 10 'specinterface' 'specinterface_ln0' <Predicate = true> <Delay = 0.00>
ST_1 : Operation 11 [1/1] (0.42ns)   --->   "%store_ln237 = store i27 0, i27 %b" [./flashattentionmemory.h:237]   --->   Operation 11 'store' 'store_ln237' <Predicate = true> <Delay = 0.42>
ST_1 : Operation 12 [1/1] (0.00ns)   --->   "%br_ln0 = br void %for.body"   --->   Operation 12 'br' 'br_ln0' <Predicate = true> <Delay = 0.00>
ST_1 : Operation 13 [1/1] (0.00ns)   --->   "%b_2 = load i27 %b" [./flashattentionmemory.h:237]   --->   Operation 13 'load' 'b_2' <Predicate = true> <Delay = 0.00>
ST_1 : Operation 14 [1/1] (0.84ns)   --->   "%add_ln237 = add i27 %b_2, i27 1" [./flashattentionmemory.h:237]   --->   Operation 14 'add' 'add_ln237' <Predicate = true> <Delay = 0.84> <CoreInst = "Adder">   --->   Core 1 'Adder' <Latency = 0> <II = 1> <Delay = 0.84> <FuncUnit> <Opcode : 'add' 'sub'> <InPorts = 2> <OutPorts = 1>
ST_1 : Operation 15 [1/1] (0.00ns)   --->   "%zext_ln237 = zext i27 %b_2" [./flashattentionmemory.h:237]   --->   Operation 15 'zext' 'zext_ln237' <Predicate = true> <Delay = 0.00>
ST_1 : Operation 16 [1/1] (0.68ns)   --->   "%icmp_ln237 = icmp_slt  i29 %zext_ln237, i29 %total_beats_read" [./flashattentionmemory.h:237]   --->   Operation 16 'icmp' 'icmp_ln237' <Predicate = true> <Delay = 0.68> <CoreInst = "Cmp">   --->   Core 9 'Cmp' <Latency = 0> <II = 1> <Delay = 0.68> <FuncUnit> <Opcode : 'setle' 'setge' 'setlt' 'setgt'> <InPorts = 2> <OutPorts = 1>
ST_1 : Operation 17 [1/1] (0.00ns)   --->   "%br_ln237 = br i1 %icmp_ln237, void %for.inc22.preheader.exitStub, void %for.body.split" [./flashattentionmemory.h:237]   --->   Operation 17 'br' 'br_ln237' <Predicate = true> <Delay = 0.00>
ST_1 : Operation 18 [1/1] (0.00ns)   --->   "%tmp_s = bitconcatenate i31 @_ssdm_op_BitConcatenate.i31.i27.i4, i27 %b_2, i4 0" [./flashattentionmemory.h:237]   --->   Operation 18 'bitconcatenate' 'tmp_s' <Predicate = (icmp_ln237)> <Delay = 0.00>
ST_1 : Operation 19 [1/1] (0.00ns)   --->   "%zext_ln247 = zext i31 %tmp_s" [./flashattentionmemory.h:247]   --->   Operation 19 'zext' 'zext_ln247' <Predicate = (icmp_ln237)> <Delay = 0.00>
ST_1 : Operation 20 [1/1] (0.67ns)   --->   "%icmp_ln247 = icmp_slt  i32 %zext_ln247, i32 %num_elements_read" [./flashattentionmemory.h:247]   --->   Operation 20 'icmp' 'icmp_ln247' <Predicate = (icmp_ln237)> <Delay = 0.67> <CoreInst = "Cmp">   --->   Core 9 'Cmp' <Latency = 0> <II = 1> <Delay = 0.67> <FuncUnit> <Opcode : 'setle' 'setge' 'setlt' 'setgt'> <InPorts = 2> <OutPorts = 1>
ST_1 : Operation 21 [1/1] (0.00ns)   --->   "%br_ln247 = br i1 %icmp_ln247, void %for.inc, void %if.then" [./flashattentionmemory.h:247]   --->   Operation 21 'br' 'br_ln247' <Predicate = (icmp_ln237)> <Delay = 0.00>
ST_1 : Operation 22 [1/1] (0.71ns)   --->   "%switch_ln248 = switch i27 %b_2, void %arrayidx1236.exit, i27 0, void %arrayidx1236.case.0, i27 1, void %arrayidx1236.case.16, i27 2, void %arrayidx1236.case.32, i27 3, void %arrayidx1236.case.48" [./flashattentionmemory.h:248]   --->   Operation 22 'switch' 'switch_ln248' <Predicate = (icmp_ln237 & icmp_ln247)> <Delay = 0.71>
ST_1 : Operation 23 [1/1] (0.00ns)   --->   "%br_ln249 = br void %for.inc" [./flashattentionmemory.h:249]   --->   Operation 23 'br' 'br_ln249' <Predicate = (icmp_ln237 & icmp_ln247)> <Delay = 0.00>
ST_1 : Operation 24 [1/1] (0.00ns)   --->   "%or_ln = bitconcatenate i31 @_ssdm_op_BitConcatenate.i31.i27.i4, i27 %b_2, i4 1" [./flashattentionmemory.h:246]   --->   Operation 24 'bitconcatenate' 'or_ln' <Predicate = (icmp_ln237)> <Delay = 0.00>
ST_1 : Operation 25 [1/1] (0.00ns)   --->   "%zext_ln247_1 = zext i31 %or_ln" [./flashattentionmemory.h:247]   --->   Operation 25 'zext' 'zext_ln247_1' <Predicate = (icmp_ln237)> <Delay = 0.00>
ST_1 : Operation 26 [1/1] (0.67ns)   --->   "%icmp_ln247_1 = icmp_slt  i32 %zext_ln247_1, i32 %num_elements_read" [./flashattentionmemory.h:247]   --->   Operation 26 'icmp' 'icmp_ln247_1' <Predicate = (icmp_ln237)> <Delay = 0.67> <CoreInst = "Cmp">   --->   Core 9 'Cmp' <Latency = 0> <II = 1> <Delay = 0.67> <FuncUnit> <Opcode : 'setle' 'setge' 'setlt' 'setgt'> <InPorts = 2> <OutPorts = 1>
ST_1 : Operation 27 [1/1] (0.00ns)   --->   "%br_ln247 = br i1 %icmp_ln247_1, void %for.inc.1, void %if.then.1" [./flashattentionmemory.h:247]   --->   Operation 27 'br' 'br_ln247' <Predicate = (icmp_ln237)> <Delay = 0.00>
ST_1 : Operation 28 [1/1] (0.71ns)   --->   "%switch_ln248 = switch i27 %b_2, void %arrayidx12.134.exit, i27 0, void %arrayidx12.134.case.1, i27 1, void %arrayidx12.134.case.17, i27 2, void %arrayidx12.134.case.33, i27 3, void %arrayidx12.134.case.49" [./flashattentionmemory.h:248]   --->   Operation 28 'switch' 'switch_ln248' <Predicate = (icmp_ln237 & icmp_ln247_1)> <Delay = 0.71>
ST_1 : Operation 29 [1/1] (0.00ns)   --->   "%br_ln249 = br void %for.inc.1" [./flashattentionmemory.h:249]   --->   Operation 29 'br' 'br_ln249' <Predicate = (icmp_ln237 & icmp_ln247_1)> <Delay = 0.00>
ST_1 : Operation 30 [1/1] (0.00ns)   --->   "%or_ln246_1 = bitconcatenate i31 @_ssdm_op_BitConcatenate.i31.i27.i4, i27 %b_2, i4 2" [./flashattentionmemory.h:246]   --->   Operation 30 'bitconcatenate' 'or_ln246_1' <Predicate = (icmp_ln237)> <Delay = 0.00>
ST_1 : Operation 31 [1/1] (0.00ns)   --->   "%zext_ln247_2 = zext i31 %or_ln246_1" [./flashattentionmemory.h:247]   --->   Operation 31 'zext' 'zext_ln247_2' <Predicate = (icmp_ln237)> <Delay = 0.00>
ST_1 : Operation 32 [1/1] (0.67ns)   --->   "%icmp_ln247_2 = icmp_slt  i32 %zext_ln247_2, i32 %num_elements_read" [./flashattentionmemory.h:247]   --->   Operation 32 'icmp' 'icmp_ln247_2' <Predicate = (icmp_ln237)> <Delay = 0.67> <CoreInst = "Cmp">   --->   Core 9 'Cmp' <Latency = 0> <II = 1> <Delay = 0.67> <FuncUnit> <Opcode : 'setle' 'setge' 'setlt' 'setgt'> <InPorts = 2> <OutPorts = 1>
ST_1 : Operation 33 [1/1] (0.00ns)   --->   "%br_ln247 = br i1 %icmp_ln247_2, void %for.inc.2, void %if.then.2" [./flashattentionmemory.h:247]   --->   Operation 33 'br' 'br_ln247' <Predicate = (icmp_ln237)> <Delay = 0.00>
ST_1 : Operation 34 [1/1] (0.71ns)   --->   "%switch_ln248 = switch i27 %b_2, void %arrayidx12.232.exit, i27 0, void %arrayidx12.232.case.2, i27 1, void %arrayidx12.232.case.18, i27 2, void %arrayidx12.232.case.34, i27 3, void %arrayidx12.232.case.50" [./flashattentionmemory.h:248]   --->   Operation 34 'switch' 'switch_ln248' <Predicate = (icmp_ln237 & icmp_ln247_2)> <Delay = 0.71>
ST_1 : Operation 35 [1/1] (0.00ns)   --->   "%br_ln249 = br void %for.inc.2" [./flashattentionmemory.h:249]   --->   Operation 35 'br' 'br_ln249' <Predicate = (icmp_ln237 & icmp_ln247_2)> <Delay = 0.00>
ST_1 : Operation 36 [1/1] (0.00ns)   --->   "%or_ln246_2 = bitconcatenate i31 @_ssdm_op_BitConcatenate.i31.i27.i4, i27 %b_2, i4 3" [./flashattentionmemory.h:246]   --->   Operation 36 'bitconcatenate' 'or_ln246_2' <Predicate = (icmp_ln237)> <Delay = 0.00>
ST_1 : Operation 37 [1/1] (0.00ns)   --->   "%zext_ln247_3 = zext i31 %or_ln246_2" [./flashattentionmemory.h:247]   --->   Operation 37 'zext' 'zext_ln247_3' <Predicate = (icmp_ln237)> <Delay = 0.00>
ST_1 : Operation 38 [1/1] (0.67ns)   --->   "%icmp_ln247_3 = icmp_slt  i32 %zext_ln247_3, i32 %num_elements_read" [./flashattentionmemory.h:247]   --->   Operation 38 'icmp' 'icmp_ln247_3' <Predicate = (icmp_ln237)> <Delay = 0.67> <CoreInst = "Cmp">   --->   Core 9 'Cmp' <Latency = 0> <II = 1> <Delay = 0.67> <FuncUnit> <Opcode : 'setle' 'setge' 'setlt' 'setgt'> <InPorts = 2> <OutPorts = 1>
ST_1 : Operation 39 [1/1] (0.00ns)   --->   "%br_ln247 = br i1 %icmp_ln247_3, void %for.inc.3, void %if.then.3" [./flashattentionmemory.h:247]   --->   Operation 39 'br' 'br_ln247' <Predicate = (icmp_ln237)> <Delay = 0.00>
ST_1 : Operation 40 [1/1] (0.71ns)   --->   "%switch_ln248 = switch i27 %b_2, void %arrayidx12.330.exit, i27 0, void %arrayidx12.330.case.3, i27 1, void %arrayidx12.330.case.19, i27 2, void %arrayidx12.330.case.35, i27 3, void %arrayidx12.330.case.51" [./flashattentionmemory.h:248]   --->   Operation 40 'switch' 'switch_ln248' <Predicate = (icmp_ln237 & icmp_ln247_3)> <Delay = 0.71>
ST_1 : Operation 41 [1/1] (0.00ns)   --->   "%br_ln249 = br void %for.inc.3" [./flashattentionmemory.h:249]   --->   Operation 41 'br' 'br_ln249' <Predicate = (icmp_ln237 & icmp_ln247_3)> <Delay = 0.00>
ST_1 : Operation 42 [1/1] (0.00ns)   --->   "%or_ln246_3 = bitconcatenate i31 @_ssdm_op_BitConcatenate.i31.i27.i4, i27 %b_2, i4 4" [./flashattentionmemory.h:246]   --->   Operation 42 'bitconcatenate' 'or_ln246_3' <Predicate = (icmp_ln237)> <Delay = 0.00>
ST_1 : Operation 43 [1/1] (0.00ns)   --->   "%zext_ln247_4 = zext i31 %or_ln246_3" [./flashattentionmemory.h:247]   --->   Operation 43 'zext' 'zext_ln247_4' <Predicate = (icmp_ln237)> <Delay = 0.00>
ST_1 : Operation 44 [1/1] (0.67ns)   --->   "%icmp_ln247_4 = icmp_slt  i32 %zext_ln247_4, i32 %num_elements_read" [./flashattentionmemory.h:247]   --->   Operation 44 'icmp' 'icmp_ln247_4' <Predicate = (icmp_ln237)> <Delay = 0.67> <CoreInst = "Cmp">   --->   Core 9 'Cmp' <Latency = 0> <II = 1> <Delay = 0.67> <FuncUnit> <Opcode : 'setle' 'setge' 'setlt' 'setgt'> <InPorts = 2> <OutPorts = 1>
ST_1 : Operation 45 [1/1] (0.00ns)   --->   "%br_ln247 = br i1 %icmp_ln247_4, void %for.inc.4, void %if.then.4" [./flashattentionmemory.h:247]   --->   Operation 45 'br' 'br_ln247' <Predicate = (icmp_ln237)> <Delay = 0.00>
ST_1 : Operation 46 [1/1] (0.71ns)   --->   "%switch_ln248 = switch i27 %b_2, void %arrayidx12.428.exit, i27 0, void %arrayidx12.428.case.4, i27 1, void %arrayidx12.428.case.20, i27 2, void %arrayidx12.428.case.36, i27 3, void %arrayidx12.428.case.52" [./flashattentionmemory.h:248]   --->   Operation 46 'switch' 'switch_ln248' <Predicate = (icmp_ln237 & icmp_ln247_4)> <Delay = 0.71>
ST_1 : Operation 47 [1/1] (0.00ns)   --->   "%br_ln249 = br void %for.inc.4" [./flashattentionmemory.h:249]   --->   Operation 47 'br' 'br_ln249' <Predicate = (icmp_ln237 & icmp_ln247_4)> <Delay = 0.00>
ST_1 : Operation 48 [1/1] (0.00ns)   --->   "%or_ln246_4 = bitconcatenate i31 @_ssdm_op_BitConcatenate.i31.i27.i4, i27 %b_2, i4 5" [./flashattentionmemory.h:246]   --->   Operation 48 'bitconcatenate' 'or_ln246_4' <Predicate = (icmp_ln237)> <Delay = 0.00>
ST_1 : Operation 49 [1/1] (0.00ns)   --->   "%zext_ln247_5 = zext i31 %or_ln246_4" [./flashattentionmemory.h:247]   --->   Operation 49 'zext' 'zext_ln247_5' <Predicate = (icmp_ln237)> <Delay = 0.00>
ST_1 : Operation 50 [1/1] (0.67ns)   --->   "%icmp_ln247_5 = icmp_slt  i32 %zext_ln247_5, i32 %num_elements_read" [./flashattentionmemory.h:247]   --->   Operation 50 'icmp' 'icmp_ln247_5' <Predicate = (icmp_ln237)> <Delay = 0.67> <CoreInst = "Cmp">   --->   Core 9 'Cmp' <Latency = 0> <II = 1> <Delay = 0.67> <FuncUnit> <Opcode : 'setle' 'setge' 'setlt' 'setgt'> <InPorts = 2> <OutPorts = 1>
ST_1 : Operation 51 [1/1] (0.00ns)   --->   "%br_ln247 = br i1 %icmp_ln247_5, void %for.inc.5, void %if.then.5" [./flashattentionmemory.h:247]   --->   Operation 51 'br' 'br_ln247' <Predicate = (icmp_ln237)> <Delay = 0.00>
ST_1 : Operation 52 [1/1] (0.71ns)   --->   "%switch_ln248 = switch i27 %b_2, void %arrayidx12.526.exit, i27 0, void %arrayidx12.526.case.5, i27 1, void %arrayidx12.526.case.21, i27 2, void %arrayidx12.526.case.37, i27 3, void %arrayidx12.526.case.53" [./flashattentionmemory.h:248]   --->   Operation 52 'switch' 'switch_ln248' <Predicate = (icmp_ln237 & icmp_ln247_5)> <Delay = 0.71>
ST_1 : Operation 53 [1/1] (0.00ns)   --->   "%br_ln249 = br void %for.inc.5" [./flashattentionmemory.h:249]   --->   Operation 53 'br' 'br_ln249' <Predicate = (icmp_ln237 & icmp_ln247_5)> <Delay = 0.00>
ST_1 : Operation 54 [1/1] (0.00ns)   --->   "%or_ln246_5 = bitconcatenate i31 @_ssdm_op_BitConcatenate.i31.i27.i4, i27 %b_2, i4 6" [./flashattentionmemory.h:246]   --->   Operation 54 'bitconcatenate' 'or_ln246_5' <Predicate = (icmp_ln237)> <Delay = 0.00>
ST_1 : Operation 55 [1/1] (0.00ns)   --->   "%zext_ln247_6 = zext i31 %or_ln246_5" [./flashattentionmemory.h:247]   --->   Operation 55 'zext' 'zext_ln247_6' <Predicate = (icmp_ln237)> <Delay = 0.00>
ST_1 : Operation 56 [1/1] (0.67ns)   --->   "%icmp_ln247_6 = icmp_slt  i32 %zext_ln247_6, i32 %num_elements_read" [./flashattentionmemory.h:247]   --->   Operation 56 'icmp' 'icmp_ln247_6' <Predicate = (icmp_ln237)> <Delay = 0.67> <CoreInst = "Cmp">   --->   Core 9 'Cmp' <Latency = 0> <II = 1> <Delay = 0.67> <FuncUnit> <Opcode : 'setle' 'setge' 'setlt' 'setgt'> <InPorts = 2> <OutPorts = 1>
ST_1 : Operation 57 [1/1] (0.00ns)   --->   "%br_ln247 = br i1 %icmp_ln247_6, void %for.inc.6, void %if.then.6" [./flashattentionmemory.h:247]   --->   Operation 57 'br' 'br_ln247' <Predicate = (icmp_ln237)> <Delay = 0.00>
ST_1 : Operation 58 [1/1] (0.71ns)   --->   "%switch_ln248 = switch i27 %b_2, void %arrayidx12.624.exit, i27 0, void %arrayidx12.624.case.6, i27 1, void %arrayidx12.624.case.22, i27 2, void %arrayidx12.624.case.38, i27 3, void %arrayidx12.624.case.54" [./flashattentionmemory.h:248]   --->   Operation 58 'switch' 'switch_ln248' <Predicate = (icmp_ln237 & icmp_ln247_6)> <Delay = 0.71>
ST_1 : Operation 59 [1/1] (0.00ns)   --->   "%br_ln249 = br void %for.inc.6" [./flashattentionmemory.h:249]   --->   Operation 59 'br' 'br_ln249' <Predicate = (icmp_ln237 & icmp_ln247_6)> <Delay = 0.00>
ST_1 : Operation 60 [1/1] (0.00ns)   --->   "%or_ln246_6 = bitconcatenate i31 @_ssdm_op_BitConcatenate.i31.i27.i4, i27 %b_2, i4 7" [./flashattentionmemory.h:246]   --->   Operation 60 'bitconcatenate' 'or_ln246_6' <Predicate = (icmp_ln237)> <Delay = 0.00>
ST_1 : Operation 61 [1/1] (0.00ns)   --->   "%zext_ln247_7 = zext i31 %or_ln246_6" [./flashattentionmemory.h:247]   --->   Operation 61 'zext' 'zext_ln247_7' <Predicate = (icmp_ln237)> <Delay = 0.00>
ST_1 : Operation 62 [1/1] (0.67ns)   --->   "%icmp_ln247_7 = icmp_slt  i32 %zext_ln247_7, i32 %num_elements_read" [./flashattentionmemory.h:247]   --->   Operation 62 'icmp' 'icmp_ln247_7' <Predicate = (icmp_ln237)> <Delay = 0.67> <CoreInst = "Cmp">   --->   Core 9 'Cmp' <Latency = 0> <II = 1> <Delay = 0.67> <FuncUnit> <Opcode : 'setle' 'setge' 'setlt' 'setgt'> <InPorts = 2> <OutPorts = 1>
ST_1 : Operation 63 [1/1] (0.00ns)   --->   "%br_ln247 = br i1 %icmp_ln247_7, void %for.inc.7, void %if.then.7" [./flashattentionmemory.h:247]   --->   Operation 63 'br' 'br_ln247' <Predicate = (icmp_ln237)> <Delay = 0.00>
ST_1 : Operation 64 [1/1] (0.71ns)   --->   "%switch_ln248 = switch i27 %b_2, void %arrayidx12.722.exit, i27 0, void %arrayidx12.722.case.7, i27 1, void %arrayidx12.722.case.23, i27 2, void %arrayidx12.722.case.39, i27 3, void %arrayidx12.722.case.55" [./flashattentionmemory.h:248]   --->   Operation 64 'switch' 'switch_ln248' <Predicate = (icmp_ln237 & icmp_ln247_7)> <Delay = 0.71>
ST_1 : Operation 65 [1/1] (0.00ns)   --->   "%br_ln249 = br void %for.inc.7" [./flashattentionmemory.h:249]   --->   Operation 65 'br' 'br_ln249' <Predicate = (icmp_ln237 & icmp_ln247_7)> <Delay = 0.00>
ST_1 : Operation 66 [1/1] (0.00ns)   --->   "%or_ln246_7 = bitconcatenate i31 @_ssdm_op_BitConcatenate.i31.i27.i4, i27 %b_2, i4 8" [./flashattentionmemory.h:246]   --->   Operation 66 'bitconcatenate' 'or_ln246_7' <Predicate = (icmp_ln237)> <Delay = 0.00>
ST_1 : Operation 67 [1/1] (0.00ns)   --->   "%zext_ln247_8 = zext i31 %or_ln246_7" [./flashattentionmemory.h:247]   --->   Operation 67 'zext' 'zext_ln247_8' <Predicate = (icmp_ln237)> <Delay = 0.00>
ST_1 : Operation 68 [1/1] (0.67ns)   --->   "%icmp_ln247_8 = icmp_slt  i32 %zext_ln247_8, i32 %num_elements_read" [./flashattentionmemory.h:247]   --->   Operation 68 'icmp' 'icmp_ln247_8' <Predicate = (icmp_ln237)> <Delay = 0.67> <CoreInst = "Cmp">   --->   Core 9 'Cmp' <Latency = 0> <II = 1> <Delay = 0.67> <FuncUnit> <Opcode : 'setle' 'setge' 'setlt' 'setgt'> <InPorts = 2> <OutPorts = 1>
ST_1 : Operation 69 [1/1] (0.00ns)   --->   "%br_ln247 = br i1 %icmp_ln247_8, void %for.inc.8, void %if.then.8" [./flashattentionmemory.h:247]   --->   Operation 69 'br' 'br_ln247' <Predicate = (icmp_ln237)> <Delay = 0.00>
ST_1 : Operation 70 [1/1] (0.71ns)   --->   "%switch_ln248 = switch i27 %b_2, void %arrayidx12.820.exit, i27 0, void %arrayidx12.820.case.8, i27 1, void %arrayidx12.820.case.24, i27 2, void %arrayidx12.820.case.40, i27 3, void %arrayidx12.820.case.56" [./flashattentionmemory.h:248]   --->   Operation 70 'switch' 'switch_ln248' <Predicate = (icmp_ln237 & icmp_ln247_8)> <Delay = 0.71>
ST_1 : Operation 71 [1/1] (0.00ns)   --->   "%br_ln249 = br void %for.inc.8" [./flashattentionmemory.h:249]   --->   Operation 71 'br' 'br_ln249' <Predicate = (icmp_ln237 & icmp_ln247_8)> <Delay = 0.00>
ST_1 : Operation 72 [1/1] (0.00ns)   --->   "%or_ln246_8 = bitconcatenate i31 @_ssdm_op_BitConcatenate.i31.i27.i4, i27 %b_2, i4 9" [./flashattentionmemory.h:246]   --->   Operation 72 'bitconcatenate' 'or_ln246_8' <Predicate = (icmp_ln237)> <Delay = 0.00>
ST_1 : Operation 73 [1/1] (0.00ns)   --->   "%zext_ln247_9 = zext i31 %or_ln246_8" [./flashattentionmemory.h:247]   --->   Operation 73 'zext' 'zext_ln247_9' <Predicate = (icmp_ln237)> <Delay = 0.00>
ST_1 : Operation 74 [1/1] (0.67ns)   --->   "%icmp_ln247_9 = icmp_slt  i32 %zext_ln247_9, i32 %num_elements_read" [./flashattentionmemory.h:247]   --->   Operation 74 'icmp' 'icmp_ln247_9' <Predicate = (icmp_ln237)> <Delay = 0.67> <CoreInst = "Cmp">   --->   Core 9 'Cmp' <Latency = 0> <II = 1> <Delay = 0.67> <FuncUnit> <Opcode : 'setle' 'setge' 'setlt' 'setgt'> <InPorts = 2> <OutPorts = 1>
ST_1 : Operation 75 [1/1] (0.00ns)   --->   "%br_ln247 = br i1 %icmp_ln247_9, void %for.inc.9, void %if.then.9" [./flashattentionmemory.h:247]   --->   Operation 75 'br' 'br_ln247' <Predicate = (icmp_ln237)> <Delay = 0.00>
ST_1 : Operation 76 [1/1] (0.71ns)   --->   "%switch_ln248 = switch i27 %b_2, void %arrayidx12.918.exit, i27 0, void %arrayidx12.918.case.9, i27 1, void %arrayidx12.918.case.25, i27 2, void %arrayidx12.918.case.41, i27 3, void %arrayidx12.918.case.57" [./flashattentionmemory.h:248]   --->   Operation 76 'switch' 'switch_ln248' <Predicate = (icmp_ln237 & icmp_ln247_9)> <Delay = 0.71>
ST_1 : Operation 77 [1/1] (0.00ns)   --->   "%br_ln249 = br void %for.inc.9" [./flashattentionmemory.h:249]   --->   Operation 77 'br' 'br_ln249' <Predicate = (icmp_ln237 & icmp_ln247_9)> <Delay = 0.00>
ST_1 : Operation 78 [1/1] (0.00ns)   --->   "%or_ln246_9 = bitconcatenate i31 @_ssdm_op_BitConcatenate.i31.i27.i4, i27 %b_2, i4 10" [./flashattentionmemory.h:246]   --->   Operation 78 'bitconcatenate' 'or_ln246_9' <Predicate = (icmp_ln237)> <Delay = 0.00>
ST_1 : Operation 79 [1/1] (0.00ns)   --->   "%zext_ln247_10 = zext i31 %or_ln246_9" [./flashattentionmemory.h:247]   --->   Operation 79 'zext' 'zext_ln247_10' <Predicate = (icmp_ln237)> <Delay = 0.00>
ST_1 : Operation 80 [1/1] (0.67ns)   --->   "%icmp_ln247_10 = icmp_slt  i32 %zext_ln247_10, i32 %num_elements_read" [./flashattentionmemory.h:247]   --->   Operation 80 'icmp' 'icmp_ln247_10' <Predicate = (icmp_ln237)> <Delay = 0.67> <CoreInst = "Cmp">   --->   Core 9 'Cmp' <Latency = 0> <II = 1> <Delay = 0.67> <FuncUnit> <Opcode : 'setle' 'setge' 'setlt' 'setgt'> <InPorts = 2> <OutPorts = 1>
ST_1 : Operation 81 [1/1] (0.00ns)   --->   "%br_ln247 = br i1 %icmp_ln247_10, void %for.inc.10, void %if.then.10" [./flashattentionmemory.h:247]   --->   Operation 81 'br' 'br_ln247' <Predicate = (icmp_ln237)> <Delay = 0.00>
ST_1 : Operation 82 [1/1] (0.71ns)   --->   "%switch_ln248 = switch i27 %b_2, void %arrayidx12.1016.exit, i27 0, void %arrayidx12.1016.case.10, i27 1, void %arrayidx12.1016.case.26, i27 2, void %arrayidx12.1016.case.42, i27 3, void %arrayidx12.1016.case.58" [./flashattentionmemory.h:248]   --->   Operation 82 'switch' 'switch_ln248' <Predicate = (icmp_ln237 & icmp_ln247_10)> <Delay = 0.71>
ST_1 : Operation 83 [1/1] (0.00ns)   --->   "%br_ln249 = br void %for.inc.10" [./flashattentionmemory.h:249]   --->   Operation 83 'br' 'br_ln249' <Predicate = (icmp_ln237 & icmp_ln247_10)> <Delay = 0.00>
ST_1 : Operation 84 [1/1] (0.00ns)   --->   "%or_ln246_s = bitconcatenate i31 @_ssdm_op_BitConcatenate.i31.i27.i4, i27 %b_2, i4 11" [./flashattentionmemory.h:246]   --->   Operation 84 'bitconcatenate' 'or_ln246_s' <Predicate = (icmp_ln237)> <Delay = 0.00>
ST_1 : Operation 85 [1/1] (0.00ns)   --->   "%zext_ln247_11 = zext i31 %or_ln246_s" [./flashattentionmemory.h:247]   --->   Operation 85 'zext' 'zext_ln247_11' <Predicate = (icmp_ln237)> <Delay = 0.00>
ST_1 : Operation 86 [1/1] (0.67ns)   --->   "%icmp_ln247_11 = icmp_slt  i32 %zext_ln247_11, i32 %num_elements_read" [./flashattentionmemory.h:247]   --->   Operation 86 'icmp' 'icmp_ln247_11' <Predicate = (icmp_ln237)> <Delay = 0.67> <CoreInst = "Cmp">   --->   Core 9 'Cmp' <Latency = 0> <II = 1> <Delay = 0.67> <FuncUnit> <Opcode : 'setle' 'setge' 'setlt' 'setgt'> <InPorts = 2> <OutPorts = 1>
ST_1 : Operation 87 [1/1] (0.00ns)   --->   "%br_ln247 = br i1 %icmp_ln247_11, void %for.inc.11, void %if.then.11" [./flashattentionmemory.h:247]   --->   Operation 87 'br' 'br_ln247' <Predicate = (icmp_ln237)> <Delay = 0.00>
ST_1 : Operation 88 [1/1] (0.71ns)   --->   "%switch_ln248 = switch i27 %b_2, void %arrayidx12.1114.exit, i27 0, void %arrayidx12.1114.case.11, i27 1, void %arrayidx12.1114.case.27, i27 2, void %arrayidx12.1114.case.43, i27 3, void %arrayidx12.1114.case.59" [./flashattentionmemory.h:248]   --->   Operation 88 'switch' 'switch_ln248' <Predicate = (icmp_ln237 & icmp_ln247_11)> <Delay = 0.71>
ST_1 : Operation 89 [1/1] (0.00ns)   --->   "%br_ln249 = br void %for.inc.11" [./flashattentionmemory.h:249]   --->   Operation 89 'br' 'br_ln249' <Predicate = (icmp_ln237 & icmp_ln247_11)> <Delay = 0.00>
ST_1 : Operation 90 [1/1] (0.00ns)   --->   "%or_ln246_10 = bitconcatenate i31 @_ssdm_op_BitConcatenate.i31.i27.i4, i27 %b_2, i4 12" [./flashattentionmemory.h:246]   --->   Operation 90 'bitconcatenate' 'or_ln246_10' <Predicate = (icmp_ln237)> <Delay = 0.00>
ST_1 : Operation 91 [1/1] (0.00ns)   --->   "%zext_ln247_12 = zext i31 %or_ln246_10" [./flashattentionmemory.h:247]   --->   Operation 91 'zext' 'zext_ln247_12' <Predicate = (icmp_ln237)> <Delay = 0.00>
ST_1 : Operation 92 [1/1] (0.67ns)   --->   "%icmp_ln247_12 = icmp_slt  i32 %zext_ln247_12, i32 %num_elements_read" [./flashattentionmemory.h:247]   --->   Operation 92 'icmp' 'icmp_ln247_12' <Predicate = (icmp_ln237)> <Delay = 0.67> <CoreInst = "Cmp">   --->   Core 9 'Cmp' <Latency = 0> <II = 1> <Delay = 0.67> <FuncUnit> <Opcode : 'setle' 'setge' 'setlt' 'setgt'> <InPorts = 2> <OutPorts = 1>
ST_1 : Operation 93 [1/1] (0.00ns)   --->   "%br_ln247 = br i1 %icmp_ln247_12, void %for.inc.12, void %if.then.12" [./flashattentionmemory.h:247]   --->   Operation 93 'br' 'br_ln247' <Predicate = (icmp_ln237)> <Delay = 0.00>
ST_1 : Operation 94 [1/1] (0.71ns)   --->   "%switch_ln248 = switch i27 %b_2, void %arrayidx12.1212.exit, i27 0, void %arrayidx12.1212.case.12, i27 1, void %arrayidx12.1212.case.28, i27 2, void %arrayidx12.1212.case.44, i27 3, void %arrayidx12.1212.case.60" [./flashattentionmemory.h:248]   --->   Operation 94 'switch' 'switch_ln248' <Predicate = (icmp_ln237 & icmp_ln247_12)> <Delay = 0.71>
ST_1 : Operation 95 [1/1] (0.00ns)   --->   "%br_ln249 = br void %for.inc.12" [./flashattentionmemory.h:249]   --->   Operation 95 'br' 'br_ln249' <Predicate = (icmp_ln237 & icmp_ln247_12)> <Delay = 0.00>
ST_1 : Operation 96 [1/1] (0.00ns)   --->   "%or_ln246_11 = bitconcatenate i31 @_ssdm_op_BitConcatenate.i31.i27.i4, i27 %b_2, i4 13" [./flashattentionmemory.h:246]   --->   Operation 96 'bitconcatenate' 'or_ln246_11' <Predicate = (icmp_ln237)> <Delay = 0.00>
ST_1 : Operation 97 [1/1] (0.00ns)   --->   "%zext_ln247_13 = zext i31 %or_ln246_11" [./flashattentionmemory.h:247]   --->   Operation 97 'zext' 'zext_ln247_13' <Predicate = (icmp_ln237)> <Delay = 0.00>
ST_1 : Operation 98 [1/1] (0.67ns)   --->   "%icmp_ln247_13 = icmp_slt  i32 %zext_ln247_13, i32 %num_elements_read" [./flashattentionmemory.h:247]   --->   Operation 98 'icmp' 'icmp_ln247_13' <Predicate = (icmp_ln237)> <Delay = 0.67> <CoreInst = "Cmp">   --->   Core 9 'Cmp' <Latency = 0> <II = 1> <Delay = 0.67> <FuncUnit> <Opcode : 'setle' 'setge' 'setlt' 'setgt'> <InPorts = 2> <OutPorts = 1>
ST_1 : Operation 99 [1/1] (0.00ns)   --->   "%br_ln247 = br i1 %icmp_ln247_13, void %for.inc.13, void %if.then.13" [./flashattentionmemory.h:247]   --->   Operation 99 'br' 'br_ln247' <Predicate = (icmp_ln237)> <Delay = 0.00>
ST_1 : Operation 100 [1/1] (0.71ns)   --->   "%switch_ln248 = switch i27 %b_2, void %arrayidx12.1310.exit, i27 0, void %arrayidx12.1310.case.13, i27 1, void %arrayidx12.1310.case.29, i27 2, void %arrayidx12.1310.case.45, i27 3, void %arrayidx12.1310.case.61" [./flashattentionmemory.h:248]   --->   Operation 100 'switch' 'switch_ln248' <Predicate = (icmp_ln237 & icmp_ln247_13)> <Delay = 0.71>
ST_1 : Operation 101 [1/1] (0.00ns)   --->   "%br_ln249 = br void %for.inc.13" [./flashattentionmemory.h:249]   --->   Operation 101 'br' 'br_ln249' <Predicate = (icmp_ln237 & icmp_ln247_13)> <Delay = 0.00>
ST_1 : Operation 102 [1/1] (0.00ns)   --->   "%or_ln246_12 = bitconcatenate i31 @_ssdm_op_BitConcatenate.i31.i27.i4, i27 %b_2, i4 14" [./flashattentionmemory.h:246]   --->   Operation 102 'bitconcatenate' 'or_ln246_12' <Predicate = (icmp_ln237)> <Delay = 0.00>
ST_1 : Operation 103 [1/1] (0.00ns)   --->   "%zext_ln247_14 = zext i31 %or_ln246_12" [./flashattentionmemory.h:247]   --->   Operation 103 'zext' 'zext_ln247_14' <Predicate = (icmp_ln237)> <Delay = 0.00>
ST_1 : Operation 104 [1/1] (0.67ns)   --->   "%icmp_ln247_14 = icmp_slt  i32 %zext_ln247_14, i32 %num_elements_read" [./flashattentionmemory.h:247]   --->   Operation 104 'icmp' 'icmp_ln247_14' <Predicate = (icmp_ln237)> <Delay = 0.67> <CoreInst = "Cmp">   --->   Core 9 'Cmp' <Latency = 0> <II = 1> <Delay = 0.67> <FuncUnit> <Opcode : 'setle' 'setge' 'setlt' 'setgt'> <InPorts = 2> <OutPorts = 1>
ST_1 : Operation 105 [1/1] (0.00ns)   --->   "%br_ln247 = br i1 %icmp_ln247_14, void %for.inc.14, void %if.then.14" [./flashattentionmemory.h:247]   --->   Operation 105 'br' 'br_ln247' <Predicate = (icmp_ln237)> <Delay = 0.00>
ST_1 : Operation 106 [1/1] (0.71ns)   --->   "%switch_ln248 = switch i27 %b_2, void %arrayidx12.148.exit, i27 0, void %arrayidx12.148.case.14, i27 1, void %arrayidx12.148.case.30, i27 2, void %arrayidx12.148.case.46, i27 3, void %arrayidx12.148.case.62" [./flashattentionmemory.h:248]   --->   Operation 106 'switch' 'switch_ln248' <Predicate = (icmp_ln237 & icmp_ln247_14)> <Delay = 0.71>
ST_1 : Operation 107 [1/1] (0.00ns)   --->   "%br_ln249 = br void %for.inc.14" [./flashattentionmemory.h:249]   --->   Operation 107 'br' 'br_ln249' <Predicate = (icmp_ln237 & icmp_ln247_14)> <Delay = 0.00>
ST_1 : Operation 108 [1/1] (0.00ns)   --->   "%or_ln246_13 = bitconcatenate i31 @_ssdm_op_BitConcatenate.i31.i27.i4, i27 %b_2, i4 15" [./flashattentionmemory.h:246]   --->   Operation 108 'bitconcatenate' 'or_ln246_13' <Predicate = (icmp_ln237)> <Delay = 0.00>
ST_1 : Operation 109 [1/1] (0.00ns)   --->   "%zext_ln247_15 = zext i31 %or_ln246_13" [./flashattentionmemory.h:247]   --->   Operation 109 'zext' 'zext_ln247_15' <Predicate = (icmp_ln237)> <Delay = 0.00>
ST_1 : Operation 110 [1/1] (0.67ns)   --->   "%icmp_ln247_15 = icmp_slt  i32 %zext_ln247_15, i32 %num_elements_read" [./flashattentionmemory.h:247]   --->   Operation 110 'icmp' 'icmp_ln247_15' <Predicate = (icmp_ln237)> <Delay = 0.67> <CoreInst = "Cmp">   --->   Core 9 'Cmp' <Latency = 0> <II = 1> <Delay = 0.67> <FuncUnit> <Opcode : 'setle' 'setge' 'setlt' 'setgt'> <InPorts = 2> <OutPorts = 1>
ST_1 : Operation 111 [1/1] (0.00ns)   --->   "%br_ln247 = br i1 %icmp_ln247_15, void %for.inc.15, void %if.then.15" [./flashattentionmemory.h:247]   --->   Operation 111 'br' 'br_ln247' <Predicate = (icmp_ln237)> <Delay = 0.00>
ST_1 : Operation 112 [1/1] (0.71ns)   --->   "%switch_ln248 = switch i27 %b_2, void %arrayidx12.156.exit, i27 0, void %arrayidx12.156.case.15, i27 1, void %arrayidx12.156.case.31, i27 2, void %arrayidx12.156.case.47, i27 3, void %arrayidx12.156.case.63" [./flashattentionmemory.h:248]   --->   Operation 112 'switch' 'switch_ln248' <Predicate = (icmp_ln237 & icmp_ln247_15)> <Delay = 0.71>
ST_1 : Operation 113 [1/1] (0.00ns)   --->   "%br_ln249 = br void %for.inc.15" [./flashattentionmemory.h:249]   --->   Operation 113 'br' 'br_ln249' <Predicate = (icmp_ln237 & icmp_ln247_15)> <Delay = 0.00>
ST_1 : Operation 114 [1/1] (0.42ns)   --->   "%store_ln237 = store i27 %add_ln237, i27 %b" [./flashattentionmemory.h:237]   --->   Operation 114 'store' 'store_ln237' <Predicate = (icmp_ln237)> <Delay = 0.42>
ST_1 : Operation 115 [1/1] (0.00ns)   --->   "%br_ln237 = br void %for.body" [./flashattentionmemory.h:237]   --->   Operation 115 'br' 'br_ln237' <Predicate = (icmp_ln237)> <Delay = 0.00>
ST_1 : Operation 282 [1/1] (0.28ns)   --->   "%ret_ln0 = ret"   --->   Operation 282 'ret' 'ret_ln0' <Predicate = (!icmp_ln237)> <Delay = 0.28>

State 2 <SV = 1> <Delay = 1.03>
ST_2 : Operation 116 [1/1] (0.00ns)   --->   "%gmem_l_addr = getelementptr i512 %gmem_l, i64 %sext_ln237_1_cast" [./flashattentionmemory.h:237]   --->   Operation 116 'getelementptr' 'gmem_l_addr' <Predicate = true> <Delay = 0.00>
ST_2 : Operation 117 [1/1] (0.00ns)   --->   "%specpipeline_ln238 = specpipeline void @_ssdm_op_SpecPipeline, i32 1, i32 0, i32 0, i32 0, void @empty_27" [./flashattentionmemory.h:238]   --->   Operation 117 'specpipeline' 'specpipeline_ln238' <Predicate = true> <Delay = 0.00>
ST_2 : Operation 118 [1/1] (0.00ns)   --->   "%speclooptripcount_ln237 = speclooptripcount void @_ssdm_op_SpecLoopTripCount, i64 0, i64 134217727, i64 67108863" [./flashattentionmemory.h:237]   --->   Operation 118 'speclooptripcount' 'speclooptripcount_ln237' <Predicate = true> <Delay = 0.00>
ST_2 : Operation 119 [1/1] (0.00ns)   --->   "%specloopname_ln237 = specloopname void @_ssdm_op_SpecLoopName, void @empty_25" [./flashattentionmemory.h:237]   --->   Operation 119 'specloopname' 'specloopname_ln237' <Predicate = true> <Delay = 0.00>
ST_2 : Operation 120 [1/1] (0.00ns)   --->   "%muxLogicAXIMCE_to_word = muxlogic"   --->   Operation 120 'muxlogic' 'muxLogicAXIMCE_to_word' <Predicate = true> <Delay = 0.00>
ST_2 : Operation 121 [1/1] (1.03ns)   --->   "%word = read i512 @_ssdm_op_Read.m_axi.p1i512, i512 %gmem_l_addr" [./flashattentionmemory.h:237]   --->   Operation 121 'read' 'word' <Predicate = true> <Delay = 1.03> <CoreInst = "m_axi">   --->   Core 123 'm_axi' <Latency = 0> <II = 1> <Delay = 1.76> <Adapter> <Opcode : 'read' 'write' 'readreq' 'writereq' 'writeresp'>
ST_2 : Operation 122 [1/1] (0.00ns)   --->   "%conv = trunc i512 %word" [./flashattentionmemory.h:90->./flashattentionmemory.h:242]   --->   Operation 122 'trunc' 'conv' <Predicate = true> <Delay = 0.00>
ST_2 : Operation 123 [1/1] (0.00ns)   --->   "%vals = bitcast i32 %conv" [./flashattentionmemory.h:91->./flashattentionmemory.h:242]   --->   Operation 123 'bitcast' 'vals' <Predicate = true> <Delay = 0.00>
ST_2 : Operation 124 [1/1] (0.00ns)   --->   "%conv_1 = partselect i32 @_ssdm_op_PartSelect.i32.i512.i32, i512 %word, i32 32" [./flashattentionmemory.h:90->./flashattentionmemory.h:242]   --->   Operation 124 'partselect' 'conv_1' <Predicate = true> <Delay = 0.00>
ST_2 : Operation 125 [1/1] (0.00ns)   --->   "%vals_159 = bitcast i32 %conv_1" [./flashattentionmemory.h:91->./flashattentionmemory.h:242]   --->   Operation 125 'bitcast' 'vals_159' <Predicate = true> <Delay = 0.00>
ST_2 : Operation 126 [1/1] (0.00ns)   --->   "%conv_2 = partselect i32 @_ssdm_op_PartSelect.i32.i512.i32, i512 %word, i32 64" [./flashattentionmemory.h:90->./flashattentionmemory.h:242]   --->   Operation 126 'partselect' 'conv_2' <Predicate = true> <Delay = 0.00>
ST_2 : Operation 127 [1/1] (0.00ns)   --->   "%vals_160 = bitcast i32 %conv_2" [./flashattentionmemory.h:91->./flashattentionmemory.h:242]   --->   Operation 127 'bitcast' 'vals_160' <Predicate = true> <Delay = 0.00>
ST_2 : Operation 128 [1/1] (0.00ns)   --->   "%conv_3 = partselect i32 @_ssdm_op_PartSelect.i32.i512.i32, i512 %word, i32 96" [./flashattentionmemory.h:90->./flashattentionmemory.h:242]   --->   Operation 128 'partselect' 'conv_3' <Predicate = true> <Delay = 0.00>
ST_2 : Operation 129 [1/1] (0.00ns)   --->   "%vals_161 = bitcast i32 %conv_3" [./flashattentionmemory.h:91->./flashattentionmemory.h:242]   --->   Operation 129 'bitcast' 'vals_161' <Predicate = true> <Delay = 0.00>
ST_2 : Operation 130 [1/1] (0.00ns)   --->   "%conv_4 = partselect i32 @_ssdm_op_PartSelect.i32.i512.i32, i512 %word, i32 128" [./flashattentionmemory.h:90->./flashattentionmemory.h:242]   --->   Operation 130 'partselect' 'conv_4' <Predicate = true> <Delay = 0.00>
ST_2 : Operation 131 [1/1] (0.00ns)   --->   "%vals_162 = bitcast i32 %conv_4" [./flashattentionmemory.h:91->./flashattentionmemory.h:242]   --->   Operation 131 'bitcast' 'vals_162' <Predicate = true> <Delay = 0.00>
ST_2 : Operation 132 [1/1] (0.00ns)   --->   "%conv_5 = partselect i32 @_ssdm_op_PartSelect.i32.i512.i32, i512 %word, i32 160" [./flashattentionmemory.h:90->./flashattentionmemory.h:242]   --->   Operation 132 'partselect' 'conv_5' <Predicate = true> <Delay = 0.00>
ST_2 : Operation 133 [1/1] (0.00ns)   --->   "%vals_163 = bitcast i32 %conv_5" [./flashattentionmemory.h:91->./flashattentionmemory.h:242]   --->   Operation 133 'bitcast' 'vals_163' <Predicate = true> <Delay = 0.00>
ST_2 : Operation 134 [1/1] (0.00ns)   --->   "%conv_6 = partselect i32 @_ssdm_op_PartSelect.i32.i512.i32, i512 %word, i32 192" [./flashattentionmemory.h:90->./flashattentionmemory.h:242]   --->   Operation 134 'partselect' 'conv_6' <Predicate = true> <Delay = 0.00>
ST_2 : Operation 135 [1/1] (0.00ns)   --->   "%vals_164 = bitcast i32 %conv_6" [./flashattentionmemory.h:91->./flashattentionmemory.h:242]   --->   Operation 135 'bitcast' 'vals_164' <Predicate = true> <Delay = 0.00>
ST_2 : Operation 136 [1/1] (0.00ns)   --->   "%conv_7 = partselect i32 @_ssdm_op_PartSelect.i32.i512.i32, i512 %word, i32 224" [./flashattentionmemory.h:90->./flashattentionmemory.h:242]   --->   Operation 136 'partselect' 'conv_7' <Predicate = true> <Delay = 0.00>
ST_2 : Operation 137 [1/1] (0.00ns)   --->   "%vals_165 = bitcast i32 %conv_7" [./flashattentionmemory.h:91->./flashattentionmemory.h:242]   --->   Operation 137 'bitcast' 'vals_165' <Predicate = true> <Delay = 0.00>
ST_2 : Operation 138 [1/1] (0.00ns)   --->   "%conv_8 = partselect i32 @_ssdm_op_PartSelect.i32.i512.i32, i512 %word, i32 256" [./flashattentionmemory.h:90->./flashattentionmemory.h:242]   --->   Operation 138 'partselect' 'conv_8' <Predicate = true> <Delay = 0.00>
ST_2 : Operation 139 [1/1] (0.00ns)   --->   "%vals_166 = bitcast i32 %conv_8" [./flashattentionmemory.h:91->./flashattentionmemory.h:242]   --->   Operation 139 'bitcast' 'vals_166' <Predicate = true> <Delay = 0.00>
ST_2 : Operation 140 [1/1] (0.00ns)   --->   "%conv_9 = partselect i32 @_ssdm_op_PartSelect.i32.i512.i32, i512 %word, i32 288" [./flashattentionmemory.h:90->./flashattentionmemory.h:242]   --->   Operation 140 'partselect' 'conv_9' <Predicate = true> <Delay = 0.00>
ST_2 : Operation 141 [1/1] (0.00ns)   --->   "%vals_167 = bitcast i32 %conv_9" [./flashattentionmemory.h:91->./flashattentionmemory.h:242]   --->   Operation 141 'bitcast' 'vals_167' <Predicate = true> <Delay = 0.00>
ST_2 : Operation 142 [1/1] (0.00ns)   --->   "%conv_10 = partselect i32 @_ssdm_op_PartSelect.i32.i512.i32, i512 %word, i32 320" [./flashattentionmemory.h:90->./flashattentionmemory.h:242]   --->   Operation 142 'partselect' 'conv_10' <Predicate = true> <Delay = 0.00>
ST_2 : Operation 143 [1/1] (0.00ns)   --->   "%vals_168 = bitcast i32 %conv_10" [./flashattentionmemory.h:91->./flashattentionmemory.h:242]   --->   Operation 143 'bitcast' 'vals_168' <Predicate = true> <Delay = 0.00>
ST_2 : Operation 144 [1/1] (0.00ns)   --->   "%conv_11 = partselect i32 @_ssdm_op_PartSelect.i32.i512.i32, i512 %word, i32 352" [./flashattentionmemory.h:90->./flashattentionmemory.h:242]   --->   Operation 144 'partselect' 'conv_11' <Predicate = true> <Delay = 0.00>
ST_2 : Operation 145 [1/1] (0.00ns)   --->   "%vals_169 = bitcast i32 %conv_11" [./flashattentionmemory.h:91->./flashattentionmemory.h:242]   --->   Operation 145 'bitcast' 'vals_169' <Predicate = true> <Delay = 0.00>
ST_2 : Operation 146 [1/1] (0.00ns)   --->   "%conv_12 = partselect i32 @_ssdm_op_PartSelect.i32.i512.i32, i512 %word, i32 384" [./flashattentionmemory.h:90->./flashattentionmemory.h:242]   --->   Operation 146 'partselect' 'conv_12' <Predicate = true> <Delay = 0.00>
ST_2 : Operation 147 [1/1] (0.00ns)   --->   "%vals_170 = bitcast i32 %conv_12" [./flashattentionmemory.h:91->./flashattentionmemory.h:242]   --->   Operation 147 'bitcast' 'vals_170' <Predicate = true> <Delay = 0.00>
ST_2 : Operation 148 [1/1] (0.00ns)   --->   "%conv_13 = partselect i32 @_ssdm_op_PartSelect.i32.i512.i32, i512 %word, i32 416" [./flashattentionmemory.h:90->./flashattentionmemory.h:242]   --->   Operation 148 'partselect' 'conv_13' <Predicate = true> <Delay = 0.00>
ST_2 : Operation 149 [1/1] (0.00ns)   --->   "%vals_171 = bitcast i32 %conv_13" [./flashattentionmemory.h:91->./flashattentionmemory.h:242]   --->   Operation 149 'bitcast' 'vals_171' <Predicate = true> <Delay = 0.00>
ST_2 : Operation 150 [1/1] (0.00ns)   --->   "%conv_14 = partselect i32 @_ssdm_op_PartSelect.i32.i512.i32, i512 %word, i32 448" [./flashattentionmemory.h:90->./flashattentionmemory.h:242]   --->   Operation 150 'partselect' 'conv_14' <Predicate = true> <Delay = 0.00>
ST_2 : Operation 151 [1/1] (0.00ns)   --->   "%vals_172 = bitcast i32 %conv_14" [./flashattentionmemory.h:91->./flashattentionmemory.h:242]   --->   Operation 151 'bitcast' 'vals_172' <Predicate = true> <Delay = 0.00>
ST_2 : Operation 152 [1/1] (0.00ns)   --->   "%conv_15 = partselect i32 @_ssdm_op_PartSelect.i32.i512.i32, i512 %word, i32 480" [./flashattentionmemory.h:90->./flashattentionmemory.h:242]   --->   Operation 152 'partselect' 'conv_15' <Predicate = true> <Delay = 0.00>
ST_2 : Operation 153 [1/1] (0.00ns)   --->   "%vals_173 = bitcast i32 %conv_15" [./flashattentionmemory.h:91->./flashattentionmemory.h:242]   --->   Operation 153 'bitcast' 'vals_173' <Predicate = true> <Delay = 0.00>
ST_2 : Operation 154 [1/1] (0.00ns)   --->   "%write_ln248 = write void @_ssdm_op_Write.ap_auto.floatP0A, i32 %stats_48, i32 %vals" [./flashattentionmemory.h:248]   --->   Operation 154 'write' 'write_ln248' <Predicate = (icmp_ln247 & b_2 == 3)> <Delay = 0.00>
ST_2 : Operation 155 [1/1] (0.00ns)   --->   "%br_ln248 = br void %arrayidx1236.exit" [./flashattentionmemory.h:248]   --->   Operation 155 'br' 'br_ln248' <Predicate = (icmp_ln247 & b_2 == 3)> <Delay = 0.00>
ST_2 : Operation 156 [1/1] (0.00ns)   --->   "%write_ln248 = write void @_ssdm_op_Write.ap_auto.floatP0A, i32 %stats_32, i32 %vals" [./flashattentionmemory.h:248]   --->   Operation 156 'write' 'write_ln248' <Predicate = (icmp_ln247 & b_2 == 2)> <Delay = 0.00>
ST_2 : Operation 157 [1/1] (0.00ns)   --->   "%br_ln248 = br void %arrayidx1236.exit" [./flashattentionmemory.h:248]   --->   Operation 157 'br' 'br_ln248' <Predicate = (icmp_ln247 & b_2 == 2)> <Delay = 0.00>
ST_2 : Operation 158 [1/1] (0.00ns)   --->   "%write_ln248 = write void @_ssdm_op_Write.ap_auto.floatP0A, i32 %stats_16, i32 %vals" [./flashattentionmemory.h:248]   --->   Operation 158 'write' 'write_ln248' <Predicate = (icmp_ln247 & b_2 == 1)> <Delay = 0.00>
ST_2 : Operation 159 [1/1] (0.00ns)   --->   "%br_ln248 = br void %arrayidx1236.exit" [./flashattentionmemory.h:248]   --->   Operation 159 'br' 'br_ln248' <Predicate = (icmp_ln247 & b_2 == 1)> <Delay = 0.00>
ST_2 : Operation 160 [1/1] (0.00ns)   --->   "%write_ln248 = write void @_ssdm_op_Write.ap_auto.floatP0A, i32 %stats_0, i32 %vals" [./flashattentionmemory.h:248]   --->   Operation 160 'write' 'write_ln248' <Predicate = (icmp_ln247 & b_2 == 0)> <Delay = 0.00>
ST_2 : Operation 161 [1/1] (0.00ns)   --->   "%br_ln248 = br void %arrayidx1236.exit" [./flashattentionmemory.h:248]   --->   Operation 161 'br' 'br_ln248' <Predicate = (icmp_ln247 & b_2 == 0)> <Delay = 0.00>
ST_2 : Operation 162 [1/1] (0.00ns)   --->   "%write_ln248 = write void @_ssdm_op_Write.ap_auto.floatP0A, i32 %stats_49, i32 %vals_159" [./flashattentionmemory.h:248]   --->   Operation 162 'write' 'write_ln248' <Predicate = (b_2 == 3 & icmp_ln247_1)> <Delay = 0.00>
ST_2 : Operation 163 [1/1] (0.00ns)   --->   "%br_ln248 = br void %arrayidx12.134.exit" [./flashattentionmemory.h:248]   --->   Operation 163 'br' 'br_ln248' <Predicate = (b_2 == 3 & icmp_ln247_1)> <Delay = 0.00>
ST_2 : Operation 164 [1/1] (0.00ns)   --->   "%write_ln248 = write void @_ssdm_op_Write.ap_auto.floatP0A, i32 %stats_33, i32 %vals_159" [./flashattentionmemory.h:248]   --->   Operation 164 'write' 'write_ln248' <Predicate = (b_2 == 2 & icmp_ln247_1)> <Delay = 0.00>
ST_2 : Operation 165 [1/1] (0.00ns)   --->   "%br_ln248 = br void %arrayidx12.134.exit" [./flashattentionmemory.h:248]   --->   Operation 165 'br' 'br_ln248' <Predicate = (b_2 == 2 & icmp_ln247_1)> <Delay = 0.00>
ST_2 : Operation 166 [1/1] (0.00ns)   --->   "%write_ln248 = write void @_ssdm_op_Write.ap_auto.floatP0A, i32 %stats_17, i32 %vals_159" [./flashattentionmemory.h:248]   --->   Operation 166 'write' 'write_ln248' <Predicate = (b_2 == 1 & icmp_ln247_1)> <Delay = 0.00>
ST_2 : Operation 167 [1/1] (0.00ns)   --->   "%br_ln248 = br void %arrayidx12.134.exit" [./flashattentionmemory.h:248]   --->   Operation 167 'br' 'br_ln248' <Predicate = (b_2 == 1 & icmp_ln247_1)> <Delay = 0.00>
ST_2 : Operation 168 [1/1] (0.00ns)   --->   "%write_ln248 = write void @_ssdm_op_Write.ap_auto.floatP0A, i32 %stats_1, i32 %vals_159" [./flashattentionmemory.h:248]   --->   Operation 168 'write' 'write_ln248' <Predicate = (b_2 == 0 & icmp_ln247_1)> <Delay = 0.00>
ST_2 : Operation 169 [1/1] (0.00ns)   --->   "%br_ln248 = br void %arrayidx12.134.exit" [./flashattentionmemory.h:248]   --->   Operation 169 'br' 'br_ln248' <Predicate = (b_2 == 0 & icmp_ln247_1)> <Delay = 0.00>
ST_2 : Operation 170 [1/1] (0.00ns)   --->   "%write_ln248 = write void @_ssdm_op_Write.ap_auto.floatP0A, i32 %stats_50, i32 %vals_160" [./flashattentionmemory.h:248]   --->   Operation 170 'write' 'write_ln248' <Predicate = (b_2 == 3 & icmp_ln247_2)> <Delay = 0.00>
ST_2 : Operation 171 [1/1] (0.00ns)   --->   "%br_ln248 = br void %arrayidx12.232.exit" [./flashattentionmemory.h:248]   --->   Operation 171 'br' 'br_ln248' <Predicate = (b_2 == 3 & icmp_ln247_2)> <Delay = 0.00>
ST_2 : Operation 172 [1/1] (0.00ns)   --->   "%write_ln248 = write void @_ssdm_op_Write.ap_auto.floatP0A, i32 %stats_34, i32 %vals_160" [./flashattentionmemory.h:248]   --->   Operation 172 'write' 'write_ln248' <Predicate = (b_2 == 2 & icmp_ln247_2)> <Delay = 0.00>
ST_2 : Operation 173 [1/1] (0.00ns)   --->   "%br_ln248 = br void %arrayidx12.232.exit" [./flashattentionmemory.h:248]   --->   Operation 173 'br' 'br_ln248' <Predicate = (b_2 == 2 & icmp_ln247_2)> <Delay = 0.00>
ST_2 : Operation 174 [1/1] (0.00ns)   --->   "%write_ln248 = write void @_ssdm_op_Write.ap_auto.floatP0A, i32 %stats_18, i32 %vals_160" [./flashattentionmemory.h:248]   --->   Operation 174 'write' 'write_ln248' <Predicate = (b_2 == 1 & icmp_ln247_2)> <Delay = 0.00>
ST_2 : Operation 175 [1/1] (0.00ns)   --->   "%br_ln248 = br void %arrayidx12.232.exit" [./flashattentionmemory.h:248]   --->   Operation 175 'br' 'br_ln248' <Predicate = (b_2 == 1 & icmp_ln247_2)> <Delay = 0.00>
ST_2 : Operation 176 [1/1] (0.00ns)   --->   "%write_ln248 = write void @_ssdm_op_Write.ap_auto.floatP0A, i32 %stats_2, i32 %vals_160" [./flashattentionmemory.h:248]   --->   Operation 176 'write' 'write_ln248' <Predicate = (b_2 == 0 & icmp_ln247_2)> <Delay = 0.00>
ST_2 : Operation 177 [1/1] (0.00ns)   --->   "%br_ln248 = br void %arrayidx12.232.exit" [./flashattentionmemory.h:248]   --->   Operation 177 'br' 'br_ln248' <Predicate = (b_2 == 0 & icmp_ln247_2)> <Delay = 0.00>
ST_2 : Operation 178 [1/1] (0.00ns)   --->   "%write_ln248 = write void @_ssdm_op_Write.ap_auto.floatP0A, i32 %stats_51, i32 %vals_161" [./flashattentionmemory.h:248]   --->   Operation 178 'write' 'write_ln248' <Predicate = (b_2 == 3 & icmp_ln247_3)> <Delay = 0.00>
ST_2 : Operation 179 [1/1] (0.00ns)   --->   "%br_ln248 = br void %arrayidx12.330.exit" [./flashattentionmemory.h:248]   --->   Operation 179 'br' 'br_ln248' <Predicate = (b_2 == 3 & icmp_ln247_3)> <Delay = 0.00>
ST_2 : Operation 180 [1/1] (0.00ns)   --->   "%write_ln248 = write void @_ssdm_op_Write.ap_auto.floatP0A, i32 %stats_35, i32 %vals_161" [./flashattentionmemory.h:248]   --->   Operation 180 'write' 'write_ln248' <Predicate = (b_2 == 2 & icmp_ln247_3)> <Delay = 0.00>
ST_2 : Operation 181 [1/1] (0.00ns)   --->   "%br_ln248 = br void %arrayidx12.330.exit" [./flashattentionmemory.h:248]   --->   Operation 181 'br' 'br_ln248' <Predicate = (b_2 == 2 & icmp_ln247_3)> <Delay = 0.00>
ST_2 : Operation 182 [1/1] (0.00ns)   --->   "%write_ln248 = write void @_ssdm_op_Write.ap_auto.floatP0A, i32 %stats_19, i32 %vals_161" [./flashattentionmemory.h:248]   --->   Operation 182 'write' 'write_ln248' <Predicate = (b_2 == 1 & icmp_ln247_3)> <Delay = 0.00>
ST_2 : Operation 183 [1/1] (0.00ns)   --->   "%br_ln248 = br void %arrayidx12.330.exit" [./flashattentionmemory.h:248]   --->   Operation 183 'br' 'br_ln248' <Predicate = (b_2 == 1 & icmp_ln247_3)> <Delay = 0.00>
ST_2 : Operation 184 [1/1] (0.00ns)   --->   "%write_ln248 = write void @_ssdm_op_Write.ap_auto.floatP0A, i32 %stats_3, i32 %vals_161" [./flashattentionmemory.h:248]   --->   Operation 184 'write' 'write_ln248' <Predicate = (b_2 == 0 & icmp_ln247_3)> <Delay = 0.00>
ST_2 : Operation 185 [1/1] (0.00ns)   --->   "%br_ln248 = br void %arrayidx12.330.exit" [./flashattentionmemory.h:248]   --->   Operation 185 'br' 'br_ln248' <Predicate = (b_2 == 0 & icmp_ln247_3)> <Delay = 0.00>
ST_2 : Operation 186 [1/1] (0.00ns)   --->   "%write_ln248 = write void @_ssdm_op_Write.ap_auto.floatP0A, i32 %stats_52, i32 %vals_162" [./flashattentionmemory.h:248]   --->   Operation 186 'write' 'write_ln248' <Predicate = (b_2 == 3 & icmp_ln247_4)> <Delay = 0.00>
ST_2 : Operation 187 [1/1] (0.00ns)   --->   "%br_ln248 = br void %arrayidx12.428.exit" [./flashattentionmemory.h:248]   --->   Operation 187 'br' 'br_ln248' <Predicate = (b_2 == 3 & icmp_ln247_4)> <Delay = 0.00>
ST_2 : Operation 188 [1/1] (0.00ns)   --->   "%write_ln248 = write void @_ssdm_op_Write.ap_auto.floatP0A, i32 %stats_36, i32 %vals_162" [./flashattentionmemory.h:248]   --->   Operation 188 'write' 'write_ln248' <Predicate = (b_2 == 2 & icmp_ln247_4)> <Delay = 0.00>
ST_2 : Operation 189 [1/1] (0.00ns)   --->   "%br_ln248 = br void %arrayidx12.428.exit" [./flashattentionmemory.h:248]   --->   Operation 189 'br' 'br_ln248' <Predicate = (b_2 == 2 & icmp_ln247_4)> <Delay = 0.00>
ST_2 : Operation 190 [1/1] (0.00ns)   --->   "%write_ln248 = write void @_ssdm_op_Write.ap_auto.floatP0A, i32 %stats_20, i32 %vals_162" [./flashattentionmemory.h:248]   --->   Operation 190 'write' 'write_ln248' <Predicate = (b_2 == 1 & icmp_ln247_4)> <Delay = 0.00>
ST_2 : Operation 191 [1/1] (0.00ns)   --->   "%br_ln248 = br void %arrayidx12.428.exit" [./flashattentionmemory.h:248]   --->   Operation 191 'br' 'br_ln248' <Predicate = (b_2 == 1 & icmp_ln247_4)> <Delay = 0.00>
ST_2 : Operation 192 [1/1] (0.00ns)   --->   "%write_ln248 = write void @_ssdm_op_Write.ap_auto.floatP0A, i32 %stats_4, i32 %vals_162" [./flashattentionmemory.h:248]   --->   Operation 192 'write' 'write_ln248' <Predicate = (b_2 == 0 & icmp_ln247_4)> <Delay = 0.00>
ST_2 : Operation 193 [1/1] (0.00ns)   --->   "%br_ln248 = br void %arrayidx12.428.exit" [./flashattentionmemory.h:248]   --->   Operation 193 'br' 'br_ln248' <Predicate = (b_2 == 0 & icmp_ln247_4)> <Delay = 0.00>
ST_2 : Operation 194 [1/1] (0.00ns)   --->   "%write_ln248 = write void @_ssdm_op_Write.ap_auto.floatP0A, i32 %stats_53, i32 %vals_163" [./flashattentionmemory.h:248]   --->   Operation 194 'write' 'write_ln248' <Predicate = (b_2 == 3 & icmp_ln247_5)> <Delay = 0.00>
ST_2 : Operation 195 [1/1] (0.00ns)   --->   "%br_ln248 = br void %arrayidx12.526.exit" [./flashattentionmemory.h:248]   --->   Operation 195 'br' 'br_ln248' <Predicate = (b_2 == 3 & icmp_ln247_5)> <Delay = 0.00>
ST_2 : Operation 196 [1/1] (0.00ns)   --->   "%write_ln248 = write void @_ssdm_op_Write.ap_auto.floatP0A, i32 %stats_37, i32 %vals_163" [./flashattentionmemory.h:248]   --->   Operation 196 'write' 'write_ln248' <Predicate = (b_2 == 2 & icmp_ln247_5)> <Delay = 0.00>
ST_2 : Operation 197 [1/1] (0.00ns)   --->   "%br_ln248 = br void %arrayidx12.526.exit" [./flashattentionmemory.h:248]   --->   Operation 197 'br' 'br_ln248' <Predicate = (b_2 == 2 & icmp_ln247_5)> <Delay = 0.00>
ST_2 : Operation 198 [1/1] (0.00ns)   --->   "%write_ln248 = write void @_ssdm_op_Write.ap_auto.floatP0A, i32 %stats_21, i32 %vals_163" [./flashattentionmemory.h:248]   --->   Operation 198 'write' 'write_ln248' <Predicate = (b_2 == 1 & icmp_ln247_5)> <Delay = 0.00>
ST_2 : Operation 199 [1/1] (0.00ns)   --->   "%br_ln248 = br void %arrayidx12.526.exit" [./flashattentionmemory.h:248]   --->   Operation 199 'br' 'br_ln248' <Predicate = (b_2 == 1 & icmp_ln247_5)> <Delay = 0.00>
ST_2 : Operation 200 [1/1] (0.00ns)   --->   "%write_ln248 = write void @_ssdm_op_Write.ap_auto.floatP0A, i32 %stats_5, i32 %vals_163" [./flashattentionmemory.h:248]   --->   Operation 200 'write' 'write_ln248' <Predicate = (b_2 == 0 & icmp_ln247_5)> <Delay = 0.00>
ST_2 : Operation 201 [1/1] (0.00ns)   --->   "%br_ln248 = br void %arrayidx12.526.exit" [./flashattentionmemory.h:248]   --->   Operation 201 'br' 'br_ln248' <Predicate = (b_2 == 0 & icmp_ln247_5)> <Delay = 0.00>
ST_2 : Operation 202 [1/1] (0.00ns)   --->   "%write_ln248 = write void @_ssdm_op_Write.ap_auto.floatP0A, i32 %stats_54, i32 %vals_164" [./flashattentionmemory.h:248]   --->   Operation 202 'write' 'write_ln248' <Predicate = (b_2 == 3 & icmp_ln247_6)> <Delay = 0.00>
ST_2 : Operation 203 [1/1] (0.00ns)   --->   "%br_ln248 = br void %arrayidx12.624.exit" [./flashattentionmemory.h:248]   --->   Operation 203 'br' 'br_ln248' <Predicate = (b_2 == 3 & icmp_ln247_6)> <Delay = 0.00>
ST_2 : Operation 204 [1/1] (0.00ns)   --->   "%write_ln248 = write void @_ssdm_op_Write.ap_auto.floatP0A, i32 %stats_38, i32 %vals_164" [./flashattentionmemory.h:248]   --->   Operation 204 'write' 'write_ln248' <Predicate = (b_2 == 2 & icmp_ln247_6)> <Delay = 0.00>
ST_2 : Operation 205 [1/1] (0.00ns)   --->   "%br_ln248 = br void %arrayidx12.624.exit" [./flashattentionmemory.h:248]   --->   Operation 205 'br' 'br_ln248' <Predicate = (b_2 == 2 & icmp_ln247_6)> <Delay = 0.00>
ST_2 : Operation 206 [1/1] (0.00ns)   --->   "%write_ln248 = write void @_ssdm_op_Write.ap_auto.floatP0A, i32 %stats_22, i32 %vals_164" [./flashattentionmemory.h:248]   --->   Operation 206 'write' 'write_ln248' <Predicate = (b_2 == 1 & icmp_ln247_6)> <Delay = 0.00>
ST_2 : Operation 207 [1/1] (0.00ns)   --->   "%br_ln248 = br void %arrayidx12.624.exit" [./flashattentionmemory.h:248]   --->   Operation 207 'br' 'br_ln248' <Predicate = (b_2 == 1 & icmp_ln247_6)> <Delay = 0.00>
ST_2 : Operation 208 [1/1] (0.00ns)   --->   "%write_ln248 = write void @_ssdm_op_Write.ap_auto.floatP0A, i32 %stats_6, i32 %vals_164" [./flashattentionmemory.h:248]   --->   Operation 208 'write' 'write_ln248' <Predicate = (b_2 == 0 & icmp_ln247_6)> <Delay = 0.00>
ST_2 : Operation 209 [1/1] (0.00ns)   --->   "%br_ln248 = br void %arrayidx12.624.exit" [./flashattentionmemory.h:248]   --->   Operation 209 'br' 'br_ln248' <Predicate = (b_2 == 0 & icmp_ln247_6)> <Delay = 0.00>
ST_2 : Operation 210 [1/1] (0.00ns)   --->   "%write_ln248 = write void @_ssdm_op_Write.ap_auto.floatP0A, i32 %stats_55, i32 %vals_165" [./flashattentionmemory.h:248]   --->   Operation 210 'write' 'write_ln248' <Predicate = (b_2 == 3 & icmp_ln247_7)> <Delay = 0.00>
ST_2 : Operation 211 [1/1] (0.00ns)   --->   "%br_ln248 = br void %arrayidx12.722.exit" [./flashattentionmemory.h:248]   --->   Operation 211 'br' 'br_ln248' <Predicate = (b_2 == 3 & icmp_ln247_7)> <Delay = 0.00>
ST_2 : Operation 212 [1/1] (0.00ns)   --->   "%write_ln248 = write void @_ssdm_op_Write.ap_auto.floatP0A, i32 %stats_39, i32 %vals_165" [./flashattentionmemory.h:248]   --->   Operation 212 'write' 'write_ln248' <Predicate = (b_2 == 2 & icmp_ln247_7)> <Delay = 0.00>
ST_2 : Operation 213 [1/1] (0.00ns)   --->   "%br_ln248 = br void %arrayidx12.722.exit" [./flashattentionmemory.h:248]   --->   Operation 213 'br' 'br_ln248' <Predicate = (b_2 == 2 & icmp_ln247_7)> <Delay = 0.00>
ST_2 : Operation 214 [1/1] (0.00ns)   --->   "%write_ln248 = write void @_ssdm_op_Write.ap_auto.floatP0A, i32 %stats_23, i32 %vals_165" [./flashattentionmemory.h:248]   --->   Operation 214 'write' 'write_ln248' <Predicate = (b_2 == 1 & icmp_ln247_7)> <Delay = 0.00>
ST_2 : Operation 215 [1/1] (0.00ns)   --->   "%br_ln248 = br void %arrayidx12.722.exit" [./flashattentionmemory.h:248]   --->   Operation 215 'br' 'br_ln248' <Predicate = (b_2 == 1 & icmp_ln247_7)> <Delay = 0.00>
ST_2 : Operation 216 [1/1] (0.00ns)   --->   "%write_ln248 = write void @_ssdm_op_Write.ap_auto.floatP0A, i32 %stats_7, i32 %vals_165" [./flashattentionmemory.h:248]   --->   Operation 216 'write' 'write_ln248' <Predicate = (b_2 == 0 & icmp_ln247_7)> <Delay = 0.00>
ST_2 : Operation 217 [1/1] (0.00ns)   --->   "%br_ln248 = br void %arrayidx12.722.exit" [./flashattentionmemory.h:248]   --->   Operation 217 'br' 'br_ln248' <Predicate = (b_2 == 0 & icmp_ln247_7)> <Delay = 0.00>
ST_2 : Operation 218 [1/1] (0.00ns)   --->   "%write_ln248 = write void @_ssdm_op_Write.ap_auto.floatP0A, i32 %stats_56, i32 %vals_166" [./flashattentionmemory.h:248]   --->   Operation 218 'write' 'write_ln248' <Predicate = (b_2 == 3 & icmp_ln247_8)> <Delay = 0.00>
ST_2 : Operation 219 [1/1] (0.00ns)   --->   "%br_ln248 = br void %arrayidx12.820.exit" [./flashattentionmemory.h:248]   --->   Operation 219 'br' 'br_ln248' <Predicate = (b_2 == 3 & icmp_ln247_8)> <Delay = 0.00>
ST_2 : Operation 220 [1/1] (0.00ns)   --->   "%write_ln248 = write void @_ssdm_op_Write.ap_auto.floatP0A, i32 %stats_40, i32 %vals_166" [./flashattentionmemory.h:248]   --->   Operation 220 'write' 'write_ln248' <Predicate = (b_2 == 2 & icmp_ln247_8)> <Delay = 0.00>
ST_2 : Operation 221 [1/1] (0.00ns)   --->   "%br_ln248 = br void %arrayidx12.820.exit" [./flashattentionmemory.h:248]   --->   Operation 221 'br' 'br_ln248' <Predicate = (b_2 == 2 & icmp_ln247_8)> <Delay = 0.00>
ST_2 : Operation 222 [1/1] (0.00ns)   --->   "%write_ln248 = write void @_ssdm_op_Write.ap_auto.floatP0A, i32 %stats_24, i32 %vals_166" [./flashattentionmemory.h:248]   --->   Operation 222 'write' 'write_ln248' <Predicate = (b_2 == 1 & icmp_ln247_8)> <Delay = 0.00>
ST_2 : Operation 223 [1/1] (0.00ns)   --->   "%br_ln248 = br void %arrayidx12.820.exit" [./flashattentionmemory.h:248]   --->   Operation 223 'br' 'br_ln248' <Predicate = (b_2 == 1 & icmp_ln247_8)> <Delay = 0.00>
ST_2 : Operation 224 [1/1] (0.00ns)   --->   "%write_ln248 = write void @_ssdm_op_Write.ap_auto.floatP0A, i32 %stats_8, i32 %vals_166" [./flashattentionmemory.h:248]   --->   Operation 224 'write' 'write_ln248' <Predicate = (b_2 == 0 & icmp_ln247_8)> <Delay = 0.00>
ST_2 : Operation 225 [1/1] (0.00ns)   --->   "%br_ln248 = br void %arrayidx12.820.exit" [./flashattentionmemory.h:248]   --->   Operation 225 'br' 'br_ln248' <Predicate = (b_2 == 0 & icmp_ln247_8)> <Delay = 0.00>
ST_2 : Operation 226 [1/1] (0.00ns)   --->   "%write_ln248 = write void @_ssdm_op_Write.ap_auto.floatP0A, i32 %stats_57, i32 %vals_167" [./flashattentionmemory.h:248]   --->   Operation 226 'write' 'write_ln248' <Predicate = (b_2 == 3 & icmp_ln247_9)> <Delay = 0.00>
ST_2 : Operation 227 [1/1] (0.00ns)   --->   "%br_ln248 = br void %arrayidx12.918.exit" [./flashattentionmemory.h:248]   --->   Operation 227 'br' 'br_ln248' <Predicate = (b_2 == 3 & icmp_ln247_9)> <Delay = 0.00>
ST_2 : Operation 228 [1/1] (0.00ns)   --->   "%write_ln248 = write void @_ssdm_op_Write.ap_auto.floatP0A, i32 %stats_41, i32 %vals_167" [./flashattentionmemory.h:248]   --->   Operation 228 'write' 'write_ln248' <Predicate = (b_2 == 2 & icmp_ln247_9)> <Delay = 0.00>
ST_2 : Operation 229 [1/1] (0.00ns)   --->   "%br_ln248 = br void %arrayidx12.918.exit" [./flashattentionmemory.h:248]   --->   Operation 229 'br' 'br_ln248' <Predicate = (b_2 == 2 & icmp_ln247_9)> <Delay = 0.00>
ST_2 : Operation 230 [1/1] (0.00ns)   --->   "%write_ln248 = write void @_ssdm_op_Write.ap_auto.floatP0A, i32 %stats_25, i32 %vals_167" [./flashattentionmemory.h:248]   --->   Operation 230 'write' 'write_ln248' <Predicate = (b_2 == 1 & icmp_ln247_9)> <Delay = 0.00>
ST_2 : Operation 231 [1/1] (0.00ns)   --->   "%br_ln248 = br void %arrayidx12.918.exit" [./flashattentionmemory.h:248]   --->   Operation 231 'br' 'br_ln248' <Predicate = (b_2 == 1 & icmp_ln247_9)> <Delay = 0.00>
ST_2 : Operation 232 [1/1] (0.00ns)   --->   "%write_ln248 = write void @_ssdm_op_Write.ap_auto.floatP0A, i32 %stats_9, i32 %vals_167" [./flashattentionmemory.h:248]   --->   Operation 232 'write' 'write_ln248' <Predicate = (b_2 == 0 & icmp_ln247_9)> <Delay = 0.00>
ST_2 : Operation 233 [1/1] (0.00ns)   --->   "%br_ln248 = br void %arrayidx12.918.exit" [./flashattentionmemory.h:248]   --->   Operation 233 'br' 'br_ln248' <Predicate = (b_2 == 0 & icmp_ln247_9)> <Delay = 0.00>
ST_2 : Operation 234 [1/1] (0.00ns)   --->   "%write_ln248 = write void @_ssdm_op_Write.ap_auto.floatP0A, i32 %stats_58, i32 %vals_168" [./flashattentionmemory.h:248]   --->   Operation 234 'write' 'write_ln248' <Predicate = (b_2 == 3 & icmp_ln247_10)> <Delay = 0.00>
ST_2 : Operation 235 [1/1] (0.00ns)   --->   "%br_ln248 = br void %arrayidx12.1016.exit" [./flashattentionmemory.h:248]   --->   Operation 235 'br' 'br_ln248' <Predicate = (b_2 == 3 & icmp_ln247_10)> <Delay = 0.00>
ST_2 : Operation 236 [1/1] (0.00ns)   --->   "%write_ln248 = write void @_ssdm_op_Write.ap_auto.floatP0A, i32 %stats_42, i32 %vals_168" [./flashattentionmemory.h:248]   --->   Operation 236 'write' 'write_ln248' <Predicate = (b_2 == 2 & icmp_ln247_10)> <Delay = 0.00>
ST_2 : Operation 237 [1/1] (0.00ns)   --->   "%br_ln248 = br void %arrayidx12.1016.exit" [./flashattentionmemory.h:248]   --->   Operation 237 'br' 'br_ln248' <Predicate = (b_2 == 2 & icmp_ln247_10)> <Delay = 0.00>
ST_2 : Operation 238 [1/1] (0.00ns)   --->   "%write_ln248 = write void @_ssdm_op_Write.ap_auto.floatP0A, i32 %stats_26, i32 %vals_168" [./flashattentionmemory.h:248]   --->   Operation 238 'write' 'write_ln248' <Predicate = (b_2 == 1 & icmp_ln247_10)> <Delay = 0.00>
ST_2 : Operation 239 [1/1] (0.00ns)   --->   "%br_ln248 = br void %arrayidx12.1016.exit" [./flashattentionmemory.h:248]   --->   Operation 239 'br' 'br_ln248' <Predicate = (b_2 == 1 & icmp_ln247_10)> <Delay = 0.00>
ST_2 : Operation 240 [1/1] (0.00ns)   --->   "%write_ln248 = write void @_ssdm_op_Write.ap_auto.floatP0A, i32 %stats_10, i32 %vals_168" [./flashattentionmemory.h:248]   --->   Operation 240 'write' 'write_ln248' <Predicate = (b_2 == 0 & icmp_ln247_10)> <Delay = 0.00>
ST_2 : Operation 241 [1/1] (0.00ns)   --->   "%br_ln248 = br void %arrayidx12.1016.exit" [./flashattentionmemory.h:248]   --->   Operation 241 'br' 'br_ln248' <Predicate = (b_2 == 0 & icmp_ln247_10)> <Delay = 0.00>
ST_2 : Operation 242 [1/1] (0.00ns)   --->   "%write_ln248 = write void @_ssdm_op_Write.ap_auto.floatP0A, i32 %stats_59, i32 %vals_169" [./flashattentionmemory.h:248]   --->   Operation 242 'write' 'write_ln248' <Predicate = (b_2 == 3 & icmp_ln247_11)> <Delay = 0.00>
ST_2 : Operation 243 [1/1] (0.00ns)   --->   "%br_ln248 = br void %arrayidx12.1114.exit" [./flashattentionmemory.h:248]   --->   Operation 243 'br' 'br_ln248' <Predicate = (b_2 == 3 & icmp_ln247_11)> <Delay = 0.00>
ST_2 : Operation 244 [1/1] (0.00ns)   --->   "%write_ln248 = write void @_ssdm_op_Write.ap_auto.floatP0A, i32 %stats_43, i32 %vals_169" [./flashattentionmemory.h:248]   --->   Operation 244 'write' 'write_ln248' <Predicate = (b_2 == 2 & icmp_ln247_11)> <Delay = 0.00>
ST_2 : Operation 245 [1/1] (0.00ns)   --->   "%br_ln248 = br void %arrayidx12.1114.exit" [./flashattentionmemory.h:248]   --->   Operation 245 'br' 'br_ln248' <Predicate = (b_2 == 2 & icmp_ln247_11)> <Delay = 0.00>
ST_2 : Operation 246 [1/1] (0.00ns)   --->   "%write_ln248 = write void @_ssdm_op_Write.ap_auto.floatP0A, i32 %stats_27, i32 %vals_169" [./flashattentionmemory.h:248]   --->   Operation 246 'write' 'write_ln248' <Predicate = (b_2 == 1 & icmp_ln247_11)> <Delay = 0.00>
ST_2 : Operation 247 [1/1] (0.00ns)   --->   "%br_ln248 = br void %arrayidx12.1114.exit" [./flashattentionmemory.h:248]   --->   Operation 247 'br' 'br_ln248' <Predicate = (b_2 == 1 & icmp_ln247_11)> <Delay = 0.00>
ST_2 : Operation 248 [1/1] (0.00ns)   --->   "%write_ln248 = write void @_ssdm_op_Write.ap_auto.floatP0A, i32 %stats_11, i32 %vals_169" [./flashattentionmemory.h:248]   --->   Operation 248 'write' 'write_ln248' <Predicate = (b_2 == 0 & icmp_ln247_11)> <Delay = 0.00>
ST_2 : Operation 249 [1/1] (0.00ns)   --->   "%br_ln248 = br void %arrayidx12.1114.exit" [./flashattentionmemory.h:248]   --->   Operation 249 'br' 'br_ln248' <Predicate = (b_2 == 0 & icmp_ln247_11)> <Delay = 0.00>
ST_2 : Operation 250 [1/1] (0.00ns)   --->   "%write_ln248 = write void @_ssdm_op_Write.ap_auto.floatP0A, i32 %stats_60, i32 %vals_170" [./flashattentionmemory.h:248]   --->   Operation 250 'write' 'write_ln248' <Predicate = (b_2 == 3 & icmp_ln247_12)> <Delay = 0.00>
ST_2 : Operation 251 [1/1] (0.00ns)   --->   "%br_ln248 = br void %arrayidx12.1212.exit" [./flashattentionmemory.h:248]   --->   Operation 251 'br' 'br_ln248' <Predicate = (b_2 == 3 & icmp_ln247_12)> <Delay = 0.00>
ST_2 : Operation 252 [1/1] (0.00ns)   --->   "%write_ln248 = write void @_ssdm_op_Write.ap_auto.floatP0A, i32 %stats_44, i32 %vals_170" [./flashattentionmemory.h:248]   --->   Operation 252 'write' 'write_ln248' <Predicate = (b_2 == 2 & icmp_ln247_12)> <Delay = 0.00>
ST_2 : Operation 253 [1/1] (0.00ns)   --->   "%br_ln248 = br void %arrayidx12.1212.exit" [./flashattentionmemory.h:248]   --->   Operation 253 'br' 'br_ln248' <Predicate = (b_2 == 2 & icmp_ln247_12)> <Delay = 0.00>
ST_2 : Operation 254 [1/1] (0.00ns)   --->   "%write_ln248 = write void @_ssdm_op_Write.ap_auto.floatP0A, i32 %stats_28, i32 %vals_170" [./flashattentionmemory.h:248]   --->   Operation 254 'write' 'write_ln248' <Predicate = (b_2 == 1 & icmp_ln247_12)> <Delay = 0.00>
ST_2 : Operation 255 [1/1] (0.00ns)   --->   "%br_ln248 = br void %arrayidx12.1212.exit" [./flashattentionmemory.h:248]   --->   Operation 255 'br' 'br_ln248' <Predicate = (b_2 == 1 & icmp_ln247_12)> <Delay = 0.00>
ST_2 : Operation 256 [1/1] (0.00ns)   --->   "%write_ln248 = write void @_ssdm_op_Write.ap_auto.floatP0A, i32 %stats_12, i32 %vals_170" [./flashattentionmemory.h:248]   --->   Operation 256 'write' 'write_ln248' <Predicate = (b_2 == 0 & icmp_ln247_12)> <Delay = 0.00>
ST_2 : Operation 257 [1/1] (0.00ns)   --->   "%br_ln248 = br void %arrayidx12.1212.exit" [./flashattentionmemory.h:248]   --->   Operation 257 'br' 'br_ln248' <Predicate = (b_2 == 0 & icmp_ln247_12)> <Delay = 0.00>
ST_2 : Operation 258 [1/1] (0.00ns)   --->   "%write_ln248 = write void @_ssdm_op_Write.ap_auto.floatP0A, i32 %stats_61, i32 %vals_171" [./flashattentionmemory.h:248]   --->   Operation 258 'write' 'write_ln248' <Predicate = (b_2 == 3 & icmp_ln247_13)> <Delay = 0.00>
ST_2 : Operation 259 [1/1] (0.00ns)   --->   "%br_ln248 = br void %arrayidx12.1310.exit" [./flashattentionmemory.h:248]   --->   Operation 259 'br' 'br_ln248' <Predicate = (b_2 == 3 & icmp_ln247_13)> <Delay = 0.00>
ST_2 : Operation 260 [1/1] (0.00ns)   --->   "%write_ln248 = write void @_ssdm_op_Write.ap_auto.floatP0A, i32 %stats_45, i32 %vals_171" [./flashattentionmemory.h:248]   --->   Operation 260 'write' 'write_ln248' <Predicate = (b_2 == 2 & icmp_ln247_13)> <Delay = 0.00>
ST_2 : Operation 261 [1/1] (0.00ns)   --->   "%br_ln248 = br void %arrayidx12.1310.exit" [./flashattentionmemory.h:248]   --->   Operation 261 'br' 'br_ln248' <Predicate = (b_2 == 2 & icmp_ln247_13)> <Delay = 0.00>
ST_2 : Operation 262 [1/1] (0.00ns)   --->   "%write_ln248 = write void @_ssdm_op_Write.ap_auto.floatP0A, i32 %stats_29, i32 %vals_171" [./flashattentionmemory.h:248]   --->   Operation 262 'write' 'write_ln248' <Predicate = (b_2 == 1 & icmp_ln247_13)> <Delay = 0.00>
ST_2 : Operation 263 [1/1] (0.00ns)   --->   "%br_ln248 = br void %arrayidx12.1310.exit" [./flashattentionmemory.h:248]   --->   Operation 263 'br' 'br_ln248' <Predicate = (b_2 == 1 & icmp_ln247_13)> <Delay = 0.00>
ST_2 : Operation 264 [1/1] (0.00ns)   --->   "%write_ln248 = write void @_ssdm_op_Write.ap_auto.floatP0A, i32 %stats_13, i32 %vals_171" [./flashattentionmemory.h:248]   --->   Operation 264 'write' 'write_ln248' <Predicate = (b_2 == 0 & icmp_ln247_13)> <Delay = 0.00>
ST_2 : Operation 265 [1/1] (0.00ns)   --->   "%br_ln248 = br void %arrayidx12.1310.exit" [./flashattentionmemory.h:248]   --->   Operation 265 'br' 'br_ln248' <Predicate = (b_2 == 0 & icmp_ln247_13)> <Delay = 0.00>
ST_2 : Operation 266 [1/1] (0.00ns)   --->   "%write_ln248 = write void @_ssdm_op_Write.ap_auto.floatP0A, i32 %stats_62, i32 %vals_172" [./flashattentionmemory.h:248]   --->   Operation 266 'write' 'write_ln248' <Predicate = (b_2 == 3 & icmp_ln247_14)> <Delay = 0.00>
ST_2 : Operation 267 [1/1] (0.00ns)   --->   "%br_ln248 = br void %arrayidx12.148.exit" [./flashattentionmemory.h:248]   --->   Operation 267 'br' 'br_ln248' <Predicate = (b_2 == 3 & icmp_ln247_14)> <Delay = 0.00>
ST_2 : Operation 268 [1/1] (0.00ns)   --->   "%write_ln248 = write void @_ssdm_op_Write.ap_auto.floatP0A, i32 %stats_46, i32 %vals_172" [./flashattentionmemory.h:248]   --->   Operation 268 'write' 'write_ln248' <Predicate = (b_2 == 2 & icmp_ln247_14)> <Delay = 0.00>
ST_2 : Operation 269 [1/1] (0.00ns)   --->   "%br_ln248 = br void %arrayidx12.148.exit" [./flashattentionmemory.h:248]   --->   Operation 269 'br' 'br_ln248' <Predicate = (b_2 == 2 & icmp_ln247_14)> <Delay = 0.00>
ST_2 : Operation 270 [1/1] (0.00ns)   --->   "%write_ln248 = write void @_ssdm_op_Write.ap_auto.floatP0A, i32 %stats_30, i32 %vals_172" [./flashattentionmemory.h:248]   --->   Operation 270 'write' 'write_ln248' <Predicate = (b_2 == 1 & icmp_ln247_14)> <Delay = 0.00>
ST_2 : Operation 271 [1/1] (0.00ns)   --->   "%br_ln248 = br void %arrayidx12.148.exit" [./flashattentionmemory.h:248]   --->   Operation 271 'br' 'br_ln248' <Predicate = (b_2 == 1 & icmp_ln247_14)> <Delay = 0.00>
ST_2 : Operation 272 [1/1] (0.00ns)   --->   "%write_ln248 = write void @_ssdm_op_Write.ap_auto.floatP0A, i32 %stats_14, i32 %vals_172" [./flashattentionmemory.h:248]   --->   Operation 272 'write' 'write_ln248' <Predicate = (b_2 == 0 & icmp_ln247_14)> <Delay = 0.00>
ST_2 : Operation 273 [1/1] (0.00ns)   --->   "%br_ln248 = br void %arrayidx12.148.exit" [./flashattentionmemory.h:248]   --->   Operation 273 'br' 'br_ln248' <Predicate = (b_2 == 0 & icmp_ln247_14)> <Delay = 0.00>
ST_2 : Operation 274 [1/1] (0.00ns)   --->   "%write_ln248 = write void @_ssdm_op_Write.ap_auto.floatP0A, i32 %stats_63, i32 %vals_173" [./flashattentionmemory.h:248]   --->   Operation 274 'write' 'write_ln248' <Predicate = (b_2 == 3 & icmp_ln247_15)> <Delay = 0.00>
ST_2 : Operation 275 [1/1] (0.00ns)   --->   "%br_ln248 = br void %arrayidx12.156.exit" [./flashattentionmemory.h:248]   --->   Operation 275 'br' 'br_ln248' <Predicate = (b_2 == 3 & icmp_ln247_15)> <Delay = 0.00>
ST_2 : Operation 276 [1/1] (0.00ns)   --->   "%write_ln248 = write void @_ssdm_op_Write.ap_auto.floatP0A, i32 %stats_47, i32 %vals_173" [./flashattentionmemory.h:248]   --->   Operation 276 'write' 'write_ln248' <Predicate = (b_2 == 2 & icmp_ln247_15)> <Delay = 0.00>
ST_2 : Operation 277 [1/1] (0.00ns)   --->   "%br_ln248 = br void %arrayidx12.156.exit" [./flashattentionmemory.h:248]   --->   Operation 277 'br' 'br_ln248' <Predicate = (b_2 == 2 & icmp_ln247_15)> <Delay = 0.00>
ST_2 : Operation 278 [1/1] (0.00ns)   --->   "%write_ln248 = write void @_ssdm_op_Write.ap_auto.floatP0A, i32 %stats_31, i32 %vals_173" [./flashattentionmemory.h:248]   --->   Operation 278 'write' 'write_ln248' <Predicate = (b_2 == 1 & icmp_ln247_15)> <Delay = 0.00>
ST_2 : Operation 279 [1/1] (0.00ns)   --->   "%br_ln248 = br void %arrayidx12.156.exit" [./flashattentionmemory.h:248]   --->   Operation 279 'br' 'br_ln248' <Predicate = (b_2 == 1 & icmp_ln247_15)> <Delay = 0.00>
ST_2 : Operation 280 [1/1] (0.00ns)   --->   "%write_ln248 = write void @_ssdm_op_Write.ap_auto.floatP0A, i32 %stats_15, i32 %vals_173" [./flashattentionmemory.h:248]   --->   Operation 280 'write' 'write_ln248' <Predicate = (b_2 == 0 & icmp_ln247_15)> <Delay = 0.00>
ST_2 : Operation 281 [1/1] (0.00ns)   --->   "%br_ln248 = br void %arrayidx12.156.exit" [./flashattentionmemory.h:248]   --->   Operation 281 'br' 'br_ln248' <Predicate = (b_2 == 0 & icmp_ln247_15)> <Delay = 0.00>


============================================================
+ Verbose Summary: Timing violations
============================================================
Target clock period: 10.000ns, clock uncertainty: 2.700ns.

 <State 1>: 1.689ns
The critical path consists of the following:
	'store' operation 0 bit ('store_ln237', ./flashattentionmemory.h:237) of constant 0 on local variable 'b', ./flashattentionmemory.h:237 [75]  (0.421 ns)
	'load' operation 27 bit ('b', ./flashattentionmemory.h:237) on local variable 'b', ./flashattentionmemory.h:237 [78]  (0.000 ns)
	'add' operation 27 bit ('add_ln237', ./flashattentionmemory.h:237) [79]  (0.847 ns)
	'store' operation 0 bit ('store_ln237', ./flashattentionmemory.h:237) of variable 'add_ln237', ./flashattentionmemory.h:237 on local variable 'b', ./flashattentionmemory.h:237 [458]  (0.421 ns)

 <State 2>: 1.039ns
The critical path consists of the following:
	'getelementptr' operation 512 bit ('gmem_l_addr', ./flashattentionmemory.h:237) [84]  (0.000 ns)
	bus read operation ('word', ./flashattentionmemory.h:237) on port 'gmem_l' (./flashattentionmemory.h:237) [89]  (1.039 ns)
	wire write operation ('write_ln248', ./flashattentionmemory.h:248) on port 'stats_57' (./flashattentionmemory.h:248) [318]  (0.000 ns)


============================================================
+ Verbose Summary: Binding
============================================================
N/A
* FSMD analyzer results:
  - Output states:
 - Input state : 
  - Chain level:
	State 1
	State 2


============================================================
+ Verbose Summary: Datapath Resource usage 
============================================================
N/A
