

================================================================
== Vitis HLS Report for 'load_stats_fp32'
================================================================
* Date:           Sun Mar 22 18:05:54 2026

* Version:        2025.1 (Build 6135595 on May 21 2025)
* Project:        FlashAtt1
* Solution:       hls (Vivado IP Flow Target)
* Product family: versalhbm
* Target device:  xcvh1582-lsva4737-2LHP-e-S


================================================================
== Performance Estimates
================================================================
+ Timing: 
    * Summary: 
    +--------+----------+----------+------------+
    |  Clock |  Target  | Estimated| Uncertainty|
    +--------+----------+----------+------------+
    |ap_clk  |  10.00 ns|  7.300 ns|     2.70 ns|
    +--------+----------+----------+------------+

+ Latency: 
    * Summary: 
    +---------+---------+----------+----------+-----+-----+---------+
    |  Latency (cycles) |  Latency (absolute) |  Interval | Pipeline|
    |   min   |   max   |    min   |    max   | min | max |   Type  |
    +---------+---------+----------+----------+-----+-----+---------+
    |        ?|        ?|         ?|         ?|    ?|    ?|       no|
    +---------+---------+----------+----------+-----+-----+---------+

    + Detail: 
        * Instance: 
        N/A

        * Loop: 
        N/A

============================================================
+ Verbose Summary: Synthesis Manager
============================================================
InlineROM: 1
ExposeGlobal: 0
============================================================
+ Verbose Summary: CDFG Model
============================================================
IsTopModel: 0
ResetActiveHigh: 1
IsCombinational: 0
IsDatapathOnly: 0
HasWiredReturn: 1
HasMFsm: 0
HasVarLatency: 1
IsPipeline: 0
IsRtlPipelined: 0
IsInstanceOverlapped: 0
IsDontTouch: 0
HasImplIP: 0
IsGatedGlobalClock: 0


============================================================
+ Verbose Summary: Schedule
============================================================
* Number of FSM states : 78
* Pipeline : 0
* Dataflow Pipeline: 0

* FSM state transitions: 
1 --> 2 
2 --> 3 
3 --> 4 
4 --> 5 
5 --> 6 
6 --> 7 
7 --> 8 
8 --> 9 
9 --> 10 
10 --> 11 
11 --> 12 
12 --> 13 
13 --> 14 
14 --> 15 
15 --> 16 
16 --> 17 
17 --> 18 
18 --> 19 
19 --> 20 
20 --> 21 
21 --> 22 
22 --> 23 
23 --> 24 
24 --> 25 
25 --> 26 
26 --> 27 
27 --> 28 
28 --> 29 
29 --> 30 
30 --> 31 
31 --> 32 
32 --> 33 
33 --> 34 
34 --> 35 
35 --> 36 
36 --> 37 
37 --> 38 
38 --> 39 
39 --> 40 
40 --> 41 
41 --> 42 
42 --> 43 
43 --> 44 
44 --> 45 
45 --> 46 
46 --> 47 
47 --> 48 
48 --> 49 
49 --> 50 
50 --> 51 
51 --> 52 
52 --> 53 
53 --> 54 
54 --> 55 
55 --> 56 
56 --> 57 
57 --> 58 
58 --> 59 
59 --> 60 
60 --> 61 
61 --> 62 
62 --> 63 
63 --> 64 
64 --> 65 
65 --> 66 
66 --> 67 
67 --> 68 
68 --> 69 
69 --> 70 
70 --> 71 
71 --> 72 
72 --> 73 
73 --> 74 
74 --> 75 
75 --> 76 
76 --> 77 
77 --> 78 
78 --> 

* FSM state operations: 

State 1 <SV = 0> <Delay = 3.56>
ST_1 : Operation 79 [1/1] (0.00ns)   --->   "%num_elements_read = read i32 @_ssdm_op_Read.ap_auto.i32, i32 %num_elements"   --->   Operation 79 'read' 'num_elements_read' <Predicate = true> <Delay = 0.00>
ST_1 : Operation 80 [1/1] (0.00ns)   --->   "%base_idx_read = read i31 @_ssdm_op_Read.ap_auto.i31, i31 %base_idx"   --->   Operation 80 'read' 'base_idx_read' <Predicate = true> <Delay = 0.00>
ST_1 : Operation 81 [1/1] (0.00ns)   --->   "%hbm_port_read = read i64 @_ssdm_op_Read.ap_auto.i64, i64 %hbm_port"   --->   Operation 81 'read' 'hbm_port_read' <Predicate = true> <Delay = 0.00>
ST_1 : Operation 82 [1/1] (0.85ns)   --->   "%add_ln233 = add i32 %num_elements_read, i32 15" [./flashattentionmemory.h:233]   --->   Operation 82 'add' 'add_ln233' <Predicate = true> <Delay = 0.85> <CoreInst = "Adder">   --->   Core 1 'Adder' <Latency = 0> <II = 1> <Delay = 0.85> <FuncUnit> <Opcode : 'add' 'sub'> <InPorts = 2> <OutPorts = 1>
ST_1 : Operation 83 [1/1] (0.00ns)   --->   "%tmp_4 = bitselect i1 @_ssdm_op_BitSelect.i1.i32.i32, i32 %add_ln233, i32 31" [./flashattentionmemory.h:233]   --->   Operation 83 'bitselect' 'tmp_4' <Predicate = true> <Delay = 0.00>
ST_1 : Operation 84 [1/1] (0.85ns)   --->   "%sub_ln233 = sub i32 4294967281, i32 %num_elements_read" [./flashattentionmemory.h:233]   --->   Operation 84 'sub' 'sub_ln233' <Predicate = true> <Delay = 0.85> <CoreInst = "Adder">   --->   Core 1 'Adder' <Latency = 0> <II = 1> <Delay = 0.85> <FuncUnit> <Opcode : 'add' 'sub'> <InPorts = 2> <OutPorts = 1>
ST_1 : Operation 85 [1/1] (0.00ns)   --->   "%tmp = partselect i28 @_ssdm_op_PartSelect.i28.i32.i32.i32, i32 %sub_ln233, i32 4, i32 31" [./flashattentionmemory.h:233]   --->   Operation 85 'partselect' 'tmp' <Predicate = true> <Delay = 0.00>
ST_1 : Operation 86 [1/1] (0.00ns)   --->   "%zext_ln233 = zext i28 %tmp" [./flashattentionmemory.h:233]   --->   Operation 86 'zext' 'zext_ln233' <Predicate = true> <Delay = 0.00>
ST_1 : Operation 87 [1/1] (0.85ns)   --->   "%sub_ln233_1 = sub i29 0, i29 %zext_ln233" [./flashattentionmemory.h:233]   --->   Operation 87 'sub' 'sub_ln233_1' <Predicate = true> <Delay = 0.85> <CoreInst = "Adder">   --->   Core 1 'Adder' <Latency = 0> <II = 1> <Delay = 0.85> <FuncUnit> <Opcode : 'add' 'sub'> <InPorts = 2> <OutPorts = 1>
ST_1 : Operation 88 [1/1] (0.00ns)   --->   "%tmp_s = partselect i28 @_ssdm_op_PartSelect.i28.i32.i32.i32, i32 %add_ln233, i32 4, i32 31" [./flashattentionmemory.h:233]   --->   Operation 88 'partselect' 'tmp_s' <Predicate = true> <Delay = 0.00>
ST_1 : Operation 89 [1/1] (0.00ns)   --->   "%zext_ln233_1 = zext i28 %tmp_s" [./flashattentionmemory.h:233]   --->   Operation 89 'zext' 'zext_ln233_1' <Predicate = true> <Delay = 0.00>
ST_1 : Operation 90 [1/1] (0.41ns)   --->   "%total_beats = select i1 %tmp_4, i29 %sub_ln233_1, i29 %zext_ln233_1" [./flashattentionmemory.h:233]   --->   Operation 90 'select' 'total_beats' <Predicate = true> <Delay = 0.41> <CoreInst = "Sel">   --->   Core 77 'Sel' <Latency = 0> <II = 1> <Delay = 0.41> <FuncUnit> <Opcode : 'select'> <InPorts = 3> <OutPorts = 1>
ST_1 : Operation 91 [1/1] (0.67ns)   --->   "%icmp_ln237 = icmp_sgt  i32 %num_elements_read, i32 0" [./flashattentionmemory.h:237]   --->   Operation 91 'icmp' 'icmp_ln237' <Predicate = true> <Delay = 0.67> <CoreInst = "Cmp">   --->   Core 9 'Cmp' <Latency = 0> <II = 1> <Delay = 0.67> <FuncUnit> <Opcode : 'setle' 'setge' 'setlt' 'setgt'> <InPorts = 2> <OutPorts = 1>
ST_1 : Operation 92 [1/1] (0.00ns)   --->   "%tmp_5 = partselect i27 @_ssdm_op_PartSelect.i27.i31.i32.i32, i31 %base_idx_read, i32 4, i32 30" [./flashattentionmemory.h:237]   --->   Operation 92 'partselect' 'tmp_5' <Predicate = true> <Delay = 0.00>
ST_1 : Operation 93 [1/1] (0.00ns)   --->   "%tmp_6 = bitconcatenate i33 @_ssdm_op_BitConcatenate.i33.i27.i6, i27 %tmp_5, i6 0" [./flashattentionmemory.h:237]   --->   Operation 93 'bitconcatenate' 'tmp_6' <Predicate = true> <Delay = 0.00>
ST_1 : Operation 94 [1/1] (0.00ns)   --->   "%zext_ln237 = zext i33 %tmp_6" [./flashattentionmemory.h:237]   --->   Operation 94 'zext' 'zext_ln237' <Predicate = true> <Delay = 0.00>
ST_1 : Operation 95 [1/1] (1.01ns)   --->   "%add_ln237 = add i64 %zext_ln237, i64 %hbm_port_read" [./flashattentionmemory.h:237]   --->   Operation 95 'add' 'add_ln237' <Predicate = true> <Delay = 1.01> <CoreInst = "Adder">   --->   Core 1 'Adder' <Latency = 0> <II = 1> <Delay = 1.01> <FuncUnit> <Opcode : 'add' 'sub'> <InPorts = 2> <OutPorts = 1>
ST_1 : Operation 96 [1/1] (0.00ns)   --->   "%trunc_ln7 = partselect i58 @_ssdm_op_PartSelect.i58.i64.i32.i32, i64 %add_ln237, i32 6, i32 63" [./flashattentionmemory.h:237]   --->   Operation 96 'partselect' 'trunc_ln7' <Predicate = true> <Delay = 0.00>
ST_1 : Operation 97 [1/1] (0.00ns)   --->   "%sext_ln237 = sext i58 %trunc_ln7" [./flashattentionmemory.h:237]   --->   Operation 97 'sext' 'sext_ln237' <Predicate = true> <Delay = 0.00>
ST_1 : Operation 98 [1/1] (0.00ns)   --->   "%gmem_l_addr = getelementptr i512 %gmem_l, i64 %sext_ln237" [./flashattentionmemory.h:237]   --->   Operation 98 'getelementptr' 'gmem_l_addr' <Predicate = true> <Delay = 0.00>
ST_1 : Operation 99 [1/1] (0.41ns)   --->   "%empty = select i1 %icmp_ln237, i29 %total_beats, i29 0" [./flashattentionmemory.h:237]   --->   Operation 99 'select' 'empty' <Predicate = true> <Delay = 0.41> <CoreInst = "Sel">   --->   Core 77 'Sel' <Latency = 0> <II = 1> <Delay = 0.41> <FuncUnit> <Opcode : 'select'> <InPorts = 3> <OutPorts = 1>
ST_1 : Operation 100 [1/1] (0.00ns)   --->   "%sext_ln237_1 = sext i29 %empty" [./flashattentionmemory.h:237]   --->   Operation 100 'sext' 'sext_ln237_1' <Predicate = true> <Delay = 0.00>
ST_1 : Operation 101 [1/1] (0.00ns)   --->   "%zext_ln237_1 = zext i32 %sext_ln237_1" [./flashattentionmemory.h:237]   --->   Operation 101 'zext' 'zext_ln237_1' <Predicate = true> <Delay = 0.00>
ST_1 : Operation 102 [1/1] (0.00ns)   --->   "%muxLogicAXIMAddr_to_empty_83 = muxlogic i512 %gmem_l_addr"   --->   Operation 102 'muxlogic' 'muxLogicAXIMAddr_to_empty_83' <Predicate = true> <Delay = 0.00>
ST_1 : Operation 103 [1/1] (0.00ns)   --->   "%muxLogicAXIMBurst_to_empty_83 = muxlogic i64 %zext_ln237_1"   --->   Operation 103 'muxlogic' 'muxLogicAXIMBurst_to_empty_83' <Predicate = true> <Delay = 0.00>
ST_1 : Operation 104 [74/74] (1.03ns)   --->   "%empty_83 = readreq i1 @_ssdm_op_ReadReq.m_axi.p1i512, i512 %gmem_l_addr, i64 %zext_ln237_1" [./flashattentionmemory.h:237]   --->   Operation 104 'readreq' 'empty_83' <Predicate = true> <Delay = 1.03> <CoreInst = "m_axi">   --->   Core 123 'm_axi' <Latency = 9> <II = 1> <Delay = 1.76> <Adapter> <Opcode : 'read' 'write' 'readreq' 'writereq' 'writeresp'>

State 2 <SV = 1> <Delay = 7.30>
ST_2 : Operation 105 [73/74] (7.30ns)   --->   "%empty_83 = readreq i1 @_ssdm_op_ReadReq.m_axi.p1i512, i512 %gmem_l_addr, i64 %zext_ln237_1" [./flashattentionmemory.h:237]   --->   Operation 105 'readreq' 'empty_83' <Predicate = true> <Delay = 7.30> <CoreInst = "m_axi">   --->   Core 123 'm_axi' <Latency = 9> <II = 1> <Delay = 1.76> <Adapter> <Opcode : 'read' 'write' 'readreq' 'writereq' 'writeresp'>

State 3 <SV = 2> <Delay = 7.30>
ST_3 : Operation 106 [72/74] (7.30ns)   --->   "%empty_83 = readreq i1 @_ssdm_op_ReadReq.m_axi.p1i512, i512 %gmem_l_addr, i64 %zext_ln237_1" [./flashattentionmemory.h:237]   --->   Operation 106 'readreq' 'empty_83' <Predicate = true> <Delay = 7.30> <CoreInst = "m_axi">   --->   Core 123 'm_axi' <Latency = 9> <II = 1> <Delay = 1.76> <Adapter> <Opcode : 'read' 'write' 'readreq' 'writereq' 'writeresp'>

State 4 <SV = 3> <Delay = 7.30>
ST_4 : Operation 107 [71/74] (7.30ns)   --->   "%empty_83 = readreq i1 @_ssdm_op_ReadReq.m_axi.p1i512, i512 %gmem_l_addr, i64 %zext_ln237_1" [./flashattentionmemory.h:237]   --->   Operation 107 'readreq' 'empty_83' <Predicate = true> <Delay = 7.30> <CoreInst = "m_axi">   --->   Core 123 'm_axi' <Latency = 9> <II = 1> <Delay = 1.76> <Adapter> <Opcode : 'read' 'write' 'readreq' 'writereq' 'writeresp'>

State 5 <SV = 4> <Delay = 7.30>
ST_5 : Operation 108 [70/74] (7.30ns)   --->   "%empty_83 = readreq i1 @_ssdm_op_ReadReq.m_axi.p1i512, i512 %gmem_l_addr, i64 %zext_ln237_1" [./flashattentionmemory.h:237]   --->   Operation 108 'readreq' 'empty_83' <Predicate = true> <Delay = 7.30> <CoreInst = "m_axi">   --->   Core 123 'm_axi' <Latency = 9> <II = 1> <Delay = 1.76> <Adapter> <Opcode : 'read' 'write' 'readreq' 'writereq' 'writeresp'>

State 6 <SV = 5> <Delay = 7.30>
ST_6 : Operation 109 [69/74] (7.30ns)   --->   "%empty_83 = readreq i1 @_ssdm_op_ReadReq.m_axi.p1i512, i512 %gmem_l_addr, i64 %zext_ln237_1" [./flashattentionmemory.h:237]   --->   Operation 109 'readreq' 'empty_83' <Predicate = true> <Delay = 7.30> <CoreInst = "m_axi">   --->   Core 123 'm_axi' <Latency = 9> <II = 1> <Delay = 1.76> <Adapter> <Opcode : 'read' 'write' 'readreq' 'writereq' 'writeresp'>

State 7 <SV = 6> <Delay = 7.30>
ST_7 : Operation 110 [68/74] (7.30ns)   --->   "%empty_83 = readreq i1 @_ssdm_op_ReadReq.m_axi.p1i512, i512 %gmem_l_addr, i64 %zext_ln237_1" [./flashattentionmemory.h:237]   --->   Operation 110 'readreq' 'empty_83' <Predicate = true> <Delay = 7.30> <CoreInst = "m_axi">   --->   Core 123 'm_axi' <Latency = 9> <II = 1> <Delay = 1.76> <Adapter> <Opcode : 'read' 'write' 'readreq' 'writereq' 'writeresp'>

State 8 <SV = 7> <Delay = 7.30>
ST_8 : Operation 111 [67/74] (7.30ns)   --->   "%empty_83 = readreq i1 @_ssdm_op_ReadReq.m_axi.p1i512, i512 %gmem_l_addr, i64 %zext_ln237_1" [./flashattentionmemory.h:237]   --->   Operation 111 'readreq' 'empty_83' <Predicate = true> <Delay = 7.30> <CoreInst = "m_axi">   --->   Core 123 'm_axi' <Latency = 9> <II = 1> <Delay = 1.76> <Adapter> <Opcode : 'read' 'write' 'readreq' 'writereq' 'writeresp'>

State 9 <SV = 8> <Delay = 7.30>
ST_9 : Operation 112 [66/74] (7.30ns)   --->   "%empty_83 = readreq i1 @_ssdm_op_ReadReq.m_axi.p1i512, i512 %gmem_l_addr, i64 %zext_ln237_1" [./flashattentionmemory.h:237]   --->   Operation 112 'readreq' 'empty_83' <Predicate = true> <Delay = 7.30> <CoreInst = "m_axi">   --->   Core 123 'm_axi' <Latency = 9> <II = 1> <Delay = 1.76> <Adapter> <Opcode : 'read' 'write' 'readreq' 'writereq' 'writeresp'>

State 10 <SV = 9> <Delay = 7.30>
ST_10 : Operation 113 [65/74] (7.30ns)   --->   "%empty_83 = readreq i1 @_ssdm_op_ReadReq.m_axi.p1i512, i512 %gmem_l_addr, i64 %zext_ln237_1" [./flashattentionmemory.h:237]   --->   Operation 113 'readreq' 'empty_83' <Predicate = true> <Delay = 7.30> <CoreInst = "m_axi">   --->   Core 123 'm_axi' <Latency = 9> <II = 1> <Delay = 1.76> <Adapter> <Opcode : 'read' 'write' 'readreq' 'writereq' 'writeresp'>

State 11 <SV = 10> <Delay = 7.30>
ST_11 : Operation 114 [64/74] (7.30ns)   --->   "%empty_83 = readreq i1 @_ssdm_op_ReadReq.m_axi.p1i512, i512 %gmem_l_addr, i64 %zext_ln237_1" [./flashattentionmemory.h:237]   --->   Operation 114 'readreq' 'empty_83' <Predicate = true> <Delay = 7.30> <CoreInst = "m_axi">   --->   Core 123 'm_axi' <Latency = 9> <II = 1> <Delay = 1.76> <Adapter> <Opcode : 'read' 'write' 'readreq' 'writereq' 'writeresp'>

State 12 <SV = 11> <Delay = 7.30>
ST_12 : Operation 115 [63/74] (7.30ns)   --->   "%empty_83 = readreq i1 @_ssdm_op_ReadReq.m_axi.p1i512, i512 %gmem_l_addr, i64 %zext_ln237_1" [./flashattentionmemory.h:237]   --->   Operation 115 'readreq' 'empty_83' <Predicate = true> <Delay = 7.30> <CoreInst = "m_axi">   --->   Core 123 'm_axi' <Latency = 9> <II = 1> <Delay = 1.76> <Adapter> <Opcode : 'read' 'write' 'readreq' 'writereq' 'writeresp'>

State 13 <SV = 12> <Delay = 7.30>
ST_13 : Operation 116 [62/74] (7.30ns)   --->   "%empty_83 = readreq i1 @_ssdm_op_ReadReq.m_axi.p1i512, i512 %gmem_l_addr, i64 %zext_ln237_1" [./flashattentionmemory.h:237]   --->   Operation 116 'readreq' 'empty_83' <Predicate = true> <Delay = 7.30> <CoreInst = "m_axi">   --->   Core 123 'm_axi' <Latency = 9> <II = 1> <Delay = 1.76> <Adapter> <Opcode : 'read' 'write' 'readreq' 'writereq' 'writeresp'>

State 14 <SV = 13> <Delay = 7.30>
ST_14 : Operation 117 [61/74] (7.30ns)   --->   "%empty_83 = readreq i1 @_ssdm_op_ReadReq.m_axi.p1i512, i512 %gmem_l_addr, i64 %zext_ln237_1" [./flashattentionmemory.h:237]   --->   Operation 117 'readreq' 'empty_83' <Predicate = true> <Delay = 7.30> <CoreInst = "m_axi">   --->   Core 123 'm_axi' <Latency = 9> <II = 1> <Delay = 1.76> <Adapter> <Opcode : 'read' 'write' 'readreq' 'writereq' 'writeresp'>

State 15 <SV = 14> <Delay = 7.30>
ST_15 : Operation 118 [60/74] (7.30ns)   --->   "%empty_83 = readreq i1 @_ssdm_op_ReadReq.m_axi.p1i512, i512 %gmem_l_addr, i64 %zext_ln237_1" [./flashattentionmemory.h:237]   --->   Operation 118 'readreq' 'empty_83' <Predicate = true> <Delay = 7.30> <CoreInst = "m_axi">   --->   Core 123 'm_axi' <Latency = 9> <II = 1> <Delay = 1.76> <Adapter> <Opcode : 'read' 'write' 'readreq' 'writereq' 'writeresp'>

State 16 <SV = 15> <Delay = 7.30>
ST_16 : Operation 119 [59/74] (7.30ns)   --->   "%empty_83 = readreq i1 @_ssdm_op_ReadReq.m_axi.p1i512, i512 %gmem_l_addr, i64 %zext_ln237_1" [./flashattentionmemory.h:237]   --->   Operation 119 'readreq' 'empty_83' <Predicate = true> <Delay = 7.30> <CoreInst = "m_axi">   --->   Core 123 'm_axi' <Latency = 9> <II = 1> <Delay = 1.76> <Adapter> <Opcode : 'read' 'write' 'readreq' 'writereq' 'writeresp'>

State 17 <SV = 16> <Delay = 7.30>
ST_17 : Operation 120 [58/74] (7.30ns)   --->   "%empty_83 = readreq i1 @_ssdm_op_ReadReq.m_axi.p1i512, i512 %gmem_l_addr, i64 %zext_ln237_1" [./flashattentionmemory.h:237]   --->   Operation 120 'readreq' 'empty_83' <Predicate = true> <Delay = 7.30> <CoreInst = "m_axi">   --->   Core 123 'm_axi' <Latency = 9> <II = 1> <Delay = 1.76> <Adapter> <Opcode : 'read' 'write' 'readreq' 'writereq' 'writeresp'>

State 18 <SV = 17> <Delay = 7.30>
ST_18 : Operation 121 [57/74] (7.30ns)   --->   "%empty_83 = readreq i1 @_ssdm_op_ReadReq.m_axi.p1i512, i512 %gmem_l_addr, i64 %zext_ln237_1" [./flashattentionmemory.h:237]   --->   Operation 121 'readreq' 'empty_83' <Predicate = true> <Delay = 7.30> <CoreInst = "m_axi">   --->   Core 123 'm_axi' <Latency = 9> <II = 1> <Delay = 1.76> <Adapter> <Opcode : 'read' 'write' 'readreq' 'writereq' 'writeresp'>

State 19 <SV = 18> <Delay = 7.30>
ST_19 : Operation 122 [56/74] (7.30ns)   --->   "%empty_83 = readreq i1 @_ssdm_op_ReadReq.m_axi.p1i512, i512 %gmem_l_addr, i64 %zext_ln237_1" [./flashattentionmemory.h:237]   --->   Operation 122 'readreq' 'empty_83' <Predicate = true> <Delay = 7.30> <CoreInst = "m_axi">   --->   Core 123 'm_axi' <Latency = 9> <II = 1> <Delay = 1.76> <Adapter> <Opcode : 'read' 'write' 'readreq' 'writereq' 'writeresp'>

State 20 <SV = 19> <Delay = 7.30>
ST_20 : Operation 123 [55/74] (7.30ns)   --->   "%empty_83 = readreq i1 @_ssdm_op_ReadReq.m_axi.p1i512, i512 %gmem_l_addr, i64 %zext_ln237_1" [./flashattentionmemory.h:237]   --->   Operation 123 'readreq' 'empty_83' <Predicate = true> <Delay = 7.30> <CoreInst = "m_axi">   --->   Core 123 'm_axi' <Latency = 9> <II = 1> <Delay = 1.76> <Adapter> <Opcode : 'read' 'write' 'readreq' 'writereq' 'writeresp'>

State 21 <SV = 20> <Delay = 7.30>
ST_21 : Operation 124 [54/74] (7.30ns)   --->   "%empty_83 = readreq i1 @_ssdm_op_ReadReq.m_axi.p1i512, i512 %gmem_l_addr, i64 %zext_ln237_1" [./flashattentionmemory.h:237]   --->   Operation 124 'readreq' 'empty_83' <Predicate = true> <Delay = 7.30> <CoreInst = "m_axi">   --->   Core 123 'm_axi' <Latency = 9> <II = 1> <Delay = 1.76> <Adapter> <Opcode : 'read' 'write' 'readreq' 'writereq' 'writeresp'>

State 22 <SV = 21> <Delay = 7.30>
ST_22 : Operation 125 [53/74] (7.30ns)   --->   "%empty_83 = readreq i1 @_ssdm_op_ReadReq.m_axi.p1i512, i512 %gmem_l_addr, i64 %zext_ln237_1" [./flashattentionmemory.h:237]   --->   Operation 125 'readreq' 'empty_83' <Predicate = true> <Delay = 7.30> <CoreInst = "m_axi">   --->   Core 123 'm_axi' <Latency = 9> <II = 1> <Delay = 1.76> <Adapter> <Opcode : 'read' 'write' 'readreq' 'writereq' 'writeresp'>

State 23 <SV = 22> <Delay = 7.30>
ST_23 : Operation 126 [52/74] (7.30ns)   --->   "%empty_83 = readreq i1 @_ssdm_op_ReadReq.m_axi.p1i512, i512 %gmem_l_addr, i64 %zext_ln237_1" [./flashattentionmemory.h:237]   --->   Operation 126 'readreq' 'empty_83' <Predicate = true> <Delay = 7.30> <CoreInst = "m_axi">   --->   Core 123 'm_axi' <Latency = 9> <II = 1> <Delay = 1.76> <Adapter> <Opcode : 'read' 'write' 'readreq' 'writereq' 'writeresp'>

State 24 <SV = 23> <Delay = 7.30>
ST_24 : Operation 127 [51/74] (7.30ns)   --->   "%empty_83 = readreq i1 @_ssdm_op_ReadReq.m_axi.p1i512, i512 %gmem_l_addr, i64 %zext_ln237_1" [./flashattentionmemory.h:237]   --->   Operation 127 'readreq' 'empty_83' <Predicate = true> <Delay = 7.30> <CoreInst = "m_axi">   --->   Core 123 'm_axi' <Latency = 9> <II = 1> <Delay = 1.76> <Adapter> <Opcode : 'read' 'write' 'readreq' 'writereq' 'writeresp'>

State 25 <SV = 24> <Delay = 7.30>
ST_25 : Operation 128 [50/74] (7.30ns)   --->   "%empty_83 = readreq i1 @_ssdm_op_ReadReq.m_axi.p1i512, i512 %gmem_l_addr, i64 %zext_ln237_1" [./flashattentionmemory.h:237]   --->   Operation 128 'readreq' 'empty_83' <Predicate = true> <Delay = 7.30> <CoreInst = "m_axi">   --->   Core 123 'm_axi' <Latency = 9> <II = 1> <Delay = 1.76> <Adapter> <Opcode : 'read' 'write' 'readreq' 'writereq' 'writeresp'>

State 26 <SV = 25> <Delay = 7.30>
ST_26 : Operation 129 [49/74] (7.30ns)   --->   "%empty_83 = readreq i1 @_ssdm_op_ReadReq.m_axi.p1i512, i512 %gmem_l_addr, i64 %zext_ln237_1" [./flashattentionmemory.h:237]   --->   Operation 129 'readreq' 'empty_83' <Predicate = true> <Delay = 7.30> <CoreInst = "m_axi">   --->   Core 123 'm_axi' <Latency = 9> <II = 1> <Delay = 1.76> <Adapter> <Opcode : 'read' 'write' 'readreq' 'writereq' 'writeresp'>

State 27 <SV = 26> <Delay = 7.30>
ST_27 : Operation 130 [48/74] (7.30ns)   --->   "%empty_83 = readreq i1 @_ssdm_op_ReadReq.m_axi.p1i512, i512 %gmem_l_addr, i64 %zext_ln237_1" [./flashattentionmemory.h:237]   --->   Operation 130 'readreq' 'empty_83' <Predicate = true> <Delay = 7.30> <CoreInst = "m_axi">   --->   Core 123 'm_axi' <Latency = 9> <II = 1> <Delay = 1.76> <Adapter> <Opcode : 'read' 'write' 'readreq' 'writereq' 'writeresp'>

State 28 <SV = 27> <Delay = 7.30>
ST_28 : Operation 131 [47/74] (7.30ns)   --->   "%empty_83 = readreq i1 @_ssdm_op_ReadReq.m_axi.p1i512, i512 %gmem_l_addr, i64 %zext_ln237_1" [./flashattentionmemory.h:237]   --->   Operation 131 'readreq' 'empty_83' <Predicate = true> <Delay = 7.30> <CoreInst = "m_axi">   --->   Core 123 'm_axi' <Latency = 9> <II = 1> <Delay = 1.76> <Adapter> <Opcode : 'read' 'write' 'readreq' 'writereq' 'writeresp'>

State 29 <SV = 28> <Delay = 7.30>
ST_29 : Operation 132 [46/74] (7.30ns)   --->   "%empty_83 = readreq i1 @_ssdm_op_ReadReq.m_axi.p1i512, i512 %gmem_l_addr, i64 %zext_ln237_1" [./flashattentionmemory.h:237]   --->   Operation 132 'readreq' 'empty_83' <Predicate = true> <Delay = 7.30> <CoreInst = "m_axi">   --->   Core 123 'm_axi' <Latency = 9> <II = 1> <Delay = 1.76> <Adapter> <Opcode : 'read' 'write' 'readreq' 'writereq' 'writeresp'>

State 30 <SV = 29> <Delay = 7.30>
ST_30 : Operation 133 [45/74] (7.30ns)   --->   "%empty_83 = readreq i1 @_ssdm_op_ReadReq.m_axi.p1i512, i512 %gmem_l_addr, i64 %zext_ln237_1" [./flashattentionmemory.h:237]   --->   Operation 133 'readreq' 'empty_83' <Predicate = true> <Delay = 7.30> <CoreInst = "m_axi">   --->   Core 123 'm_axi' <Latency = 9> <II = 1> <Delay = 1.76> <Adapter> <Opcode : 'read' 'write' 'readreq' 'writereq' 'writeresp'>

State 31 <SV = 30> <Delay = 7.30>
ST_31 : Operation 134 [44/74] (7.30ns)   --->   "%empty_83 = readreq i1 @_ssdm_op_ReadReq.m_axi.p1i512, i512 %gmem_l_addr, i64 %zext_ln237_1" [./flashattentionmemory.h:237]   --->   Operation 134 'readreq' 'empty_83' <Predicate = true> <Delay = 7.30> <CoreInst = "m_axi">   --->   Core 123 'm_axi' <Latency = 9> <II = 1> <Delay = 1.76> <Adapter> <Opcode : 'read' 'write' 'readreq' 'writereq' 'writeresp'>

State 32 <SV = 31> <Delay = 7.30>
ST_32 : Operation 135 [43/74] (7.30ns)   --->   "%empty_83 = readreq i1 @_ssdm_op_ReadReq.m_axi.p1i512, i512 %gmem_l_addr, i64 %zext_ln237_1" [./flashattentionmemory.h:237]   --->   Operation 135 'readreq' 'empty_83' <Predicate = true> <Delay = 7.30> <CoreInst = "m_axi">   --->   Core 123 'm_axi' <Latency = 9> <II = 1> <Delay = 1.76> <Adapter> <Opcode : 'read' 'write' 'readreq' 'writereq' 'writeresp'>

State 33 <SV = 32> <Delay = 7.30>
ST_33 : Operation 136 [42/74] (7.30ns)   --->   "%empty_83 = readreq i1 @_ssdm_op_ReadReq.m_axi.p1i512, i512 %gmem_l_addr, i64 %zext_ln237_1" [./flashattentionmemory.h:237]   --->   Operation 136 'readreq' 'empty_83' <Predicate = true> <Delay = 7.30> <CoreInst = "m_axi">   --->   Core 123 'm_axi' <Latency = 9> <II = 1> <Delay = 1.76> <Adapter> <Opcode : 'read' 'write' 'readreq' 'writereq' 'writeresp'>

State 34 <SV = 33> <Delay = 7.30>
ST_34 : Operation 137 [41/74] (7.30ns)   --->   "%empty_83 = readreq i1 @_ssdm_op_ReadReq.m_axi.p1i512, i512 %gmem_l_addr, i64 %zext_ln237_1" [./flashattentionmemory.h:237]   --->   Operation 137 'readreq' 'empty_83' <Predicate = true> <Delay = 7.30> <CoreInst = "m_axi">   --->   Core 123 'm_axi' <Latency = 9> <II = 1> <Delay = 1.76> <Adapter> <Opcode : 'read' 'write' 'readreq' 'writereq' 'writeresp'>

State 35 <SV = 34> <Delay = 7.30>
ST_35 : Operation 138 [40/74] (7.30ns)   --->   "%empty_83 = readreq i1 @_ssdm_op_ReadReq.m_axi.p1i512, i512 %gmem_l_addr, i64 %zext_ln237_1" [./flashattentionmemory.h:237]   --->   Operation 138 'readreq' 'empty_83' <Predicate = true> <Delay = 7.30> <CoreInst = "m_axi">   --->   Core 123 'm_axi' <Latency = 9> <II = 1> <Delay = 1.76> <Adapter> <Opcode : 'read' 'write' 'readreq' 'writereq' 'writeresp'>

State 36 <SV = 35> <Delay = 7.30>
ST_36 : Operation 139 [39/74] (7.30ns)   --->   "%empty_83 = readreq i1 @_ssdm_op_ReadReq.m_axi.p1i512, i512 %gmem_l_addr, i64 %zext_ln237_1" [./flashattentionmemory.h:237]   --->   Operation 139 'readreq' 'empty_83' <Predicate = true> <Delay = 7.30> <CoreInst = "m_axi">   --->   Core 123 'm_axi' <Latency = 9> <II = 1> <Delay = 1.76> <Adapter> <Opcode : 'read' 'write' 'readreq' 'writereq' 'writeresp'>

State 37 <SV = 36> <Delay = 7.30>
ST_37 : Operation 140 [38/74] (7.30ns)   --->   "%empty_83 = readreq i1 @_ssdm_op_ReadReq.m_axi.p1i512, i512 %gmem_l_addr, i64 %zext_ln237_1" [./flashattentionmemory.h:237]   --->   Operation 140 'readreq' 'empty_83' <Predicate = true> <Delay = 7.30> <CoreInst = "m_axi">   --->   Core 123 'm_axi' <Latency = 9> <II = 1> <Delay = 1.76> <Adapter> <Opcode : 'read' 'write' 'readreq' 'writereq' 'writeresp'>

State 38 <SV = 37> <Delay = 7.30>
ST_38 : Operation 141 [37/74] (7.30ns)   --->   "%empty_83 = readreq i1 @_ssdm_op_ReadReq.m_axi.p1i512, i512 %gmem_l_addr, i64 %zext_ln237_1" [./flashattentionmemory.h:237]   --->   Operation 141 'readreq' 'empty_83' <Predicate = true> <Delay = 7.30> <CoreInst = "m_axi">   --->   Core 123 'm_axi' <Latency = 9> <II = 1> <Delay = 1.76> <Adapter> <Opcode : 'read' 'write' 'readreq' 'writereq' 'writeresp'>

State 39 <SV = 38> <Delay = 7.30>
ST_39 : Operation 142 [36/74] (7.30ns)   --->   "%empty_83 = readreq i1 @_ssdm_op_ReadReq.m_axi.p1i512, i512 %gmem_l_addr, i64 %zext_ln237_1" [./flashattentionmemory.h:237]   --->   Operation 142 'readreq' 'empty_83' <Predicate = true> <Delay = 7.30> <CoreInst = "m_axi">   --->   Core 123 'm_axi' <Latency = 9> <II = 1> <Delay = 1.76> <Adapter> <Opcode : 'read' 'write' 'readreq' 'writereq' 'writeresp'>

State 40 <SV = 39> <Delay = 7.30>
ST_40 : Operation 143 [35/74] (7.30ns)   --->   "%empty_83 = readreq i1 @_ssdm_op_ReadReq.m_axi.p1i512, i512 %gmem_l_addr, i64 %zext_ln237_1" [./flashattentionmemory.h:237]   --->   Operation 143 'readreq' 'empty_83' <Predicate = true> <Delay = 7.30> <CoreInst = "m_axi">   --->   Core 123 'm_axi' <Latency = 9> <II = 1> <Delay = 1.76> <Adapter> <Opcode : 'read' 'write' 'readreq' 'writereq' 'writeresp'>

State 41 <SV = 40> <Delay = 7.30>
ST_41 : Operation 144 [34/74] (7.30ns)   --->   "%empty_83 = readreq i1 @_ssdm_op_ReadReq.m_axi.p1i512, i512 %gmem_l_addr, i64 %zext_ln237_1" [./flashattentionmemory.h:237]   --->   Operation 144 'readreq' 'empty_83' <Predicate = true> <Delay = 7.30> <CoreInst = "m_axi">   --->   Core 123 'm_axi' <Latency = 9> <II = 1> <Delay = 1.76> <Adapter> <Opcode : 'read' 'write' 'readreq' 'writereq' 'writeresp'>

State 42 <SV = 41> <Delay = 7.30>
ST_42 : Operation 145 [33/74] (7.30ns)   --->   "%empty_83 = readreq i1 @_ssdm_op_ReadReq.m_axi.p1i512, i512 %gmem_l_addr, i64 %zext_ln237_1" [./flashattentionmemory.h:237]   --->   Operation 145 'readreq' 'empty_83' <Predicate = true> <Delay = 7.30> <CoreInst = "m_axi">   --->   Core 123 'm_axi' <Latency = 9> <II = 1> <Delay = 1.76> <Adapter> <Opcode : 'read' 'write' 'readreq' 'writereq' 'writeresp'>

State 43 <SV = 42> <Delay = 7.30>
ST_43 : Operation 146 [32/74] (7.30ns)   --->   "%empty_83 = readreq i1 @_ssdm_op_ReadReq.m_axi.p1i512, i512 %gmem_l_addr, i64 %zext_ln237_1" [./flashattentionmemory.h:237]   --->   Operation 146 'readreq' 'empty_83' <Predicate = true> <Delay = 7.30> <CoreInst = "m_axi">   --->   Core 123 'm_axi' <Latency = 9> <II = 1> <Delay = 1.76> <Adapter> <Opcode : 'read' 'write' 'readreq' 'writereq' 'writeresp'>

State 44 <SV = 43> <Delay = 7.30>
ST_44 : Operation 147 [31/74] (7.30ns)   --->   "%empty_83 = readreq i1 @_ssdm_op_ReadReq.m_axi.p1i512, i512 %gmem_l_addr, i64 %zext_ln237_1" [./flashattentionmemory.h:237]   --->   Operation 147 'readreq' 'empty_83' <Predicate = true> <Delay = 7.30> <CoreInst = "m_axi">   --->   Core 123 'm_axi' <Latency = 9> <II = 1> <Delay = 1.76> <Adapter> <Opcode : 'read' 'write' 'readreq' 'writereq' 'writeresp'>

State 45 <SV = 44> <Delay = 7.30>
ST_45 : Operation 148 [30/74] (7.30ns)   --->   "%empty_83 = readreq i1 @_ssdm_op_ReadReq.m_axi.p1i512, i512 %gmem_l_addr, i64 %zext_ln237_1" [./flashattentionmemory.h:237]   --->   Operation 148 'readreq' 'empty_83' <Predicate = true> <Delay = 7.30> <CoreInst = "m_axi">   --->   Core 123 'm_axi' <Latency = 9> <II = 1> <Delay = 1.76> <Adapter> <Opcode : 'read' 'write' 'readreq' 'writereq' 'writeresp'>

State 46 <SV = 45> <Delay = 7.30>
ST_46 : Operation 149 [29/74] (7.30ns)   --->   "%empty_83 = readreq i1 @_ssdm_op_ReadReq.m_axi.p1i512, i512 %gmem_l_addr, i64 %zext_ln237_1" [./flashattentionmemory.h:237]   --->   Operation 149 'readreq' 'empty_83' <Predicate = true> <Delay = 7.30> <CoreInst = "m_axi">   --->   Core 123 'm_axi' <Latency = 9> <II = 1> <Delay = 1.76> <Adapter> <Opcode : 'read' 'write' 'readreq' 'writereq' 'writeresp'>

State 47 <SV = 46> <Delay = 7.30>
ST_47 : Operation 150 [28/74] (7.30ns)   --->   "%empty_83 = readreq i1 @_ssdm_op_ReadReq.m_axi.p1i512, i512 %gmem_l_addr, i64 %zext_ln237_1" [./flashattentionmemory.h:237]   --->   Operation 150 'readreq' 'empty_83' <Predicate = true> <Delay = 7.30> <CoreInst = "m_axi">   --->   Core 123 'm_axi' <Latency = 9> <II = 1> <Delay = 1.76> <Adapter> <Opcode : 'read' 'write' 'readreq' 'writereq' 'writeresp'>

State 48 <SV = 47> <Delay = 7.30>
ST_48 : Operation 151 [27/74] (7.30ns)   --->   "%empty_83 = readreq i1 @_ssdm_op_ReadReq.m_axi.p1i512, i512 %gmem_l_addr, i64 %zext_ln237_1" [./flashattentionmemory.h:237]   --->   Operation 151 'readreq' 'empty_83' <Predicate = true> <Delay = 7.30> <CoreInst = "m_axi">   --->   Core 123 'm_axi' <Latency = 9> <II = 1> <Delay = 1.76> <Adapter> <Opcode : 'read' 'write' 'readreq' 'writereq' 'writeresp'>

State 49 <SV = 48> <Delay = 7.30>
ST_49 : Operation 152 [26/74] (7.30ns)   --->   "%empty_83 = readreq i1 @_ssdm_op_ReadReq.m_axi.p1i512, i512 %gmem_l_addr, i64 %zext_ln237_1" [./flashattentionmemory.h:237]   --->   Operation 152 'readreq' 'empty_83' <Predicate = true> <Delay = 7.30> <CoreInst = "m_axi">   --->   Core 123 'm_axi' <Latency = 9> <II = 1> <Delay = 1.76> <Adapter> <Opcode : 'read' 'write' 'readreq' 'writereq' 'writeresp'>

State 50 <SV = 49> <Delay = 7.30>
ST_50 : Operation 153 [25/74] (7.30ns)   --->   "%empty_83 = readreq i1 @_ssdm_op_ReadReq.m_axi.p1i512, i512 %gmem_l_addr, i64 %zext_ln237_1" [./flashattentionmemory.h:237]   --->   Operation 153 'readreq' 'empty_83' <Predicate = true> <Delay = 7.30> <CoreInst = "m_axi">   --->   Core 123 'm_axi' <Latency = 9> <II = 1> <Delay = 1.76> <Adapter> <Opcode : 'read' 'write' 'readreq' 'writereq' 'writeresp'>

State 51 <SV = 50> <Delay = 7.30>
ST_51 : Operation 154 [24/74] (7.30ns)   --->   "%empty_83 = readreq i1 @_ssdm_op_ReadReq.m_axi.p1i512, i512 %gmem_l_addr, i64 %zext_ln237_1" [./flashattentionmemory.h:237]   --->   Operation 154 'readreq' 'empty_83' <Predicate = true> <Delay = 7.30> <CoreInst = "m_axi">   --->   Core 123 'm_axi' <Latency = 9> <II = 1> <Delay = 1.76> <Adapter> <Opcode : 'read' 'write' 'readreq' 'writereq' 'writeresp'>

State 52 <SV = 51> <Delay = 7.30>
ST_52 : Operation 155 [23/74] (7.30ns)   --->   "%empty_83 = readreq i1 @_ssdm_op_ReadReq.m_axi.p1i512, i512 %gmem_l_addr, i64 %zext_ln237_1" [./flashattentionmemory.h:237]   --->   Operation 155 'readreq' 'empty_83' <Predicate = true> <Delay = 7.30> <CoreInst = "m_axi">   --->   Core 123 'm_axi' <Latency = 9> <II = 1> <Delay = 1.76> <Adapter> <Opcode : 'read' 'write' 'readreq' 'writereq' 'writeresp'>

State 53 <SV = 52> <Delay = 7.30>
ST_53 : Operation 156 [22/74] (7.30ns)   --->   "%empty_83 = readreq i1 @_ssdm_op_ReadReq.m_axi.p1i512, i512 %gmem_l_addr, i64 %zext_ln237_1" [./flashattentionmemory.h:237]   --->   Operation 156 'readreq' 'empty_83' <Predicate = true> <Delay = 7.30> <CoreInst = "m_axi">   --->   Core 123 'm_axi' <Latency = 9> <II = 1> <Delay = 1.76> <Adapter> <Opcode : 'read' 'write' 'readreq' 'writereq' 'writeresp'>

State 54 <SV = 53> <Delay = 7.30>
ST_54 : Operation 157 [21/74] (7.30ns)   --->   "%empty_83 = readreq i1 @_ssdm_op_ReadReq.m_axi.p1i512, i512 %gmem_l_addr, i64 %zext_ln237_1" [./flashattentionmemory.h:237]   --->   Operation 157 'readreq' 'empty_83' <Predicate = true> <Delay = 7.30> <CoreInst = "m_axi">   --->   Core 123 'm_axi' <Latency = 9> <II = 1> <Delay = 1.76> <Adapter> <Opcode : 'read' 'write' 'readreq' 'writereq' 'writeresp'>

State 55 <SV = 54> <Delay = 7.30>
ST_55 : Operation 158 [20/74] (7.30ns)   --->   "%empty_83 = readreq i1 @_ssdm_op_ReadReq.m_axi.p1i512, i512 %gmem_l_addr, i64 %zext_ln237_1" [./flashattentionmemory.h:237]   --->   Operation 158 'readreq' 'empty_83' <Predicate = true> <Delay = 7.30> <CoreInst = "m_axi">   --->   Core 123 'm_axi' <Latency = 9> <II = 1> <Delay = 1.76> <Adapter> <Opcode : 'read' 'write' 'readreq' 'writereq' 'writeresp'>

State 56 <SV = 55> <Delay = 7.30>
ST_56 : Operation 159 [19/74] (7.30ns)   --->   "%empty_83 = readreq i1 @_ssdm_op_ReadReq.m_axi.p1i512, i512 %gmem_l_addr, i64 %zext_ln237_1" [./flashattentionmemory.h:237]   --->   Operation 159 'readreq' 'empty_83' <Predicate = true> <Delay = 7.30> <CoreInst = "m_axi">   --->   Core 123 'm_axi' <Latency = 9> <II = 1> <Delay = 1.76> <Adapter> <Opcode : 'read' 'write' 'readreq' 'writereq' 'writeresp'>

State 57 <SV = 56> <Delay = 7.30>
ST_57 : Operation 160 [18/74] (7.30ns)   --->   "%empty_83 = readreq i1 @_ssdm_op_ReadReq.m_axi.p1i512, i512 %gmem_l_addr, i64 %zext_ln237_1" [./flashattentionmemory.h:237]   --->   Operation 160 'readreq' 'empty_83' <Predicate = true> <Delay = 7.30> <CoreInst = "m_axi">   --->   Core 123 'm_axi' <Latency = 9> <II = 1> <Delay = 1.76> <Adapter> <Opcode : 'read' 'write' 'readreq' 'writereq' 'writeresp'>

State 58 <SV = 57> <Delay = 7.30>
ST_58 : Operation 161 [17/74] (7.30ns)   --->   "%empty_83 = readreq i1 @_ssdm_op_ReadReq.m_axi.p1i512, i512 %gmem_l_addr, i64 %zext_ln237_1" [./flashattentionmemory.h:237]   --->   Operation 161 'readreq' 'empty_83' <Predicate = true> <Delay = 7.30> <CoreInst = "m_axi">   --->   Core 123 'm_axi' <Latency = 9> <II = 1> <Delay = 1.76> <Adapter> <Opcode : 'read' 'write' 'readreq' 'writereq' 'writeresp'>

State 59 <SV = 58> <Delay = 7.30>
ST_59 : Operation 162 [16/74] (7.30ns)   --->   "%empty_83 = readreq i1 @_ssdm_op_ReadReq.m_axi.p1i512, i512 %gmem_l_addr, i64 %zext_ln237_1" [./flashattentionmemory.h:237]   --->   Operation 162 'readreq' 'empty_83' <Predicate = true> <Delay = 7.30> <CoreInst = "m_axi">   --->   Core 123 'm_axi' <Latency = 9> <II = 1> <Delay = 1.76> <Adapter> <Opcode : 'read' 'write' 'readreq' 'writereq' 'writeresp'>

State 60 <SV = 59> <Delay = 7.30>
ST_60 : Operation 163 [15/74] (7.30ns)   --->   "%empty_83 = readreq i1 @_ssdm_op_ReadReq.m_axi.p1i512, i512 %gmem_l_addr, i64 %zext_ln237_1" [./flashattentionmemory.h:237]   --->   Operation 163 'readreq' 'empty_83' <Predicate = true> <Delay = 7.30> <CoreInst = "m_axi">   --->   Core 123 'm_axi' <Latency = 9> <II = 1> <Delay = 1.76> <Adapter> <Opcode : 'read' 'write' 'readreq' 'writereq' 'writeresp'>

State 61 <SV = 60> <Delay = 7.30>
ST_61 : Operation 164 [14/74] (7.30ns)   --->   "%empty_83 = readreq i1 @_ssdm_op_ReadReq.m_axi.p1i512, i512 %gmem_l_addr, i64 %zext_ln237_1" [./flashattentionmemory.h:237]   --->   Operation 164 'readreq' 'empty_83' <Predicate = true> <Delay = 7.30> <CoreInst = "m_axi">   --->   Core 123 'm_axi' <Latency = 9> <II = 1> <Delay = 1.76> <Adapter> <Opcode : 'read' 'write' 'readreq' 'writereq' 'writeresp'>

State 62 <SV = 61> <Delay = 7.30>
ST_62 : Operation 165 [13/74] (7.30ns)   --->   "%empty_83 = readreq i1 @_ssdm_op_ReadReq.m_axi.p1i512, i512 %gmem_l_addr, i64 %zext_ln237_1" [./flashattentionmemory.h:237]   --->   Operation 165 'readreq' 'empty_83' <Predicate = true> <Delay = 7.30> <CoreInst = "m_axi">   --->   Core 123 'm_axi' <Latency = 9> <II = 1> <Delay = 1.76> <Adapter> <Opcode : 'read' 'write' 'readreq' 'writereq' 'writeresp'>

State 63 <SV = 62> <Delay = 7.30>
ST_63 : Operation 166 [12/74] (7.30ns)   --->   "%empty_83 = readreq i1 @_ssdm_op_ReadReq.m_axi.p1i512, i512 %gmem_l_addr, i64 %zext_ln237_1" [./flashattentionmemory.h:237]   --->   Operation 166 'readreq' 'empty_83' <Predicate = true> <Delay = 7.30> <CoreInst = "m_axi">   --->   Core 123 'm_axi' <Latency = 9> <II = 1> <Delay = 1.76> <Adapter> <Opcode : 'read' 'write' 'readreq' 'writereq' 'writeresp'>

State 64 <SV = 63> <Delay = 7.30>
ST_64 : Operation 167 [11/74] (7.30ns)   --->   "%empty_83 = readreq i1 @_ssdm_op_ReadReq.m_axi.p1i512, i512 %gmem_l_addr, i64 %zext_ln237_1" [./flashattentionmemory.h:237]   --->   Operation 167 'readreq' 'empty_83' <Predicate = true> <Delay = 7.30> <CoreInst = "m_axi">   --->   Core 123 'm_axi' <Latency = 9> <II = 1> <Delay = 1.76> <Adapter> <Opcode : 'read' 'write' 'readreq' 'writereq' 'writeresp'>

State 65 <SV = 64> <Delay = 7.30>
ST_65 : Operation 168 [10/74] (7.30ns)   --->   "%empty_83 = readreq i1 @_ssdm_op_ReadReq.m_axi.p1i512, i512 %gmem_l_addr, i64 %zext_ln237_1" [./flashattentionmemory.h:237]   --->   Operation 168 'readreq' 'empty_83' <Predicate = true> <Delay = 7.30> <CoreInst = "m_axi">   --->   Core 123 'm_axi' <Latency = 9> <II = 1> <Delay = 1.76> <Adapter> <Opcode : 'read' 'write' 'readreq' 'writereq' 'writeresp'>

State 66 <SV = 65> <Delay = 7.30>
ST_66 : Operation 169 [9/74] (7.30ns)   --->   "%empty_83 = readreq i1 @_ssdm_op_ReadReq.m_axi.p1i512, i512 %gmem_l_addr, i64 %zext_ln237_1" [./flashattentionmemory.h:237]   --->   Operation 169 'readreq' 'empty_83' <Predicate = true> <Delay = 7.30> <CoreInst = "m_axi">   --->   Core 123 'm_axi' <Latency = 9> <II = 1> <Delay = 1.76> <Adapter> <Opcode : 'read' 'write' 'readreq' 'writereq' 'writeresp'>

State 67 <SV = 66> <Delay = 7.30>
ST_67 : Operation 170 [8/74] (7.30ns)   --->   "%empty_83 = readreq i1 @_ssdm_op_ReadReq.m_axi.p1i512, i512 %gmem_l_addr, i64 %zext_ln237_1" [./flashattentionmemory.h:237]   --->   Operation 170 'readreq' 'empty_83' <Predicate = true> <Delay = 7.30> <CoreInst = "m_axi">   --->   Core 123 'm_axi' <Latency = 9> <II = 1> <Delay = 1.76> <Adapter> <Opcode : 'read' 'write' 'readreq' 'writereq' 'writeresp'>

State 68 <SV = 67> <Delay = 7.30>
ST_68 : Operation 171 [7/74] (7.30ns)   --->   "%empty_83 = readreq i1 @_ssdm_op_ReadReq.m_axi.p1i512, i512 %gmem_l_addr, i64 %zext_ln237_1" [./flashattentionmemory.h:237]   --->   Operation 171 'readreq' 'empty_83' <Predicate = true> <Delay = 7.30> <CoreInst = "m_axi">   --->   Core 123 'm_axi' <Latency = 9> <II = 1> <Delay = 1.76> <Adapter> <Opcode : 'read' 'write' 'readreq' 'writereq' 'writeresp'>

State 69 <SV = 68> <Delay = 7.30>
ST_69 : Operation 172 [6/74] (7.30ns)   --->   "%empty_83 = readreq i1 @_ssdm_op_ReadReq.m_axi.p1i512, i512 %gmem_l_addr, i64 %zext_ln237_1" [./flashattentionmemory.h:237]   --->   Operation 172 'readreq' 'empty_83' <Predicate = true> <Delay = 7.30> <CoreInst = "m_axi">   --->   Core 123 'm_axi' <Latency = 9> <II = 1> <Delay = 1.76> <Adapter> <Opcode : 'read' 'write' 'readreq' 'writereq' 'writeresp'>

State 70 <SV = 69> <Delay = 7.30>
ST_70 : Operation 173 [5/74] (7.30ns)   --->   "%empty_83 = readreq i1 @_ssdm_op_ReadReq.m_axi.p1i512, i512 %gmem_l_addr, i64 %zext_ln237_1" [./flashattentionmemory.h:237]   --->   Operation 173 'readreq' 'empty_83' <Predicate = true> <Delay = 7.30> <CoreInst = "m_axi">   --->   Core 123 'm_axi' <Latency = 9> <II = 1> <Delay = 1.76> <Adapter> <Opcode : 'read' 'write' 'readreq' 'writereq' 'writeresp'>

State 71 <SV = 70> <Delay = 7.30>
ST_71 : Operation 174 [4/74] (7.30ns)   --->   "%empty_83 = readreq i1 @_ssdm_op_ReadReq.m_axi.p1i512, i512 %gmem_l_addr, i64 %zext_ln237_1" [./flashattentionmemory.h:237]   --->   Operation 174 'readreq' 'empty_83' <Predicate = true> <Delay = 7.30> <CoreInst = "m_axi">   --->   Core 123 'm_axi' <Latency = 9> <II = 1> <Delay = 1.76> <Adapter> <Opcode : 'read' 'write' 'readreq' 'writereq' 'writeresp'>

State 72 <SV = 71> <Delay = 7.30>
ST_72 : Operation 175 [3/74] (7.30ns)   --->   "%empty_83 = readreq i1 @_ssdm_op_ReadReq.m_axi.p1i512, i512 %gmem_l_addr, i64 %zext_ln237_1" [./flashattentionmemory.h:237]   --->   Operation 175 'readreq' 'empty_83' <Predicate = true> <Delay = 7.30> <CoreInst = "m_axi">   --->   Core 123 'm_axi' <Latency = 9> <II = 1> <Delay = 1.76> <Adapter> <Opcode : 'read' 'write' 'readreq' 'writereq' 'writeresp'>

State 73 <SV = 72> <Delay = 7.30>
ST_73 : Operation 176 [2/74] (7.30ns)   --->   "%empty_83 = readreq i1 @_ssdm_op_ReadReq.m_axi.p1i512, i512 %gmem_l_addr, i64 %zext_ln237_1" [./flashattentionmemory.h:237]   --->   Operation 176 'readreq' 'empty_83' <Predicate = true> <Delay = 7.30> <CoreInst = "m_axi">   --->   Core 123 'm_axi' <Latency = 9> <II = 1> <Delay = 1.76> <Adapter> <Opcode : 'read' 'write' 'readreq' 'writereq' 'writeresp'>

State 74 <SV = 73> <Delay = 1.03>
ST_74 : Operation 177 [1/74] (1.03ns)   --->   "%empty_83 = readreq i1 @_ssdm_op_ReadReq.m_axi.p1i512, i512 %gmem_l_addr, i64 %zext_ln237_1" [./flashattentionmemory.h:237]   --->   Operation 177 'readreq' 'empty_83' <Predicate = true> <Delay = 1.03> <CoreInst = "m_axi">   --->   Core 123 'm_axi' <Latency = 9> <II = 1> <Delay = 1.76> <Adapter> <Opcode : 'read' 'write' 'readreq' 'writereq' 'writeresp'>

State 75 <SV = 74> <Delay = 1.10>
ST_75 : Operation 178 [2/2] (1.10ns)   --->   "%call_ln233 = call void @load_stats_fp32_Pipeline_LOAD_STATS, i32 %num_elements_read, i29 %total_beats, i512 %gmem_l, i58 %trunc_ln7, i32 %stats_63, i32 %stats_62, i32 %stats_61, i32 %stats_60, i32 %stats_59, i32 %stats_58, i32 %stats_57, i32 %stats_56, i32 %stats_55, i32 %stats_54, i32 %stats_53, i32 %stats_52, i32 %stats_51, i32 %stats_50, i32 %stats_49, i32 %stats_48, i32 %stats_47, i32 %stats_46, i32 %stats_45, i32 %stats_44, i32 %stats_43, i32 %stats_42, i32 %stats_41, i32 %stats_40, i32 %stats_39, i32 %stats_38, i32 %stats_37, i32 %stats_36, i32 %stats_35, i32 %stats_34, i32 %stats_33, i32 %stats_32, i32 %stats_31, i32 %stats_30, i32 %stats_29, i32 %stats_28, i32 %stats_27, i32 %stats_26, i32 %stats_25, i32 %stats_24, i32 %stats_23, i32 %stats_22, i32 %stats_21, i32 %stats_20, i32 %stats_19, i32 %stats_18, i32 %stats_17, i32 %stats_16, i32 %stats_15, i32 %stats_14, i32 %stats_13, i32 %stats_12, i32 %stats_11, i32 %stats_10, i32 %stats_9, i32 %stats_8, i32 %stats_7, i32 %stats_6, i32 %stats_5, i32 %stats_4, i32 %stats_3, i32 %stats_2, i32 %stats_1, i32 %stats_0" [./flashattentionmemory.h:233]   --->   Operation 178 'call' 'call_ln233' <Predicate = true> <Delay = 1.10> <CoreType = "Generic">   --->   Generic Core

State 76 <SV = 75> <Delay = 1.39>
ST_76 : Operation 179 [1/2] (1.39ns)   --->   "%call_ln233 = call void @load_stats_fp32_Pipeline_LOAD_STATS, i32 %num_elements_read, i29 %total_beats, i512 %gmem_l, i58 %trunc_ln7, i32 %stats_63, i32 %stats_62, i32 %stats_61, i32 %stats_60, i32 %stats_59, i32 %stats_58, i32 %stats_57, i32 %stats_56, i32 %stats_55, i32 %stats_54, i32 %stats_53, i32 %stats_52, i32 %stats_51, i32 %stats_50, i32 %stats_49, i32 %stats_48, i32 %stats_47, i32 %stats_46, i32 %stats_45, i32 %stats_44, i32 %stats_43, i32 %stats_42, i32 %stats_41, i32 %stats_40, i32 %stats_39, i32 %stats_38, i32 %stats_37, i32 %stats_36, i32 %stats_35, i32 %stats_34, i32 %stats_33, i32 %stats_32, i32 %stats_31, i32 %stats_30, i32 %stats_29, i32 %stats_28, i32 %stats_27, i32 %stats_26, i32 %stats_25, i32 %stats_24, i32 %stats_23, i32 %stats_22, i32 %stats_21, i32 %stats_20, i32 %stats_19, i32 %stats_18, i32 %stats_17, i32 %stats_16, i32 %stats_15, i32 %stats_14, i32 %stats_13, i32 %stats_12, i32 %stats_11, i32 %stats_10, i32 %stats_9, i32 %stats_8, i32 %stats_7, i32 %stats_6, i32 %stats_5, i32 %stats_4, i32 %stats_3, i32 %stats_2, i32 %stats_1, i32 %stats_0" [./flashattentionmemory.h:233]   --->   Operation 179 'call' 'call_ln233' <Predicate = true> <Delay = 1.39> <CoreType = "Generic">   --->   Generic Core

State 77 <SV = 76> <Delay = 0.46>
ST_77 : Operation 180 [2/2] (0.46ns)   --->   "%call_ln0 = call void @load_stats_fp32_Pipeline_VITIS_LOOP_254_2, i32 %num_elements_read, i32 %stats_63, i32 %stats_62, i32 %stats_61, i32 %stats_60, i32 %stats_59, i32 %stats_58, i32 %stats_57, i32 %stats_56, i32 %stats_55, i32 %stats_54, i32 %stats_53, i32 %stats_52, i32 %stats_51, i32 %stats_50, i32 %stats_49, i32 %stats_48, i32 %stats_47, i32 %stats_46, i32 %stats_45, i32 %stats_44, i32 %stats_43, i32 %stats_42, i32 %stats_41, i32 %stats_40, i32 %stats_39, i32 %stats_38, i32 %stats_37, i32 %stats_36, i32 %stats_35, i32 %stats_34, i32 %stats_33, i32 %stats_32, i32 %stats_31, i32 %stats_30, i32 %stats_29, i32 %stats_28, i32 %stats_27, i32 %stats_26, i32 %stats_25, i32 %stats_24, i32 %stats_23, i32 %stats_22, i32 %stats_21, i32 %stats_20, i32 %stats_19, i32 %stats_18, i32 %stats_17, i32 %stats_16, i32 %stats_15, i32 %stats_14, i32 %stats_13, i32 %stats_12, i32 %stats_11, i32 %stats_10, i32 %stats_9, i32 %stats_8, i32 %stats_7, i32 %stats_6, i32 %stats_5, i32 %stats_4, i32 %stats_3, i32 %stats_2, i32 %stats_1, i32 %stats_0"   --->   Operation 180 'call' 'call_ln0' <Predicate = true> <Delay = 0.46> <CoreType = "Generic">   --->   Generic Core

State 78 <SV = 77> <Delay = 1.04>
ST_78 : Operation 181 [1/1] (0.00ns)   --->   "%specinterface_ln0 = specinterface void @_ssdm_op_SpecInterface, i512 %gmem_l, void @empty_21, i32 0, i32 0, void @empty_27, i32 64, i32 4096, void @empty_33, void @empty_28, void @empty_27, i32 16, i32 4, i32 16, i32 16, void @empty_27, void @empty_27, i32 4294967295, i32 0, i32 0"   --->   Operation 181 'specinterface' 'specinterface_ln0' <Predicate = true> <Delay = 0.00>
ST_78 : Operation 182 [1/2] (1.04ns)   --->   "%call_ln0 = call void @load_stats_fp32_Pipeline_VITIS_LOOP_254_2, i32 %num_elements_read, i32 %stats_63, i32 %stats_62, i32 %stats_61, i32 %stats_60, i32 %stats_59, i32 %stats_58, i32 %stats_57, i32 %stats_56, i32 %stats_55, i32 %stats_54, i32 %stats_53, i32 %stats_52, i32 %stats_51, i32 %stats_50, i32 %stats_49, i32 %stats_48, i32 %stats_47, i32 %stats_46, i32 %stats_45, i32 %stats_44, i32 %stats_43, i32 %stats_42, i32 %stats_41, i32 %stats_40, i32 %stats_39, i32 %stats_38, i32 %stats_37, i32 %stats_36, i32 %stats_35, i32 %stats_34, i32 %stats_33, i32 %stats_32, i32 %stats_31, i32 %stats_30, i32 %stats_29, i32 %stats_28, i32 %stats_27, i32 %stats_26, i32 %stats_25, i32 %stats_24, i32 %stats_23, i32 %stats_22, i32 %stats_21, i32 %stats_20, i32 %stats_19, i32 %stats_18, i32 %stats_17, i32 %stats_16, i32 %stats_15, i32 %stats_14, i32 %stats_13, i32 %stats_12, i32 %stats_11, i32 %stats_10, i32 %stats_9, i32 %stats_8, i32 %stats_7, i32 %stats_6, i32 %stats_5, i32 %stats_4, i32 %stats_3, i32 %stats_2, i32 %stats_1, i32 %stats_0"   --->   Operation 182 'call' 'call_ln0' <Predicate = true> <Delay = 1.04> <CoreType = "Generic">   --->   Generic Core
ST_78 : Operation 183 [1/1] (0.00ns)   --->   "%ret_ln258 = ret" [./flashattentionmemory.h:258]   --->   Operation 183 'ret' 'ret_ln258' <Predicate = true> <Delay = 0.00>


============================================================
+ Verbose Summary: Timing violations
============================================================
Target clock period: 10.000ns, clock uncertainty: 2.700ns.

 <State 1>: 3.563ns
The critical path consists of the following:
	wire read operation ('num_elements_read') on port 'num_elements' [69]  (0.000 ns)
	'sub' operation 32 bit ('sub_ln233', ./flashattentionmemory.h:233) [75]  (0.850 ns)
	'sub' operation 29 bit ('sub_ln233_1', ./flashattentionmemory.h:233) [78]  (0.854 ns)
	'select' operation 29 bit ('total_beats', ./flashattentionmemory.h:233) [81]  (0.410 ns)
	'select' operation 29 bit ('empty', ./flashattentionmemory.h:237) [90]  (0.410 ns)
	'muxlogic' operation 1 bit ('muxLogicAXIMBurst_to_empty_83') [94]  (0.000 ns)
	bus request operation ('empty_83', ./flashattentionmemory.h:237) on port 'gmem_l' (./flashattentionmemory.h:237) [95]  (1.039 ns)

 <State 2>: 7.300ns
The critical path consists of the following:
	bus request operation ('empty_83', ./flashattentionmemory.h:237) on port 'gmem_l' (./flashattentionmemory.h:237) [95]  (7.300 ns)

 <State 3>: 7.300ns
The critical path consists of the following:
	bus request operation ('empty_83', ./flashattentionmemory.h:237) on port 'gmem_l' (./flashattentionmemory.h:237) [95]  (7.300 ns)

 <State 4>: 7.300ns
The critical path consists of the following:
	bus request operation ('empty_83', ./flashattentionmemory.h:237) on port 'gmem_l' (./flashattentionmemory.h:237) [95]  (7.300 ns)

 <State 5>: 7.300ns
The critical path consists of the following:
	bus request operation ('empty_83', ./flashattentionmemory.h:237) on port 'gmem_l' (./flashattentionmemory.h:237) [95]  (7.300 ns)

 <State 6>: 7.300ns
The critical path consists of the following:
	bus request operation ('empty_83', ./flashattentionmemory.h:237) on port 'gmem_l' (./flashattentionmemory.h:237) [95]  (7.300 ns)

 <State 7>: 7.300ns
The critical path consists of the following:
	bus request operation ('empty_83', ./flashattentionmemory.h:237) on port 'gmem_l' (./flashattentionmemory.h:237) [95]  (7.300 ns)

 <State 8>: 7.300ns
The critical path consists of the following:
	bus request operation ('empty_83', ./flashattentionmemory.h:237) on port 'gmem_l' (./flashattentionmemory.h:237) [95]  (7.300 ns)

 <State 9>: 7.300ns
The critical path consists of the following:
	bus request operation ('empty_83', ./flashattentionmemory.h:237) on port 'gmem_l' (./flashattentionmemory.h:237) [95]  (7.300 ns)

 <State 10>: 7.300ns
The critical path consists of the following:
	bus request operation ('empty_83', ./flashattentionmemory.h:237) on port 'gmem_l' (./flashattentionmemory.h:237) [95]  (7.300 ns)

 <State 11>: 7.300ns
The critical path consists of the following:
	bus request operation ('empty_83', ./flashattentionmemory.h:237) on port 'gmem_l' (./flashattentionmemory.h:237) [95]  (7.300 ns)

 <State 12>: 7.300ns
The critical path consists of the following:
	bus request operation ('empty_83', ./flashattentionmemory.h:237) on port 'gmem_l' (./flashattentionmemory.h:237) [95]  (7.300 ns)

 <State 13>: 7.300ns
The critical path consists of the following:
	bus request operation ('empty_83', ./flashattentionmemory.h:237) on port 'gmem_l' (./flashattentionmemory.h:237) [95]  (7.300 ns)

 <State 14>: 7.300ns
The critical path consists of the following:
	bus request operation ('empty_83', ./flashattentionmemory.h:237) on port 'gmem_l' (./flashattentionmemory.h:237) [95]  (7.300 ns)

 <State 15>: 7.300ns
The critical path consists of the following:
	bus request operation ('empty_83', ./flashattentionmemory.h:237) on port 'gmem_l' (./flashattentionmemory.h:237) [95]  (7.300 ns)

 <State 16>: 7.300ns
The critical path consists of the following:
	bus request operation ('empty_83', ./flashattentionmemory.h:237) on port 'gmem_l' (./flashattentionmemory.h:237) [95]  (7.300 ns)

 <State 17>: 7.300ns
The critical path consists of the following:
	bus request operation ('empty_83', ./flashattentionmemory.h:237) on port 'gmem_l' (./flashattentionmemory.h:237) [95]  (7.300 ns)

 <State 18>: 7.300ns
The critical path consists of the following:
	bus request operation ('empty_83', ./flashattentionmemory.h:237) on port 'gmem_l' (./flashattentionmemory.h:237) [95]  (7.300 ns)

 <State 19>: 7.300ns
The critical path consists of the following:
	bus request operation ('empty_83', ./flashattentionmemory.h:237) on port 'gmem_l' (./flashattentionmemory.h:237) [95]  (7.300 ns)

 <State 20>: 7.300ns
The critical path consists of the following:
	bus request operation ('empty_83', ./flashattentionmemory.h:237) on port 'gmem_l' (./flashattentionmemory.h:237) [95]  (7.300 ns)

 <State 21>: 7.300ns
The critical path consists of the following:
	bus request operation ('empty_83', ./flashattentionmemory.h:237) on port 'gmem_l' (./flashattentionmemory.h:237) [95]  (7.300 ns)

 <State 22>: 7.300ns
The critical path consists of the following:
	bus request operation ('empty_83', ./flashattentionmemory.h:237) on port 'gmem_l' (./flashattentionmemory.h:237) [95]  (7.300 ns)

 <State 23>: 7.300ns
The critical path consists of the following:
	bus request operation ('empty_83', ./flashattentionmemory.h:237) on port 'gmem_l' (./flashattentionmemory.h:237) [95]  (7.300 ns)

 <State 24>: 7.300ns
The critical path consists of the following:
	bus request operation ('empty_83', ./flashattentionmemory.h:237) on port 'gmem_l' (./flashattentionmemory.h:237) [95]  (7.300 ns)

 <State 25>: 7.300ns
The critical path consists of the following:
	bus request operation ('empty_83', ./flashattentionmemory.h:237) on port 'gmem_l' (./flashattentionmemory.h:237) [95]  (7.300 ns)

 <State 26>: 7.300ns
The critical path consists of the following:
	bus request operation ('empty_83', ./flashattentionmemory.h:237) on port 'gmem_l' (./flashattentionmemory.h:237) [95]  (7.300 ns)

 <State 27>: 7.300ns
The critical path consists of the following:
	bus request operation ('empty_83', ./flashattentionmemory.h:237) on port 'gmem_l' (./flashattentionmemory.h:237) [95]  (7.300 ns)

 <State 28>: 7.300ns
The critical path consists of the following:
	bus request operation ('empty_83', ./flashattentionmemory.h:237) on port 'gmem_l' (./flashattentionmemory.h:237) [95]  (7.300 ns)

 <State 29>: 7.300ns
The critical path consists of the following:
	bus request operation ('empty_83', ./flashattentionmemory.h:237) on port 'gmem_l' (./flashattentionmemory.h:237) [95]  (7.300 ns)

 <State 30>: 7.300ns
The critical path consists of the following:
	bus request operation ('empty_83', ./flashattentionmemory.h:237) on port 'gmem_l' (./flashattentionmemory.h:237) [95]  (7.300 ns)

 <State 31>: 7.300ns
The critical path consists of the following:
	bus request operation ('empty_83', ./flashattentionmemory.h:237) on port 'gmem_l' (./flashattentionmemory.h:237) [95]  (7.300 ns)

 <State 32>: 7.300ns
The critical path consists of the following:
	bus request operation ('empty_83', ./flashattentionmemory.h:237) on port 'gmem_l' (./flashattentionmemory.h:237) [95]  (7.300 ns)

 <State 33>: 7.300ns
The critical path consists of the following:
	bus request operation ('empty_83', ./flashattentionmemory.h:237) on port 'gmem_l' (./flashattentionmemory.h:237) [95]  (7.300 ns)

 <State 34>: 7.300ns
The critical path consists of the following:
	bus request operation ('empty_83', ./flashattentionmemory.h:237) on port 'gmem_l' (./flashattentionmemory.h:237) [95]  (7.300 ns)

 <State 35>: 7.300ns
The critical path consists of the following:
	bus request operation ('empty_83', ./flashattentionmemory.h:237) on port 'gmem_l' (./flashattentionmemory.h:237) [95]  (7.300 ns)

 <State 36>: 7.300ns
The critical path consists of the following:
	bus request operation ('empty_83', ./flashattentionmemory.h:237) on port 'gmem_l' (./flashattentionmemory.h:237) [95]  (7.300 ns)

 <State 37>: 7.300ns
The critical path consists of the following:
	bus request operation ('empty_83', ./flashattentionmemory.h:237) on port 'gmem_l' (./flashattentionmemory.h:237) [95]  (7.300 ns)

 <State 38>: 7.300ns
The critical path consists of the following:
	bus request operation ('empty_83', ./flashattentionmemory.h:237) on port 'gmem_l' (./flashattentionmemory.h:237) [95]  (7.300 ns)

 <State 39>: 7.300ns
The critical path consists of the following:
	bus request operation ('empty_83', ./flashattentionmemory.h:237) on port 'gmem_l' (./flashattentionmemory.h:237) [95]  (7.300 ns)

 <State 40>: 7.300ns
The critical path consists of the following:
	bus request operation ('empty_83', ./flashattentionmemory.h:237) on port 'gmem_l' (./flashattentionmemory.h:237) [95]  (7.300 ns)

 <State 41>: 7.300ns
The critical path consists of the following:
	bus request operation ('empty_83', ./flashattentionmemory.h:237) on port 'gmem_l' (./flashattentionmemory.h:237) [95]  (7.300 ns)

 <State 42>: 7.300ns
The critical path consists of the following:
	bus request operation ('empty_83', ./flashattentionmemory.h:237) on port 'gmem_l' (./flashattentionmemory.h:237) [95]  (7.300 ns)

 <State 43>: 7.300ns
The critical path consists of the following:
	bus request operation ('empty_83', ./flashattentionmemory.h:237) on port 'gmem_l' (./flashattentionmemory.h:237) [95]  (7.300 ns)

 <State 44>: 7.300ns
The critical path consists of the following:
	bus request operation ('empty_83', ./flashattentionmemory.h:237) on port 'gmem_l' (./flashattentionmemory.h:237) [95]  (7.300 ns)

 <State 45>: 7.300ns
The critical path consists of the following:
	bus request operation ('empty_83', ./flashattentionmemory.h:237) on port 'gmem_l' (./flashattentionmemory.h:237) [95]  (7.300 ns)

 <State 46>: 7.300ns
The critical path consists of the following:
	bus request operation ('empty_83', ./flashattentionmemory.h:237) on port 'gmem_l' (./flashattentionmemory.h:237) [95]  (7.300 ns)

 <State 47>: 7.300ns
The critical path consists of the following:
	bus request operation ('empty_83', ./flashattentionmemory.h:237) on port 'gmem_l' (./flashattentionmemory.h:237) [95]  (7.300 ns)

 <State 48>: 7.300ns
The critical path consists of the following:
	bus request operation ('empty_83', ./flashattentionmemory.h:237) on port 'gmem_l' (./flashattentionmemory.h:237) [95]  (7.300 ns)

 <State 49>: 7.300ns
The critical path consists of the following:
	bus request operation ('empty_83', ./flashattentionmemory.h:237) on port 'gmem_l' (./flashattentionmemory.h:237) [95]  (7.300 ns)

 <State 50>: 7.300ns
The critical path consists of the following:
	bus request operation ('empty_83', ./flashattentionmemory.h:237) on port 'gmem_l' (./flashattentionmemory.h:237) [95]  (7.300 ns)

 <State 51>: 7.300ns
The critical path consists of the following:
	bus request operation ('empty_83', ./flashattentionmemory.h:237) on port 'gmem_l' (./flashattentionmemory.h:237) [95]  (7.300 ns)

 <State 52>: 7.300ns
The critical path consists of the following:
	bus request operation ('empty_83', ./flashattentionmemory.h:237) on port 'gmem_l' (./flashattentionmemory.h:237) [95]  (7.300 ns)

 <State 53>: 7.300ns
The critical path consists of the following:
	bus request operation ('empty_83', ./flashattentionmemory.h:237) on port 'gmem_l' (./flashattentionmemory.h:237) [95]  (7.300 ns)

 <State 54>: 7.300ns
The critical path consists of the following:
	bus request operation ('empty_83', ./flashattentionmemory.h:237) on port 'gmem_l' (./flashattentionmemory.h:237) [95]  (7.300 ns)

 <State 55>: 7.300ns
The critical path consists of the following:
	bus request operation ('empty_83', ./flashattentionmemory.h:237) on port 'gmem_l' (./flashattentionmemory.h:237) [95]  (7.300 ns)

 <State 56>: 7.300ns
The critical path consists of the following:
	bus request operation ('empty_83', ./flashattentionmemory.h:237) on port 'gmem_l' (./flashattentionmemory.h:237) [95]  (7.300 ns)

 <State 57>: 7.300ns
The critical path consists of the following:
	bus request operation ('empty_83', ./flashattentionmemory.h:237) on port 'gmem_l' (./flashattentionmemory.h:237) [95]  (7.300 ns)

 <State 58>: 7.300ns
The critical path consists of the following:
	bus request operation ('empty_83', ./flashattentionmemory.h:237) on port 'gmem_l' (./flashattentionmemory.h:237) [95]  (7.300 ns)

 <State 59>: 7.300ns
The critical path consists of the following:
	bus request operation ('empty_83', ./flashattentionmemory.h:237) on port 'gmem_l' (./flashattentionmemory.h:237) [95]  (7.300 ns)

 <State 60>: 7.300ns
The critical path consists of the following:
	bus request operation ('empty_83', ./flashattentionmemory.h:237) on port 'gmem_l' (./flashattentionmemory.h:237) [95]  (7.300 ns)

 <State 61>: 7.300ns
The critical path consists of the following:
	bus request operation ('empty_83', ./flashattentionmemory.h:237) on port 'gmem_l' (./flashattentionmemory.h:237) [95]  (7.300 ns)

 <State 62>: 7.300ns
The critical path consists of the following:
	bus request operation ('empty_83', ./flashattentionmemory.h:237) on port 'gmem_l' (./flashattentionmemory.h:237) [95]  (7.300 ns)

 <State 63>: 7.300ns
The critical path consists of the following:
	bus request operation ('empty_83', ./flashattentionmemory.h:237) on port 'gmem_l' (./flashattentionmemory.h:237) [95]  (7.300 ns)

 <State 64>: 7.300ns
The critical path consists of the following:
	bus request operation ('empty_83', ./flashattentionmemory.h:237) on port 'gmem_l' (./flashattentionmemory.h:237) [95]  (7.300 ns)

 <State 65>: 7.300ns
The critical path consists of the following:
	bus request operation ('empty_83', ./flashattentionmemory.h:237) on port 'gmem_l' (./flashattentionmemory.h:237) [95]  (7.300 ns)

 <State 66>: 7.300ns
The critical path consists of the following:
	bus request operation ('empty_83', ./flashattentionmemory.h:237) on port 'gmem_l' (./flashattentionmemory.h:237) [95]  (7.300 ns)

 <State 67>: 7.300ns
The critical path consists of the following:
	bus request operation ('empty_83', ./flashattentionmemory.h:237) on port 'gmem_l' (./flashattentionmemory.h:237) [95]  (7.300 ns)

 <State 68>: 7.300ns
The critical path consists of the following:
	bus request operation ('empty_83', ./flashattentionmemory.h:237) on port 'gmem_l' (./flashattentionmemory.h:237) [95]  (7.300 ns)

 <State 69>: 7.300ns
The critical path consists of the following:
	bus request operation ('empty_83', ./flashattentionmemory.h:237) on port 'gmem_l' (./flashattentionmemory.h:237) [95]  (7.300 ns)

 <State 70>: 7.300ns
The critical path consists of the following:
	bus request operation ('empty_83', ./flashattentionmemory.h:237) on port 'gmem_l' (./flashattentionmemory.h:237) [95]  (7.300 ns)

 <State 71>: 7.300ns
The critical path consists of the following:
	bus request operation ('empty_83', ./flashattentionmemory.h:237) on port 'gmem_l' (./flashattentionmemory.h:237) [95]  (7.300 ns)

 <State 72>: 7.300ns
The critical path consists of the following:
	bus request operation ('empty_83', ./flashattentionmemory.h:237) on port 'gmem_l' (./flashattentionmemory.h:237) [95]  (7.300 ns)

 <State 73>: 7.300ns
The critical path consists of the following:
	bus request operation ('empty_83', ./flashattentionmemory.h:237) on port 'gmem_l' (./flashattentionmemory.h:237) [95]  (7.300 ns)

 <State 74>: 1.039ns
The critical path consists of the following:
	bus request operation ('empty_83', ./flashattentionmemory.h:237) on port 'gmem_l' (./flashattentionmemory.h:237) [95]  (1.039 ns)

 <State 75>: 1.108ns
The critical path consists of the following:
	'call' operation 0 bit ('call_ln233', ./flashattentionmemory.h:233) to 'load_stats_fp32_Pipeline_LOAD_STATS' [96]  (1.108 ns)

 <State 76>: 1.392ns
The critical path consists of the following:
	'call' operation 0 bit ('call_ln233', ./flashattentionmemory.h:233) to 'load_stats_fp32_Pipeline_LOAD_STATS' [96]  (1.392 ns)

 <State 77>: 0.460ns
The critical path consists of the following:
	'call' operation 0 bit ('call_ln0') to 'load_stats_fp32_Pipeline_VITIS_LOOP_254_2' [97]  (0.460 ns)

 <State 78>: 1.041ns
The critical path consists of the following:
	'call' operation 0 bit ('call_ln0') to 'load_stats_fp32_Pipeline_VITIS_LOOP_254_2' [97]  (1.041 ns)


============================================================
+ Verbose Summary: Binding
============================================================
N/A
* FSMD analyzer results:
  - Output states:
 - Input state : 
  - Chain level:
	State 1
	State 2
	State 3
	State 4
	State 5
	State 6
	State 7
	State 8
	State 9
	State 10
	State 11
	State 12
	State 13
	State 14
	State 15
	State 16
	State 17
	State 18
	State 19
	State 20
	State 21
	State 22
	State 23
	State 24
	State 25
	State 26
	State 27
	State 28
	State 29
	State 30
	State 31
	State 32
	State 33
	State 34
	State 35
	State 36
	State 37
	State 38
	State 39
	State 40
	State 41
	State 42
	State 43
	State 44
	State 45
	State 46
	State 47
	State 48
	State 49
	State 50
	State 51
	State 52
	State 53
	State 54
	State 55
	State 56
	State 57
	State 58
	State 59
	State 60
	State 61
	State 62
	State 63
	State 64
	State 65
	State 66
	State 67
	State 68
	State 69
	State 70
	State 71
	State 72
	State 73
	State 74
	State 75
	State 76
	State 77
	State 78


============================================================
+ Verbose Summary: Datapath Resource usage 
============================================================
N/A
