

================================================================
== Vitis HLS Report for 'load_stats_fp32_Pipeline_VITIS_LOOP_254_2'
================================================================
* Date:           Sun Mar 22 18:05:53 2026

* Version:        2025.1 (Build 6135595 on May 21 2025)
* Project:        FlashAtt1
* Solution:       hls (Vivado IP Flow Target)
* Product family: versalhbm
* Target device:  xcvh1582-lsva4737-2LHP-e-S


================================================================
== Performance Estimates
================================================================
+ Timing: 
    * Summary: 
    +--------+----------+----------+------------+
    |  Clock |  Target  | Estimated| Uncertainty|
    +--------+----------+----------+------------+
    |ap_clk  |  10.00 ns|  1.474 ns|     2.70 ns|
    +--------+----------+----------+------------+

+ Latency: 
    * Summary: 
    +---------+---------+----------+----------+-----+-----+------------------------------------------------+
    |  Latency (cycles) |  Latency (absolute) |  Interval |                    Pipeline                    |
    |   min   |   max   |    min   |    max   | min | max |                      Type                      |
    +---------+---------+----------+----------+-----+-----+------------------------------------------------+
    |        ?|        ?|         ?|         ?|    0|    0|  loop auto-rewind stp (delay=0 clock cycles(s))|
    +---------+---------+----------+----------+-----+-----+------------------------------------------------+

    + Detail: 
        * Instance: 
        N/A

        * Loop: 
        +--------------------+---------+---------+----------+-----------+-----------+------+----------+
        |                    |  Latency (cycles) | Iteration|  Initiation Interval  | Trip |          |
        |      Loop Name     |   min   |   max   |  Latency |  achieved |   target  | Count| Pipelined|
        +--------------------+---------+---------+----------+-----------+-----------+------+----------+
        |- VITIS_LOOP_254_2  |        ?|        ?|         1|          1|          1|     ?|       yes|
        +--------------------+---------+---------+----------+-----------+-----------+------+----------+

============================================================
+ Verbose Summary: Synthesis Manager
============================================================
InlineROM: 1
ExposeGlobal: 0
============================================================
+ Verbose Summary: CDFG Model
============================================================
IsTopModel: 0
ResetActiveHigh: 1
IsCombinational: 0
IsDatapathOnly: 0
HasWiredReturn: 1
HasMFsm: 2
HasVarLatency: 1
IsPipeline: 0
IsRtlPipelined: 0
IsInstanceOverlapped: 0
IsDontTouch: 0
HasImplIP: 0
IsGatedGlobalClock: 0

+ Individual pipeline summary: 
  * Pipeline-0: initiation interval (II) = 1, depth = 2


============================================================
+ Verbose Summary: Schedule
============================================================
* Number of FSM states : 2
* Pipeline : 1
  Pipeline-0 : II = 1, D = 2, States = { 1 2 }
* Dataflow Pipeline: 0

* FSM state transitions: 
1 --> 2 
2 --> 

* FSM state operations: 

State 1 <SV = 0> <Delay = 0.46>
ST_1 : Operation 4 [1/1] (0.00ns)   --->   "%i = alloca i32 1" [./flashattentionmemory.h:254]   --->   Operation 4 'alloca' 'i' <Predicate = true> <Delay = 0.00>
ST_1 : Operation 5 [1/1] (0.00ns)   --->   "%sext_ln237_read = read i32 @_ssdm_op_Read.ap_auto.i32, i32 %sext_ln237"   --->   Operation 5 'read' 'sext_ln237_read' <Predicate = true> <Delay = 0.00>
ST_1 : Operation 6 [1/1] (0.00ns)   --->   "%sext_ln237_cast = sext i32 %sext_ln237_read"   --->   Operation 6 'sext' 'sext_ln237_cast' <Predicate = true> <Delay = 0.00>
ST_1 : Operation 7 [1/1] (0.46ns)   --->   "%store_ln254 = store i64 %sext_ln237_cast, i64 %i" [./flashattentionmemory.h:254]   --->   Operation 7 'store' 'store_ln254' <Predicate = true> <Delay = 0.46>
ST_1 : Operation 8 [1/1] (0.00ns)   --->   "%br_ln0 = br void %for.inc22"   --->   Operation 8 'br' 'br_ln0' <Predicate = true> <Delay = 0.00>

State 2 <SV = 1> <Delay = 1.47>
ST_2 : Operation 9 [1/1] (0.00ns)   --->   "%i_5 = load i64 %i" [./flashattentionmemory.h:254]   --->   Operation 9 'load' 'i_5' <Predicate = true> <Delay = 0.00>
ST_2 : Operation 10 [1/1] (0.00ns)   --->   "%tmp = partselect i58 @_ssdm_op_PartSelect.i58.i64.i32.i32, i64 %i_5, i32 6, i32 63" [./flashattentionmemory.h:254]   --->   Operation 10 'partselect' 'tmp' <Predicate = true> <Delay = 0.00>
ST_2 : Operation 11 [1/1] (0.75ns)   --->   "%icmp_ln254 = icmp_slt  i58 %tmp, i58 1" [./flashattentionmemory.h:254]   --->   Operation 11 'icmp' 'icmp_ln254' <Predicate = true> <Delay = 0.75> <CoreInst = "Cmp">   --->   Core 9 'Cmp' <Latency = 0> <II = 1> <Delay = 0.75> <FuncUnit> <Opcode : 'setle' 'setge' 'setlt' 'setgt'> <InPorts = 2> <OutPorts = 1>
ST_2 : Operation 12 [1/1] (0.00ns)   --->   "%br_ln254 = br i1 %icmp_ln254, void %for.end24.exitStub, void %for.inc22.split" [./flashattentionmemory.h:254]   --->   Operation 12 'br' 'br_ln254' <Predicate = true> <Delay = 0.00>
ST_2 : Operation 13 [1/1] (0.00ns)   --->   "%specpipeline_ln254 = specpipeline void @_ssdm_op_SpecPipeline, i32 4294967295, i32 0, i32 0, i32 0, void @empty_27" [./flashattentionmemory.h:254]   --->   Operation 13 'specpipeline' 'specpipeline_ln254' <Predicate = (icmp_ln254)> <Delay = 0.00>
ST_2 : Operation 14 [1/1] (0.00ns)   --->   "%specloopname_ln254 = specloopname void @_ssdm_op_SpecLoopName, void @empty_24" [./flashattentionmemory.h:254]   --->   Operation 14 'specloopname' 'specloopname_ln254' <Predicate = (icmp_ln254)> <Delay = 0.00>
ST_2 : Operation 15 [1/1] (0.72ns)   --->   "%switch_ln256 = switch i64 %i_5, void %arrayidx212.exit, i64 0, void %arrayidx212.case.0, i64 1, void %arrayidx212.case.1, i64 2, void %arrayidx212.case.2, i64 3, void %arrayidx212.case.3, i64 4, void %arrayidx212.case.4, i64 5, void %arrayidx212.case.5, i64 6, void %arrayidx212.case.6, i64 7, void %arrayidx212.case.7, i64 8, void %arrayidx212.case.8, i64 9, void %arrayidx212.case.9, i64 10, void %arrayidx212.case.10, i64 11, void %arrayidx212.case.11, i64 12, void %arrayidx212.case.12, i64 13, void %arrayidx212.case.13, i64 14, void %arrayidx212.case.14, i64 15, void %arrayidx212.case.15, i64 16, void %arrayidx212.case.16, i64 17, void %arrayidx212.case.17, i64 18, void %arrayidx212.case.18, i64 19, void %arrayidx212.case.19, i64 20, void %arrayidx212.case.20, i64 21, void %arrayidx212.case.21, i64 22, void %arrayidx212.case.22, i64 23, void %arrayidx212.case.23, i64 24, void %arrayidx212.case.24, i64 25, void %arrayidx212.case.25, i64 26, void %arrayidx212.case.26, i64 27, void %arrayidx212.case.27, i64 28, void %arrayidx212.case.28, i64 29, void %arrayidx212.case.29, i64 30, void %arrayidx212.case.30, i64 31, void %arrayidx212.case.31, i64 32, void %arrayidx212.case.32, i64 33, void %arrayidx212.case.33, i64 34, void %arrayidx212.case.34, i64 35, void %arrayidx212.case.35, i64 36, void %arrayidx212.case.36, i64 37, void %arrayidx212.case.37, i64 38, void %arrayidx212.case.38, i64 39, void %arrayidx212.case.39, i64 40, void %arrayidx212.case.40, i64 41, void %arrayidx212.case.41, i64 42, void %arrayidx212.case.42, i64 43, void %arrayidx212.case.43, i64 44, void %arrayidx212.case.44, i64 45, void %arrayidx212.case.45, i64 46, void %arrayidx212.case.46, i64 47, void %arrayidx212.case.47, i64 48, void %arrayidx212.case.48, i64 49, void %arrayidx212.case.49, i64 50, void %arrayidx212.case.50, i64 51, void %arrayidx212.case.51, i64 52, void %arrayidx212.case.52, i64 53, void %arrayidx212.case.53, i64 54, void %arrayidx212.case.54, i64 55, void %arrayidx212.case.55, i64 56, void %arrayidx212.case.56, i64 57, void %arrayidx212.case.57, i64 58, void %arrayidx212.case.58, i64 59, void %arrayidx212.case.59, i64 60, void %arrayidx212.case.60, i64 61, void %arrayidx212.case.61, i64 62, void %arrayidx212.case.62, i64 63, void %arrayidx212.case.63" [./flashattentionmemory.h:256]   --->   Operation 15 'switch' 'switch_ln256' <Predicate = (icmp_ln254)> <Delay = 0.72>
ST_2 : Operation 16 [1/1] (0.00ns)   --->   "%write_ln256 = write void @_ssdm_op_Write.ap_auto.floatP0A, i32 %stats_63, i32 0" [./flashattentionmemory.h:256]   --->   Operation 16 'write' 'write_ln256' <Predicate = (icmp_ln254 & i_5 == 63)> <Delay = 0.00>
ST_2 : Operation 17 [1/1] (0.00ns)   --->   "%br_ln256 = br void %arrayidx212.exit" [./flashattentionmemory.h:256]   --->   Operation 17 'br' 'br_ln256' <Predicate = (icmp_ln254 & i_5 == 63)> <Delay = 0.00>
ST_2 : Operation 18 [1/1] (0.00ns)   --->   "%write_ln256 = write void @_ssdm_op_Write.ap_auto.floatP0A, i32 %stats_62, i32 0" [./flashattentionmemory.h:256]   --->   Operation 18 'write' 'write_ln256' <Predicate = (icmp_ln254 & i_5 == 62)> <Delay = 0.00>
ST_2 : Operation 19 [1/1] (0.00ns)   --->   "%br_ln256 = br void %arrayidx212.exit" [./flashattentionmemory.h:256]   --->   Operation 19 'br' 'br_ln256' <Predicate = (icmp_ln254 & i_5 == 62)> <Delay = 0.00>
ST_2 : Operation 20 [1/1] (0.00ns)   --->   "%write_ln256 = write void @_ssdm_op_Write.ap_auto.floatP0A, i32 %stats_61, i32 0" [./flashattentionmemory.h:256]   --->   Operation 20 'write' 'write_ln256' <Predicate = (icmp_ln254 & i_5 == 61)> <Delay = 0.00>
ST_2 : Operation 21 [1/1] (0.00ns)   --->   "%br_ln256 = br void %arrayidx212.exit" [./flashattentionmemory.h:256]   --->   Operation 21 'br' 'br_ln256' <Predicate = (icmp_ln254 & i_5 == 61)> <Delay = 0.00>
ST_2 : Operation 22 [1/1] (0.00ns)   --->   "%write_ln256 = write void @_ssdm_op_Write.ap_auto.floatP0A, i32 %stats_60, i32 0" [./flashattentionmemory.h:256]   --->   Operation 22 'write' 'write_ln256' <Predicate = (icmp_ln254 & i_5 == 60)> <Delay = 0.00>
ST_2 : Operation 23 [1/1] (0.00ns)   --->   "%br_ln256 = br void %arrayidx212.exit" [./flashattentionmemory.h:256]   --->   Operation 23 'br' 'br_ln256' <Predicate = (icmp_ln254 & i_5 == 60)> <Delay = 0.00>
ST_2 : Operation 24 [1/1] (0.00ns)   --->   "%write_ln256 = write void @_ssdm_op_Write.ap_auto.floatP0A, i32 %stats_59, i32 0" [./flashattentionmemory.h:256]   --->   Operation 24 'write' 'write_ln256' <Predicate = (icmp_ln254 & i_5 == 59)> <Delay = 0.00>
ST_2 : Operation 25 [1/1] (0.00ns)   --->   "%br_ln256 = br void %arrayidx212.exit" [./flashattentionmemory.h:256]   --->   Operation 25 'br' 'br_ln256' <Predicate = (icmp_ln254 & i_5 == 59)> <Delay = 0.00>
ST_2 : Operation 26 [1/1] (0.00ns)   --->   "%write_ln256 = write void @_ssdm_op_Write.ap_auto.floatP0A, i32 %stats_58, i32 0" [./flashattentionmemory.h:256]   --->   Operation 26 'write' 'write_ln256' <Predicate = (icmp_ln254 & i_5 == 58)> <Delay = 0.00>
ST_2 : Operation 27 [1/1] (0.00ns)   --->   "%br_ln256 = br void %arrayidx212.exit" [./flashattentionmemory.h:256]   --->   Operation 27 'br' 'br_ln256' <Predicate = (icmp_ln254 & i_5 == 58)> <Delay = 0.00>
ST_2 : Operation 28 [1/1] (0.00ns)   --->   "%write_ln256 = write void @_ssdm_op_Write.ap_auto.floatP0A, i32 %stats_57, i32 0" [./flashattentionmemory.h:256]   --->   Operation 28 'write' 'write_ln256' <Predicate = (icmp_ln254 & i_5 == 57)> <Delay = 0.00>
ST_2 : Operation 29 [1/1] (0.00ns)   --->   "%br_ln256 = br void %arrayidx212.exit" [./flashattentionmemory.h:256]   --->   Operation 29 'br' 'br_ln256' <Predicate = (icmp_ln254 & i_5 == 57)> <Delay = 0.00>
ST_2 : Operation 30 [1/1] (0.00ns)   --->   "%write_ln256 = write void @_ssdm_op_Write.ap_auto.floatP0A, i32 %stats_56, i32 0" [./flashattentionmemory.h:256]   --->   Operation 30 'write' 'write_ln256' <Predicate = (icmp_ln254 & i_5 == 56)> <Delay = 0.00>
ST_2 : Operation 31 [1/1] (0.00ns)   --->   "%br_ln256 = br void %arrayidx212.exit" [./flashattentionmemory.h:256]   --->   Operation 31 'br' 'br_ln256' <Predicate = (icmp_ln254 & i_5 == 56)> <Delay = 0.00>
ST_2 : Operation 32 [1/1] (0.00ns)   --->   "%write_ln256 = write void @_ssdm_op_Write.ap_auto.floatP0A, i32 %stats_55, i32 0" [./flashattentionmemory.h:256]   --->   Operation 32 'write' 'write_ln256' <Predicate = (icmp_ln254 & i_5 == 55)> <Delay = 0.00>
ST_2 : Operation 33 [1/1] (0.00ns)   --->   "%br_ln256 = br void %arrayidx212.exit" [./flashattentionmemory.h:256]   --->   Operation 33 'br' 'br_ln256' <Predicate = (icmp_ln254 & i_5 == 55)> <Delay = 0.00>
ST_2 : Operation 34 [1/1] (0.00ns)   --->   "%write_ln256 = write void @_ssdm_op_Write.ap_auto.floatP0A, i32 %stats_54, i32 0" [./flashattentionmemory.h:256]   --->   Operation 34 'write' 'write_ln256' <Predicate = (icmp_ln254 & i_5 == 54)> <Delay = 0.00>
ST_2 : Operation 35 [1/1] (0.00ns)   --->   "%br_ln256 = br void %arrayidx212.exit" [./flashattentionmemory.h:256]   --->   Operation 35 'br' 'br_ln256' <Predicate = (icmp_ln254 & i_5 == 54)> <Delay = 0.00>
ST_2 : Operation 36 [1/1] (0.00ns)   --->   "%write_ln256 = write void @_ssdm_op_Write.ap_auto.floatP0A, i32 %stats_53, i32 0" [./flashattentionmemory.h:256]   --->   Operation 36 'write' 'write_ln256' <Predicate = (icmp_ln254 & i_5 == 53)> <Delay = 0.00>
ST_2 : Operation 37 [1/1] (0.00ns)   --->   "%br_ln256 = br void %arrayidx212.exit" [./flashattentionmemory.h:256]   --->   Operation 37 'br' 'br_ln256' <Predicate = (icmp_ln254 & i_5 == 53)> <Delay = 0.00>
ST_2 : Operation 38 [1/1] (0.00ns)   --->   "%write_ln256 = write void @_ssdm_op_Write.ap_auto.floatP0A, i32 %stats_52, i32 0" [./flashattentionmemory.h:256]   --->   Operation 38 'write' 'write_ln256' <Predicate = (icmp_ln254 & i_5 == 52)> <Delay = 0.00>
ST_2 : Operation 39 [1/1] (0.00ns)   --->   "%br_ln256 = br void %arrayidx212.exit" [./flashattentionmemory.h:256]   --->   Operation 39 'br' 'br_ln256' <Predicate = (icmp_ln254 & i_5 == 52)> <Delay = 0.00>
ST_2 : Operation 40 [1/1] (0.00ns)   --->   "%write_ln256 = write void @_ssdm_op_Write.ap_auto.floatP0A, i32 %stats_51, i32 0" [./flashattentionmemory.h:256]   --->   Operation 40 'write' 'write_ln256' <Predicate = (icmp_ln254 & i_5 == 51)> <Delay = 0.00>
ST_2 : Operation 41 [1/1] (0.00ns)   --->   "%br_ln256 = br void %arrayidx212.exit" [./flashattentionmemory.h:256]   --->   Operation 41 'br' 'br_ln256' <Predicate = (icmp_ln254 & i_5 == 51)> <Delay = 0.00>
ST_2 : Operation 42 [1/1] (0.00ns)   --->   "%write_ln256 = write void @_ssdm_op_Write.ap_auto.floatP0A, i32 %stats_50, i32 0" [./flashattentionmemory.h:256]   --->   Operation 42 'write' 'write_ln256' <Predicate = (icmp_ln254 & i_5 == 50)> <Delay = 0.00>
ST_2 : Operation 43 [1/1] (0.00ns)   --->   "%br_ln256 = br void %arrayidx212.exit" [./flashattentionmemory.h:256]   --->   Operation 43 'br' 'br_ln256' <Predicate = (icmp_ln254 & i_5 == 50)> <Delay = 0.00>
ST_2 : Operation 44 [1/1] (0.00ns)   --->   "%write_ln256 = write void @_ssdm_op_Write.ap_auto.floatP0A, i32 %stats_49, i32 0" [./flashattentionmemory.h:256]   --->   Operation 44 'write' 'write_ln256' <Predicate = (icmp_ln254 & i_5 == 49)> <Delay = 0.00>
ST_2 : Operation 45 [1/1] (0.00ns)   --->   "%br_ln256 = br void %arrayidx212.exit" [./flashattentionmemory.h:256]   --->   Operation 45 'br' 'br_ln256' <Predicate = (icmp_ln254 & i_5 == 49)> <Delay = 0.00>
ST_2 : Operation 46 [1/1] (0.00ns)   --->   "%write_ln256 = write void @_ssdm_op_Write.ap_auto.floatP0A, i32 %stats_48, i32 0" [./flashattentionmemory.h:256]   --->   Operation 46 'write' 'write_ln256' <Predicate = (icmp_ln254 & i_5 == 48)> <Delay = 0.00>
ST_2 : Operation 47 [1/1] (0.00ns)   --->   "%br_ln256 = br void %arrayidx212.exit" [./flashattentionmemory.h:256]   --->   Operation 47 'br' 'br_ln256' <Predicate = (icmp_ln254 & i_5 == 48)> <Delay = 0.00>
ST_2 : Operation 48 [1/1] (0.00ns)   --->   "%write_ln256 = write void @_ssdm_op_Write.ap_auto.floatP0A, i32 %stats_47, i32 0" [./flashattentionmemory.h:256]   --->   Operation 48 'write' 'write_ln256' <Predicate = (icmp_ln254 & i_5 == 47)> <Delay = 0.00>
ST_2 : Operation 49 [1/1] (0.00ns)   --->   "%br_ln256 = br void %arrayidx212.exit" [./flashattentionmemory.h:256]   --->   Operation 49 'br' 'br_ln256' <Predicate = (icmp_ln254 & i_5 == 47)> <Delay = 0.00>
ST_2 : Operation 50 [1/1] (0.00ns)   --->   "%write_ln256 = write void @_ssdm_op_Write.ap_auto.floatP0A, i32 %stats_46, i32 0" [./flashattentionmemory.h:256]   --->   Operation 50 'write' 'write_ln256' <Predicate = (icmp_ln254 & i_5 == 46)> <Delay = 0.00>
ST_2 : Operation 51 [1/1] (0.00ns)   --->   "%br_ln256 = br void %arrayidx212.exit" [./flashattentionmemory.h:256]   --->   Operation 51 'br' 'br_ln256' <Predicate = (icmp_ln254 & i_5 == 46)> <Delay = 0.00>
ST_2 : Operation 52 [1/1] (0.00ns)   --->   "%write_ln256 = write void @_ssdm_op_Write.ap_auto.floatP0A, i32 %stats_45, i32 0" [./flashattentionmemory.h:256]   --->   Operation 52 'write' 'write_ln256' <Predicate = (icmp_ln254 & i_5 == 45)> <Delay = 0.00>
ST_2 : Operation 53 [1/1] (0.00ns)   --->   "%br_ln256 = br void %arrayidx212.exit" [./flashattentionmemory.h:256]   --->   Operation 53 'br' 'br_ln256' <Predicate = (icmp_ln254 & i_5 == 45)> <Delay = 0.00>
ST_2 : Operation 54 [1/1] (0.00ns)   --->   "%write_ln256 = write void @_ssdm_op_Write.ap_auto.floatP0A, i32 %stats_44, i32 0" [./flashattentionmemory.h:256]   --->   Operation 54 'write' 'write_ln256' <Predicate = (icmp_ln254 & i_5 == 44)> <Delay = 0.00>
ST_2 : Operation 55 [1/1] (0.00ns)   --->   "%br_ln256 = br void %arrayidx212.exit" [./flashattentionmemory.h:256]   --->   Operation 55 'br' 'br_ln256' <Predicate = (icmp_ln254 & i_5 == 44)> <Delay = 0.00>
ST_2 : Operation 56 [1/1] (0.00ns)   --->   "%write_ln256 = write void @_ssdm_op_Write.ap_auto.floatP0A, i32 %stats_43, i32 0" [./flashattentionmemory.h:256]   --->   Operation 56 'write' 'write_ln256' <Predicate = (icmp_ln254 & i_5 == 43)> <Delay = 0.00>
ST_2 : Operation 57 [1/1] (0.00ns)   --->   "%br_ln256 = br void %arrayidx212.exit" [./flashattentionmemory.h:256]   --->   Operation 57 'br' 'br_ln256' <Predicate = (icmp_ln254 & i_5 == 43)> <Delay = 0.00>
ST_2 : Operation 58 [1/1] (0.00ns)   --->   "%write_ln256 = write void @_ssdm_op_Write.ap_auto.floatP0A, i32 %stats_42, i32 0" [./flashattentionmemory.h:256]   --->   Operation 58 'write' 'write_ln256' <Predicate = (icmp_ln254 & i_5 == 42)> <Delay = 0.00>
ST_2 : Operation 59 [1/1] (0.00ns)   --->   "%br_ln256 = br void %arrayidx212.exit" [./flashattentionmemory.h:256]   --->   Operation 59 'br' 'br_ln256' <Predicate = (icmp_ln254 & i_5 == 42)> <Delay = 0.00>
ST_2 : Operation 60 [1/1] (0.00ns)   --->   "%write_ln256 = write void @_ssdm_op_Write.ap_auto.floatP0A, i32 %stats_41, i32 0" [./flashattentionmemory.h:256]   --->   Operation 60 'write' 'write_ln256' <Predicate = (icmp_ln254 & i_5 == 41)> <Delay = 0.00>
ST_2 : Operation 61 [1/1] (0.00ns)   --->   "%br_ln256 = br void %arrayidx212.exit" [./flashattentionmemory.h:256]   --->   Operation 61 'br' 'br_ln256' <Predicate = (icmp_ln254 & i_5 == 41)> <Delay = 0.00>
ST_2 : Operation 62 [1/1] (0.00ns)   --->   "%write_ln256 = write void @_ssdm_op_Write.ap_auto.floatP0A, i32 %stats_40, i32 0" [./flashattentionmemory.h:256]   --->   Operation 62 'write' 'write_ln256' <Predicate = (icmp_ln254 & i_5 == 40)> <Delay = 0.00>
ST_2 : Operation 63 [1/1] (0.00ns)   --->   "%br_ln256 = br void %arrayidx212.exit" [./flashattentionmemory.h:256]   --->   Operation 63 'br' 'br_ln256' <Predicate = (icmp_ln254 & i_5 == 40)> <Delay = 0.00>
ST_2 : Operation 64 [1/1] (0.00ns)   --->   "%write_ln256 = write void @_ssdm_op_Write.ap_auto.floatP0A, i32 %stats_39, i32 0" [./flashattentionmemory.h:256]   --->   Operation 64 'write' 'write_ln256' <Predicate = (icmp_ln254 & i_5 == 39)> <Delay = 0.00>
ST_2 : Operation 65 [1/1] (0.00ns)   --->   "%br_ln256 = br void %arrayidx212.exit" [./flashattentionmemory.h:256]   --->   Operation 65 'br' 'br_ln256' <Predicate = (icmp_ln254 & i_5 == 39)> <Delay = 0.00>
ST_2 : Operation 66 [1/1] (0.00ns)   --->   "%write_ln256 = write void @_ssdm_op_Write.ap_auto.floatP0A, i32 %stats_38, i32 0" [./flashattentionmemory.h:256]   --->   Operation 66 'write' 'write_ln256' <Predicate = (icmp_ln254 & i_5 == 38)> <Delay = 0.00>
ST_2 : Operation 67 [1/1] (0.00ns)   --->   "%br_ln256 = br void %arrayidx212.exit" [./flashattentionmemory.h:256]   --->   Operation 67 'br' 'br_ln256' <Predicate = (icmp_ln254 & i_5 == 38)> <Delay = 0.00>
ST_2 : Operation 68 [1/1] (0.00ns)   --->   "%write_ln256 = write void @_ssdm_op_Write.ap_auto.floatP0A, i32 %stats_37, i32 0" [./flashattentionmemory.h:256]   --->   Operation 68 'write' 'write_ln256' <Predicate = (icmp_ln254 & i_5 == 37)> <Delay = 0.00>
ST_2 : Operation 69 [1/1] (0.00ns)   --->   "%br_ln256 = br void %arrayidx212.exit" [./flashattentionmemory.h:256]   --->   Operation 69 'br' 'br_ln256' <Predicate = (icmp_ln254 & i_5 == 37)> <Delay = 0.00>
ST_2 : Operation 70 [1/1] (0.00ns)   --->   "%write_ln256 = write void @_ssdm_op_Write.ap_auto.floatP0A, i32 %stats_36, i32 0" [./flashattentionmemory.h:256]   --->   Operation 70 'write' 'write_ln256' <Predicate = (icmp_ln254 & i_5 == 36)> <Delay = 0.00>
ST_2 : Operation 71 [1/1] (0.00ns)   --->   "%br_ln256 = br void %arrayidx212.exit" [./flashattentionmemory.h:256]   --->   Operation 71 'br' 'br_ln256' <Predicate = (icmp_ln254 & i_5 == 36)> <Delay = 0.00>
ST_2 : Operation 72 [1/1] (0.00ns)   --->   "%write_ln256 = write void @_ssdm_op_Write.ap_auto.floatP0A, i32 %stats_35, i32 0" [./flashattentionmemory.h:256]   --->   Operation 72 'write' 'write_ln256' <Predicate = (icmp_ln254 & i_5 == 35)> <Delay = 0.00>
ST_2 : Operation 73 [1/1] (0.00ns)   --->   "%br_ln256 = br void %arrayidx212.exit" [./flashattentionmemory.h:256]   --->   Operation 73 'br' 'br_ln256' <Predicate = (icmp_ln254 & i_5 == 35)> <Delay = 0.00>
ST_2 : Operation 74 [1/1] (0.00ns)   --->   "%write_ln256 = write void @_ssdm_op_Write.ap_auto.floatP0A, i32 %stats_34, i32 0" [./flashattentionmemory.h:256]   --->   Operation 74 'write' 'write_ln256' <Predicate = (icmp_ln254 & i_5 == 34)> <Delay = 0.00>
ST_2 : Operation 75 [1/1] (0.00ns)   --->   "%br_ln256 = br void %arrayidx212.exit" [./flashattentionmemory.h:256]   --->   Operation 75 'br' 'br_ln256' <Predicate = (icmp_ln254 & i_5 == 34)> <Delay = 0.00>
ST_2 : Operation 76 [1/1] (0.00ns)   --->   "%write_ln256 = write void @_ssdm_op_Write.ap_auto.floatP0A, i32 %stats_33, i32 0" [./flashattentionmemory.h:256]   --->   Operation 76 'write' 'write_ln256' <Predicate = (icmp_ln254 & i_5 == 33)> <Delay = 0.00>
ST_2 : Operation 77 [1/1] (0.00ns)   --->   "%br_ln256 = br void %arrayidx212.exit" [./flashattentionmemory.h:256]   --->   Operation 77 'br' 'br_ln256' <Predicate = (icmp_ln254 & i_5 == 33)> <Delay = 0.00>
ST_2 : Operation 78 [1/1] (0.00ns)   --->   "%write_ln256 = write void @_ssdm_op_Write.ap_auto.floatP0A, i32 %stats_32, i32 0" [./flashattentionmemory.h:256]   --->   Operation 78 'write' 'write_ln256' <Predicate = (icmp_ln254 & i_5 == 32)> <Delay = 0.00>
ST_2 : Operation 79 [1/1] (0.00ns)   --->   "%br_ln256 = br void %arrayidx212.exit" [./flashattentionmemory.h:256]   --->   Operation 79 'br' 'br_ln256' <Predicate = (icmp_ln254 & i_5 == 32)> <Delay = 0.00>
ST_2 : Operation 80 [1/1] (0.00ns)   --->   "%write_ln256 = write void @_ssdm_op_Write.ap_auto.floatP0A, i32 %stats_31, i32 0" [./flashattentionmemory.h:256]   --->   Operation 80 'write' 'write_ln256' <Predicate = (icmp_ln254 & i_5 == 31)> <Delay = 0.00>
ST_2 : Operation 81 [1/1] (0.00ns)   --->   "%br_ln256 = br void %arrayidx212.exit" [./flashattentionmemory.h:256]   --->   Operation 81 'br' 'br_ln256' <Predicate = (icmp_ln254 & i_5 == 31)> <Delay = 0.00>
ST_2 : Operation 82 [1/1] (0.00ns)   --->   "%write_ln256 = write void @_ssdm_op_Write.ap_auto.floatP0A, i32 %stats_30, i32 0" [./flashattentionmemory.h:256]   --->   Operation 82 'write' 'write_ln256' <Predicate = (icmp_ln254 & i_5 == 30)> <Delay = 0.00>
ST_2 : Operation 83 [1/1] (0.00ns)   --->   "%br_ln256 = br void %arrayidx212.exit" [./flashattentionmemory.h:256]   --->   Operation 83 'br' 'br_ln256' <Predicate = (icmp_ln254 & i_5 == 30)> <Delay = 0.00>
ST_2 : Operation 84 [1/1] (0.00ns)   --->   "%write_ln256 = write void @_ssdm_op_Write.ap_auto.floatP0A, i32 %stats_29, i32 0" [./flashattentionmemory.h:256]   --->   Operation 84 'write' 'write_ln256' <Predicate = (icmp_ln254 & i_5 == 29)> <Delay = 0.00>
ST_2 : Operation 85 [1/1] (0.00ns)   --->   "%br_ln256 = br void %arrayidx212.exit" [./flashattentionmemory.h:256]   --->   Operation 85 'br' 'br_ln256' <Predicate = (icmp_ln254 & i_5 == 29)> <Delay = 0.00>
ST_2 : Operation 86 [1/1] (0.00ns)   --->   "%write_ln256 = write void @_ssdm_op_Write.ap_auto.floatP0A, i32 %stats_28, i32 0" [./flashattentionmemory.h:256]   --->   Operation 86 'write' 'write_ln256' <Predicate = (icmp_ln254 & i_5 == 28)> <Delay = 0.00>
ST_2 : Operation 87 [1/1] (0.00ns)   --->   "%br_ln256 = br void %arrayidx212.exit" [./flashattentionmemory.h:256]   --->   Operation 87 'br' 'br_ln256' <Predicate = (icmp_ln254 & i_5 == 28)> <Delay = 0.00>
ST_2 : Operation 88 [1/1] (0.00ns)   --->   "%write_ln256 = write void @_ssdm_op_Write.ap_auto.floatP0A, i32 %stats_27, i32 0" [./flashattentionmemory.h:256]   --->   Operation 88 'write' 'write_ln256' <Predicate = (icmp_ln254 & i_5 == 27)> <Delay = 0.00>
ST_2 : Operation 89 [1/1] (0.00ns)   --->   "%br_ln256 = br void %arrayidx212.exit" [./flashattentionmemory.h:256]   --->   Operation 89 'br' 'br_ln256' <Predicate = (icmp_ln254 & i_5 == 27)> <Delay = 0.00>
ST_2 : Operation 90 [1/1] (0.00ns)   --->   "%write_ln256 = write void @_ssdm_op_Write.ap_auto.floatP0A, i32 %stats_26, i32 0" [./flashattentionmemory.h:256]   --->   Operation 90 'write' 'write_ln256' <Predicate = (icmp_ln254 & i_5 == 26)> <Delay = 0.00>
ST_2 : Operation 91 [1/1] (0.00ns)   --->   "%br_ln256 = br void %arrayidx212.exit" [./flashattentionmemory.h:256]   --->   Operation 91 'br' 'br_ln256' <Predicate = (icmp_ln254 & i_5 == 26)> <Delay = 0.00>
ST_2 : Operation 92 [1/1] (0.00ns)   --->   "%write_ln256 = write void @_ssdm_op_Write.ap_auto.floatP0A, i32 %stats_25, i32 0" [./flashattentionmemory.h:256]   --->   Operation 92 'write' 'write_ln256' <Predicate = (icmp_ln254 & i_5 == 25)> <Delay = 0.00>
ST_2 : Operation 93 [1/1] (0.00ns)   --->   "%br_ln256 = br void %arrayidx212.exit" [./flashattentionmemory.h:256]   --->   Operation 93 'br' 'br_ln256' <Predicate = (icmp_ln254 & i_5 == 25)> <Delay = 0.00>
ST_2 : Operation 94 [1/1] (0.00ns)   --->   "%write_ln256 = write void @_ssdm_op_Write.ap_auto.floatP0A, i32 %stats_24, i32 0" [./flashattentionmemory.h:256]   --->   Operation 94 'write' 'write_ln256' <Predicate = (icmp_ln254 & i_5 == 24)> <Delay = 0.00>
ST_2 : Operation 95 [1/1] (0.00ns)   --->   "%br_ln256 = br void %arrayidx212.exit" [./flashattentionmemory.h:256]   --->   Operation 95 'br' 'br_ln256' <Predicate = (icmp_ln254 & i_5 == 24)> <Delay = 0.00>
ST_2 : Operation 96 [1/1] (0.00ns)   --->   "%write_ln256 = write void @_ssdm_op_Write.ap_auto.floatP0A, i32 %stats_23, i32 0" [./flashattentionmemory.h:256]   --->   Operation 96 'write' 'write_ln256' <Predicate = (icmp_ln254 & i_5 == 23)> <Delay = 0.00>
ST_2 : Operation 97 [1/1] (0.00ns)   --->   "%br_ln256 = br void %arrayidx212.exit" [./flashattentionmemory.h:256]   --->   Operation 97 'br' 'br_ln256' <Predicate = (icmp_ln254 & i_5 == 23)> <Delay = 0.00>
ST_2 : Operation 98 [1/1] (0.00ns)   --->   "%write_ln256 = write void @_ssdm_op_Write.ap_auto.floatP0A, i32 %stats_22, i32 0" [./flashattentionmemory.h:256]   --->   Operation 98 'write' 'write_ln256' <Predicate = (icmp_ln254 & i_5 == 22)> <Delay = 0.00>
ST_2 : Operation 99 [1/1] (0.00ns)   --->   "%br_ln256 = br void %arrayidx212.exit" [./flashattentionmemory.h:256]   --->   Operation 99 'br' 'br_ln256' <Predicate = (icmp_ln254 & i_5 == 22)> <Delay = 0.00>
ST_2 : Operation 100 [1/1] (0.00ns)   --->   "%write_ln256 = write void @_ssdm_op_Write.ap_auto.floatP0A, i32 %stats_21, i32 0" [./flashattentionmemory.h:256]   --->   Operation 100 'write' 'write_ln256' <Predicate = (icmp_ln254 & i_5 == 21)> <Delay = 0.00>
ST_2 : Operation 101 [1/1] (0.00ns)   --->   "%br_ln256 = br void %arrayidx212.exit" [./flashattentionmemory.h:256]   --->   Operation 101 'br' 'br_ln256' <Predicate = (icmp_ln254 & i_5 == 21)> <Delay = 0.00>
ST_2 : Operation 102 [1/1] (0.00ns)   --->   "%write_ln256 = write void @_ssdm_op_Write.ap_auto.floatP0A, i32 %stats_20, i32 0" [./flashattentionmemory.h:256]   --->   Operation 102 'write' 'write_ln256' <Predicate = (icmp_ln254 & i_5 == 20)> <Delay = 0.00>
ST_2 : Operation 103 [1/1] (0.00ns)   --->   "%br_ln256 = br void %arrayidx212.exit" [./flashattentionmemory.h:256]   --->   Operation 103 'br' 'br_ln256' <Predicate = (icmp_ln254 & i_5 == 20)> <Delay = 0.00>
ST_2 : Operation 104 [1/1] (0.00ns)   --->   "%write_ln256 = write void @_ssdm_op_Write.ap_auto.floatP0A, i32 %stats_19, i32 0" [./flashattentionmemory.h:256]   --->   Operation 104 'write' 'write_ln256' <Predicate = (icmp_ln254 & i_5 == 19)> <Delay = 0.00>
ST_2 : Operation 105 [1/1] (0.00ns)   --->   "%br_ln256 = br void %arrayidx212.exit" [./flashattentionmemory.h:256]   --->   Operation 105 'br' 'br_ln256' <Predicate = (icmp_ln254 & i_5 == 19)> <Delay = 0.00>
ST_2 : Operation 106 [1/1] (0.00ns)   --->   "%write_ln256 = write void @_ssdm_op_Write.ap_auto.floatP0A, i32 %stats_18, i32 0" [./flashattentionmemory.h:256]   --->   Operation 106 'write' 'write_ln256' <Predicate = (icmp_ln254 & i_5 == 18)> <Delay = 0.00>
ST_2 : Operation 107 [1/1] (0.00ns)   --->   "%br_ln256 = br void %arrayidx212.exit" [./flashattentionmemory.h:256]   --->   Operation 107 'br' 'br_ln256' <Predicate = (icmp_ln254 & i_5 == 18)> <Delay = 0.00>
ST_2 : Operation 108 [1/1] (0.00ns)   --->   "%write_ln256 = write void @_ssdm_op_Write.ap_auto.floatP0A, i32 %stats_17, i32 0" [./flashattentionmemory.h:256]   --->   Operation 108 'write' 'write_ln256' <Predicate = (icmp_ln254 & i_5 == 17)> <Delay = 0.00>
ST_2 : Operation 109 [1/1] (0.00ns)   --->   "%br_ln256 = br void %arrayidx212.exit" [./flashattentionmemory.h:256]   --->   Operation 109 'br' 'br_ln256' <Predicate = (icmp_ln254 & i_5 == 17)> <Delay = 0.00>
ST_2 : Operation 110 [1/1] (0.00ns)   --->   "%write_ln256 = write void @_ssdm_op_Write.ap_auto.floatP0A, i32 %stats_16, i32 0" [./flashattentionmemory.h:256]   --->   Operation 110 'write' 'write_ln256' <Predicate = (icmp_ln254 & i_5 == 16)> <Delay = 0.00>
ST_2 : Operation 111 [1/1] (0.00ns)   --->   "%br_ln256 = br void %arrayidx212.exit" [./flashattentionmemory.h:256]   --->   Operation 111 'br' 'br_ln256' <Predicate = (icmp_ln254 & i_5 == 16)> <Delay = 0.00>
ST_2 : Operation 112 [1/1] (0.00ns)   --->   "%write_ln256 = write void @_ssdm_op_Write.ap_auto.floatP0A, i32 %stats_15, i32 0" [./flashattentionmemory.h:256]   --->   Operation 112 'write' 'write_ln256' <Predicate = (icmp_ln254 & i_5 == 15)> <Delay = 0.00>
ST_2 : Operation 113 [1/1] (0.00ns)   --->   "%br_ln256 = br void %arrayidx212.exit" [./flashattentionmemory.h:256]   --->   Operation 113 'br' 'br_ln256' <Predicate = (icmp_ln254 & i_5 == 15)> <Delay = 0.00>
ST_2 : Operation 114 [1/1] (0.00ns)   --->   "%write_ln256 = write void @_ssdm_op_Write.ap_auto.floatP0A, i32 %stats_14, i32 0" [./flashattentionmemory.h:256]   --->   Operation 114 'write' 'write_ln256' <Predicate = (icmp_ln254 & i_5 == 14)> <Delay = 0.00>
ST_2 : Operation 115 [1/1] (0.00ns)   --->   "%br_ln256 = br void %arrayidx212.exit" [./flashattentionmemory.h:256]   --->   Operation 115 'br' 'br_ln256' <Predicate = (icmp_ln254 & i_5 == 14)> <Delay = 0.00>
ST_2 : Operation 116 [1/1] (0.00ns)   --->   "%write_ln256 = write void @_ssdm_op_Write.ap_auto.floatP0A, i32 %stats_13, i32 0" [./flashattentionmemory.h:256]   --->   Operation 116 'write' 'write_ln256' <Predicate = (icmp_ln254 & i_5 == 13)> <Delay = 0.00>
ST_2 : Operation 117 [1/1] (0.00ns)   --->   "%br_ln256 = br void %arrayidx212.exit" [./flashattentionmemory.h:256]   --->   Operation 117 'br' 'br_ln256' <Predicate = (icmp_ln254 & i_5 == 13)> <Delay = 0.00>
ST_2 : Operation 118 [1/1] (0.00ns)   --->   "%write_ln256 = write void @_ssdm_op_Write.ap_auto.floatP0A, i32 %stats_12, i32 0" [./flashattentionmemory.h:256]   --->   Operation 118 'write' 'write_ln256' <Predicate = (icmp_ln254 & i_5 == 12)> <Delay = 0.00>
ST_2 : Operation 119 [1/1] (0.00ns)   --->   "%br_ln256 = br void %arrayidx212.exit" [./flashattentionmemory.h:256]   --->   Operation 119 'br' 'br_ln256' <Predicate = (icmp_ln254 & i_5 == 12)> <Delay = 0.00>
ST_2 : Operation 120 [1/1] (0.00ns)   --->   "%write_ln256 = write void @_ssdm_op_Write.ap_auto.floatP0A, i32 %stats_11, i32 0" [./flashattentionmemory.h:256]   --->   Operation 120 'write' 'write_ln256' <Predicate = (icmp_ln254 & i_5 == 11)> <Delay = 0.00>
ST_2 : Operation 121 [1/1] (0.00ns)   --->   "%br_ln256 = br void %arrayidx212.exit" [./flashattentionmemory.h:256]   --->   Operation 121 'br' 'br_ln256' <Predicate = (icmp_ln254 & i_5 == 11)> <Delay = 0.00>
ST_2 : Operation 122 [1/1] (0.00ns)   --->   "%write_ln256 = write void @_ssdm_op_Write.ap_auto.floatP0A, i32 %stats_10, i32 0" [./flashattentionmemory.h:256]   --->   Operation 122 'write' 'write_ln256' <Predicate = (icmp_ln254 & i_5 == 10)> <Delay = 0.00>
ST_2 : Operation 123 [1/1] (0.00ns)   --->   "%br_ln256 = br void %arrayidx212.exit" [./flashattentionmemory.h:256]   --->   Operation 123 'br' 'br_ln256' <Predicate = (icmp_ln254 & i_5 == 10)> <Delay = 0.00>
ST_2 : Operation 124 [1/1] (0.00ns)   --->   "%write_ln256 = write void @_ssdm_op_Write.ap_auto.floatP0A, i32 %stats_9, i32 0" [./flashattentionmemory.h:256]   --->   Operation 124 'write' 'write_ln256' <Predicate = (icmp_ln254 & i_5 == 9)> <Delay = 0.00>
ST_2 : Operation 125 [1/1] (0.00ns)   --->   "%br_ln256 = br void %arrayidx212.exit" [./flashattentionmemory.h:256]   --->   Operation 125 'br' 'br_ln256' <Predicate = (icmp_ln254 & i_5 == 9)> <Delay = 0.00>
ST_2 : Operation 126 [1/1] (0.00ns)   --->   "%write_ln256 = write void @_ssdm_op_Write.ap_auto.floatP0A, i32 %stats_8, i32 0" [./flashattentionmemory.h:256]   --->   Operation 126 'write' 'write_ln256' <Predicate = (icmp_ln254 & i_5 == 8)> <Delay = 0.00>
ST_2 : Operation 127 [1/1] (0.00ns)   --->   "%br_ln256 = br void %arrayidx212.exit" [./flashattentionmemory.h:256]   --->   Operation 127 'br' 'br_ln256' <Predicate = (icmp_ln254 & i_5 == 8)> <Delay = 0.00>
ST_2 : Operation 128 [1/1] (0.00ns)   --->   "%write_ln256 = write void @_ssdm_op_Write.ap_auto.floatP0A, i32 %stats_7, i32 0" [./flashattentionmemory.h:256]   --->   Operation 128 'write' 'write_ln256' <Predicate = (icmp_ln254 & i_5 == 7)> <Delay = 0.00>
ST_2 : Operation 129 [1/1] (0.00ns)   --->   "%br_ln256 = br void %arrayidx212.exit" [./flashattentionmemory.h:256]   --->   Operation 129 'br' 'br_ln256' <Predicate = (icmp_ln254 & i_5 == 7)> <Delay = 0.00>
ST_2 : Operation 130 [1/1] (0.00ns)   --->   "%write_ln256 = write void @_ssdm_op_Write.ap_auto.floatP0A, i32 %stats_6, i32 0" [./flashattentionmemory.h:256]   --->   Operation 130 'write' 'write_ln256' <Predicate = (icmp_ln254 & i_5 == 6)> <Delay = 0.00>
ST_2 : Operation 131 [1/1] (0.00ns)   --->   "%br_ln256 = br void %arrayidx212.exit" [./flashattentionmemory.h:256]   --->   Operation 131 'br' 'br_ln256' <Predicate = (icmp_ln254 & i_5 == 6)> <Delay = 0.00>
ST_2 : Operation 132 [1/1] (0.00ns)   --->   "%write_ln256 = write void @_ssdm_op_Write.ap_auto.floatP0A, i32 %stats_5, i32 0" [./flashattentionmemory.h:256]   --->   Operation 132 'write' 'write_ln256' <Predicate = (icmp_ln254 & i_5 == 5)> <Delay = 0.00>
ST_2 : Operation 133 [1/1] (0.00ns)   --->   "%br_ln256 = br void %arrayidx212.exit" [./flashattentionmemory.h:256]   --->   Operation 133 'br' 'br_ln256' <Predicate = (icmp_ln254 & i_5 == 5)> <Delay = 0.00>
ST_2 : Operation 134 [1/1] (0.00ns)   --->   "%write_ln256 = write void @_ssdm_op_Write.ap_auto.floatP0A, i32 %stats_4, i32 0" [./flashattentionmemory.h:256]   --->   Operation 134 'write' 'write_ln256' <Predicate = (icmp_ln254 & i_5 == 4)> <Delay = 0.00>
ST_2 : Operation 135 [1/1] (0.00ns)   --->   "%br_ln256 = br void %arrayidx212.exit" [./flashattentionmemory.h:256]   --->   Operation 135 'br' 'br_ln256' <Predicate = (icmp_ln254 & i_5 == 4)> <Delay = 0.00>
ST_2 : Operation 136 [1/1] (0.00ns)   --->   "%write_ln256 = write void @_ssdm_op_Write.ap_auto.floatP0A, i32 %stats_3, i32 0" [./flashattentionmemory.h:256]   --->   Operation 136 'write' 'write_ln256' <Predicate = (icmp_ln254 & i_5 == 3)> <Delay = 0.00>
ST_2 : Operation 137 [1/1] (0.00ns)   --->   "%br_ln256 = br void %arrayidx212.exit" [./flashattentionmemory.h:256]   --->   Operation 137 'br' 'br_ln256' <Predicate = (icmp_ln254 & i_5 == 3)> <Delay = 0.00>
ST_2 : Operation 138 [1/1] (0.00ns)   --->   "%write_ln256 = write void @_ssdm_op_Write.ap_auto.floatP0A, i32 %stats_2, i32 0" [./flashattentionmemory.h:256]   --->   Operation 138 'write' 'write_ln256' <Predicate = (icmp_ln254 & i_5 == 2)> <Delay = 0.00>
ST_2 : Operation 139 [1/1] (0.00ns)   --->   "%br_ln256 = br void %arrayidx212.exit" [./flashattentionmemory.h:256]   --->   Operation 139 'br' 'br_ln256' <Predicate = (icmp_ln254 & i_5 == 2)> <Delay = 0.00>
ST_2 : Operation 140 [1/1] (0.00ns)   --->   "%write_ln256 = write void @_ssdm_op_Write.ap_auto.floatP0A, i32 %stats_1, i32 0" [./flashattentionmemory.h:256]   --->   Operation 140 'write' 'write_ln256' <Predicate = (icmp_ln254 & i_5 == 1)> <Delay = 0.00>
ST_2 : Operation 141 [1/1] (0.00ns)   --->   "%br_ln256 = br void %arrayidx212.exit" [./flashattentionmemory.h:256]   --->   Operation 141 'br' 'br_ln256' <Predicate = (icmp_ln254 & i_5 == 1)> <Delay = 0.00>
ST_2 : Operation 142 [1/1] (0.00ns)   --->   "%write_ln256 = write void @_ssdm_op_Write.ap_auto.floatP0A, i32 %stats_0, i32 0" [./flashattentionmemory.h:256]   --->   Operation 142 'write' 'write_ln256' <Predicate = (icmp_ln254 & i_5 == 0)> <Delay = 0.00>
ST_2 : Operation 143 [1/1] (0.00ns)   --->   "%br_ln256 = br void %arrayidx212.exit" [./flashattentionmemory.h:256]   --->   Operation 143 'br' 'br_ln256' <Predicate = (icmp_ln254 & i_5 == 0)> <Delay = 0.00>
ST_2 : Operation 144 [1/1] (1.01ns)   --->   "%add_ln254 = add i64 %i_5, i64 1" [./flashattentionmemory.h:254]   --->   Operation 144 'add' 'add_ln254' <Predicate = (icmp_ln254)> <Delay = 1.01> <CoreInst = "Adder">   --->   Core 1 'Adder' <Latency = 0> <II = 1> <Delay = 1.01> <FuncUnit> <Opcode : 'add' 'sub'> <InPorts = 2> <OutPorts = 1>
ST_2 : Operation 145 [1/1] (0.46ns)   --->   "%store_ln254 = store i64 %add_ln254, i64 %i" [./flashattentionmemory.h:254]   --->   Operation 145 'store' 'store_ln254' <Predicate = (icmp_ln254)> <Delay = 0.46>
ST_2 : Operation 146 [1/1] (0.00ns)   --->   "%br_ln254 = br void %for.inc22" [./flashattentionmemory.h:254]   --->   Operation 146 'br' 'br_ln254' <Predicate = (icmp_ln254)> <Delay = 0.00>
ST_2 : Operation 147 [1/1] (0.28ns)   --->   "%ret_ln0 = ret"   --->   Operation 147 'ret' 'ret_ln0' <Predicate = (!icmp_ln254)> <Delay = 0.28>


============================================================
+ Verbose Summary: Timing violations
============================================================
Target clock period: 10.000ns, clock uncertainty: 2.700ns.

 <State 1>: 0.460ns
The critical path consists of the following:
	'alloca' operation 64 bit ('i', ./flashattentionmemory.h:254) [66]  (0.000 ns)
	'store' operation 0 bit ('store_ln254', ./flashattentionmemory.h:254) of variable 'sext_ln237_cast' on local variable 'i', ./flashattentionmemory.h:254 [69]  (0.460 ns)

 <State 2>: 1.474ns
The critical path consists of the following:
	'load' operation 64 bit ('i', ./flashattentionmemory.h:254) on local variable 'i', ./flashattentionmemory.h:254 [72]  (0.000 ns)
	'add' operation 64 bit ('add_ln254', ./flashattentionmemory.h:254) [273]  (1.014 ns)
	'store' operation 0 bit ('store_ln254', ./flashattentionmemory.h:254) of variable 'add_ln254', ./flashattentionmemory.h:254 on local variable 'i', ./flashattentionmemory.h:254 [274]  (0.460 ns)


============================================================
+ Verbose Summary: Binding
============================================================
N/A
* FSMD analyzer results:
  - Output states:
 - Input state : 
  - Chain level:
	State 1
	State 2


============================================================
+ Verbose Summary: Datapath Resource usage 
============================================================
N/A
