

================================================================
== Vitis HLS Report for 'load_tile_fp16_bc'
================================================================
* Date:           Sun Mar 22 18:05:42 2026

* Version:        2025.1 (Build 6135595 on May 21 2025)
* Project:        FlashAtt1
* Solution:       hls (Vivado IP Flow Target)
* Product family: versalhbm
* Target device:  xcvh1582-lsva4737-2LHP-e-S


================================================================
== Performance Estimates
================================================================
+ Timing: 
    * Summary: 
    +--------+----------+----------+------------+
    |  Clock |  Target  | Estimated| Uncertainty|
    +--------+----------+----------+------------+
    |ap_clk  |  10.00 ns|  7.300 ns|     2.70 ns|
    +--------+----------+----------+------------+

+ Latency: 
    * Summary: 
    +---------+---------+----------+----------+-----+-----+---------+
    |  Latency (cycles) |  Latency (absolute) |  Interval | Pipeline|
    |   min   |   max   |    min   |    max   | min | max |   Type  |
    +---------+---------+----------+----------+-----+-----+---------+
    |        ?|        ?|         ?|         ?|    ?|    ?|       no|
    +---------+---------+----------+----------+-----+-----+---------+

    + Detail: 
        * Instance: 
        N/A

        * Loop: 
        N/A

============================================================
+ Verbose Summary: Synthesis Manager
============================================================
InlineROM: 1
ExposeGlobal: 0
============================================================
+ Verbose Summary: CDFG Model
============================================================
IsTopModel: 0
ResetActiveHigh: 1
IsCombinational: 0
IsDatapathOnly: 0
HasWiredReturn: 1
HasMFsm: 0
HasVarLatency: 1
IsPipeline: 0
IsRtlPipelined: 0
IsInstanceOverlapped: 0
IsDontTouch: 0
HasImplIP: 0
IsGatedGlobalClock: 0


============================================================
+ Verbose Summary: Schedule
============================================================
* Number of FSM states : 78
* Pipeline : 0
* Dataflow Pipeline: 0

* FSM state transitions: 
1 --> 2 
2 --> 3 
3 --> 4 
4 --> 5 
5 --> 6 
6 --> 7 
7 --> 8 
8 --> 9 
9 --> 10 
10 --> 11 
11 --> 12 
12 --> 13 
13 --> 14 
14 --> 15 
15 --> 16 
16 --> 17 
17 --> 18 
18 --> 19 
19 --> 20 
20 --> 21 
21 --> 22 
22 --> 23 
23 --> 24 
24 --> 25 
25 --> 26 
26 --> 27 
27 --> 28 
28 --> 29 
29 --> 30 
30 --> 31 
31 --> 32 
32 --> 33 
33 --> 34 
34 --> 35 
35 --> 36 
36 --> 37 
37 --> 38 
38 --> 39 
39 --> 40 
40 --> 41 
41 --> 42 
42 --> 43 
43 --> 44 
44 --> 45 
45 --> 46 
46 --> 47 
47 --> 48 
48 --> 49 
49 --> 50 
50 --> 51 
51 --> 52 
52 --> 53 
53 --> 54 
54 --> 55 
55 --> 56 
56 --> 57 
57 --> 58 
58 --> 59 
59 --> 60 
60 --> 61 
61 --> 62 
62 --> 63 
63 --> 64 
64 --> 65 
65 --> 66 
66 --> 67 
67 --> 68 
68 --> 69 
69 --> 70 
70 --> 71 
71 --> 72 
72 --> 73 
73 --> 74 
74 --> 75 
75 --> 76 
76 --> 77 
77 --> 78 
78 --> 

* FSM state operations: 

State 1 <SV = 0> <Delay = 2.27>
ST_1 : Operation 79 [1/1] (0.00ns)   --->   "%num_rows_read = read i32 @_ssdm_op_Read.ap_auto.i32, i32 %num_rows"   --->   Operation 79 'read' 'num_rows_read' <Predicate = true> <Delay = 0.00>
ST_1 : Operation 80 [1/1] (0.00ns)   --->   "%base_row_read = read i31 @_ssdm_op_Read.ap_auto.i31, i31 %base_row"   --->   Operation 80 'read' 'base_row_read' <Predicate = true> <Delay = 0.00>
ST_1 : Operation 81 [1/1] (0.00ns)   --->   "%hbm_port_read = read i64 @_ssdm_op_Read.ap_auto.i64, i64 %hbm_port"   --->   Operation 81 'read' 'hbm_port_read' <Predicate = true> <Delay = 0.00>
ST_1 : Operation 82 [1/1] (0.00ns)   --->   "%empty = trunc i32 %num_rows_read"   --->   Operation 82 'trunc' 'empty' <Predicate = true> <Delay = 0.00>
ST_1 : Operation 83 [1/1] (0.67ns)   --->   "%icmp_ln158 = icmp_sgt  i32 %num_rows_read, i32 0" [./flashattentionmemory.h:158]   --->   Operation 83 'icmp' 'icmp_ln158' <Predicate = true> <Delay = 0.67> <CoreInst = "Cmp">   --->   Core 9 'Cmp' <Latency = 0> <II = 1> <Delay = 0.67> <FuncUnit> <Opcode : 'setle' 'setge' 'setlt' 'setgt'> <InPorts = 2> <OutPorts = 1>
ST_1 : Operation 84 [1/1] (0.00ns)   --->   "%shl_ln = bitconcatenate i33 @_ssdm_op_BitConcatenate.i33.i31.i2, i31 %empty, i2 0" [./flashattentionmemory.h:158]   --->   Operation 84 'bitconcatenate' 'shl_ln' <Predicate = true> <Delay = 0.00>
ST_1 : Operation 85 [1/1] (0.00ns)   --->   "%trunc_ln158 = trunc i31 %base_row_read" [./flashattentionmemory.h:158]   --->   Operation 85 'trunc' 'trunc_ln158' <Predicate = true> <Delay = 0.00>
ST_1 : Operation 86 [1/1] (0.00ns)   --->   "%shl_ln158_2 = bitconcatenate i38 @_ssdm_op_BitConcatenate.i38.i30.i8, i30 %trunc_ln158, i8 0" [./flashattentionmemory.h:158]   --->   Operation 86 'bitconcatenate' 'shl_ln158_2' <Predicate = true> <Delay = 0.00>
ST_1 : Operation 87 [1/1] (0.00ns)   --->   "%sext_ln158 = sext i38 %shl_ln158_2" [./flashattentionmemory.h:158]   --->   Operation 87 'sext' 'sext_ln158' <Predicate = true> <Delay = 0.00>
ST_1 : Operation 88 [1/1] (1.01ns)   --->   "%add_ln158 = add i64 %sext_ln158, i64 %hbm_port_read" [./flashattentionmemory.h:158]   --->   Operation 88 'add' 'add_ln158' <Predicate = true> <Delay = 1.01> <CoreInst = "Adder">   --->   Core 1 'Adder' <Latency = 0> <II = 1> <Delay = 1.01> <FuncUnit> <Opcode : 'add' 'sub'> <InPorts = 2> <OutPorts = 1>
ST_1 : Operation 89 [1/1] (0.00ns)   --->   "%trunc_ln = partselect i58 @_ssdm_op_PartSelect.i58.i64.i32.i32, i64 %add_ln158, i32 6, i32 63" [./flashattentionmemory.h:158]   --->   Operation 89 'partselect' 'trunc_ln' <Predicate = true> <Delay = 0.00>
ST_1 : Operation 90 [1/1] (0.00ns)   --->   "%sext_ln158_1 = sext i58 %trunc_ln" [./flashattentionmemory.h:158]   --->   Operation 90 'sext' 'sext_ln158_1' <Predicate = true> <Delay = 0.00>
ST_1 : Operation 91 [1/1] (0.00ns)   --->   "%gmem_K_addr = getelementptr i512 %gmem_K, i64 %sext_ln158_1" [./flashattentionmemory.h:158]   --->   Operation 91 'getelementptr' 'gmem_K_addr' <Predicate = true> <Delay = 0.00>
ST_1 : Operation 92 [1/1] (0.41ns)   --->   "%empty_77 = select i1 %icmp_ln158, i33 %shl_ln, i33 0" [./flashattentionmemory.h:158]   --->   Operation 92 'select' 'empty_77' <Predicate = true> <Delay = 0.41> <CoreInst = "Sel">   --->   Core 77 'Sel' <Latency = 0> <II = 1> <Delay = 0.41> <FuncUnit> <Opcode : 'select'> <InPorts = 3> <OutPorts = 1>
ST_1 : Operation 93 [1/1] (0.00ns)   --->   "%zext_ln158 = zext i33 %empty_77" [./flashattentionmemory.h:158]   --->   Operation 93 'zext' 'zext_ln158' <Predicate = true> <Delay = 0.00>
ST_1 : Operation 94 [1/1] (0.00ns)   --->   "%muxLogicAXIMAddr_to_empty_78 = muxlogic i512 %gmem_K_addr"   --->   Operation 94 'muxlogic' 'muxLogicAXIMAddr_to_empty_78' <Predicate = true> <Delay = 0.00>
ST_1 : Operation 95 [1/1] (0.00ns)   --->   "%muxLogicAXIMBurst_to_empty_78 = muxlogic i64 %zext_ln158"   --->   Operation 95 'muxlogic' 'muxLogicAXIMBurst_to_empty_78' <Predicate = true> <Delay = 0.00>
ST_1 : Operation 96 [74/74] (1.19ns)   --->   "%empty_78 = readreq i1 @_ssdm_op_ReadReq.m_axi.p1i512, i512 %gmem_K_addr, i64 %zext_ln158" [./flashattentionmemory.h:158]   --->   Operation 96 'readreq' 'empty_78' <Predicate = true> <Delay = 1.19> <CoreInst = "m_axi">   --->   Core 123 'm_axi' <Latency = 9> <II = 1> <Delay = 1.51> <Adapter> <Opcode : 'read' 'write' 'readreq' 'writereq' 'writeresp'>

State 2 <SV = 1> <Delay = 7.30>
ST_2 : Operation 97 [73/74] (7.30ns)   --->   "%empty_78 = readreq i1 @_ssdm_op_ReadReq.m_axi.p1i512, i512 %gmem_K_addr, i64 %zext_ln158" [./flashattentionmemory.h:158]   --->   Operation 97 'readreq' 'empty_78' <Predicate = true> <Delay = 7.30> <CoreInst = "m_axi">   --->   Core 123 'm_axi' <Latency = 9> <II = 1> <Delay = 1.51> <Adapter> <Opcode : 'read' 'write' 'readreq' 'writereq' 'writeresp'>

State 3 <SV = 2> <Delay = 7.30>
ST_3 : Operation 98 [72/74] (7.30ns)   --->   "%empty_78 = readreq i1 @_ssdm_op_ReadReq.m_axi.p1i512, i512 %gmem_K_addr, i64 %zext_ln158" [./flashattentionmemory.h:158]   --->   Operation 98 'readreq' 'empty_78' <Predicate = true> <Delay = 7.30> <CoreInst = "m_axi">   --->   Core 123 'm_axi' <Latency = 9> <II = 1> <Delay = 1.51> <Adapter> <Opcode : 'read' 'write' 'readreq' 'writereq' 'writeresp'>

State 4 <SV = 3> <Delay = 7.30>
ST_4 : Operation 99 [71/74] (7.30ns)   --->   "%empty_78 = readreq i1 @_ssdm_op_ReadReq.m_axi.p1i512, i512 %gmem_K_addr, i64 %zext_ln158" [./flashattentionmemory.h:158]   --->   Operation 99 'readreq' 'empty_78' <Predicate = true> <Delay = 7.30> <CoreInst = "m_axi">   --->   Core 123 'm_axi' <Latency = 9> <II = 1> <Delay = 1.51> <Adapter> <Opcode : 'read' 'write' 'readreq' 'writereq' 'writeresp'>

State 5 <SV = 4> <Delay = 7.30>
ST_5 : Operation 100 [70/74] (7.30ns)   --->   "%empty_78 = readreq i1 @_ssdm_op_ReadReq.m_axi.p1i512, i512 %gmem_K_addr, i64 %zext_ln158" [./flashattentionmemory.h:158]   --->   Operation 100 'readreq' 'empty_78' <Predicate = true> <Delay = 7.30> <CoreInst = "m_axi">   --->   Core 123 'm_axi' <Latency = 9> <II = 1> <Delay = 1.51> <Adapter> <Opcode : 'read' 'write' 'readreq' 'writereq' 'writeresp'>

State 6 <SV = 5> <Delay = 7.30>
ST_6 : Operation 101 [69/74] (7.30ns)   --->   "%empty_78 = readreq i1 @_ssdm_op_ReadReq.m_axi.p1i512, i512 %gmem_K_addr, i64 %zext_ln158" [./flashattentionmemory.h:158]   --->   Operation 101 'readreq' 'empty_78' <Predicate = true> <Delay = 7.30> <CoreInst = "m_axi">   --->   Core 123 'm_axi' <Latency = 9> <II = 1> <Delay = 1.51> <Adapter> <Opcode : 'read' 'write' 'readreq' 'writereq' 'writeresp'>

State 7 <SV = 6> <Delay = 7.30>
ST_7 : Operation 102 [68/74] (7.30ns)   --->   "%empty_78 = readreq i1 @_ssdm_op_ReadReq.m_axi.p1i512, i512 %gmem_K_addr, i64 %zext_ln158" [./flashattentionmemory.h:158]   --->   Operation 102 'readreq' 'empty_78' <Predicate = true> <Delay = 7.30> <CoreInst = "m_axi">   --->   Core 123 'm_axi' <Latency = 9> <II = 1> <Delay = 1.51> <Adapter> <Opcode : 'read' 'write' 'readreq' 'writereq' 'writeresp'>

State 8 <SV = 7> <Delay = 7.30>
ST_8 : Operation 103 [67/74] (7.30ns)   --->   "%empty_78 = readreq i1 @_ssdm_op_ReadReq.m_axi.p1i512, i512 %gmem_K_addr, i64 %zext_ln158" [./flashattentionmemory.h:158]   --->   Operation 103 'readreq' 'empty_78' <Predicate = true> <Delay = 7.30> <CoreInst = "m_axi">   --->   Core 123 'm_axi' <Latency = 9> <II = 1> <Delay = 1.51> <Adapter> <Opcode : 'read' 'write' 'readreq' 'writereq' 'writeresp'>

State 9 <SV = 8> <Delay = 7.30>
ST_9 : Operation 104 [66/74] (7.30ns)   --->   "%empty_78 = readreq i1 @_ssdm_op_ReadReq.m_axi.p1i512, i512 %gmem_K_addr, i64 %zext_ln158" [./flashattentionmemory.h:158]   --->   Operation 104 'readreq' 'empty_78' <Predicate = true> <Delay = 7.30> <CoreInst = "m_axi">   --->   Core 123 'm_axi' <Latency = 9> <II = 1> <Delay = 1.51> <Adapter> <Opcode : 'read' 'write' 'readreq' 'writereq' 'writeresp'>

State 10 <SV = 9> <Delay = 7.30>
ST_10 : Operation 105 [65/74] (7.30ns)   --->   "%empty_78 = readreq i1 @_ssdm_op_ReadReq.m_axi.p1i512, i512 %gmem_K_addr, i64 %zext_ln158" [./flashattentionmemory.h:158]   --->   Operation 105 'readreq' 'empty_78' <Predicate = true> <Delay = 7.30> <CoreInst = "m_axi">   --->   Core 123 'm_axi' <Latency = 9> <II = 1> <Delay = 1.51> <Adapter> <Opcode : 'read' 'write' 'readreq' 'writereq' 'writeresp'>

State 11 <SV = 10> <Delay = 7.30>
ST_11 : Operation 106 [64/74] (7.30ns)   --->   "%empty_78 = readreq i1 @_ssdm_op_ReadReq.m_axi.p1i512, i512 %gmem_K_addr, i64 %zext_ln158" [./flashattentionmemory.h:158]   --->   Operation 106 'readreq' 'empty_78' <Predicate = true> <Delay = 7.30> <CoreInst = "m_axi">   --->   Core 123 'm_axi' <Latency = 9> <II = 1> <Delay = 1.51> <Adapter> <Opcode : 'read' 'write' 'readreq' 'writereq' 'writeresp'>

State 12 <SV = 11> <Delay = 7.30>
ST_12 : Operation 107 [63/74] (7.30ns)   --->   "%empty_78 = readreq i1 @_ssdm_op_ReadReq.m_axi.p1i512, i512 %gmem_K_addr, i64 %zext_ln158" [./flashattentionmemory.h:158]   --->   Operation 107 'readreq' 'empty_78' <Predicate = true> <Delay = 7.30> <CoreInst = "m_axi">   --->   Core 123 'm_axi' <Latency = 9> <II = 1> <Delay = 1.51> <Adapter> <Opcode : 'read' 'write' 'readreq' 'writereq' 'writeresp'>

State 13 <SV = 12> <Delay = 7.30>
ST_13 : Operation 108 [62/74] (7.30ns)   --->   "%empty_78 = readreq i1 @_ssdm_op_ReadReq.m_axi.p1i512, i512 %gmem_K_addr, i64 %zext_ln158" [./flashattentionmemory.h:158]   --->   Operation 108 'readreq' 'empty_78' <Predicate = true> <Delay = 7.30> <CoreInst = "m_axi">   --->   Core 123 'm_axi' <Latency = 9> <II = 1> <Delay = 1.51> <Adapter> <Opcode : 'read' 'write' 'readreq' 'writereq' 'writeresp'>

State 14 <SV = 13> <Delay = 7.30>
ST_14 : Operation 109 [61/74] (7.30ns)   --->   "%empty_78 = readreq i1 @_ssdm_op_ReadReq.m_axi.p1i512, i512 %gmem_K_addr, i64 %zext_ln158" [./flashattentionmemory.h:158]   --->   Operation 109 'readreq' 'empty_78' <Predicate = true> <Delay = 7.30> <CoreInst = "m_axi">   --->   Core 123 'm_axi' <Latency = 9> <II = 1> <Delay = 1.51> <Adapter> <Opcode : 'read' 'write' 'readreq' 'writereq' 'writeresp'>

State 15 <SV = 14> <Delay = 7.30>
ST_15 : Operation 110 [60/74] (7.30ns)   --->   "%empty_78 = readreq i1 @_ssdm_op_ReadReq.m_axi.p1i512, i512 %gmem_K_addr, i64 %zext_ln158" [./flashattentionmemory.h:158]   --->   Operation 110 'readreq' 'empty_78' <Predicate = true> <Delay = 7.30> <CoreInst = "m_axi">   --->   Core 123 'm_axi' <Latency = 9> <II = 1> <Delay = 1.51> <Adapter> <Opcode : 'read' 'write' 'readreq' 'writereq' 'writeresp'>

State 16 <SV = 15> <Delay = 7.30>
ST_16 : Operation 111 [59/74] (7.30ns)   --->   "%empty_78 = readreq i1 @_ssdm_op_ReadReq.m_axi.p1i512, i512 %gmem_K_addr, i64 %zext_ln158" [./flashattentionmemory.h:158]   --->   Operation 111 'readreq' 'empty_78' <Predicate = true> <Delay = 7.30> <CoreInst = "m_axi">   --->   Core 123 'm_axi' <Latency = 9> <II = 1> <Delay = 1.51> <Adapter> <Opcode : 'read' 'write' 'readreq' 'writereq' 'writeresp'>

State 17 <SV = 16> <Delay = 7.30>
ST_17 : Operation 112 [58/74] (7.30ns)   --->   "%empty_78 = readreq i1 @_ssdm_op_ReadReq.m_axi.p1i512, i512 %gmem_K_addr, i64 %zext_ln158" [./flashattentionmemory.h:158]   --->   Operation 112 'readreq' 'empty_78' <Predicate = true> <Delay = 7.30> <CoreInst = "m_axi">   --->   Core 123 'm_axi' <Latency = 9> <II = 1> <Delay = 1.51> <Adapter> <Opcode : 'read' 'write' 'readreq' 'writereq' 'writeresp'>

State 18 <SV = 17> <Delay = 7.30>
ST_18 : Operation 113 [57/74] (7.30ns)   --->   "%empty_78 = readreq i1 @_ssdm_op_ReadReq.m_axi.p1i512, i512 %gmem_K_addr, i64 %zext_ln158" [./flashattentionmemory.h:158]   --->   Operation 113 'readreq' 'empty_78' <Predicate = true> <Delay = 7.30> <CoreInst = "m_axi">   --->   Core 123 'm_axi' <Latency = 9> <II = 1> <Delay = 1.51> <Adapter> <Opcode : 'read' 'write' 'readreq' 'writereq' 'writeresp'>

State 19 <SV = 18> <Delay = 7.30>
ST_19 : Operation 114 [56/74] (7.30ns)   --->   "%empty_78 = readreq i1 @_ssdm_op_ReadReq.m_axi.p1i512, i512 %gmem_K_addr, i64 %zext_ln158" [./flashattentionmemory.h:158]   --->   Operation 114 'readreq' 'empty_78' <Predicate = true> <Delay = 7.30> <CoreInst = "m_axi">   --->   Core 123 'm_axi' <Latency = 9> <II = 1> <Delay = 1.51> <Adapter> <Opcode : 'read' 'write' 'readreq' 'writereq' 'writeresp'>

State 20 <SV = 19> <Delay = 7.30>
ST_20 : Operation 115 [55/74] (7.30ns)   --->   "%empty_78 = readreq i1 @_ssdm_op_ReadReq.m_axi.p1i512, i512 %gmem_K_addr, i64 %zext_ln158" [./flashattentionmemory.h:158]   --->   Operation 115 'readreq' 'empty_78' <Predicate = true> <Delay = 7.30> <CoreInst = "m_axi">   --->   Core 123 'm_axi' <Latency = 9> <II = 1> <Delay = 1.51> <Adapter> <Opcode : 'read' 'write' 'readreq' 'writereq' 'writeresp'>

State 21 <SV = 20> <Delay = 7.30>
ST_21 : Operation 116 [54/74] (7.30ns)   --->   "%empty_78 = readreq i1 @_ssdm_op_ReadReq.m_axi.p1i512, i512 %gmem_K_addr, i64 %zext_ln158" [./flashattentionmemory.h:158]   --->   Operation 116 'readreq' 'empty_78' <Predicate = true> <Delay = 7.30> <CoreInst = "m_axi">   --->   Core 123 'm_axi' <Latency = 9> <II = 1> <Delay = 1.51> <Adapter> <Opcode : 'read' 'write' 'readreq' 'writereq' 'writeresp'>

State 22 <SV = 21> <Delay = 7.30>
ST_22 : Operation 117 [53/74] (7.30ns)   --->   "%empty_78 = readreq i1 @_ssdm_op_ReadReq.m_axi.p1i512, i512 %gmem_K_addr, i64 %zext_ln158" [./flashattentionmemory.h:158]   --->   Operation 117 'readreq' 'empty_78' <Predicate = true> <Delay = 7.30> <CoreInst = "m_axi">   --->   Core 123 'm_axi' <Latency = 9> <II = 1> <Delay = 1.51> <Adapter> <Opcode : 'read' 'write' 'readreq' 'writereq' 'writeresp'>

State 23 <SV = 22> <Delay = 7.30>
ST_23 : Operation 118 [52/74] (7.30ns)   --->   "%empty_78 = readreq i1 @_ssdm_op_ReadReq.m_axi.p1i512, i512 %gmem_K_addr, i64 %zext_ln158" [./flashattentionmemory.h:158]   --->   Operation 118 'readreq' 'empty_78' <Predicate = true> <Delay = 7.30> <CoreInst = "m_axi">   --->   Core 123 'm_axi' <Latency = 9> <II = 1> <Delay = 1.51> <Adapter> <Opcode : 'read' 'write' 'readreq' 'writereq' 'writeresp'>

State 24 <SV = 23> <Delay = 7.30>
ST_24 : Operation 119 [51/74] (7.30ns)   --->   "%empty_78 = readreq i1 @_ssdm_op_ReadReq.m_axi.p1i512, i512 %gmem_K_addr, i64 %zext_ln158" [./flashattentionmemory.h:158]   --->   Operation 119 'readreq' 'empty_78' <Predicate = true> <Delay = 7.30> <CoreInst = "m_axi">   --->   Core 123 'm_axi' <Latency = 9> <II = 1> <Delay = 1.51> <Adapter> <Opcode : 'read' 'write' 'readreq' 'writereq' 'writeresp'>

State 25 <SV = 24> <Delay = 7.30>
ST_25 : Operation 120 [50/74] (7.30ns)   --->   "%empty_78 = readreq i1 @_ssdm_op_ReadReq.m_axi.p1i512, i512 %gmem_K_addr, i64 %zext_ln158" [./flashattentionmemory.h:158]   --->   Operation 120 'readreq' 'empty_78' <Predicate = true> <Delay = 7.30> <CoreInst = "m_axi">   --->   Core 123 'm_axi' <Latency = 9> <II = 1> <Delay = 1.51> <Adapter> <Opcode : 'read' 'write' 'readreq' 'writereq' 'writeresp'>

State 26 <SV = 25> <Delay = 7.30>
ST_26 : Operation 121 [49/74] (7.30ns)   --->   "%empty_78 = readreq i1 @_ssdm_op_ReadReq.m_axi.p1i512, i512 %gmem_K_addr, i64 %zext_ln158" [./flashattentionmemory.h:158]   --->   Operation 121 'readreq' 'empty_78' <Predicate = true> <Delay = 7.30> <CoreInst = "m_axi">   --->   Core 123 'm_axi' <Latency = 9> <II = 1> <Delay = 1.51> <Adapter> <Opcode : 'read' 'write' 'readreq' 'writereq' 'writeresp'>

State 27 <SV = 26> <Delay = 7.30>
ST_27 : Operation 122 [48/74] (7.30ns)   --->   "%empty_78 = readreq i1 @_ssdm_op_ReadReq.m_axi.p1i512, i512 %gmem_K_addr, i64 %zext_ln158" [./flashattentionmemory.h:158]   --->   Operation 122 'readreq' 'empty_78' <Predicate = true> <Delay = 7.30> <CoreInst = "m_axi">   --->   Core 123 'm_axi' <Latency = 9> <II = 1> <Delay = 1.51> <Adapter> <Opcode : 'read' 'write' 'readreq' 'writereq' 'writeresp'>

State 28 <SV = 27> <Delay = 7.30>
ST_28 : Operation 123 [47/74] (7.30ns)   --->   "%empty_78 = readreq i1 @_ssdm_op_ReadReq.m_axi.p1i512, i512 %gmem_K_addr, i64 %zext_ln158" [./flashattentionmemory.h:158]   --->   Operation 123 'readreq' 'empty_78' <Predicate = true> <Delay = 7.30> <CoreInst = "m_axi">   --->   Core 123 'm_axi' <Latency = 9> <II = 1> <Delay = 1.51> <Adapter> <Opcode : 'read' 'write' 'readreq' 'writereq' 'writeresp'>

State 29 <SV = 28> <Delay = 7.30>
ST_29 : Operation 124 [46/74] (7.30ns)   --->   "%empty_78 = readreq i1 @_ssdm_op_ReadReq.m_axi.p1i512, i512 %gmem_K_addr, i64 %zext_ln158" [./flashattentionmemory.h:158]   --->   Operation 124 'readreq' 'empty_78' <Predicate = true> <Delay = 7.30> <CoreInst = "m_axi">   --->   Core 123 'm_axi' <Latency = 9> <II = 1> <Delay = 1.51> <Adapter> <Opcode : 'read' 'write' 'readreq' 'writereq' 'writeresp'>

State 30 <SV = 29> <Delay = 7.30>
ST_30 : Operation 125 [45/74] (7.30ns)   --->   "%empty_78 = readreq i1 @_ssdm_op_ReadReq.m_axi.p1i512, i512 %gmem_K_addr, i64 %zext_ln158" [./flashattentionmemory.h:158]   --->   Operation 125 'readreq' 'empty_78' <Predicate = true> <Delay = 7.30> <CoreInst = "m_axi">   --->   Core 123 'm_axi' <Latency = 9> <II = 1> <Delay = 1.51> <Adapter> <Opcode : 'read' 'write' 'readreq' 'writereq' 'writeresp'>

State 31 <SV = 30> <Delay = 7.30>
ST_31 : Operation 126 [44/74] (7.30ns)   --->   "%empty_78 = readreq i1 @_ssdm_op_ReadReq.m_axi.p1i512, i512 %gmem_K_addr, i64 %zext_ln158" [./flashattentionmemory.h:158]   --->   Operation 126 'readreq' 'empty_78' <Predicate = true> <Delay = 7.30> <CoreInst = "m_axi">   --->   Core 123 'm_axi' <Latency = 9> <II = 1> <Delay = 1.51> <Adapter> <Opcode : 'read' 'write' 'readreq' 'writereq' 'writeresp'>

State 32 <SV = 31> <Delay = 7.30>
ST_32 : Operation 127 [43/74] (7.30ns)   --->   "%empty_78 = readreq i1 @_ssdm_op_ReadReq.m_axi.p1i512, i512 %gmem_K_addr, i64 %zext_ln158" [./flashattentionmemory.h:158]   --->   Operation 127 'readreq' 'empty_78' <Predicate = true> <Delay = 7.30> <CoreInst = "m_axi">   --->   Core 123 'm_axi' <Latency = 9> <II = 1> <Delay = 1.51> <Adapter> <Opcode : 'read' 'write' 'readreq' 'writereq' 'writeresp'>

State 33 <SV = 32> <Delay = 7.30>
ST_33 : Operation 128 [42/74] (7.30ns)   --->   "%empty_78 = readreq i1 @_ssdm_op_ReadReq.m_axi.p1i512, i512 %gmem_K_addr, i64 %zext_ln158" [./flashattentionmemory.h:158]   --->   Operation 128 'readreq' 'empty_78' <Predicate = true> <Delay = 7.30> <CoreInst = "m_axi">   --->   Core 123 'm_axi' <Latency = 9> <II = 1> <Delay = 1.51> <Adapter> <Opcode : 'read' 'write' 'readreq' 'writereq' 'writeresp'>

State 34 <SV = 33> <Delay = 7.30>
ST_34 : Operation 129 [41/74] (7.30ns)   --->   "%empty_78 = readreq i1 @_ssdm_op_ReadReq.m_axi.p1i512, i512 %gmem_K_addr, i64 %zext_ln158" [./flashattentionmemory.h:158]   --->   Operation 129 'readreq' 'empty_78' <Predicate = true> <Delay = 7.30> <CoreInst = "m_axi">   --->   Core 123 'm_axi' <Latency = 9> <II = 1> <Delay = 1.51> <Adapter> <Opcode : 'read' 'write' 'readreq' 'writereq' 'writeresp'>

State 35 <SV = 34> <Delay = 7.30>
ST_35 : Operation 130 [40/74] (7.30ns)   --->   "%empty_78 = readreq i1 @_ssdm_op_ReadReq.m_axi.p1i512, i512 %gmem_K_addr, i64 %zext_ln158" [./flashattentionmemory.h:158]   --->   Operation 130 'readreq' 'empty_78' <Predicate = true> <Delay = 7.30> <CoreInst = "m_axi">   --->   Core 123 'm_axi' <Latency = 9> <II = 1> <Delay = 1.51> <Adapter> <Opcode : 'read' 'write' 'readreq' 'writereq' 'writeresp'>

State 36 <SV = 35> <Delay = 7.30>
ST_36 : Operation 131 [39/74] (7.30ns)   --->   "%empty_78 = readreq i1 @_ssdm_op_ReadReq.m_axi.p1i512, i512 %gmem_K_addr, i64 %zext_ln158" [./flashattentionmemory.h:158]   --->   Operation 131 'readreq' 'empty_78' <Predicate = true> <Delay = 7.30> <CoreInst = "m_axi">   --->   Core 123 'm_axi' <Latency = 9> <II = 1> <Delay = 1.51> <Adapter> <Opcode : 'read' 'write' 'readreq' 'writereq' 'writeresp'>

State 37 <SV = 36> <Delay = 7.30>
ST_37 : Operation 132 [38/74] (7.30ns)   --->   "%empty_78 = readreq i1 @_ssdm_op_ReadReq.m_axi.p1i512, i512 %gmem_K_addr, i64 %zext_ln158" [./flashattentionmemory.h:158]   --->   Operation 132 'readreq' 'empty_78' <Predicate = true> <Delay = 7.30> <CoreInst = "m_axi">   --->   Core 123 'm_axi' <Latency = 9> <II = 1> <Delay = 1.51> <Adapter> <Opcode : 'read' 'write' 'readreq' 'writereq' 'writeresp'>

State 38 <SV = 37> <Delay = 7.30>
ST_38 : Operation 133 [37/74] (7.30ns)   --->   "%empty_78 = readreq i1 @_ssdm_op_ReadReq.m_axi.p1i512, i512 %gmem_K_addr, i64 %zext_ln158" [./flashattentionmemory.h:158]   --->   Operation 133 'readreq' 'empty_78' <Predicate = true> <Delay = 7.30> <CoreInst = "m_axi">   --->   Core 123 'm_axi' <Latency = 9> <II = 1> <Delay = 1.51> <Adapter> <Opcode : 'read' 'write' 'readreq' 'writereq' 'writeresp'>

State 39 <SV = 38> <Delay = 7.30>
ST_39 : Operation 134 [36/74] (7.30ns)   --->   "%empty_78 = readreq i1 @_ssdm_op_ReadReq.m_axi.p1i512, i512 %gmem_K_addr, i64 %zext_ln158" [./flashattentionmemory.h:158]   --->   Operation 134 'readreq' 'empty_78' <Predicate = true> <Delay = 7.30> <CoreInst = "m_axi">   --->   Core 123 'm_axi' <Latency = 9> <II = 1> <Delay = 1.51> <Adapter> <Opcode : 'read' 'write' 'readreq' 'writereq' 'writeresp'>

State 40 <SV = 39> <Delay = 7.30>
ST_40 : Operation 135 [35/74] (7.30ns)   --->   "%empty_78 = readreq i1 @_ssdm_op_ReadReq.m_axi.p1i512, i512 %gmem_K_addr, i64 %zext_ln158" [./flashattentionmemory.h:158]   --->   Operation 135 'readreq' 'empty_78' <Predicate = true> <Delay = 7.30> <CoreInst = "m_axi">   --->   Core 123 'm_axi' <Latency = 9> <II = 1> <Delay = 1.51> <Adapter> <Opcode : 'read' 'write' 'readreq' 'writereq' 'writeresp'>

State 41 <SV = 40> <Delay = 7.30>
ST_41 : Operation 136 [34/74] (7.30ns)   --->   "%empty_78 = readreq i1 @_ssdm_op_ReadReq.m_axi.p1i512, i512 %gmem_K_addr, i64 %zext_ln158" [./flashattentionmemory.h:158]   --->   Operation 136 'readreq' 'empty_78' <Predicate = true> <Delay = 7.30> <CoreInst = "m_axi">   --->   Core 123 'm_axi' <Latency = 9> <II = 1> <Delay = 1.51> <Adapter> <Opcode : 'read' 'write' 'readreq' 'writereq' 'writeresp'>

State 42 <SV = 41> <Delay = 7.30>
ST_42 : Operation 137 [33/74] (7.30ns)   --->   "%empty_78 = readreq i1 @_ssdm_op_ReadReq.m_axi.p1i512, i512 %gmem_K_addr, i64 %zext_ln158" [./flashattentionmemory.h:158]   --->   Operation 137 'readreq' 'empty_78' <Predicate = true> <Delay = 7.30> <CoreInst = "m_axi">   --->   Core 123 'm_axi' <Latency = 9> <II = 1> <Delay = 1.51> <Adapter> <Opcode : 'read' 'write' 'readreq' 'writereq' 'writeresp'>

State 43 <SV = 42> <Delay = 7.30>
ST_43 : Operation 138 [32/74] (7.30ns)   --->   "%empty_78 = readreq i1 @_ssdm_op_ReadReq.m_axi.p1i512, i512 %gmem_K_addr, i64 %zext_ln158" [./flashattentionmemory.h:158]   --->   Operation 138 'readreq' 'empty_78' <Predicate = true> <Delay = 7.30> <CoreInst = "m_axi">   --->   Core 123 'm_axi' <Latency = 9> <II = 1> <Delay = 1.51> <Adapter> <Opcode : 'read' 'write' 'readreq' 'writereq' 'writeresp'>

State 44 <SV = 43> <Delay = 7.30>
ST_44 : Operation 139 [31/74] (7.30ns)   --->   "%empty_78 = readreq i1 @_ssdm_op_ReadReq.m_axi.p1i512, i512 %gmem_K_addr, i64 %zext_ln158" [./flashattentionmemory.h:158]   --->   Operation 139 'readreq' 'empty_78' <Predicate = true> <Delay = 7.30> <CoreInst = "m_axi">   --->   Core 123 'm_axi' <Latency = 9> <II = 1> <Delay = 1.51> <Adapter> <Opcode : 'read' 'write' 'readreq' 'writereq' 'writeresp'>

State 45 <SV = 44> <Delay = 7.30>
ST_45 : Operation 140 [30/74] (7.30ns)   --->   "%empty_78 = readreq i1 @_ssdm_op_ReadReq.m_axi.p1i512, i512 %gmem_K_addr, i64 %zext_ln158" [./flashattentionmemory.h:158]   --->   Operation 140 'readreq' 'empty_78' <Predicate = true> <Delay = 7.30> <CoreInst = "m_axi">   --->   Core 123 'm_axi' <Latency = 9> <II = 1> <Delay = 1.51> <Adapter> <Opcode : 'read' 'write' 'readreq' 'writereq' 'writeresp'>

State 46 <SV = 45> <Delay = 7.30>
ST_46 : Operation 141 [29/74] (7.30ns)   --->   "%empty_78 = readreq i1 @_ssdm_op_ReadReq.m_axi.p1i512, i512 %gmem_K_addr, i64 %zext_ln158" [./flashattentionmemory.h:158]   --->   Operation 141 'readreq' 'empty_78' <Predicate = true> <Delay = 7.30> <CoreInst = "m_axi">   --->   Core 123 'm_axi' <Latency = 9> <II = 1> <Delay = 1.51> <Adapter> <Opcode : 'read' 'write' 'readreq' 'writereq' 'writeresp'>

State 47 <SV = 46> <Delay = 7.30>
ST_47 : Operation 142 [28/74] (7.30ns)   --->   "%empty_78 = readreq i1 @_ssdm_op_ReadReq.m_axi.p1i512, i512 %gmem_K_addr, i64 %zext_ln158" [./flashattentionmemory.h:158]   --->   Operation 142 'readreq' 'empty_78' <Predicate = true> <Delay = 7.30> <CoreInst = "m_axi">   --->   Core 123 'm_axi' <Latency = 9> <II = 1> <Delay = 1.51> <Adapter> <Opcode : 'read' 'write' 'readreq' 'writereq' 'writeresp'>

State 48 <SV = 47> <Delay = 7.30>
ST_48 : Operation 143 [27/74] (7.30ns)   --->   "%empty_78 = readreq i1 @_ssdm_op_ReadReq.m_axi.p1i512, i512 %gmem_K_addr, i64 %zext_ln158" [./flashattentionmemory.h:158]   --->   Operation 143 'readreq' 'empty_78' <Predicate = true> <Delay = 7.30> <CoreInst = "m_axi">   --->   Core 123 'm_axi' <Latency = 9> <II = 1> <Delay = 1.51> <Adapter> <Opcode : 'read' 'write' 'readreq' 'writereq' 'writeresp'>

State 49 <SV = 48> <Delay = 7.30>
ST_49 : Operation 144 [26/74] (7.30ns)   --->   "%empty_78 = readreq i1 @_ssdm_op_ReadReq.m_axi.p1i512, i512 %gmem_K_addr, i64 %zext_ln158" [./flashattentionmemory.h:158]   --->   Operation 144 'readreq' 'empty_78' <Predicate = true> <Delay = 7.30> <CoreInst = "m_axi">   --->   Core 123 'm_axi' <Latency = 9> <II = 1> <Delay = 1.51> <Adapter> <Opcode : 'read' 'write' 'readreq' 'writereq' 'writeresp'>

State 50 <SV = 49> <Delay = 7.30>
ST_50 : Operation 145 [25/74] (7.30ns)   --->   "%empty_78 = readreq i1 @_ssdm_op_ReadReq.m_axi.p1i512, i512 %gmem_K_addr, i64 %zext_ln158" [./flashattentionmemory.h:158]   --->   Operation 145 'readreq' 'empty_78' <Predicate = true> <Delay = 7.30> <CoreInst = "m_axi">   --->   Core 123 'm_axi' <Latency = 9> <II = 1> <Delay = 1.51> <Adapter> <Opcode : 'read' 'write' 'readreq' 'writereq' 'writeresp'>

State 51 <SV = 50> <Delay = 7.30>
ST_51 : Operation 146 [24/74] (7.30ns)   --->   "%empty_78 = readreq i1 @_ssdm_op_ReadReq.m_axi.p1i512, i512 %gmem_K_addr, i64 %zext_ln158" [./flashattentionmemory.h:158]   --->   Operation 146 'readreq' 'empty_78' <Predicate = true> <Delay = 7.30> <CoreInst = "m_axi">   --->   Core 123 'm_axi' <Latency = 9> <II = 1> <Delay = 1.51> <Adapter> <Opcode : 'read' 'write' 'readreq' 'writereq' 'writeresp'>

State 52 <SV = 51> <Delay = 7.30>
ST_52 : Operation 147 [23/74] (7.30ns)   --->   "%empty_78 = readreq i1 @_ssdm_op_ReadReq.m_axi.p1i512, i512 %gmem_K_addr, i64 %zext_ln158" [./flashattentionmemory.h:158]   --->   Operation 147 'readreq' 'empty_78' <Predicate = true> <Delay = 7.30> <CoreInst = "m_axi">   --->   Core 123 'm_axi' <Latency = 9> <II = 1> <Delay = 1.51> <Adapter> <Opcode : 'read' 'write' 'readreq' 'writereq' 'writeresp'>

State 53 <SV = 52> <Delay = 7.30>
ST_53 : Operation 148 [22/74] (7.30ns)   --->   "%empty_78 = readreq i1 @_ssdm_op_ReadReq.m_axi.p1i512, i512 %gmem_K_addr, i64 %zext_ln158" [./flashattentionmemory.h:158]   --->   Operation 148 'readreq' 'empty_78' <Predicate = true> <Delay = 7.30> <CoreInst = "m_axi">   --->   Core 123 'm_axi' <Latency = 9> <II = 1> <Delay = 1.51> <Adapter> <Opcode : 'read' 'write' 'readreq' 'writereq' 'writeresp'>

State 54 <SV = 53> <Delay = 7.30>
ST_54 : Operation 149 [21/74] (7.30ns)   --->   "%empty_78 = readreq i1 @_ssdm_op_ReadReq.m_axi.p1i512, i512 %gmem_K_addr, i64 %zext_ln158" [./flashattentionmemory.h:158]   --->   Operation 149 'readreq' 'empty_78' <Predicate = true> <Delay = 7.30> <CoreInst = "m_axi">   --->   Core 123 'm_axi' <Latency = 9> <II = 1> <Delay = 1.51> <Adapter> <Opcode : 'read' 'write' 'readreq' 'writereq' 'writeresp'>

State 55 <SV = 54> <Delay = 7.30>
ST_55 : Operation 150 [20/74] (7.30ns)   --->   "%empty_78 = readreq i1 @_ssdm_op_ReadReq.m_axi.p1i512, i512 %gmem_K_addr, i64 %zext_ln158" [./flashattentionmemory.h:158]   --->   Operation 150 'readreq' 'empty_78' <Predicate = true> <Delay = 7.30> <CoreInst = "m_axi">   --->   Core 123 'm_axi' <Latency = 9> <II = 1> <Delay = 1.51> <Adapter> <Opcode : 'read' 'write' 'readreq' 'writereq' 'writeresp'>

State 56 <SV = 55> <Delay = 7.30>
ST_56 : Operation 151 [19/74] (7.30ns)   --->   "%empty_78 = readreq i1 @_ssdm_op_ReadReq.m_axi.p1i512, i512 %gmem_K_addr, i64 %zext_ln158" [./flashattentionmemory.h:158]   --->   Operation 151 'readreq' 'empty_78' <Predicate = true> <Delay = 7.30> <CoreInst = "m_axi">   --->   Core 123 'm_axi' <Latency = 9> <II = 1> <Delay = 1.51> <Adapter> <Opcode : 'read' 'write' 'readreq' 'writereq' 'writeresp'>

State 57 <SV = 56> <Delay = 7.30>
ST_57 : Operation 152 [18/74] (7.30ns)   --->   "%empty_78 = readreq i1 @_ssdm_op_ReadReq.m_axi.p1i512, i512 %gmem_K_addr, i64 %zext_ln158" [./flashattentionmemory.h:158]   --->   Operation 152 'readreq' 'empty_78' <Predicate = true> <Delay = 7.30> <CoreInst = "m_axi">   --->   Core 123 'm_axi' <Latency = 9> <II = 1> <Delay = 1.51> <Adapter> <Opcode : 'read' 'write' 'readreq' 'writereq' 'writeresp'>

State 58 <SV = 57> <Delay = 7.30>
ST_58 : Operation 153 [17/74] (7.30ns)   --->   "%empty_78 = readreq i1 @_ssdm_op_ReadReq.m_axi.p1i512, i512 %gmem_K_addr, i64 %zext_ln158" [./flashattentionmemory.h:158]   --->   Operation 153 'readreq' 'empty_78' <Predicate = true> <Delay = 7.30> <CoreInst = "m_axi">   --->   Core 123 'm_axi' <Latency = 9> <II = 1> <Delay = 1.51> <Adapter> <Opcode : 'read' 'write' 'readreq' 'writereq' 'writeresp'>

State 59 <SV = 58> <Delay = 7.30>
ST_59 : Operation 154 [16/74] (7.30ns)   --->   "%empty_78 = readreq i1 @_ssdm_op_ReadReq.m_axi.p1i512, i512 %gmem_K_addr, i64 %zext_ln158" [./flashattentionmemory.h:158]   --->   Operation 154 'readreq' 'empty_78' <Predicate = true> <Delay = 7.30> <CoreInst = "m_axi">   --->   Core 123 'm_axi' <Latency = 9> <II = 1> <Delay = 1.51> <Adapter> <Opcode : 'read' 'write' 'readreq' 'writereq' 'writeresp'>

State 60 <SV = 59> <Delay = 7.30>
ST_60 : Operation 155 [15/74] (7.30ns)   --->   "%empty_78 = readreq i1 @_ssdm_op_ReadReq.m_axi.p1i512, i512 %gmem_K_addr, i64 %zext_ln158" [./flashattentionmemory.h:158]   --->   Operation 155 'readreq' 'empty_78' <Predicate = true> <Delay = 7.30> <CoreInst = "m_axi">   --->   Core 123 'm_axi' <Latency = 9> <II = 1> <Delay = 1.51> <Adapter> <Opcode : 'read' 'write' 'readreq' 'writereq' 'writeresp'>

State 61 <SV = 60> <Delay = 7.30>
ST_61 : Operation 156 [14/74] (7.30ns)   --->   "%empty_78 = readreq i1 @_ssdm_op_ReadReq.m_axi.p1i512, i512 %gmem_K_addr, i64 %zext_ln158" [./flashattentionmemory.h:158]   --->   Operation 156 'readreq' 'empty_78' <Predicate = true> <Delay = 7.30> <CoreInst = "m_axi">   --->   Core 123 'm_axi' <Latency = 9> <II = 1> <Delay = 1.51> <Adapter> <Opcode : 'read' 'write' 'readreq' 'writereq' 'writeresp'>

State 62 <SV = 61> <Delay = 7.30>
ST_62 : Operation 157 [13/74] (7.30ns)   --->   "%empty_78 = readreq i1 @_ssdm_op_ReadReq.m_axi.p1i512, i512 %gmem_K_addr, i64 %zext_ln158" [./flashattentionmemory.h:158]   --->   Operation 157 'readreq' 'empty_78' <Predicate = true> <Delay = 7.30> <CoreInst = "m_axi">   --->   Core 123 'm_axi' <Latency = 9> <II = 1> <Delay = 1.51> <Adapter> <Opcode : 'read' 'write' 'readreq' 'writereq' 'writeresp'>

State 63 <SV = 62> <Delay = 7.30>
ST_63 : Operation 158 [12/74] (7.30ns)   --->   "%empty_78 = readreq i1 @_ssdm_op_ReadReq.m_axi.p1i512, i512 %gmem_K_addr, i64 %zext_ln158" [./flashattentionmemory.h:158]   --->   Operation 158 'readreq' 'empty_78' <Predicate = true> <Delay = 7.30> <CoreInst = "m_axi">   --->   Core 123 'm_axi' <Latency = 9> <II = 1> <Delay = 1.51> <Adapter> <Opcode : 'read' 'write' 'readreq' 'writereq' 'writeresp'>

State 64 <SV = 63> <Delay = 7.30>
ST_64 : Operation 159 [11/74] (7.30ns)   --->   "%empty_78 = readreq i1 @_ssdm_op_ReadReq.m_axi.p1i512, i512 %gmem_K_addr, i64 %zext_ln158" [./flashattentionmemory.h:158]   --->   Operation 159 'readreq' 'empty_78' <Predicate = true> <Delay = 7.30> <CoreInst = "m_axi">   --->   Core 123 'm_axi' <Latency = 9> <II = 1> <Delay = 1.51> <Adapter> <Opcode : 'read' 'write' 'readreq' 'writereq' 'writeresp'>

State 65 <SV = 64> <Delay = 7.30>
ST_65 : Operation 160 [10/74] (7.30ns)   --->   "%empty_78 = readreq i1 @_ssdm_op_ReadReq.m_axi.p1i512, i512 %gmem_K_addr, i64 %zext_ln158" [./flashattentionmemory.h:158]   --->   Operation 160 'readreq' 'empty_78' <Predicate = true> <Delay = 7.30> <CoreInst = "m_axi">   --->   Core 123 'm_axi' <Latency = 9> <II = 1> <Delay = 1.51> <Adapter> <Opcode : 'read' 'write' 'readreq' 'writereq' 'writeresp'>

State 66 <SV = 65> <Delay = 7.30>
ST_66 : Operation 161 [9/74] (7.30ns)   --->   "%empty_78 = readreq i1 @_ssdm_op_ReadReq.m_axi.p1i512, i512 %gmem_K_addr, i64 %zext_ln158" [./flashattentionmemory.h:158]   --->   Operation 161 'readreq' 'empty_78' <Predicate = true> <Delay = 7.30> <CoreInst = "m_axi">   --->   Core 123 'm_axi' <Latency = 9> <II = 1> <Delay = 1.51> <Adapter> <Opcode : 'read' 'write' 'readreq' 'writereq' 'writeresp'>

State 67 <SV = 66> <Delay = 7.30>
ST_67 : Operation 162 [8/74] (7.30ns)   --->   "%empty_78 = readreq i1 @_ssdm_op_ReadReq.m_axi.p1i512, i512 %gmem_K_addr, i64 %zext_ln158" [./flashattentionmemory.h:158]   --->   Operation 162 'readreq' 'empty_78' <Predicate = true> <Delay = 7.30> <CoreInst = "m_axi">   --->   Core 123 'm_axi' <Latency = 9> <II = 1> <Delay = 1.51> <Adapter> <Opcode : 'read' 'write' 'readreq' 'writereq' 'writeresp'>

State 68 <SV = 67> <Delay = 7.30>
ST_68 : Operation 163 [7/74] (7.30ns)   --->   "%empty_78 = readreq i1 @_ssdm_op_ReadReq.m_axi.p1i512, i512 %gmem_K_addr, i64 %zext_ln158" [./flashattentionmemory.h:158]   --->   Operation 163 'readreq' 'empty_78' <Predicate = true> <Delay = 7.30> <CoreInst = "m_axi">   --->   Core 123 'm_axi' <Latency = 9> <II = 1> <Delay = 1.51> <Adapter> <Opcode : 'read' 'write' 'readreq' 'writereq' 'writeresp'>

State 69 <SV = 68> <Delay = 7.30>
ST_69 : Operation 164 [6/74] (7.30ns)   --->   "%empty_78 = readreq i1 @_ssdm_op_ReadReq.m_axi.p1i512, i512 %gmem_K_addr, i64 %zext_ln158" [./flashattentionmemory.h:158]   --->   Operation 164 'readreq' 'empty_78' <Predicate = true> <Delay = 7.30> <CoreInst = "m_axi">   --->   Core 123 'm_axi' <Latency = 9> <II = 1> <Delay = 1.51> <Adapter> <Opcode : 'read' 'write' 'readreq' 'writereq' 'writeresp'>

State 70 <SV = 69> <Delay = 7.30>
ST_70 : Operation 165 [5/74] (7.30ns)   --->   "%empty_78 = readreq i1 @_ssdm_op_ReadReq.m_axi.p1i512, i512 %gmem_K_addr, i64 %zext_ln158" [./flashattentionmemory.h:158]   --->   Operation 165 'readreq' 'empty_78' <Predicate = true> <Delay = 7.30> <CoreInst = "m_axi">   --->   Core 123 'm_axi' <Latency = 9> <II = 1> <Delay = 1.51> <Adapter> <Opcode : 'read' 'write' 'readreq' 'writereq' 'writeresp'>

State 71 <SV = 70> <Delay = 7.30>
ST_71 : Operation 166 [4/74] (7.30ns)   --->   "%empty_78 = readreq i1 @_ssdm_op_ReadReq.m_axi.p1i512, i512 %gmem_K_addr, i64 %zext_ln158" [./flashattentionmemory.h:158]   --->   Operation 166 'readreq' 'empty_78' <Predicate = true> <Delay = 7.30> <CoreInst = "m_axi">   --->   Core 123 'm_axi' <Latency = 9> <II = 1> <Delay = 1.51> <Adapter> <Opcode : 'read' 'write' 'readreq' 'writereq' 'writeresp'>

State 72 <SV = 71> <Delay = 7.30>
ST_72 : Operation 167 [3/74] (7.30ns)   --->   "%empty_78 = readreq i1 @_ssdm_op_ReadReq.m_axi.p1i512, i512 %gmem_K_addr, i64 %zext_ln158" [./flashattentionmemory.h:158]   --->   Operation 167 'readreq' 'empty_78' <Predicate = true> <Delay = 7.30> <CoreInst = "m_axi">   --->   Core 123 'm_axi' <Latency = 9> <II = 1> <Delay = 1.51> <Adapter> <Opcode : 'read' 'write' 'readreq' 'writereq' 'writeresp'>

State 73 <SV = 72> <Delay = 7.30>
ST_73 : Operation 168 [2/74] (7.30ns)   --->   "%empty_78 = readreq i1 @_ssdm_op_ReadReq.m_axi.p1i512, i512 %gmem_K_addr, i64 %zext_ln158" [./flashattentionmemory.h:158]   --->   Operation 168 'readreq' 'empty_78' <Predicate = true> <Delay = 7.30> <CoreInst = "m_axi">   --->   Core 123 'm_axi' <Latency = 9> <II = 1> <Delay = 1.51> <Adapter> <Opcode : 'read' 'write' 'readreq' 'writereq' 'writeresp'>

State 74 <SV = 73> <Delay = 1.19>
ST_74 : Operation 169 [1/74] (1.19ns)   --->   "%empty_78 = readreq i1 @_ssdm_op_ReadReq.m_axi.p1i512, i512 %gmem_K_addr, i64 %zext_ln158" [./flashattentionmemory.h:158]   --->   Operation 169 'readreq' 'empty_78' <Predicate = true> <Delay = 1.19> <CoreInst = "m_axi">   --->   Core 123 'm_axi' <Latency = 9> <II = 1> <Delay = 1.51> <Adapter> <Opcode : 'read' 'write' 'readreq' 'writereq' 'writeresp'>

State 75 <SV = 74> <Delay = 0.41>
ST_75 : Operation 170 [1/1] (0.41ns)   --->   "%empty_79 = select i1 %icmp_ln158, i31 %empty, i31 0" [./flashattentionmemory.h:158]   --->   Operation 170 'select' 'empty_79' <Predicate = true> <Delay = 0.41> <CoreInst = "Sel">   --->   Core 77 'Sel' <Latency = 0> <II = 1> <Delay = 0.41> <FuncUnit> <Opcode : 'select'> <InPorts = 3> <OutPorts = 1>
ST_75 : Operation 171 [1/1] (0.00ns)   --->   "%tmp_47 = bitconcatenate i33 @_ssdm_op_BitConcatenate.i33.i31.i2, i31 %empty_79, i2 0" [./flashattentionmemory.h:158]   --->   Operation 171 'bitconcatenate' 'tmp_47' <Predicate = true> <Delay = 0.00>
ST_75 : Operation 172 [2/2] (0.00ns)   --->   "%call_ln158 = call void @load_tile_fp16_bc_Pipeline_LOAD_KV_ROWS_LOAD_KV_BEATS, i33 %tmp_47, i512 %gmem_K, i58 %trunc_ln, i16 %tile_15, i16 %tile_14, i16 %tile_13, i16 %tile_12, i16 %tile_11, i16 %tile_10, i16 %tile_9, i16 %tile_8, i16 %tile_7, i16 %tile_6, i16 %tile_5, i16 %tile_4, i16 %tile_3, i16 %tile_2, i16 %tile_1, i16 %tile_0" [./flashattentionmemory.h:158]   --->   Operation 172 'call' 'call_ln158' <Predicate = true> <Delay = 0.00> <CoreType = "Generic">   --->   Generic Core

State 76 <SV = 75> <Delay = 0.99>
ST_76 : Operation 173 [1/2] (0.99ns)   --->   "%call_ln158 = call void @load_tile_fp16_bc_Pipeline_LOAD_KV_ROWS_LOAD_KV_BEATS, i33 %tmp_47, i512 %gmem_K, i58 %trunc_ln, i16 %tile_15, i16 %tile_14, i16 %tile_13, i16 %tile_12, i16 %tile_11, i16 %tile_10, i16 %tile_9, i16 %tile_8, i16 %tile_7, i16 %tile_6, i16 %tile_5, i16 %tile_4, i16 %tile_3, i16 %tile_2, i16 %tile_1, i16 %tile_0" [./flashattentionmemory.h:158]   --->   Operation 173 'call' 'call_ln158' <Predicate = true> <Delay = 0.99> <CoreType = "Generic">   --->   Generic Core

State 77 <SV = 76> <Delay = 1.98>
ST_77 : Operation 174 [1/1] (0.00ns) (grouped into LUT with out node sub_ln180)   --->   "%num_rows_cast3 = sext i32 %num_rows_read"   --->   Operation 174 'sext' 'num_rows_cast3' <Predicate = true> <Delay = 0.00>
ST_77 : Operation 175 [1/1] (0.67ns)   --->   "%empty_80 = icmp_sgt  i32 %num_rows_read, i32 64"   --->   Operation 175 'icmp' 'empty_80' <Predicate = true> <Delay = 0.67> <CoreInst = "Cmp">   --->   Core 9 'Cmp' <Latency = 0> <II = 1> <Delay = 0.67> <FuncUnit> <Opcode : 'setle' 'setge' 'setlt' 'setgt'> <InPorts = 2> <OutPorts = 1>
ST_77 : Operation 176 [1/1] (0.00ns) (grouped into LUT with out node sub_ln180)   --->   "%smax2 = select i1 %empty_80, i31 %empty, i31 64"   --->   Operation 176 'select' 'smax2' <Predicate = true> <Delay = 0.00> <CoreInst = "Sel">   --->   Core 77 'Sel' <Latency = 0> <II = 1> <Delay = 0.41> <FuncUnit> <Opcode : 'select'> <InPorts = 3> <OutPorts = 1>
ST_77 : Operation 177 [1/1] (0.00ns) (grouped into LUT with out node sub_ln180)   --->   "%zext_ln180 = zext i31 %smax2" [./flashattentionmemory.h:180]   --->   Operation 177 'zext' 'zext_ln180' <Predicate = true> <Delay = 0.00>
ST_77 : Operation 178 [1/1] (0.85ns) (out node of the LUT)   --->   "%sub_ln180 = sub i33 %zext_ln180, i33 %num_rows_cast3" [./flashattentionmemory.h:180]   --->   Operation 178 'sub' 'sub_ln180' <Predicate = true> <Delay = 0.85> <CoreInst = "Adder">   --->   Core 1 'Adder' <Latency = 0> <II = 1> <Delay = 0.85> <FuncUnit> <Opcode : 'add' 'sub'> <InPorts = 2> <OutPorts = 1>
ST_77 : Operation 179 [1/1] (0.00ns)   --->   "%tmp_48 = bitconcatenate i35 @_ssdm_op_BitConcatenate.i35.i33.i2, i33 %sub_ln180, i2 0" [./flashattentionmemory.h:158]   --->   Operation 179 'bitconcatenate' 'tmp_48' <Predicate = true> <Delay = 0.00>
ST_77 : Operation 180 [2/2] (0.46ns)   --->   "%call_ln158 = call void @load_tile_fp16_bc_Pipeline_LOAD_KV_PAD_VITIS_LOOP_181_2, i32 %num_rows_read, i35 %tmp_48, i16 %tile_0, i16 %tile_1, i16 %tile_2, i16 %tile_3, i16 %tile_4, i16 %tile_5, i16 %tile_6, i16 %tile_7, i16 %tile_8, i16 %tile_9, i16 %tile_10, i16 %tile_11, i16 %tile_12, i16 %tile_13, i16 %tile_14, i16 %tile_15" [./flashattentionmemory.h:158]   --->   Operation 180 'call' 'call_ln158' <Predicate = true> <Delay = 0.46> <CoreType = "Generic">   --->   Generic Core

State 78 <SV = 77> <Delay = 1.01>
ST_78 : Operation 181 [1/1] (0.00ns)   --->   "%specmemcore_ln0 = specmemcore void @_ssdm_op_SpecMemCore, i16 %tile_0, i64 666, i64 24, i64 18446744073709551615"   --->   Operation 181 'specmemcore' 'specmemcore_ln0' <Predicate = true> <Delay = 0.00>
ST_78 : Operation 182 [1/1] (0.00ns)   --->   "%specmemcore_ln0 = specmemcore void @_ssdm_op_SpecMemCore, i16 %tile_1, i64 666, i64 24, i64 18446744073709551615"   --->   Operation 182 'specmemcore' 'specmemcore_ln0' <Predicate = true> <Delay = 0.00>
ST_78 : Operation 183 [1/1] (0.00ns)   --->   "%specmemcore_ln0 = specmemcore void @_ssdm_op_SpecMemCore, i16 %tile_2, i64 666, i64 24, i64 18446744073709551615"   --->   Operation 183 'specmemcore' 'specmemcore_ln0' <Predicate = true> <Delay = 0.00>
ST_78 : Operation 184 [1/1] (0.00ns)   --->   "%specmemcore_ln0 = specmemcore void @_ssdm_op_SpecMemCore, i16 %tile_3, i64 666, i64 24, i64 18446744073709551615"   --->   Operation 184 'specmemcore' 'specmemcore_ln0' <Predicate = true> <Delay = 0.00>
ST_78 : Operation 185 [1/1] (0.00ns)   --->   "%specmemcore_ln0 = specmemcore void @_ssdm_op_SpecMemCore, i16 %tile_4, i64 666, i64 24, i64 18446744073709551615"   --->   Operation 185 'specmemcore' 'specmemcore_ln0' <Predicate = true> <Delay = 0.00>
ST_78 : Operation 186 [1/1] (0.00ns)   --->   "%specmemcore_ln0 = specmemcore void @_ssdm_op_SpecMemCore, i16 %tile_5, i64 666, i64 24, i64 18446744073709551615"   --->   Operation 186 'specmemcore' 'specmemcore_ln0' <Predicate = true> <Delay = 0.00>
ST_78 : Operation 187 [1/1] (0.00ns)   --->   "%specmemcore_ln0 = specmemcore void @_ssdm_op_SpecMemCore, i16 %tile_6, i64 666, i64 24, i64 18446744073709551615"   --->   Operation 187 'specmemcore' 'specmemcore_ln0' <Predicate = true> <Delay = 0.00>
ST_78 : Operation 188 [1/1] (0.00ns)   --->   "%specmemcore_ln0 = specmemcore void @_ssdm_op_SpecMemCore, i16 %tile_7, i64 666, i64 24, i64 18446744073709551615"   --->   Operation 188 'specmemcore' 'specmemcore_ln0' <Predicate = true> <Delay = 0.00>
ST_78 : Operation 189 [1/1] (0.00ns)   --->   "%specmemcore_ln0 = specmemcore void @_ssdm_op_SpecMemCore, i16 %tile_8, i64 666, i64 24, i64 18446744073709551615"   --->   Operation 189 'specmemcore' 'specmemcore_ln0' <Predicate = true> <Delay = 0.00>
ST_78 : Operation 190 [1/1] (0.00ns)   --->   "%specmemcore_ln0 = specmemcore void @_ssdm_op_SpecMemCore, i16 %tile_9, i64 666, i64 24, i64 18446744073709551615"   --->   Operation 190 'specmemcore' 'specmemcore_ln0' <Predicate = true> <Delay = 0.00>
ST_78 : Operation 191 [1/1] (0.00ns)   --->   "%specmemcore_ln0 = specmemcore void @_ssdm_op_SpecMemCore, i16 %tile_10, i64 666, i64 24, i64 18446744073709551615"   --->   Operation 191 'specmemcore' 'specmemcore_ln0' <Predicate = true> <Delay = 0.00>
ST_78 : Operation 192 [1/1] (0.00ns)   --->   "%specmemcore_ln0 = specmemcore void @_ssdm_op_SpecMemCore, i16 %tile_11, i64 666, i64 24, i64 18446744073709551615"   --->   Operation 192 'specmemcore' 'specmemcore_ln0' <Predicate = true> <Delay = 0.00>
ST_78 : Operation 193 [1/1] (0.00ns)   --->   "%specmemcore_ln0 = specmemcore void @_ssdm_op_SpecMemCore, i16 %tile_12, i64 666, i64 24, i64 18446744073709551615"   --->   Operation 193 'specmemcore' 'specmemcore_ln0' <Predicate = true> <Delay = 0.00>
ST_78 : Operation 194 [1/1] (0.00ns)   --->   "%specmemcore_ln0 = specmemcore void @_ssdm_op_SpecMemCore, i16 %tile_13, i64 666, i64 24, i64 18446744073709551615"   --->   Operation 194 'specmemcore' 'specmemcore_ln0' <Predicate = true> <Delay = 0.00>
ST_78 : Operation 195 [1/1] (0.00ns)   --->   "%specmemcore_ln0 = specmemcore void @_ssdm_op_SpecMemCore, i16 %tile_14, i64 666, i64 24, i64 18446744073709551615"   --->   Operation 195 'specmemcore' 'specmemcore_ln0' <Predicate = true> <Delay = 0.00>
ST_78 : Operation 196 [1/1] (0.00ns)   --->   "%specmemcore_ln0 = specmemcore void @_ssdm_op_SpecMemCore, i16 %tile_15, i64 666, i64 24, i64 18446744073709551615"   --->   Operation 196 'specmemcore' 'specmemcore_ln0' <Predicate = true> <Delay = 0.00>
ST_78 : Operation 197 [1/1] (0.00ns)   --->   "%specinterface_ln0 = specinterface void @_ssdm_op_SpecInterface, i512 %gmem_K, void @empty_21, i32 0, i32 0, void @empty_27, i32 64, i32 65536, void @empty_29, void @empty_28, void @empty_27, i32 16, i32 16, i32 64, i32 16, void @empty_27, void @empty_27, i32 4294967295, i32 0, i32 0"   --->   Operation 197 'specinterface' 'specinterface_ln0' <Predicate = true> <Delay = 0.00>
ST_78 : Operation 198 [1/2] (1.01ns)   --->   "%call_ln158 = call void @load_tile_fp16_bc_Pipeline_LOAD_KV_PAD_VITIS_LOOP_181_2, i32 %num_rows_read, i35 %tmp_48, i16 %tile_0, i16 %tile_1, i16 %tile_2, i16 %tile_3, i16 %tile_4, i16 %tile_5, i16 %tile_6, i16 %tile_7, i16 %tile_8, i16 %tile_9, i16 %tile_10, i16 %tile_11, i16 %tile_12, i16 %tile_13, i16 %tile_14, i16 %tile_15" [./flashattentionmemory.h:158]   --->   Operation 198 'call' 'call_ln158' <Predicate = true> <Delay = 1.01> <CoreType = "Generic">   --->   Generic Core
ST_78 : Operation 199 [1/1] (0.00ns)   --->   "%ret_ln187 = ret" [./flashattentionmemory.h:187]   --->   Operation 199 'ret' 'ret_ln187' <Predicate = true> <Delay = 0.00>


============================================================
+ Verbose Summary: Timing violations
============================================================
Target clock period: 10.000ns, clock uncertainty: 2.700ns.

 <State 1>: 2.279ns
The critical path consists of the following:
	wire read operation ('num_rows_read') on port 'num_rows' [21]  (0.000 ns)
	'icmp' operation 1 bit ('icmp_ln158', ./flashattentionmemory.h:158) [42]  (0.671 ns)
	'select' operation 33 bit ('empty_77', ./flashattentionmemory.h:158) [51]  (0.413 ns)
	'muxlogic' operation 1 bit ('muxLogicAXIMBurst_to_empty_78') [54]  (0.000 ns)
	bus request operation ('empty_78', ./flashattentionmemory.h:158) on port 'gmem_K' (./flashattentionmemory.h:158) [55]  (1.194 ns)

 <State 2>: 7.300ns
The critical path consists of the following:
	bus request operation ('empty_78', ./flashattentionmemory.h:158) on port 'gmem_K' (./flashattentionmemory.h:158) [55]  (7.300 ns)

 <State 3>: 7.300ns
The critical path consists of the following:
	bus request operation ('empty_78', ./flashattentionmemory.h:158) on port 'gmem_K' (./flashattentionmemory.h:158) [55]  (7.300 ns)

 <State 4>: 7.300ns
The critical path consists of the following:
	bus request operation ('empty_78', ./flashattentionmemory.h:158) on port 'gmem_K' (./flashattentionmemory.h:158) [55]  (7.300 ns)

 <State 5>: 7.300ns
The critical path consists of the following:
	bus request operation ('empty_78', ./flashattentionmemory.h:158) on port 'gmem_K' (./flashattentionmemory.h:158) [55]  (7.300 ns)

 <State 6>: 7.300ns
The critical path consists of the following:
	bus request operation ('empty_78', ./flashattentionmemory.h:158) on port 'gmem_K' (./flashattentionmemory.h:158) [55]  (7.300 ns)

 <State 7>: 7.300ns
The critical path consists of the following:
	bus request operation ('empty_78', ./flashattentionmemory.h:158) on port 'gmem_K' (./flashattentionmemory.h:158) [55]  (7.300 ns)

 <State 8>: 7.300ns
The critical path consists of the following:
	bus request operation ('empty_78', ./flashattentionmemory.h:158) on port 'gmem_K' (./flashattentionmemory.h:158) [55]  (7.300 ns)

 <State 9>: 7.300ns
The critical path consists of the following:
	bus request operation ('empty_78', ./flashattentionmemory.h:158) on port 'gmem_K' (./flashattentionmemory.h:158) [55]  (7.300 ns)

 <State 10>: 7.300ns
The critical path consists of the following:
	bus request operation ('empty_78', ./flashattentionmemory.h:158) on port 'gmem_K' (./flashattentionmemory.h:158) [55]  (7.300 ns)

 <State 11>: 7.300ns
The critical path consists of the following:
	bus request operation ('empty_78', ./flashattentionmemory.h:158) on port 'gmem_K' (./flashattentionmemory.h:158) [55]  (7.300 ns)

 <State 12>: 7.300ns
The critical path consists of the following:
	bus request operation ('empty_78', ./flashattentionmemory.h:158) on port 'gmem_K' (./flashattentionmemory.h:158) [55]  (7.300 ns)

 <State 13>: 7.300ns
The critical path consists of the following:
	bus request operation ('empty_78', ./flashattentionmemory.h:158) on port 'gmem_K' (./flashattentionmemory.h:158) [55]  (7.300 ns)

 <State 14>: 7.300ns
The critical path consists of the following:
	bus request operation ('empty_78', ./flashattentionmemory.h:158) on port 'gmem_K' (./flashattentionmemory.h:158) [55]  (7.300 ns)

 <State 15>: 7.300ns
The critical path consists of the following:
	bus request operation ('empty_78', ./flashattentionmemory.h:158) on port 'gmem_K' (./flashattentionmemory.h:158) [55]  (7.300 ns)

 <State 16>: 7.300ns
The critical path consists of the following:
	bus request operation ('empty_78', ./flashattentionmemory.h:158) on port 'gmem_K' (./flashattentionmemory.h:158) [55]  (7.300 ns)

 <State 17>: 7.300ns
The critical path consists of the following:
	bus request operation ('empty_78', ./flashattentionmemory.h:158) on port 'gmem_K' (./flashattentionmemory.h:158) [55]  (7.300 ns)

 <State 18>: 7.300ns
The critical path consists of the following:
	bus request operation ('empty_78', ./flashattentionmemory.h:158) on port 'gmem_K' (./flashattentionmemory.h:158) [55]  (7.300 ns)

 <State 19>: 7.300ns
The critical path consists of the following:
	bus request operation ('empty_78', ./flashattentionmemory.h:158) on port 'gmem_K' (./flashattentionmemory.h:158) [55]  (7.300 ns)

 <State 20>: 7.300ns
The critical path consists of the following:
	bus request operation ('empty_78', ./flashattentionmemory.h:158) on port 'gmem_K' (./flashattentionmemory.h:158) [55]  (7.300 ns)

 <State 21>: 7.300ns
The critical path consists of the following:
	bus request operation ('empty_78', ./flashattentionmemory.h:158) on port 'gmem_K' (./flashattentionmemory.h:158) [55]  (7.300 ns)

 <State 22>: 7.300ns
The critical path consists of the following:
	bus request operation ('empty_78', ./flashattentionmemory.h:158) on port 'gmem_K' (./flashattentionmemory.h:158) [55]  (7.300 ns)

 <State 23>: 7.300ns
The critical path consists of the following:
	bus request operation ('empty_78', ./flashattentionmemory.h:158) on port 'gmem_K' (./flashattentionmemory.h:158) [55]  (7.300 ns)

 <State 24>: 7.300ns
The critical path consists of the following:
	bus request operation ('empty_78', ./flashattentionmemory.h:158) on port 'gmem_K' (./flashattentionmemory.h:158) [55]  (7.300 ns)

 <State 25>: 7.300ns
The critical path consists of the following:
	bus request operation ('empty_78', ./flashattentionmemory.h:158) on port 'gmem_K' (./flashattentionmemory.h:158) [55]  (7.300 ns)

 <State 26>: 7.300ns
The critical path consists of the following:
	bus request operation ('empty_78', ./flashattentionmemory.h:158) on port 'gmem_K' (./flashattentionmemory.h:158) [55]  (7.300 ns)

 <State 27>: 7.300ns
The critical path consists of the following:
	bus request operation ('empty_78', ./flashattentionmemory.h:158) on port 'gmem_K' (./flashattentionmemory.h:158) [55]  (7.300 ns)

 <State 28>: 7.300ns
The critical path consists of the following:
	bus request operation ('empty_78', ./flashattentionmemory.h:158) on port 'gmem_K' (./flashattentionmemory.h:158) [55]  (7.300 ns)

 <State 29>: 7.300ns
The critical path consists of the following:
	bus request operation ('empty_78', ./flashattentionmemory.h:158) on port 'gmem_K' (./flashattentionmemory.h:158) [55]  (7.300 ns)

 <State 30>: 7.300ns
The critical path consists of the following:
	bus request operation ('empty_78', ./flashattentionmemory.h:158) on port 'gmem_K' (./flashattentionmemory.h:158) [55]  (7.300 ns)

 <State 31>: 7.300ns
The critical path consists of the following:
	bus request operation ('empty_78', ./flashattentionmemory.h:158) on port 'gmem_K' (./flashattentionmemory.h:158) [55]  (7.300 ns)

 <State 32>: 7.300ns
The critical path consists of the following:
	bus request operation ('empty_78', ./flashattentionmemory.h:158) on port 'gmem_K' (./flashattentionmemory.h:158) [55]  (7.300 ns)

 <State 33>: 7.300ns
The critical path consists of the following:
	bus request operation ('empty_78', ./flashattentionmemory.h:158) on port 'gmem_K' (./flashattentionmemory.h:158) [55]  (7.300 ns)

 <State 34>: 7.300ns
The critical path consists of the following:
	bus request operation ('empty_78', ./flashattentionmemory.h:158) on port 'gmem_K' (./flashattentionmemory.h:158) [55]  (7.300 ns)

 <State 35>: 7.300ns
The critical path consists of the following:
	bus request operation ('empty_78', ./flashattentionmemory.h:158) on port 'gmem_K' (./flashattentionmemory.h:158) [55]  (7.300 ns)

 <State 36>: 7.300ns
The critical path consists of the following:
	bus request operation ('empty_78', ./flashattentionmemory.h:158) on port 'gmem_K' (./flashattentionmemory.h:158) [55]  (7.300 ns)

 <State 37>: 7.300ns
The critical path consists of the following:
	bus request operation ('empty_78', ./flashattentionmemory.h:158) on port 'gmem_K' (./flashattentionmemory.h:158) [55]  (7.300 ns)

 <State 38>: 7.300ns
The critical path consists of the following:
	bus request operation ('empty_78', ./flashattentionmemory.h:158) on port 'gmem_K' (./flashattentionmemory.h:158) [55]  (7.300 ns)

 <State 39>: 7.300ns
The critical path consists of the following:
	bus request operation ('empty_78', ./flashattentionmemory.h:158) on port 'gmem_K' (./flashattentionmemory.h:158) [55]  (7.300 ns)

 <State 40>: 7.300ns
The critical path consists of the following:
	bus request operation ('empty_78', ./flashattentionmemory.h:158) on port 'gmem_K' (./flashattentionmemory.h:158) [55]  (7.300 ns)

 <State 41>: 7.300ns
The critical path consists of the following:
	bus request operation ('empty_78', ./flashattentionmemory.h:158) on port 'gmem_K' (./flashattentionmemory.h:158) [55]  (7.300 ns)

 <State 42>: 7.300ns
The critical path consists of the following:
	bus request operation ('empty_78', ./flashattentionmemory.h:158) on port 'gmem_K' (./flashattentionmemory.h:158) [55]  (7.300 ns)

 <State 43>: 7.300ns
The critical path consists of the following:
	bus request operation ('empty_78', ./flashattentionmemory.h:158) on port 'gmem_K' (./flashattentionmemory.h:158) [55]  (7.300 ns)

 <State 44>: 7.300ns
The critical path consists of the following:
	bus request operation ('empty_78', ./flashattentionmemory.h:158) on port 'gmem_K' (./flashattentionmemory.h:158) [55]  (7.300 ns)

 <State 45>: 7.300ns
The critical path consists of the following:
	bus request operation ('empty_78', ./flashattentionmemory.h:158) on port 'gmem_K' (./flashattentionmemory.h:158) [55]  (7.300 ns)

 <State 46>: 7.300ns
The critical path consists of the following:
	bus request operation ('empty_78', ./flashattentionmemory.h:158) on port 'gmem_K' (./flashattentionmemory.h:158) [55]  (7.300 ns)

 <State 47>: 7.300ns
The critical path consists of the following:
	bus request operation ('empty_78', ./flashattentionmemory.h:158) on port 'gmem_K' (./flashattentionmemory.h:158) [55]  (7.300 ns)

 <State 48>: 7.300ns
The critical path consists of the following:
	bus request operation ('empty_78', ./flashattentionmemory.h:158) on port 'gmem_K' (./flashattentionmemory.h:158) [55]  (7.300 ns)

 <State 49>: 7.300ns
The critical path consists of the following:
	bus request operation ('empty_78', ./flashattentionmemory.h:158) on port 'gmem_K' (./flashattentionmemory.h:158) [55]  (7.300 ns)

 <State 50>: 7.300ns
The critical path consists of the following:
	bus request operation ('empty_78', ./flashattentionmemory.h:158) on port 'gmem_K' (./flashattentionmemory.h:158) [55]  (7.300 ns)

 <State 51>: 7.300ns
The critical path consists of the following:
	bus request operation ('empty_78', ./flashattentionmemory.h:158) on port 'gmem_K' (./flashattentionmemory.h:158) [55]  (7.300 ns)

 <State 52>: 7.300ns
The critical path consists of the following:
	bus request operation ('empty_78', ./flashattentionmemory.h:158) on port 'gmem_K' (./flashattentionmemory.h:158) [55]  (7.300 ns)

 <State 53>: 7.300ns
The critical path consists of the following:
	bus request operation ('empty_78', ./flashattentionmemory.h:158) on port 'gmem_K' (./flashattentionmemory.h:158) [55]  (7.300 ns)

 <State 54>: 7.300ns
The critical path consists of the following:
	bus request operation ('empty_78', ./flashattentionmemory.h:158) on port 'gmem_K' (./flashattentionmemory.h:158) [55]  (7.300 ns)

 <State 55>: 7.300ns
The critical path consists of the following:
	bus request operation ('empty_78', ./flashattentionmemory.h:158) on port 'gmem_K' (./flashattentionmemory.h:158) [55]  (7.300 ns)

 <State 56>: 7.300ns
The critical path consists of the following:
	bus request operation ('empty_78', ./flashattentionmemory.h:158) on port 'gmem_K' (./flashattentionmemory.h:158) [55]  (7.300 ns)

 <State 57>: 7.300ns
The critical path consists of the following:
	bus request operation ('empty_78', ./flashattentionmemory.h:158) on port 'gmem_K' (./flashattentionmemory.h:158) [55]  (7.300 ns)

 <State 58>: 7.300ns
The critical path consists of the following:
	bus request operation ('empty_78', ./flashattentionmemory.h:158) on port 'gmem_K' (./flashattentionmemory.h:158) [55]  (7.300 ns)

 <State 59>: 7.300ns
The critical path consists of the following:
	bus request operation ('empty_78', ./flashattentionmemory.h:158) on port 'gmem_K' (./flashattentionmemory.h:158) [55]  (7.300 ns)

 <State 60>: 7.300ns
The critical path consists of the following:
	bus request operation ('empty_78', ./flashattentionmemory.h:158) on port 'gmem_K' (./flashattentionmemory.h:158) [55]  (7.300 ns)

 <State 61>: 7.300ns
The critical path consists of the following:
	bus request operation ('empty_78', ./flashattentionmemory.h:158) on port 'gmem_K' (./flashattentionmemory.h:158) [55]  (7.300 ns)

 <State 62>: 7.300ns
The critical path consists of the following:
	bus request operation ('empty_78', ./flashattentionmemory.h:158) on port 'gmem_K' (./flashattentionmemory.h:158) [55]  (7.300 ns)

 <State 63>: 7.300ns
The critical path consists of the following:
	bus request operation ('empty_78', ./flashattentionmemory.h:158) on port 'gmem_K' (./flashattentionmemory.h:158) [55]  (7.300 ns)

 <State 64>: 7.300ns
The critical path consists of the following:
	bus request operation ('empty_78', ./flashattentionmemory.h:158) on port 'gmem_K' (./flashattentionmemory.h:158) [55]  (7.300 ns)

 <State 65>: 7.300ns
The critical path consists of the following:
	bus request operation ('empty_78', ./flashattentionmemory.h:158) on port 'gmem_K' (./flashattentionmemory.h:158) [55]  (7.300 ns)

 <State 66>: 7.300ns
The critical path consists of the following:
	bus request operation ('empty_78', ./flashattentionmemory.h:158) on port 'gmem_K' (./flashattentionmemory.h:158) [55]  (7.300 ns)

 <State 67>: 7.300ns
The critical path consists of the following:
	bus request operation ('empty_78', ./flashattentionmemory.h:158) on port 'gmem_K' (./flashattentionmemory.h:158) [55]  (7.300 ns)

 <State 68>: 7.300ns
The critical path consists of the following:
	bus request operation ('empty_78', ./flashattentionmemory.h:158) on port 'gmem_K' (./flashattentionmemory.h:158) [55]  (7.300 ns)

 <State 69>: 7.300ns
The critical path consists of the following:
	bus request operation ('empty_78', ./flashattentionmemory.h:158) on port 'gmem_K' (./flashattentionmemory.h:158) [55]  (7.300 ns)

 <State 70>: 7.300ns
The critical path consists of the following:
	bus request operation ('empty_78', ./flashattentionmemory.h:158) on port 'gmem_K' (./flashattentionmemory.h:158) [55]  (7.300 ns)

 <State 71>: 7.300ns
The critical path consists of the following:
	bus request operation ('empty_78', ./flashattentionmemory.h:158) on port 'gmem_K' (./flashattentionmemory.h:158) [55]  (7.300 ns)

 <State 72>: 7.300ns
The critical path consists of the following:
	bus request operation ('empty_78', ./flashattentionmemory.h:158) on port 'gmem_K' (./flashattentionmemory.h:158) [55]  (7.300 ns)

 <State 73>: 7.300ns
The critical path consists of the following:
	bus request operation ('empty_78', ./flashattentionmemory.h:158) on port 'gmem_K' (./flashattentionmemory.h:158) [55]  (7.300 ns)

 <State 74>: 1.194ns
The critical path consists of the following:
	bus request operation ('empty_78', ./flashattentionmemory.h:158) on port 'gmem_K' (./flashattentionmemory.h:158) [55]  (1.194 ns)

 <State 75>: 0.412ns
The critical path consists of the following:
	'select' operation 31 bit ('empty_79', ./flashattentionmemory.h:158) [57]  (0.412 ns)

 <State 76>: 0.996ns
The critical path consists of the following:
	'call' operation 0 bit ('call_ln158', ./flashattentionmemory.h:158) to 'load_tile_fp16_bc_Pipeline_LOAD_KV_ROWS_LOAD_KV_BEATS' [59]  (0.996 ns)

 <State 77>: 1.981ns
The critical path consists of the following:
	'icmp' operation 1 bit ('empty_80') [60]  (0.671 ns)
	'select' operation 31 bit ('smax2') [61]  (0.000 ns)
	'sub' operation 33 bit ('sub_ln180', ./flashattentionmemory.h:180) [63]  (0.850 ns)
	'call' operation 0 bit ('call_ln158', ./flashattentionmemory.h:158) to 'load_tile_fp16_bc_Pipeline_LOAD_KV_PAD_VITIS_LOOP_181_2' [65]  (0.460 ns)

 <State 78>: 1.020ns
The critical path consists of the following:
	'call' operation 0 bit ('call_ln158', ./flashattentionmemory.h:158) to 'load_tile_fp16_bc_Pipeline_LOAD_KV_PAD_VITIS_LOOP_181_2' [65]  (1.020 ns)


============================================================
+ Verbose Summary: Binding
============================================================
N/A
* FSMD analyzer results:
  - Output states:
 - Input state : 
  - Chain level:
	State 1
	State 2
	State 3
	State 4
	State 5
	State 6
	State 7
	State 8
	State 9
	State 10
	State 11
	State 12
	State 13
	State 14
	State 15
	State 16
	State 17
	State 18
	State 19
	State 20
	State 21
	State 22
	State 23
	State 24
	State 25
	State 26
	State 27
	State 28
	State 29
	State 30
	State 31
	State 32
	State 33
	State 34
	State 35
	State 36
	State 37
	State 38
	State 39
	State 40
	State 41
	State 42
	State 43
	State 44
	State 45
	State 46
	State 47
	State 48
	State 49
	State 50
	State 51
	State 52
	State 53
	State 54
	State 55
	State 56
	State 57
	State 58
	State 59
	State 60
	State 61
	State 62
	State 63
	State 64
	State 65
	State 66
	State 67
	State 68
	State 69
	State 70
	State 71
	State 72
	State 73
	State 74
	State 75
	State 76
	State 77
	State 78


============================================================
+ Verbose Summary: Datapath Resource usage 
============================================================
N/A
