

================================================================
== Vitis HLS Report for 'load_tile_fp16'
================================================================
* Date:           Sun Mar 22 18:05:51 2026

* Version:        2025.1 (Build 6135595 on May 21 2025)
* Project:        FlashAtt1
* Solution:       hls (Vivado IP Flow Target)
* Product family: versalhbm
* Target device:  xcvh1582-lsva4737-2LHP-e-S


================================================================
== Performance Estimates
================================================================
+ Timing: 
    * Summary: 
    +--------+----------+----------+------------+
    |  Clock |  Target  | Estimated| Uncertainty|
    +--------+----------+----------+------------+
    |ap_clk  |  10.00 ns|  7.300 ns|     2.70 ns|
    +--------+----------+----------+------------+

+ Latency: 
    * Summary: 
    +---------+---------+----------+----------+-----+-----+---------+
    |  Latency (cycles) |  Latency (absolute) |  Interval | Pipeline|
    |   min   |   max   |    min   |    max   | min | max |   Type  |
    +---------+---------+----------+----------+-----+-----+---------+
    |        ?|        ?|         ?|         ?|    ?|    ?|       no|
    +---------+---------+----------+----------+-----+-----+---------+

    + Detail: 
        * Instance: 
        +-------------------------------------------------------------------+--------------------------------------------------------+---------+---------+----------+----------+-----+-----+------------------------------------------------+
        |                                                                   |                                                        |  Latency (cycles) |  Latency (absolute) |  Interval |                    Pipeline                    |
        |                              Instance                             |                         Module                         |   min   |   max   |    min   |    max   | min | max |                      Type                      |
        +-------------------------------------------------------------------+--------------------------------------------------------+---------+---------+----------+----------+-----+-----+------------------------------------------------+
        |grp_load_tile_fp16_Pipeline_LOAD_TILE_ROWS_fu_124                  |load_tile_fp16_Pipeline_LOAD_TILE_ROWS                  |        ?|        ?|         ?|         ?|    0|    0|  loop auto-rewind stp (delay=0 clock cycles(s))|
        |grp_load_tile_fp16_Pipeline_LOAD_TILE_PAD_VITIS_LOOP_139_2_fu_164  |load_tile_fp16_Pipeline_LOAD_TILE_PAD_VITIS_LOOP_139_2  |        ?|        ?|         ?|         ?|    0|    0|  loop auto-rewind stp (delay=0 clock cycles(s))|
        +-------------------------------------------------------------------+--------------------------------------------------------+---------+---------+----------+----------+-----+-----+------------------------------------------------+

        * Loop: 
        N/A

============================================================
+ Verbose Summary: Synthesis Manager
============================================================
InlineROM: 1
ExposeGlobal: 0
============================================================
+ Verbose Summary: CDFG Model
============================================================
IsTopModel: 0
ResetActiveHigh: 1
IsCombinational: 0
IsDatapathOnly: 0
HasWiredReturn: 1
HasMFsm: 0
HasVarLatency: 1
IsPipeline: 0
IsRtlPipelined: 0
IsInstanceOverlapped: 0
IsDontTouch: 0
HasImplIP: 0
IsGatedGlobalClock: 0


============================================================
+ Verbose Summary: Schedule
============================================================
* Number of FSM states : 78
* Pipeline : 0
* Dataflow Pipeline: 0

* FSM state transitions: 
1 --> 2 
2 --> 3 
3 --> 4 
4 --> 5 
5 --> 6 
6 --> 7 
7 --> 8 
8 --> 9 
9 --> 10 
10 --> 11 
11 --> 12 
12 --> 13 
13 --> 14 
14 --> 15 
15 --> 16 
16 --> 17 
17 --> 18 
18 --> 19 
19 --> 20 
20 --> 21 
21 --> 22 
22 --> 23 
23 --> 24 
24 --> 25 
25 --> 26 
26 --> 27 
27 --> 28 
28 --> 29 
29 --> 30 
30 --> 31 
31 --> 32 
32 --> 33 
33 --> 34 
34 --> 35 
35 --> 36 
36 --> 37 
37 --> 38 
38 --> 39 
39 --> 40 
40 --> 41 
41 --> 42 
42 --> 43 
43 --> 44 
44 --> 45 
45 --> 46 
46 --> 47 
47 --> 48 
48 --> 49 
49 --> 50 
50 --> 51 
51 --> 52 
52 --> 53 
53 --> 54 
54 --> 55 
55 --> 56 
56 --> 57 
57 --> 58 
58 --> 59 
59 --> 60 
60 --> 61 
61 --> 62 
62 --> 63 
63 --> 64 
64 --> 65 
65 --> 66 
66 --> 67 
67 --> 68 
68 --> 69 
69 --> 70 
70 --> 71 
71 --> 72 
72 --> 73 
73 --> 74 
74 --> 75 
75 --> 76 
76 --> 77 
77 --> 78 
78 --> 

* FSM state operations: 

State 1 <SV = 0> <Delay = 2.27>
ST_1 : Operation 79 [1/1] (0.00ns)   --->   "%num_rows_read = read i32 @_ssdm_op_Read.ap_auto.i32, i32 %num_rows"   --->   Operation 79 'read' 'num_rows_read' <Predicate = true> <Delay = 0.00>
ST_1 : Operation 80 [1/1] (0.00ns)   --->   "%base_row_read = read i31 @_ssdm_op_Read.ap_auto.i31, i31 %base_row"   --->   Operation 80 'read' 'base_row_read' <Predicate = true> <Delay = 0.00>
ST_1 : Operation 81 [1/1] (0.00ns)   --->   "%hbm_port_read = read i64 @_ssdm_op_Read.ap_auto.i64, i64 %hbm_port"   --->   Operation 81 'read' 'hbm_port_read' <Predicate = true> <Delay = 0.00>
ST_1 : Operation 82 [1/1] (0.67ns)   --->   "%icmp_ln112 = icmp_sgt  i32 %num_rows_read, i32 0" [./flashattentionmemory.h:112]   --->   Operation 82 'icmp' 'icmp_ln112' <Predicate = true> <Delay = 0.67> <CoreInst = "Cmp">   --->   Core 9 'Cmp' <Latency = 0> <II = 1> <Delay = 0.67> <FuncUnit> <Opcode : 'setle' 'setge' 'setlt' 'setgt'> <InPorts = 2> <OutPorts = 1>
ST_1 : Operation 83 [1/1] (0.00ns)   --->   "%trunc_ln112 = trunc i32 %num_rows_read" [./flashattentionmemory.h:112]   --->   Operation 83 'trunc' 'trunc_ln112' <Predicate = true> <Delay = 0.00>
ST_1 : Operation 84 [1/1] (0.00ns)   --->   "%shl_ln = bitconcatenate i33 @_ssdm_op_BitConcatenate.i33.i31.i2, i31 %trunc_ln112, i2 0" [./flashattentionmemory.h:112]   --->   Operation 84 'bitconcatenate' 'shl_ln' <Predicate = true> <Delay = 0.00>
ST_1 : Operation 85 [1/1] (0.00ns)   --->   "%trunc_ln112_1 = trunc i31 %base_row_read" [./flashattentionmemory.h:112]   --->   Operation 85 'trunc' 'trunc_ln112_1' <Predicate = true> <Delay = 0.00>
ST_1 : Operation 86 [1/1] (0.00ns)   --->   "%shl_ln112_2 = bitconcatenate i38 @_ssdm_op_BitConcatenate.i38.i30.i8, i30 %trunc_ln112_1, i8 0" [./flashattentionmemory.h:112]   --->   Operation 86 'bitconcatenate' 'shl_ln112_2' <Predicate = true> <Delay = 0.00>
ST_1 : Operation 87 [1/1] (0.00ns)   --->   "%sext_ln112 = sext i38 %shl_ln112_2" [./flashattentionmemory.h:112]   --->   Operation 87 'sext' 'sext_ln112' <Predicate = true> <Delay = 0.00>
ST_1 : Operation 88 [1/1] (1.01ns)   --->   "%add_ln112 = add i64 %sext_ln112, i64 %hbm_port_read" [./flashattentionmemory.h:112]   --->   Operation 88 'add' 'add_ln112' <Predicate = true> <Delay = 1.01> <CoreInst = "Adder">   --->   Core 1 'Adder' <Latency = 0> <II = 1> <Delay = 1.01> <FuncUnit> <Opcode : 'add' 'sub'> <InPorts = 2> <OutPorts = 1>
ST_1 : Operation 89 [1/1] (0.00ns)   --->   "%trunc_ln = partselect i58 @_ssdm_op_PartSelect.i58.i64.i32.i32, i64 %add_ln112, i32 6, i32 63" [./flashattentionmemory.h:112]   --->   Operation 89 'partselect' 'trunc_ln' <Predicate = true> <Delay = 0.00>
ST_1 : Operation 90 [1/1] (0.00ns)   --->   "%sext_ln112_1 = sext i58 %trunc_ln" [./flashattentionmemory.h:112]   --->   Operation 90 'sext' 'sext_ln112_1' <Predicate = true> <Delay = 0.00>
ST_1 : Operation 91 [1/1] (0.00ns)   --->   "%gmem_Q_addr = getelementptr i512 %gmem_Q, i64 %sext_ln112_1" [./flashattentionmemory.h:112]   --->   Operation 91 'getelementptr' 'gmem_Q_addr' <Predicate = true> <Delay = 0.00>
ST_1 : Operation 92 [1/1] (0.41ns)   --->   "%empty = select i1 %icmp_ln112, i33 %shl_ln, i33 0" [./flashattentionmemory.h:112]   --->   Operation 92 'select' 'empty' <Predicate = true> <Delay = 0.41> <CoreInst = "Sel">   --->   Core 77 'Sel' <Latency = 0> <II = 1> <Delay = 0.41> <FuncUnit> <Opcode : 'select'> <InPorts = 3> <OutPorts = 1>
ST_1 : Operation 93 [1/1] (0.00ns)   --->   "%zext_ln112 = zext i33 %empty" [./flashattentionmemory.h:112]   --->   Operation 93 'zext' 'zext_ln112' <Predicate = true> <Delay = 0.00>
ST_1 : Operation 94 [1/1] (0.00ns)   --->   "%muxLogicAXIMAddr_to_empty_81 = muxlogic i512 %gmem_Q_addr"   --->   Operation 94 'muxlogic' 'muxLogicAXIMAddr_to_empty_81' <Predicate = true> <Delay = 0.00>
ST_1 : Operation 95 [1/1] (0.00ns)   --->   "%muxLogicAXIMBurst_to_empty_81 = muxlogic i64 %zext_ln112"   --->   Operation 95 'muxlogic' 'muxLogicAXIMBurst_to_empty_81' <Predicate = true> <Delay = 0.00>
ST_1 : Operation 96 [74/74] (1.19ns)   --->   "%empty_81 = readreq i1 @_ssdm_op_ReadReq.m_axi.p1i512, i512 %gmem_Q_addr, i64 %zext_ln112" [./flashattentionmemory.h:112]   --->   Operation 96 'readreq' 'empty_81' <Predicate = true> <Delay = 1.19> <CoreInst = "m_axi">   --->   Core 123 'm_axi' <Latency = 9> <II = 1> <Delay = 1.51> <Adapter> <Opcode : 'read' 'write' 'readreq' 'writereq' 'writeresp'>

State 2 <SV = 1> <Delay = 7.30>
ST_2 : Operation 97 [73/74] (7.30ns)   --->   "%empty_81 = readreq i1 @_ssdm_op_ReadReq.m_axi.p1i512, i512 %gmem_Q_addr, i64 %zext_ln112" [./flashattentionmemory.h:112]   --->   Operation 97 'readreq' 'empty_81' <Predicate = true> <Delay = 7.30> <CoreInst = "m_axi">   --->   Core 123 'm_axi' <Latency = 9> <II = 1> <Delay = 1.51> <Adapter> <Opcode : 'read' 'write' 'readreq' 'writereq' 'writeresp'>

State 3 <SV = 2> <Delay = 7.30>
ST_3 : Operation 98 [72/74] (7.30ns)   --->   "%empty_81 = readreq i1 @_ssdm_op_ReadReq.m_axi.p1i512, i512 %gmem_Q_addr, i64 %zext_ln112" [./flashattentionmemory.h:112]   --->   Operation 98 'readreq' 'empty_81' <Predicate = true> <Delay = 7.30> <CoreInst = "m_axi">   --->   Core 123 'm_axi' <Latency = 9> <II = 1> <Delay = 1.51> <Adapter> <Opcode : 'read' 'write' 'readreq' 'writereq' 'writeresp'>

State 4 <SV = 3> <Delay = 7.30>
ST_4 : Operation 99 [71/74] (7.30ns)   --->   "%empty_81 = readreq i1 @_ssdm_op_ReadReq.m_axi.p1i512, i512 %gmem_Q_addr, i64 %zext_ln112" [./flashattentionmemory.h:112]   --->   Operation 99 'readreq' 'empty_81' <Predicate = true> <Delay = 7.30> <CoreInst = "m_axi">   --->   Core 123 'm_axi' <Latency = 9> <II = 1> <Delay = 1.51> <Adapter> <Opcode : 'read' 'write' 'readreq' 'writereq' 'writeresp'>

State 5 <SV = 4> <Delay = 7.30>
ST_5 : Operation 100 [70/74] (7.30ns)   --->   "%empty_81 = readreq i1 @_ssdm_op_ReadReq.m_axi.p1i512, i512 %gmem_Q_addr, i64 %zext_ln112" [./flashattentionmemory.h:112]   --->   Operation 100 'readreq' 'empty_81' <Predicate = true> <Delay = 7.30> <CoreInst = "m_axi">   --->   Core 123 'm_axi' <Latency = 9> <II = 1> <Delay = 1.51> <Adapter> <Opcode : 'read' 'write' 'readreq' 'writereq' 'writeresp'>

State 6 <SV = 5> <Delay = 7.30>
ST_6 : Operation 101 [69/74] (7.30ns)   --->   "%empty_81 = readreq i1 @_ssdm_op_ReadReq.m_axi.p1i512, i512 %gmem_Q_addr, i64 %zext_ln112" [./flashattentionmemory.h:112]   --->   Operation 101 'readreq' 'empty_81' <Predicate = true> <Delay = 7.30> <CoreInst = "m_axi">   --->   Core 123 'm_axi' <Latency = 9> <II = 1> <Delay = 1.51> <Adapter> <Opcode : 'read' 'write' 'readreq' 'writereq' 'writeresp'>

State 7 <SV = 6> <Delay = 7.30>
ST_7 : Operation 102 [68/74] (7.30ns)   --->   "%empty_81 = readreq i1 @_ssdm_op_ReadReq.m_axi.p1i512, i512 %gmem_Q_addr, i64 %zext_ln112" [./flashattentionmemory.h:112]   --->   Operation 102 'readreq' 'empty_81' <Predicate = true> <Delay = 7.30> <CoreInst = "m_axi">   --->   Core 123 'm_axi' <Latency = 9> <II = 1> <Delay = 1.51> <Adapter> <Opcode : 'read' 'write' 'readreq' 'writereq' 'writeresp'>

State 8 <SV = 7> <Delay = 7.30>
ST_8 : Operation 103 [67/74] (7.30ns)   --->   "%empty_81 = readreq i1 @_ssdm_op_ReadReq.m_axi.p1i512, i512 %gmem_Q_addr, i64 %zext_ln112" [./flashattentionmemory.h:112]   --->   Operation 103 'readreq' 'empty_81' <Predicate = true> <Delay = 7.30> <CoreInst = "m_axi">   --->   Core 123 'm_axi' <Latency = 9> <II = 1> <Delay = 1.51> <Adapter> <Opcode : 'read' 'write' 'readreq' 'writereq' 'writeresp'>

State 9 <SV = 8> <Delay = 7.30>
ST_9 : Operation 104 [66/74] (7.30ns)   --->   "%empty_81 = readreq i1 @_ssdm_op_ReadReq.m_axi.p1i512, i512 %gmem_Q_addr, i64 %zext_ln112" [./flashattentionmemory.h:112]   --->   Operation 104 'readreq' 'empty_81' <Predicate = true> <Delay = 7.30> <CoreInst = "m_axi">   --->   Core 123 'm_axi' <Latency = 9> <II = 1> <Delay = 1.51> <Adapter> <Opcode : 'read' 'write' 'readreq' 'writereq' 'writeresp'>

State 10 <SV = 9> <Delay = 7.30>
ST_10 : Operation 105 [65/74] (7.30ns)   --->   "%empty_81 = readreq i1 @_ssdm_op_ReadReq.m_axi.p1i512, i512 %gmem_Q_addr, i64 %zext_ln112" [./flashattentionmemory.h:112]   --->   Operation 105 'readreq' 'empty_81' <Predicate = true> <Delay = 7.30> <CoreInst = "m_axi">   --->   Core 123 'm_axi' <Latency = 9> <II = 1> <Delay = 1.51> <Adapter> <Opcode : 'read' 'write' 'readreq' 'writereq' 'writeresp'>

State 11 <SV = 10> <Delay = 7.30>
ST_11 : Operation 106 [64/74] (7.30ns)   --->   "%empty_81 = readreq i1 @_ssdm_op_ReadReq.m_axi.p1i512, i512 %gmem_Q_addr, i64 %zext_ln112" [./flashattentionmemory.h:112]   --->   Operation 106 'readreq' 'empty_81' <Predicate = true> <Delay = 7.30> <CoreInst = "m_axi">   --->   Core 123 'm_axi' <Latency = 9> <II = 1> <Delay = 1.51> <Adapter> <Opcode : 'read' 'write' 'readreq' 'writereq' 'writeresp'>

State 12 <SV = 11> <Delay = 7.30>
ST_12 : Operation 107 [63/74] (7.30ns)   --->   "%empty_81 = readreq i1 @_ssdm_op_ReadReq.m_axi.p1i512, i512 %gmem_Q_addr, i64 %zext_ln112" [./flashattentionmemory.h:112]   --->   Operation 107 'readreq' 'empty_81' <Predicate = true> <Delay = 7.30> <CoreInst = "m_axi">   --->   Core 123 'm_axi' <Latency = 9> <II = 1> <Delay = 1.51> <Adapter> <Opcode : 'read' 'write' 'readreq' 'writereq' 'writeresp'>

State 13 <SV = 12> <Delay = 7.30>
ST_13 : Operation 108 [62/74] (7.30ns)   --->   "%empty_81 = readreq i1 @_ssdm_op_ReadReq.m_axi.p1i512, i512 %gmem_Q_addr, i64 %zext_ln112" [./flashattentionmemory.h:112]   --->   Operation 108 'readreq' 'empty_81' <Predicate = true> <Delay = 7.30> <CoreInst = "m_axi">   --->   Core 123 'm_axi' <Latency = 9> <II = 1> <Delay = 1.51> <Adapter> <Opcode : 'read' 'write' 'readreq' 'writereq' 'writeresp'>

State 14 <SV = 13> <Delay = 7.30>
ST_14 : Operation 109 [61/74] (7.30ns)   --->   "%empty_81 = readreq i1 @_ssdm_op_ReadReq.m_axi.p1i512, i512 %gmem_Q_addr, i64 %zext_ln112" [./flashattentionmemory.h:112]   --->   Operation 109 'readreq' 'empty_81' <Predicate = true> <Delay = 7.30> <CoreInst = "m_axi">   --->   Core 123 'm_axi' <Latency = 9> <II = 1> <Delay = 1.51> <Adapter> <Opcode : 'read' 'write' 'readreq' 'writereq' 'writeresp'>

State 15 <SV = 14> <Delay = 7.30>
ST_15 : Operation 110 [60/74] (7.30ns)   --->   "%empty_81 = readreq i1 @_ssdm_op_ReadReq.m_axi.p1i512, i512 %gmem_Q_addr, i64 %zext_ln112" [./flashattentionmemory.h:112]   --->   Operation 110 'readreq' 'empty_81' <Predicate = true> <Delay = 7.30> <CoreInst = "m_axi">   --->   Core 123 'm_axi' <Latency = 9> <II = 1> <Delay = 1.51> <Adapter> <Opcode : 'read' 'write' 'readreq' 'writereq' 'writeresp'>

State 16 <SV = 15> <Delay = 7.30>
ST_16 : Operation 111 [59/74] (7.30ns)   --->   "%empty_81 = readreq i1 @_ssdm_op_ReadReq.m_axi.p1i512, i512 %gmem_Q_addr, i64 %zext_ln112" [./flashattentionmemory.h:112]   --->   Operation 111 'readreq' 'empty_81' <Predicate = true> <Delay = 7.30> <CoreInst = "m_axi">   --->   Core 123 'm_axi' <Latency = 9> <II = 1> <Delay = 1.51> <Adapter> <Opcode : 'read' 'write' 'readreq' 'writereq' 'writeresp'>

State 17 <SV = 16> <Delay = 7.30>
ST_17 : Operation 112 [58/74] (7.30ns)   --->   "%empty_81 = readreq i1 @_ssdm_op_ReadReq.m_axi.p1i512, i512 %gmem_Q_addr, i64 %zext_ln112" [./flashattentionmemory.h:112]   --->   Operation 112 'readreq' 'empty_81' <Predicate = true> <Delay = 7.30> <CoreInst = "m_axi">   --->   Core 123 'm_axi' <Latency = 9> <II = 1> <Delay = 1.51> <Adapter> <Opcode : 'read' 'write' 'readreq' 'writereq' 'writeresp'>

State 18 <SV = 17> <Delay = 7.30>
ST_18 : Operation 113 [57/74] (7.30ns)   --->   "%empty_81 = readreq i1 @_ssdm_op_ReadReq.m_axi.p1i512, i512 %gmem_Q_addr, i64 %zext_ln112" [./flashattentionmemory.h:112]   --->   Operation 113 'readreq' 'empty_81' <Predicate = true> <Delay = 7.30> <CoreInst = "m_axi">   --->   Core 123 'm_axi' <Latency = 9> <II = 1> <Delay = 1.51> <Adapter> <Opcode : 'read' 'write' 'readreq' 'writereq' 'writeresp'>

State 19 <SV = 18> <Delay = 7.30>
ST_19 : Operation 114 [56/74] (7.30ns)   --->   "%empty_81 = readreq i1 @_ssdm_op_ReadReq.m_axi.p1i512, i512 %gmem_Q_addr, i64 %zext_ln112" [./flashattentionmemory.h:112]   --->   Operation 114 'readreq' 'empty_81' <Predicate = true> <Delay = 7.30> <CoreInst = "m_axi">   --->   Core 123 'm_axi' <Latency = 9> <II = 1> <Delay = 1.51> <Adapter> <Opcode : 'read' 'write' 'readreq' 'writereq' 'writeresp'>

State 20 <SV = 19> <Delay = 7.30>
ST_20 : Operation 115 [55/74] (7.30ns)   --->   "%empty_81 = readreq i1 @_ssdm_op_ReadReq.m_axi.p1i512, i512 %gmem_Q_addr, i64 %zext_ln112" [./flashattentionmemory.h:112]   --->   Operation 115 'readreq' 'empty_81' <Predicate = true> <Delay = 7.30> <CoreInst = "m_axi">   --->   Core 123 'm_axi' <Latency = 9> <II = 1> <Delay = 1.51> <Adapter> <Opcode : 'read' 'write' 'readreq' 'writereq' 'writeresp'>

State 21 <SV = 20> <Delay = 7.30>
ST_21 : Operation 116 [54/74] (7.30ns)   --->   "%empty_81 = readreq i1 @_ssdm_op_ReadReq.m_axi.p1i512, i512 %gmem_Q_addr, i64 %zext_ln112" [./flashattentionmemory.h:112]   --->   Operation 116 'readreq' 'empty_81' <Predicate = true> <Delay = 7.30> <CoreInst = "m_axi">   --->   Core 123 'm_axi' <Latency = 9> <II = 1> <Delay = 1.51> <Adapter> <Opcode : 'read' 'write' 'readreq' 'writereq' 'writeresp'>

State 22 <SV = 21> <Delay = 7.30>
ST_22 : Operation 117 [53/74] (7.30ns)   --->   "%empty_81 = readreq i1 @_ssdm_op_ReadReq.m_axi.p1i512, i512 %gmem_Q_addr, i64 %zext_ln112" [./flashattentionmemory.h:112]   --->   Operation 117 'readreq' 'empty_81' <Predicate = true> <Delay = 7.30> <CoreInst = "m_axi">   --->   Core 123 'm_axi' <Latency = 9> <II = 1> <Delay = 1.51> <Adapter> <Opcode : 'read' 'write' 'readreq' 'writereq' 'writeresp'>

State 23 <SV = 22> <Delay = 7.30>
ST_23 : Operation 118 [52/74] (7.30ns)   --->   "%empty_81 = readreq i1 @_ssdm_op_ReadReq.m_axi.p1i512, i512 %gmem_Q_addr, i64 %zext_ln112" [./flashattentionmemory.h:112]   --->   Operation 118 'readreq' 'empty_81' <Predicate = true> <Delay = 7.30> <CoreInst = "m_axi">   --->   Core 123 'm_axi' <Latency = 9> <II = 1> <Delay = 1.51> <Adapter> <Opcode : 'read' 'write' 'readreq' 'writereq' 'writeresp'>

State 24 <SV = 23> <Delay = 7.30>
ST_24 : Operation 119 [51/74] (7.30ns)   --->   "%empty_81 = readreq i1 @_ssdm_op_ReadReq.m_axi.p1i512, i512 %gmem_Q_addr, i64 %zext_ln112" [./flashattentionmemory.h:112]   --->   Operation 119 'readreq' 'empty_81' <Predicate = true> <Delay = 7.30> <CoreInst = "m_axi">   --->   Core 123 'm_axi' <Latency = 9> <II = 1> <Delay = 1.51> <Adapter> <Opcode : 'read' 'write' 'readreq' 'writereq' 'writeresp'>

State 25 <SV = 24> <Delay = 7.30>
ST_25 : Operation 120 [50/74] (7.30ns)   --->   "%empty_81 = readreq i1 @_ssdm_op_ReadReq.m_axi.p1i512, i512 %gmem_Q_addr, i64 %zext_ln112" [./flashattentionmemory.h:112]   --->   Operation 120 'readreq' 'empty_81' <Predicate = true> <Delay = 7.30> <CoreInst = "m_axi">   --->   Core 123 'm_axi' <Latency = 9> <II = 1> <Delay = 1.51> <Adapter> <Opcode : 'read' 'write' 'readreq' 'writereq' 'writeresp'>

State 26 <SV = 25> <Delay = 7.30>
ST_26 : Operation 121 [49/74] (7.30ns)   --->   "%empty_81 = readreq i1 @_ssdm_op_ReadReq.m_axi.p1i512, i512 %gmem_Q_addr, i64 %zext_ln112" [./flashattentionmemory.h:112]   --->   Operation 121 'readreq' 'empty_81' <Predicate = true> <Delay = 7.30> <CoreInst = "m_axi">   --->   Core 123 'm_axi' <Latency = 9> <II = 1> <Delay = 1.51> <Adapter> <Opcode : 'read' 'write' 'readreq' 'writereq' 'writeresp'>

State 27 <SV = 26> <Delay = 7.30>
ST_27 : Operation 122 [48/74] (7.30ns)   --->   "%empty_81 = readreq i1 @_ssdm_op_ReadReq.m_axi.p1i512, i512 %gmem_Q_addr, i64 %zext_ln112" [./flashattentionmemory.h:112]   --->   Operation 122 'readreq' 'empty_81' <Predicate = true> <Delay = 7.30> <CoreInst = "m_axi">   --->   Core 123 'm_axi' <Latency = 9> <II = 1> <Delay = 1.51> <Adapter> <Opcode : 'read' 'write' 'readreq' 'writereq' 'writeresp'>

State 28 <SV = 27> <Delay = 7.30>
ST_28 : Operation 123 [47/74] (7.30ns)   --->   "%empty_81 = readreq i1 @_ssdm_op_ReadReq.m_axi.p1i512, i512 %gmem_Q_addr, i64 %zext_ln112" [./flashattentionmemory.h:112]   --->   Operation 123 'readreq' 'empty_81' <Predicate = true> <Delay = 7.30> <CoreInst = "m_axi">   --->   Core 123 'm_axi' <Latency = 9> <II = 1> <Delay = 1.51> <Adapter> <Opcode : 'read' 'write' 'readreq' 'writereq' 'writeresp'>

State 29 <SV = 28> <Delay = 7.30>
ST_29 : Operation 124 [46/74] (7.30ns)   --->   "%empty_81 = readreq i1 @_ssdm_op_ReadReq.m_axi.p1i512, i512 %gmem_Q_addr, i64 %zext_ln112" [./flashattentionmemory.h:112]   --->   Operation 124 'readreq' 'empty_81' <Predicate = true> <Delay = 7.30> <CoreInst = "m_axi">   --->   Core 123 'm_axi' <Latency = 9> <II = 1> <Delay = 1.51> <Adapter> <Opcode : 'read' 'write' 'readreq' 'writereq' 'writeresp'>

State 30 <SV = 29> <Delay = 7.30>
ST_30 : Operation 125 [45/74] (7.30ns)   --->   "%empty_81 = readreq i1 @_ssdm_op_ReadReq.m_axi.p1i512, i512 %gmem_Q_addr, i64 %zext_ln112" [./flashattentionmemory.h:112]   --->   Operation 125 'readreq' 'empty_81' <Predicate = true> <Delay = 7.30> <CoreInst = "m_axi">   --->   Core 123 'm_axi' <Latency = 9> <II = 1> <Delay = 1.51> <Adapter> <Opcode : 'read' 'write' 'readreq' 'writereq' 'writeresp'>

State 31 <SV = 30> <Delay = 7.30>
ST_31 : Operation 126 [44/74] (7.30ns)   --->   "%empty_81 = readreq i1 @_ssdm_op_ReadReq.m_axi.p1i512, i512 %gmem_Q_addr, i64 %zext_ln112" [./flashattentionmemory.h:112]   --->   Operation 126 'readreq' 'empty_81' <Predicate = true> <Delay = 7.30> <CoreInst = "m_axi">   --->   Core 123 'm_axi' <Latency = 9> <II = 1> <Delay = 1.51> <Adapter> <Opcode : 'read' 'write' 'readreq' 'writereq' 'writeresp'>

State 32 <SV = 31> <Delay = 7.30>
ST_32 : Operation 127 [43/74] (7.30ns)   --->   "%empty_81 = readreq i1 @_ssdm_op_ReadReq.m_axi.p1i512, i512 %gmem_Q_addr, i64 %zext_ln112" [./flashattentionmemory.h:112]   --->   Operation 127 'readreq' 'empty_81' <Predicate = true> <Delay = 7.30> <CoreInst = "m_axi">   --->   Core 123 'm_axi' <Latency = 9> <II = 1> <Delay = 1.51> <Adapter> <Opcode : 'read' 'write' 'readreq' 'writereq' 'writeresp'>

State 33 <SV = 32> <Delay = 7.30>
ST_33 : Operation 128 [42/74] (7.30ns)   --->   "%empty_81 = readreq i1 @_ssdm_op_ReadReq.m_axi.p1i512, i512 %gmem_Q_addr, i64 %zext_ln112" [./flashattentionmemory.h:112]   --->   Operation 128 'readreq' 'empty_81' <Predicate = true> <Delay = 7.30> <CoreInst = "m_axi">   --->   Core 123 'm_axi' <Latency = 9> <II = 1> <Delay = 1.51> <Adapter> <Opcode : 'read' 'write' 'readreq' 'writereq' 'writeresp'>

State 34 <SV = 33> <Delay = 7.30>
ST_34 : Operation 129 [41/74] (7.30ns)   --->   "%empty_81 = readreq i1 @_ssdm_op_ReadReq.m_axi.p1i512, i512 %gmem_Q_addr, i64 %zext_ln112" [./flashattentionmemory.h:112]   --->   Operation 129 'readreq' 'empty_81' <Predicate = true> <Delay = 7.30> <CoreInst = "m_axi">   --->   Core 123 'm_axi' <Latency = 9> <II = 1> <Delay = 1.51> <Adapter> <Opcode : 'read' 'write' 'readreq' 'writereq' 'writeresp'>

State 35 <SV = 34> <Delay = 7.30>
ST_35 : Operation 130 [40/74] (7.30ns)   --->   "%empty_81 = readreq i1 @_ssdm_op_ReadReq.m_axi.p1i512, i512 %gmem_Q_addr, i64 %zext_ln112" [./flashattentionmemory.h:112]   --->   Operation 130 'readreq' 'empty_81' <Predicate = true> <Delay = 7.30> <CoreInst = "m_axi">   --->   Core 123 'm_axi' <Latency = 9> <II = 1> <Delay = 1.51> <Adapter> <Opcode : 'read' 'write' 'readreq' 'writereq' 'writeresp'>

State 36 <SV = 35> <Delay = 7.30>
ST_36 : Operation 131 [39/74] (7.30ns)   --->   "%empty_81 = readreq i1 @_ssdm_op_ReadReq.m_axi.p1i512, i512 %gmem_Q_addr, i64 %zext_ln112" [./flashattentionmemory.h:112]   --->   Operation 131 'readreq' 'empty_81' <Predicate = true> <Delay = 7.30> <CoreInst = "m_axi">   --->   Core 123 'm_axi' <Latency = 9> <II = 1> <Delay = 1.51> <Adapter> <Opcode : 'read' 'write' 'readreq' 'writereq' 'writeresp'>

State 37 <SV = 36> <Delay = 7.30>
ST_37 : Operation 132 [38/74] (7.30ns)   --->   "%empty_81 = readreq i1 @_ssdm_op_ReadReq.m_axi.p1i512, i512 %gmem_Q_addr, i64 %zext_ln112" [./flashattentionmemory.h:112]   --->   Operation 132 'readreq' 'empty_81' <Predicate = true> <Delay = 7.30> <CoreInst = "m_axi">   --->   Core 123 'm_axi' <Latency = 9> <II = 1> <Delay = 1.51> <Adapter> <Opcode : 'read' 'write' 'readreq' 'writereq' 'writeresp'>

State 38 <SV = 37> <Delay = 7.30>
ST_38 : Operation 133 [37/74] (7.30ns)   --->   "%empty_81 = readreq i1 @_ssdm_op_ReadReq.m_axi.p1i512, i512 %gmem_Q_addr, i64 %zext_ln112" [./flashattentionmemory.h:112]   --->   Operation 133 'readreq' 'empty_81' <Predicate = true> <Delay = 7.30> <CoreInst = "m_axi">   --->   Core 123 'm_axi' <Latency = 9> <II = 1> <Delay = 1.51> <Adapter> <Opcode : 'read' 'write' 'readreq' 'writereq' 'writeresp'>

State 39 <SV = 38> <Delay = 7.30>
ST_39 : Operation 134 [36/74] (7.30ns)   --->   "%empty_81 = readreq i1 @_ssdm_op_ReadReq.m_axi.p1i512, i512 %gmem_Q_addr, i64 %zext_ln112" [./flashattentionmemory.h:112]   --->   Operation 134 'readreq' 'empty_81' <Predicate = true> <Delay = 7.30> <CoreInst = "m_axi">   --->   Core 123 'm_axi' <Latency = 9> <II = 1> <Delay = 1.51> <Adapter> <Opcode : 'read' 'write' 'readreq' 'writereq' 'writeresp'>

State 40 <SV = 39> <Delay = 7.30>
ST_40 : Operation 135 [35/74] (7.30ns)   --->   "%empty_81 = readreq i1 @_ssdm_op_ReadReq.m_axi.p1i512, i512 %gmem_Q_addr, i64 %zext_ln112" [./flashattentionmemory.h:112]   --->   Operation 135 'readreq' 'empty_81' <Predicate = true> <Delay = 7.30> <CoreInst = "m_axi">   --->   Core 123 'm_axi' <Latency = 9> <II = 1> <Delay = 1.51> <Adapter> <Opcode : 'read' 'write' 'readreq' 'writereq' 'writeresp'>

State 41 <SV = 40> <Delay = 7.30>
ST_41 : Operation 136 [34/74] (7.30ns)   --->   "%empty_81 = readreq i1 @_ssdm_op_ReadReq.m_axi.p1i512, i512 %gmem_Q_addr, i64 %zext_ln112" [./flashattentionmemory.h:112]   --->   Operation 136 'readreq' 'empty_81' <Predicate = true> <Delay = 7.30> <CoreInst = "m_axi">   --->   Core 123 'm_axi' <Latency = 9> <II = 1> <Delay = 1.51> <Adapter> <Opcode : 'read' 'write' 'readreq' 'writereq' 'writeresp'>

State 42 <SV = 41> <Delay = 7.30>
ST_42 : Operation 137 [33/74] (7.30ns)   --->   "%empty_81 = readreq i1 @_ssdm_op_ReadReq.m_axi.p1i512, i512 %gmem_Q_addr, i64 %zext_ln112" [./flashattentionmemory.h:112]   --->   Operation 137 'readreq' 'empty_81' <Predicate = true> <Delay = 7.30> <CoreInst = "m_axi">   --->   Core 123 'm_axi' <Latency = 9> <II = 1> <Delay = 1.51> <Adapter> <Opcode : 'read' 'write' 'readreq' 'writereq' 'writeresp'>

State 43 <SV = 42> <Delay = 7.30>
ST_43 : Operation 138 [32/74] (7.30ns)   --->   "%empty_81 = readreq i1 @_ssdm_op_ReadReq.m_axi.p1i512, i512 %gmem_Q_addr, i64 %zext_ln112" [./flashattentionmemory.h:112]   --->   Operation 138 'readreq' 'empty_81' <Predicate = true> <Delay = 7.30> <CoreInst = "m_axi">   --->   Core 123 'm_axi' <Latency = 9> <II = 1> <Delay = 1.51> <Adapter> <Opcode : 'read' 'write' 'readreq' 'writereq' 'writeresp'>

State 44 <SV = 43> <Delay = 7.30>
ST_44 : Operation 139 [31/74] (7.30ns)   --->   "%empty_81 = readreq i1 @_ssdm_op_ReadReq.m_axi.p1i512, i512 %gmem_Q_addr, i64 %zext_ln112" [./flashattentionmemory.h:112]   --->   Operation 139 'readreq' 'empty_81' <Predicate = true> <Delay = 7.30> <CoreInst = "m_axi">   --->   Core 123 'm_axi' <Latency = 9> <II = 1> <Delay = 1.51> <Adapter> <Opcode : 'read' 'write' 'readreq' 'writereq' 'writeresp'>

State 45 <SV = 44> <Delay = 7.30>
ST_45 : Operation 140 [30/74] (7.30ns)   --->   "%empty_81 = readreq i1 @_ssdm_op_ReadReq.m_axi.p1i512, i512 %gmem_Q_addr, i64 %zext_ln112" [./flashattentionmemory.h:112]   --->   Operation 140 'readreq' 'empty_81' <Predicate = true> <Delay = 7.30> <CoreInst = "m_axi">   --->   Core 123 'm_axi' <Latency = 9> <II = 1> <Delay = 1.51> <Adapter> <Opcode : 'read' 'write' 'readreq' 'writereq' 'writeresp'>

State 46 <SV = 45> <Delay = 7.30>
ST_46 : Operation 141 [29/74] (7.30ns)   --->   "%empty_81 = readreq i1 @_ssdm_op_ReadReq.m_axi.p1i512, i512 %gmem_Q_addr, i64 %zext_ln112" [./flashattentionmemory.h:112]   --->   Operation 141 'readreq' 'empty_81' <Predicate = true> <Delay = 7.30> <CoreInst = "m_axi">   --->   Core 123 'm_axi' <Latency = 9> <II = 1> <Delay = 1.51> <Adapter> <Opcode : 'read' 'write' 'readreq' 'writereq' 'writeresp'>

State 47 <SV = 46> <Delay = 7.30>
ST_47 : Operation 142 [28/74] (7.30ns)   --->   "%empty_81 = readreq i1 @_ssdm_op_ReadReq.m_axi.p1i512, i512 %gmem_Q_addr, i64 %zext_ln112" [./flashattentionmemory.h:112]   --->   Operation 142 'readreq' 'empty_81' <Predicate = true> <Delay = 7.30> <CoreInst = "m_axi">   --->   Core 123 'm_axi' <Latency = 9> <II = 1> <Delay = 1.51> <Adapter> <Opcode : 'read' 'write' 'readreq' 'writereq' 'writeresp'>

State 48 <SV = 47> <Delay = 7.30>
ST_48 : Operation 143 [27/74] (7.30ns)   --->   "%empty_81 = readreq i1 @_ssdm_op_ReadReq.m_axi.p1i512, i512 %gmem_Q_addr, i64 %zext_ln112" [./flashattentionmemory.h:112]   --->   Operation 143 'readreq' 'empty_81' <Predicate = true> <Delay = 7.30> <CoreInst = "m_axi">   --->   Core 123 'm_axi' <Latency = 9> <II = 1> <Delay = 1.51> <Adapter> <Opcode : 'read' 'write' 'readreq' 'writereq' 'writeresp'>

State 49 <SV = 48> <Delay = 7.30>
ST_49 : Operation 144 [26/74] (7.30ns)   --->   "%empty_81 = readreq i1 @_ssdm_op_ReadReq.m_axi.p1i512, i512 %gmem_Q_addr, i64 %zext_ln112" [./flashattentionmemory.h:112]   --->   Operation 144 'readreq' 'empty_81' <Predicate = true> <Delay = 7.30> <CoreInst = "m_axi">   --->   Core 123 'm_axi' <Latency = 9> <II = 1> <Delay = 1.51> <Adapter> <Opcode : 'read' 'write' 'readreq' 'writereq' 'writeresp'>

State 50 <SV = 49> <Delay = 7.30>
ST_50 : Operation 145 [25/74] (7.30ns)   --->   "%empty_81 = readreq i1 @_ssdm_op_ReadReq.m_axi.p1i512, i512 %gmem_Q_addr, i64 %zext_ln112" [./flashattentionmemory.h:112]   --->   Operation 145 'readreq' 'empty_81' <Predicate = true> <Delay = 7.30> <CoreInst = "m_axi">   --->   Core 123 'm_axi' <Latency = 9> <II = 1> <Delay = 1.51> <Adapter> <Opcode : 'read' 'write' 'readreq' 'writereq' 'writeresp'>

State 51 <SV = 50> <Delay = 7.30>
ST_51 : Operation 146 [24/74] (7.30ns)   --->   "%empty_81 = readreq i1 @_ssdm_op_ReadReq.m_axi.p1i512, i512 %gmem_Q_addr, i64 %zext_ln112" [./flashattentionmemory.h:112]   --->   Operation 146 'readreq' 'empty_81' <Predicate = true> <Delay = 7.30> <CoreInst = "m_axi">   --->   Core 123 'm_axi' <Latency = 9> <II = 1> <Delay = 1.51> <Adapter> <Opcode : 'read' 'write' 'readreq' 'writereq' 'writeresp'>

State 52 <SV = 51> <Delay = 7.30>
ST_52 : Operation 147 [23/74] (7.30ns)   --->   "%empty_81 = readreq i1 @_ssdm_op_ReadReq.m_axi.p1i512, i512 %gmem_Q_addr, i64 %zext_ln112" [./flashattentionmemory.h:112]   --->   Operation 147 'readreq' 'empty_81' <Predicate = true> <Delay = 7.30> <CoreInst = "m_axi">   --->   Core 123 'm_axi' <Latency = 9> <II = 1> <Delay = 1.51> <Adapter> <Opcode : 'read' 'write' 'readreq' 'writereq' 'writeresp'>

State 53 <SV = 52> <Delay = 7.30>
ST_53 : Operation 148 [22/74] (7.30ns)   --->   "%empty_81 = readreq i1 @_ssdm_op_ReadReq.m_axi.p1i512, i512 %gmem_Q_addr, i64 %zext_ln112" [./flashattentionmemory.h:112]   --->   Operation 148 'readreq' 'empty_81' <Predicate = true> <Delay = 7.30> <CoreInst = "m_axi">   --->   Core 123 'm_axi' <Latency = 9> <II = 1> <Delay = 1.51> <Adapter> <Opcode : 'read' 'write' 'readreq' 'writereq' 'writeresp'>

State 54 <SV = 53> <Delay = 7.30>
ST_54 : Operation 149 [21/74] (7.30ns)   --->   "%empty_81 = readreq i1 @_ssdm_op_ReadReq.m_axi.p1i512, i512 %gmem_Q_addr, i64 %zext_ln112" [./flashattentionmemory.h:112]   --->   Operation 149 'readreq' 'empty_81' <Predicate = true> <Delay = 7.30> <CoreInst = "m_axi">   --->   Core 123 'm_axi' <Latency = 9> <II = 1> <Delay = 1.51> <Adapter> <Opcode : 'read' 'write' 'readreq' 'writereq' 'writeresp'>

State 55 <SV = 54> <Delay = 7.30>
ST_55 : Operation 150 [20/74] (7.30ns)   --->   "%empty_81 = readreq i1 @_ssdm_op_ReadReq.m_axi.p1i512, i512 %gmem_Q_addr, i64 %zext_ln112" [./flashattentionmemory.h:112]   --->   Operation 150 'readreq' 'empty_81' <Predicate = true> <Delay = 7.30> <CoreInst = "m_axi">   --->   Core 123 'm_axi' <Latency = 9> <II = 1> <Delay = 1.51> <Adapter> <Opcode : 'read' 'write' 'readreq' 'writereq' 'writeresp'>

State 56 <SV = 55> <Delay = 7.30>
ST_56 : Operation 151 [19/74] (7.30ns)   --->   "%empty_81 = readreq i1 @_ssdm_op_ReadReq.m_axi.p1i512, i512 %gmem_Q_addr, i64 %zext_ln112" [./flashattentionmemory.h:112]   --->   Operation 151 'readreq' 'empty_81' <Predicate = true> <Delay = 7.30> <CoreInst = "m_axi">   --->   Core 123 'm_axi' <Latency = 9> <II = 1> <Delay = 1.51> <Adapter> <Opcode : 'read' 'write' 'readreq' 'writereq' 'writeresp'>

State 57 <SV = 56> <Delay = 7.30>
ST_57 : Operation 152 [18/74] (7.30ns)   --->   "%empty_81 = readreq i1 @_ssdm_op_ReadReq.m_axi.p1i512, i512 %gmem_Q_addr, i64 %zext_ln112" [./flashattentionmemory.h:112]   --->   Operation 152 'readreq' 'empty_81' <Predicate = true> <Delay = 7.30> <CoreInst = "m_axi">   --->   Core 123 'm_axi' <Latency = 9> <II = 1> <Delay = 1.51> <Adapter> <Opcode : 'read' 'write' 'readreq' 'writereq' 'writeresp'>

State 58 <SV = 57> <Delay = 7.30>
ST_58 : Operation 153 [17/74] (7.30ns)   --->   "%empty_81 = readreq i1 @_ssdm_op_ReadReq.m_axi.p1i512, i512 %gmem_Q_addr, i64 %zext_ln112" [./flashattentionmemory.h:112]   --->   Operation 153 'readreq' 'empty_81' <Predicate = true> <Delay = 7.30> <CoreInst = "m_axi">   --->   Core 123 'm_axi' <Latency = 9> <II = 1> <Delay = 1.51> <Adapter> <Opcode : 'read' 'write' 'readreq' 'writereq' 'writeresp'>

State 59 <SV = 58> <Delay = 7.30>
ST_59 : Operation 154 [16/74] (7.30ns)   --->   "%empty_81 = readreq i1 @_ssdm_op_ReadReq.m_axi.p1i512, i512 %gmem_Q_addr, i64 %zext_ln112" [./flashattentionmemory.h:112]   --->   Operation 154 'readreq' 'empty_81' <Predicate = true> <Delay = 7.30> <CoreInst = "m_axi">   --->   Core 123 'm_axi' <Latency = 9> <II = 1> <Delay = 1.51> <Adapter> <Opcode : 'read' 'write' 'readreq' 'writereq' 'writeresp'>

State 60 <SV = 59> <Delay = 7.30>
ST_60 : Operation 155 [15/74] (7.30ns)   --->   "%empty_81 = readreq i1 @_ssdm_op_ReadReq.m_axi.p1i512, i512 %gmem_Q_addr, i64 %zext_ln112" [./flashattentionmemory.h:112]   --->   Operation 155 'readreq' 'empty_81' <Predicate = true> <Delay = 7.30> <CoreInst = "m_axi">   --->   Core 123 'm_axi' <Latency = 9> <II = 1> <Delay = 1.51> <Adapter> <Opcode : 'read' 'write' 'readreq' 'writereq' 'writeresp'>

State 61 <SV = 60> <Delay = 7.30>
ST_61 : Operation 156 [14/74] (7.30ns)   --->   "%empty_81 = readreq i1 @_ssdm_op_ReadReq.m_axi.p1i512, i512 %gmem_Q_addr, i64 %zext_ln112" [./flashattentionmemory.h:112]   --->   Operation 156 'readreq' 'empty_81' <Predicate = true> <Delay = 7.30> <CoreInst = "m_axi">   --->   Core 123 'm_axi' <Latency = 9> <II = 1> <Delay = 1.51> <Adapter> <Opcode : 'read' 'write' 'readreq' 'writereq' 'writeresp'>

State 62 <SV = 61> <Delay = 7.30>
ST_62 : Operation 157 [13/74] (7.30ns)   --->   "%empty_81 = readreq i1 @_ssdm_op_ReadReq.m_axi.p1i512, i512 %gmem_Q_addr, i64 %zext_ln112" [./flashattentionmemory.h:112]   --->   Operation 157 'readreq' 'empty_81' <Predicate = true> <Delay = 7.30> <CoreInst = "m_axi">   --->   Core 123 'm_axi' <Latency = 9> <II = 1> <Delay = 1.51> <Adapter> <Opcode : 'read' 'write' 'readreq' 'writereq' 'writeresp'>

State 63 <SV = 62> <Delay = 7.30>
ST_63 : Operation 158 [12/74] (7.30ns)   --->   "%empty_81 = readreq i1 @_ssdm_op_ReadReq.m_axi.p1i512, i512 %gmem_Q_addr, i64 %zext_ln112" [./flashattentionmemory.h:112]   --->   Operation 158 'readreq' 'empty_81' <Predicate = true> <Delay = 7.30> <CoreInst = "m_axi">   --->   Core 123 'm_axi' <Latency = 9> <II = 1> <Delay = 1.51> <Adapter> <Opcode : 'read' 'write' 'readreq' 'writereq' 'writeresp'>

State 64 <SV = 63> <Delay = 7.30>
ST_64 : Operation 159 [11/74] (7.30ns)   --->   "%empty_81 = readreq i1 @_ssdm_op_ReadReq.m_axi.p1i512, i512 %gmem_Q_addr, i64 %zext_ln112" [./flashattentionmemory.h:112]   --->   Operation 159 'readreq' 'empty_81' <Predicate = true> <Delay = 7.30> <CoreInst = "m_axi">   --->   Core 123 'm_axi' <Latency = 9> <II = 1> <Delay = 1.51> <Adapter> <Opcode : 'read' 'write' 'readreq' 'writereq' 'writeresp'>

State 65 <SV = 64> <Delay = 7.30>
ST_65 : Operation 160 [10/74] (7.30ns)   --->   "%empty_81 = readreq i1 @_ssdm_op_ReadReq.m_axi.p1i512, i512 %gmem_Q_addr, i64 %zext_ln112" [./flashattentionmemory.h:112]   --->   Operation 160 'readreq' 'empty_81' <Predicate = true> <Delay = 7.30> <CoreInst = "m_axi">   --->   Core 123 'm_axi' <Latency = 9> <II = 1> <Delay = 1.51> <Adapter> <Opcode : 'read' 'write' 'readreq' 'writereq' 'writeresp'>

State 66 <SV = 65> <Delay = 7.30>
ST_66 : Operation 161 [9/74] (7.30ns)   --->   "%empty_81 = readreq i1 @_ssdm_op_ReadReq.m_axi.p1i512, i512 %gmem_Q_addr, i64 %zext_ln112" [./flashattentionmemory.h:112]   --->   Operation 161 'readreq' 'empty_81' <Predicate = true> <Delay = 7.30> <CoreInst = "m_axi">   --->   Core 123 'm_axi' <Latency = 9> <II = 1> <Delay = 1.51> <Adapter> <Opcode : 'read' 'write' 'readreq' 'writereq' 'writeresp'>

State 67 <SV = 66> <Delay = 7.30>
ST_67 : Operation 162 [8/74] (7.30ns)   --->   "%empty_81 = readreq i1 @_ssdm_op_ReadReq.m_axi.p1i512, i512 %gmem_Q_addr, i64 %zext_ln112" [./flashattentionmemory.h:112]   --->   Operation 162 'readreq' 'empty_81' <Predicate = true> <Delay = 7.30> <CoreInst = "m_axi">   --->   Core 123 'm_axi' <Latency = 9> <II = 1> <Delay = 1.51> <Adapter> <Opcode : 'read' 'write' 'readreq' 'writereq' 'writeresp'>

State 68 <SV = 67> <Delay = 7.30>
ST_68 : Operation 163 [7/74] (7.30ns)   --->   "%empty_81 = readreq i1 @_ssdm_op_ReadReq.m_axi.p1i512, i512 %gmem_Q_addr, i64 %zext_ln112" [./flashattentionmemory.h:112]   --->   Operation 163 'readreq' 'empty_81' <Predicate = true> <Delay = 7.30> <CoreInst = "m_axi">   --->   Core 123 'm_axi' <Latency = 9> <II = 1> <Delay = 1.51> <Adapter> <Opcode : 'read' 'write' 'readreq' 'writereq' 'writeresp'>

State 69 <SV = 68> <Delay = 7.30>
ST_69 : Operation 164 [6/74] (7.30ns)   --->   "%empty_81 = readreq i1 @_ssdm_op_ReadReq.m_axi.p1i512, i512 %gmem_Q_addr, i64 %zext_ln112" [./flashattentionmemory.h:112]   --->   Operation 164 'readreq' 'empty_81' <Predicate = true> <Delay = 7.30> <CoreInst = "m_axi">   --->   Core 123 'm_axi' <Latency = 9> <II = 1> <Delay = 1.51> <Adapter> <Opcode : 'read' 'write' 'readreq' 'writereq' 'writeresp'>

State 70 <SV = 69> <Delay = 7.30>
ST_70 : Operation 165 [5/74] (7.30ns)   --->   "%empty_81 = readreq i1 @_ssdm_op_ReadReq.m_axi.p1i512, i512 %gmem_Q_addr, i64 %zext_ln112" [./flashattentionmemory.h:112]   --->   Operation 165 'readreq' 'empty_81' <Predicate = true> <Delay = 7.30> <CoreInst = "m_axi">   --->   Core 123 'm_axi' <Latency = 9> <II = 1> <Delay = 1.51> <Adapter> <Opcode : 'read' 'write' 'readreq' 'writereq' 'writeresp'>

State 71 <SV = 70> <Delay = 7.30>
ST_71 : Operation 166 [4/74] (7.30ns)   --->   "%empty_81 = readreq i1 @_ssdm_op_ReadReq.m_axi.p1i512, i512 %gmem_Q_addr, i64 %zext_ln112" [./flashattentionmemory.h:112]   --->   Operation 166 'readreq' 'empty_81' <Predicate = true> <Delay = 7.30> <CoreInst = "m_axi">   --->   Core 123 'm_axi' <Latency = 9> <II = 1> <Delay = 1.51> <Adapter> <Opcode : 'read' 'write' 'readreq' 'writereq' 'writeresp'>

State 72 <SV = 71> <Delay = 7.30>
ST_72 : Operation 167 [3/74] (7.30ns)   --->   "%empty_81 = readreq i1 @_ssdm_op_ReadReq.m_axi.p1i512, i512 %gmem_Q_addr, i64 %zext_ln112" [./flashattentionmemory.h:112]   --->   Operation 167 'readreq' 'empty_81' <Predicate = true> <Delay = 7.30> <CoreInst = "m_axi">   --->   Core 123 'm_axi' <Latency = 9> <II = 1> <Delay = 1.51> <Adapter> <Opcode : 'read' 'write' 'readreq' 'writereq' 'writeresp'>

State 73 <SV = 72> <Delay = 7.30>
ST_73 : Operation 168 [2/74] (7.30ns)   --->   "%empty_81 = readreq i1 @_ssdm_op_ReadReq.m_axi.p1i512, i512 %gmem_Q_addr, i64 %zext_ln112" [./flashattentionmemory.h:112]   --->   Operation 168 'readreq' 'empty_81' <Predicate = true> <Delay = 7.30> <CoreInst = "m_axi">   --->   Core 123 'm_axi' <Latency = 9> <II = 1> <Delay = 1.51> <Adapter> <Opcode : 'read' 'write' 'readreq' 'writereq' 'writeresp'>

State 74 <SV = 73> <Delay = 1.19>
ST_74 : Operation 169 [1/74] (1.19ns)   --->   "%empty_81 = readreq i1 @_ssdm_op_ReadReq.m_axi.p1i512, i512 %gmem_Q_addr, i64 %zext_ln112" [./flashattentionmemory.h:112]   --->   Operation 169 'readreq' 'empty_81' <Predicate = true> <Delay = 1.19> <CoreInst = "m_axi">   --->   Core 123 'm_axi' <Latency = 9> <II = 1> <Delay = 1.51> <Adapter> <Opcode : 'read' 'write' 'readreq' 'writereq' 'writeresp'>

State 75 <SV = 74> <Delay = 1.06>
ST_75 : Operation 170 [2/2] (1.06ns)   --->   "%call_ln112 = call void @load_tile_fp16_Pipeline_LOAD_TILE_ROWS, i32 %num_rows_read, i512 %gmem_Q, i58 %trunc_ln, i16 %tile_0, i16 %tile_1, i16 %tile_2, i16 %tile_3, i16 %tile_4, i16 %tile_5, i16 %tile_6, i16 %tile_7, i16 %tile_8, i16 %tile_9, i16 %tile_10, i16 %tile_11, i16 %tile_12, i16 %tile_13, i16 %tile_14, i16 %tile_15" [./flashattentionmemory.h:112]   --->   Operation 170 'call' 'call_ln112' <Predicate = true> <Delay = 1.06> <CoreType = "Generic">   --->   Generic Core

State 76 <SV = 75> <Delay = 1.34>
ST_76 : Operation 171 [1/2] (1.34ns)   --->   "%call_ln112 = call void @load_tile_fp16_Pipeline_LOAD_TILE_ROWS, i32 %num_rows_read, i512 %gmem_Q, i58 %trunc_ln, i16 %tile_0, i16 %tile_1, i16 %tile_2, i16 %tile_3, i16 %tile_4, i16 %tile_5, i16 %tile_6, i16 %tile_7, i16 %tile_8, i16 %tile_9, i16 %tile_10, i16 %tile_11, i16 %tile_12, i16 %tile_13, i16 %tile_14, i16 %tile_15" [./flashattentionmemory.h:112]   --->   Operation 171 'call' 'call_ln112' <Predicate = true> <Delay = 1.34> <CoreType = "Generic">   --->   Generic Core

State 77 <SV = 76> <Delay = 1.98>
ST_77 : Operation 172 [1/1] (0.00ns) (grouped into LUT with out node sub_ln138)   --->   "%sext_ln112_2 = sext i32 %num_rows_read" [./flashattentionmemory.h:112]   --->   Operation 172 'sext' 'sext_ln112_2' <Predicate = true> <Delay = 0.00>
ST_77 : Operation 173 [1/1] (0.67ns)   --->   "%empty_82 = icmp_sgt  i32 %num_rows_read, i32 64"   --->   Operation 173 'icmp' 'empty_82' <Predicate = true> <Delay = 0.67> <CoreInst = "Cmp">   --->   Core 9 'Cmp' <Latency = 0> <II = 1> <Delay = 0.67> <FuncUnit> <Opcode : 'setle' 'setge' 'setlt' 'setgt'> <InPorts = 2> <OutPorts = 1>
ST_77 : Operation 174 [1/1] (0.00ns) (grouped into LUT with out node sub_ln138)   --->   "%smax = select i1 %empty_82, i31 %trunc_ln112, i31 64" [./flashattentionmemory.h:112]   --->   Operation 174 'select' 'smax' <Predicate = true> <Delay = 0.00> <CoreInst = "Sel">   --->   Core 77 'Sel' <Latency = 0> <II = 1> <Delay = 0.41> <FuncUnit> <Opcode : 'select'> <InPorts = 3> <OutPorts = 1>
ST_77 : Operation 175 [1/1] (0.00ns) (grouped into LUT with out node sub_ln138)   --->   "%zext_ln138 = zext i31 %smax" [./flashattentionmemory.h:138]   --->   Operation 175 'zext' 'zext_ln138' <Predicate = true> <Delay = 0.00>
ST_77 : Operation 176 [1/1] (0.85ns) (out node of the LUT)   --->   "%sub_ln138 = sub i33 %zext_ln138, i33 %sext_ln112_2" [./flashattentionmemory.h:138]   --->   Operation 176 'sub' 'sub_ln138' <Predicate = true> <Delay = 0.85> <CoreInst = "Adder">   --->   Core 1 'Adder' <Latency = 0> <II = 1> <Delay = 0.85> <FuncUnit> <Opcode : 'add' 'sub'> <InPorts = 2> <OutPorts = 1>
ST_77 : Operation 177 [1/1] (0.00ns)   --->   "%tmp_s = bitconcatenate i35 @_ssdm_op_BitConcatenate.i35.i33.i2, i33 %sub_ln138, i2 0" [./flashattentionmemory.h:138]   --->   Operation 177 'bitconcatenate' 'tmp_s' <Predicate = true> <Delay = 0.00>
ST_77 : Operation 178 [2/2] (0.46ns)   --->   "%call_ln138 = call void @load_tile_fp16_Pipeline_LOAD_TILE_PAD_VITIS_LOOP_139_2, i32 %num_rows_read, i35 %tmp_s, i16 %tile_0, i16 %tile_1, i16 %tile_2, i16 %tile_3, i16 %tile_4, i16 %tile_5, i16 %tile_6, i16 %tile_7, i16 %tile_8, i16 %tile_9, i16 %tile_10, i16 %tile_11, i16 %tile_12, i16 %tile_13, i16 %tile_14, i16 %tile_15" [./flashattentionmemory.h:138]   --->   Operation 178 'call' 'call_ln138' <Predicate = true> <Delay = 0.46> <CoreType = "Generic">   --->   Generic Core

State 78 <SV = 77> <Delay = 1.01>
ST_78 : Operation 179 [1/1] (0.00ns)   --->   "%specmemcore_ln0 = specmemcore void @_ssdm_op_SpecMemCore, i16 %tile_0, i64 666, i64 22, i64 18446744073709551615"   --->   Operation 179 'specmemcore' 'specmemcore_ln0' <Predicate = true> <Delay = 0.00>
ST_78 : Operation 180 [1/1] (0.00ns)   --->   "%specmemcore_ln0 = specmemcore void @_ssdm_op_SpecMemCore, i16 %tile_1, i64 666, i64 22, i64 18446744073709551615"   --->   Operation 180 'specmemcore' 'specmemcore_ln0' <Predicate = true> <Delay = 0.00>
ST_78 : Operation 181 [1/1] (0.00ns)   --->   "%specmemcore_ln0 = specmemcore void @_ssdm_op_SpecMemCore, i16 %tile_2, i64 666, i64 22, i64 18446744073709551615"   --->   Operation 181 'specmemcore' 'specmemcore_ln0' <Predicate = true> <Delay = 0.00>
ST_78 : Operation 182 [1/1] (0.00ns)   --->   "%specmemcore_ln0 = specmemcore void @_ssdm_op_SpecMemCore, i16 %tile_3, i64 666, i64 22, i64 18446744073709551615"   --->   Operation 182 'specmemcore' 'specmemcore_ln0' <Predicate = true> <Delay = 0.00>
ST_78 : Operation 183 [1/1] (0.00ns)   --->   "%specmemcore_ln0 = specmemcore void @_ssdm_op_SpecMemCore, i16 %tile_4, i64 666, i64 22, i64 18446744073709551615"   --->   Operation 183 'specmemcore' 'specmemcore_ln0' <Predicate = true> <Delay = 0.00>
ST_78 : Operation 184 [1/1] (0.00ns)   --->   "%specmemcore_ln0 = specmemcore void @_ssdm_op_SpecMemCore, i16 %tile_5, i64 666, i64 22, i64 18446744073709551615"   --->   Operation 184 'specmemcore' 'specmemcore_ln0' <Predicate = true> <Delay = 0.00>
ST_78 : Operation 185 [1/1] (0.00ns)   --->   "%specmemcore_ln0 = specmemcore void @_ssdm_op_SpecMemCore, i16 %tile_6, i64 666, i64 22, i64 18446744073709551615"   --->   Operation 185 'specmemcore' 'specmemcore_ln0' <Predicate = true> <Delay = 0.00>
ST_78 : Operation 186 [1/1] (0.00ns)   --->   "%specmemcore_ln0 = specmemcore void @_ssdm_op_SpecMemCore, i16 %tile_7, i64 666, i64 22, i64 18446744073709551615"   --->   Operation 186 'specmemcore' 'specmemcore_ln0' <Predicate = true> <Delay = 0.00>
ST_78 : Operation 187 [1/1] (0.00ns)   --->   "%specmemcore_ln0 = specmemcore void @_ssdm_op_SpecMemCore, i16 %tile_8, i64 666, i64 22, i64 18446744073709551615"   --->   Operation 187 'specmemcore' 'specmemcore_ln0' <Predicate = true> <Delay = 0.00>
ST_78 : Operation 188 [1/1] (0.00ns)   --->   "%specmemcore_ln0 = specmemcore void @_ssdm_op_SpecMemCore, i16 %tile_9, i64 666, i64 22, i64 18446744073709551615"   --->   Operation 188 'specmemcore' 'specmemcore_ln0' <Predicate = true> <Delay = 0.00>
ST_78 : Operation 189 [1/1] (0.00ns)   --->   "%specmemcore_ln0 = specmemcore void @_ssdm_op_SpecMemCore, i16 %tile_10, i64 666, i64 22, i64 18446744073709551615"   --->   Operation 189 'specmemcore' 'specmemcore_ln0' <Predicate = true> <Delay = 0.00>
ST_78 : Operation 190 [1/1] (0.00ns)   --->   "%specmemcore_ln0 = specmemcore void @_ssdm_op_SpecMemCore, i16 %tile_11, i64 666, i64 22, i64 18446744073709551615"   --->   Operation 190 'specmemcore' 'specmemcore_ln0' <Predicate = true> <Delay = 0.00>
ST_78 : Operation 191 [1/1] (0.00ns)   --->   "%specmemcore_ln0 = specmemcore void @_ssdm_op_SpecMemCore, i16 %tile_12, i64 666, i64 22, i64 18446744073709551615"   --->   Operation 191 'specmemcore' 'specmemcore_ln0' <Predicate = true> <Delay = 0.00>
ST_78 : Operation 192 [1/1] (0.00ns)   --->   "%specmemcore_ln0 = specmemcore void @_ssdm_op_SpecMemCore, i16 %tile_13, i64 666, i64 22, i64 18446744073709551615"   --->   Operation 192 'specmemcore' 'specmemcore_ln0' <Predicate = true> <Delay = 0.00>
ST_78 : Operation 193 [1/1] (0.00ns)   --->   "%specmemcore_ln0 = specmemcore void @_ssdm_op_SpecMemCore, i16 %tile_14, i64 666, i64 22, i64 18446744073709551615"   --->   Operation 193 'specmemcore' 'specmemcore_ln0' <Predicate = true> <Delay = 0.00>
ST_78 : Operation 194 [1/1] (0.00ns)   --->   "%specmemcore_ln0 = specmemcore void @_ssdm_op_SpecMemCore, i16 %tile_15, i64 666, i64 22, i64 18446744073709551615"   --->   Operation 194 'specmemcore' 'specmemcore_ln0' <Predicate = true> <Delay = 0.00>
ST_78 : Operation 195 [1/1] (0.00ns)   --->   "%specinterface_ln0 = specinterface void @_ssdm_op_SpecInterface, i512 %gmem_Q, void @empty_21, i32 0, i32 0, void @empty_27, i32 64, i32 65536, void @empty_38, void @empty_28, void @empty_27, i32 16, i32 16, i32 64, i32 16, void @empty_27, void @empty_27, i32 4294967295, i32 0, i32 0"   --->   Operation 195 'specinterface' 'specinterface_ln0' <Predicate = true> <Delay = 0.00>
ST_78 : Operation 196 [1/2] (1.01ns)   --->   "%call_ln138 = call void @load_tile_fp16_Pipeline_LOAD_TILE_PAD_VITIS_LOOP_139_2, i32 %num_rows_read, i35 %tmp_s, i16 %tile_0, i16 %tile_1, i16 %tile_2, i16 %tile_3, i16 %tile_4, i16 %tile_5, i16 %tile_6, i16 %tile_7, i16 %tile_8, i16 %tile_9, i16 %tile_10, i16 %tile_11, i16 %tile_12, i16 %tile_13, i16 %tile_14, i16 %tile_15" [./flashattentionmemory.h:138]   --->   Operation 196 'call' 'call_ln138' <Predicate = true> <Delay = 1.01> <CoreType = "Generic">   --->   Generic Core
ST_78 : Operation 197 [1/1] (0.00ns)   --->   "%ret_ln145 = ret" [./flashattentionmemory.h:145]   --->   Operation 197 'ret' 'ret_ln145' <Predicate = true> <Delay = 0.00>


============================================================
+ Verbose Summary: Binding
============================================================
STG Binding: 
---------------- STG Properties BEGIN ----------------
- Is combinational: 0
- Is one-state seq: 0
- Is datapath-only: 0
- Is pipelined: 0
- Is top level: 0
Port [ Return ] is wired: 1; IO mode=ap_ctrl_hs:ce=0
Port [ gmem_Q]:  wired=1; compound=1; hidden=0; nouse=0; global=0; static=0; extern=0; dir=0; type=4; pingpong=0; private_global=0; IO mode=m_axi:ce=0
Port [ hbm_port]:  wired=1; compound=0; hidden=0; nouse=0; global=0; static=0; extern=0; dir=0; type=0; pingpong=0; private_global=0; IO mode=ap_none:ce=0
Port [ tile_0]:  wired=1; compound=1; hidden=0; nouse=0; global=0; static=0; extern=0; dir=1; type=1; pingpong=0; private_global=0; MemPort=[30]; IO mode=ap_memory:ce=0
Port [ tile_1]:  wired=1; compound=1; hidden=0; nouse=0; global=0; static=0; extern=0; dir=1; type=1; pingpong=0; private_global=0; MemPort=[30]; IO mode=ap_memory:ce=0
Port [ tile_2]:  wired=1; compound=1; hidden=0; nouse=0; global=0; static=0; extern=0; dir=1; type=1; pingpong=0; private_global=0; MemPort=[30]; IO mode=ap_memory:ce=0
Port [ tile_3]:  wired=1; compound=1; hidden=0; nouse=0; global=0; static=0; extern=0; dir=1; type=1; pingpong=0; private_global=0; MemPort=[30]; IO mode=ap_memory:ce=0
Port [ tile_4]:  wired=1; compound=1; hidden=0; nouse=0; global=0; static=0; extern=0; dir=1; type=1; pingpong=0; private_global=0; MemPort=[30]; IO mode=ap_memory:ce=0
Port [ tile_5]:  wired=1; compound=1; hidden=0; nouse=0; global=0; static=0; extern=0; dir=1; type=1; pingpong=0; private_global=0; MemPort=[30]; IO mode=ap_memory:ce=0
Port [ tile_6]:  wired=1; compound=1; hidden=0; nouse=0; global=0; static=0; extern=0; dir=1; type=1; pingpong=0; private_global=0; MemPort=[30]; IO mode=ap_memory:ce=0
Port [ tile_7]:  wired=1; compound=1; hidden=0; nouse=0; global=0; static=0; extern=0; dir=1; type=1; pingpong=0; private_global=0; MemPort=[30]; IO mode=ap_memory:ce=0
Port [ tile_8]:  wired=1; compound=1; hidden=0; nouse=0; global=0; static=0; extern=0; dir=1; type=1; pingpong=0; private_global=0; MemPort=[30]; IO mode=ap_memory:ce=0
Port [ tile_9]:  wired=1; compound=1; hidden=0; nouse=0; global=0; static=0; extern=0; dir=1; type=1; pingpong=0; private_global=0; MemPort=[30]; IO mode=ap_memory:ce=0
Port [ tile_10]:  wired=1; compound=1; hidden=0; nouse=0; global=0; static=0; extern=0; dir=1; type=1; pingpong=0; private_global=0; MemPort=[30]; IO mode=ap_memory:ce=0
Port [ tile_11]:  wired=1; compound=1; hidden=0; nouse=0; global=0; static=0; extern=0; dir=1; type=1; pingpong=0; private_global=0; MemPort=[30]; IO mode=ap_memory:ce=0
Port [ tile_12]:  wired=1; compound=1; hidden=0; nouse=0; global=0; static=0; extern=0; dir=1; type=1; pingpong=0; private_global=0; MemPort=[30]; IO mode=ap_memory:ce=0
Port [ tile_13]:  wired=1; compound=1; hidden=0; nouse=0; global=0; static=0; extern=0; dir=1; type=1; pingpong=0; private_global=0; MemPort=[30]; IO mode=ap_memory:ce=0
Port [ tile_14]:  wired=1; compound=1; hidden=0; nouse=0; global=0; static=0; extern=0; dir=1; type=1; pingpong=0; private_global=0; MemPort=[30]; IO mode=ap_memory:ce=0
Port [ tile_15]:  wired=1; compound=1; hidden=0; nouse=0; global=0; static=0; extern=0; dir=1; type=1; pingpong=0; private_global=0; MemPort=[30]; IO mode=ap_memory:ce=0
Port [ base_row]:  wired=1; compound=0; hidden=0; nouse=0; global=0; static=0; extern=0; dir=0; type=0; pingpong=0; private_global=0; IO mode=ap_none:ce=0
Port [ num_rows]:  wired=1; compound=0; hidden=0; nouse=0; global=0; static=0; extern=0; dir=0; type=0; pingpong=0; private_global=0; IO mode=ap_none:ce=0
---------------- STG Properties END ------------------

---------------- Datapath Model BEGIN ----------------

<LifeTime>
<method=bitvector/>
num_rows_read                 (read          ) [ 0011111111111111111111111111111111111111111111111111111111111111111111111111111]
base_row_read                 (read          ) [ 0000000000000000000000000000000000000000000000000000000000000000000000000000000]
hbm_port_read                 (read          ) [ 0000000000000000000000000000000000000000000000000000000000000000000000000000000]
icmp_ln112                    (icmp          ) [ 0000000000000000000000000000000000000000000000000000000000000000000000000000000]
trunc_ln112                   (trunc         ) [ 0011111111111111111111111111111111111111111111111111111111111111111111111111110]
shl_ln                        (bitconcatenate) [ 0000000000000000000000000000000000000000000000000000000000000000000000000000000]
trunc_ln112_1                 (trunc         ) [ 0000000000000000000000000000000000000000000000000000000000000000000000000000000]
shl_ln112_2                   (bitconcatenate) [ 0000000000000000000000000000000000000000000000000000000000000000000000000000000]
sext_ln112                    (sext          ) [ 0000000000000000000000000000000000000000000000000000000000000000000000000000000]
add_ln112                     (add           ) [ 0000000000000000000000000000000000000000000000000000000000000000000000000000000]
trunc_ln                      (partselect    ) [ 0011111111111111111111111111111111111111111111111111111111111111111111111111100]
sext_ln112_1                  (sext          ) [ 0000000000000000000000000000000000000000000000000000000000000000000000000000000]
gmem_Q_addr                   (getelementptr ) [ 0011111111111111111111111111111111111111111111111111111111111111111111111110000]
empty                         (select        ) [ 0000000000000000000000000000000000000000000000000000000000000000000000000000000]
zext_ln112                    (zext          ) [ 0011111111111111111111111111111111111111111111111111111111111111111111111110000]
muxLogicAXIMAddr_to_empty_81  (muxlogic      ) [ 0000000000000000000000000000000000000000000000000000000000000000000000000000000]
muxLogicAXIMBurst_to_empty_81 (muxlogic      ) [ 0000000000000000000000000000000000000000000000000000000000000000000000000000000]
empty_81                      (readreq       ) [ 0000000000000000000000000000000000000000000000000000000000000000000000000000000]
call_ln112                    (call          ) [ 0000000000000000000000000000000000000000000000000000000000000000000000000000000]
sext_ln112_2                  (sext          ) [ 0000000000000000000000000000000000000000000000000000000000000000000000000000000]
empty_82                      (icmp          ) [ 0000000000000000000000000000000000000000000000000000000000000000000000000000000]
smax                          (select        ) [ 0000000000000000000000000000000000000000000000000000000000000000000000000000000]
zext_ln138                    (zext          ) [ 0000000000000000000000000000000000000000000000000000000000000000000000000000000]
sub_ln138                     (sub           ) [ 0000000000000000000000000000000000000000000000000000000000000000000000000000000]
tmp_s                         (bitconcatenate) [ 0000000000000000000000000000000000000000000000000000000000000000000000000000001]
specmemcore_ln0               (specmemcore   ) [ 0000000000000000000000000000000000000000000000000000000000000000000000000000000]
specmemcore_ln0               (specmemcore   ) [ 0000000000000000000000000000000000000000000000000000000000000000000000000000000]
specmemcore_ln0               (specmemcore   ) [ 0000000000000000000000000000000000000000000000000000000000000000000000000000000]
specmemcore_ln0               (specmemcore   ) [ 0000000000000000000000000000000000000000000000000000000000000000000000000000000]
specmemcore_ln0               (specmemcore   ) [ 0000000000000000000000000000000000000000000000000000000000000000000000000000000]
specmemcore_ln0               (specmemcore   ) [ 0000000000000000000000000000000000000000000000000000000000000000000000000000000]
specmemcore_ln0               (specmemcore   ) [ 0000000000000000000000000000000000000000000000000000000000000000000000000000000]
specmemcore_ln0               (specmemcore   ) [ 0000000000000000000000000000000000000000000000000000000000000000000000000000000]
specmemcore_ln0               (specmemcore   ) [ 0000000000000000000000000000000000000000000000000000000000000000000000000000000]
specmemcore_ln0               (specmemcore   ) [ 0000000000000000000000000000000000000000000000000000000000000000000000000000000]
specmemcore_ln0               (specmemcore   ) [ 0000000000000000000000000000000000000000000000000000000000000000000000000000000]
specmemcore_ln0               (specmemcore   ) [ 0000000000000000000000000000000000000000000000000000000000000000000000000000000]
specmemcore_ln0               (specmemcore   ) [ 0000000000000000000000000000000000000000000000000000000000000000000000000000000]
specmemcore_ln0               (specmemcore   ) [ 0000000000000000000000000000000000000000000000000000000000000000000000000000000]
specmemcore_ln0               (specmemcore   ) [ 0000000000000000000000000000000000000000000000000000000000000000000000000000000]
specmemcore_ln0               (specmemcore   ) [ 0000000000000000000000000000000000000000000000000000000000000000000000000000000]
specinterface_ln0             (specinterface ) [ 0000000000000000000000000000000000000000000000000000000000000000000000000000000]
call_ln138                    (call          ) [ 0000000000000000000000000000000000000000000000000000000000000000000000000000000]
ret_ln145                     (ret           ) [ 0000000000000000000000000000000000000000000000000000000000000000000000000000000]
</LifeTime>

<model>

<comp_list>
<comp id="0" class="1000" name="gmem_Q">
<pin_list>
<pin id="1" dir="1" index="0" bw="1" slack="0"/>
</pin_list>
<bind>
<StgValue><ssdm name="gmem_Q"/><MemPortTyVec>0 </MemPortTyVec>
</StgValue>
</bind>
</comp>

<comp id="2" class="1000" name="hbm_port">
<pin_list>
<pin id="3" dir="1" index="0" bw="1" slack="0"/>
</pin_list>
<bind>
<StgValue><ssdm name="hbm_port"/></StgValue>
</bind>
</comp>

<comp id="4" class="1000" name="tile_0">
<pin_list>
<pin id="5" dir="1" index="0" bw="1" slack="0"/>
</pin_list>
<bind>
<StgValue><ssdm name="tile_0"/><MemPortTyVec>3 0 </MemPortTyVec>
</StgValue>
</bind>
</comp>

<comp id="6" class="1000" name="tile_1">
<pin_list>
<pin id="7" dir="1" index="0" bw="1" slack="0"/>
</pin_list>
<bind>
<StgValue><ssdm name="tile_1"/><MemPortTyVec>3 0 </MemPortTyVec>
</StgValue>
</bind>
</comp>

<comp id="8" class="1000" name="tile_2">
<pin_list>
<pin id="9" dir="1" index="0" bw="1" slack="0"/>
</pin_list>
<bind>
<StgValue><ssdm name="tile_2"/><MemPortTyVec>3 0 </MemPortTyVec>
</StgValue>
</bind>
</comp>

<comp id="10" class="1000" name="tile_3">
<pin_list>
<pin id="11" dir="1" index="0" bw="1" slack="0"/>
</pin_list>
<bind>
<StgValue><ssdm name="tile_3"/><MemPortTyVec>3 0 </MemPortTyVec>
</StgValue>
</bind>
</comp>

<comp id="12" class="1000" name="tile_4">
<pin_list>
<pin id="13" dir="1" index="0" bw="1" slack="0"/>
</pin_list>
<bind>
<StgValue><ssdm name="tile_4"/><MemPortTyVec>3 0 </MemPortTyVec>
</StgValue>
</bind>
</comp>

<comp id="14" class="1000" name="tile_5">
<pin_list>
<pin id="15" dir="1" index="0" bw="1" slack="0"/>
</pin_list>
<bind>
<StgValue><ssdm name="tile_5"/><MemPortTyVec>3 0 </MemPortTyVec>
</StgValue>
</bind>
</comp>

<comp id="16" class="1000" name="tile_6">
<pin_list>
<pin id="17" dir="1" index="0" bw="1" slack="0"/>
</pin_list>
<bind>
<StgValue><ssdm name="tile_6"/><MemPortTyVec>3 0 </MemPortTyVec>
</StgValue>
</bind>
</comp>

<comp id="18" class="1000" name="tile_7">
<pin_list>
<pin id="19" dir="1" index="0" bw="1" slack="0"/>
</pin_list>
<bind>
<StgValue><ssdm name="tile_7"/><MemPortTyVec>3 0 </MemPortTyVec>
</StgValue>
</bind>
</comp>

<comp id="20" class="1000" name="tile_8">
<pin_list>
<pin id="21" dir="1" index="0" bw="1" slack="0"/>
</pin_list>
<bind>
<StgValue><ssdm name="tile_8"/><MemPortTyVec>3 0 </MemPortTyVec>
</StgValue>
</bind>
</comp>

<comp id="22" class="1000" name="tile_9">
<pin_list>
<pin id="23" dir="1" index="0" bw="1" slack="0"/>
</pin_list>
<bind>
<StgValue><ssdm name="tile_9"/><MemPortTyVec>3 0 </MemPortTyVec>
</StgValue>
</bind>
</comp>

<comp id="24" class="1000" name="tile_10">
<pin_list>
<pin id="25" dir="1" index="0" bw="1" slack="0"/>
</pin_list>
<bind>
<StgValue><ssdm name="tile_10"/><MemPortTyVec>3 0 </MemPortTyVec>
</StgValue>
</bind>
</comp>

<comp id="26" class="1000" name="tile_11">
<pin_list>
<pin id="27" dir="1" index="0" bw="1" slack="0"/>
</pin_list>
<bind>
<StgValue><ssdm name="tile_11"/><MemPortTyVec>3 0 </MemPortTyVec>
</StgValue>
</bind>
</comp>

<comp id="28" class="1000" name="tile_12">
<pin_list>
<pin id="29" dir="1" index="0" bw="1" slack="0"/>
</pin_list>
<bind>
<StgValue><ssdm name="tile_12"/><MemPortTyVec>3 0 </MemPortTyVec>
</StgValue>
</bind>
</comp>

<comp id="30" class="1000" name="tile_13">
<pin_list>
<pin id="31" dir="1" index="0" bw="1" slack="0"/>
</pin_list>
<bind>
<StgValue><ssdm name="tile_13"/><MemPortTyVec>3 0 </MemPortTyVec>
</StgValue>
</bind>
</comp>

<comp id="32" class="1000" name="tile_14">
<pin_list>
<pin id="33" dir="1" index="0" bw="1" slack="0"/>
</pin_list>
<bind>
<StgValue><ssdm name="tile_14"/><MemPortTyVec>3 0 </MemPortTyVec>
</StgValue>
</bind>
</comp>

<comp id="34" class="1000" name="tile_15">
<pin_list>
<pin id="35" dir="1" index="0" bw="1" slack="0"/>
</pin_list>
<bind>
<StgValue><ssdm name="tile_15"/><MemPortTyVec>3 0 </MemPortTyVec>
</StgValue>
</bind>
</comp>

<comp id="36" class="1000" name="base_row">
<pin_list>
<pin id="37" dir="1" index="0" bw="1" slack="0"/>
</pin_list>
<bind>
<StgValue><ssdm name="base_row"/></StgValue>
</bind>
</comp>

<comp id="38" class="1000" name="num_rows">
<pin_list>
<pin id="39" dir="1" index="0" bw="1" slack="0"/>
</pin_list>
<bind>
<StgValue><ssdm name="num_rows"/></StgValue>
</bind>
</comp>

<comp id="40" class="1001" name="const_40">
<pin_list>
<pin id="41" dir="1" index="0" bw="1" slack="0"/>
</pin_list>
<bind>
<StgValue><ssdm name="_ssdm_op_Read.ap_auto.i32"/></StgValue>
</bind>
</comp>

<comp id="42" class="1001" name="const_42">
<pin_list>
<pin id="43" dir="1" index="0" bw="1" slack="0"/>
</pin_list>
<bind>
<StgValue><ssdm name="_ssdm_op_Read.ap_auto.i31"/></StgValue>
</bind>
</comp>

<comp id="44" class="1001" name="const_44">
<pin_list>
<pin id="45" dir="1" index="0" bw="1" slack="0"/>
</pin_list>
<bind>
<StgValue><ssdm name="_ssdm_op_Read.ap_auto.i64"/></StgValue>
</bind>
</comp>

<comp id="46" class="1001" name="const_46">
<pin_list>
<pin id="47" dir="1" index="0" bw="1" slack="0"/>
</pin_list>
<bind>
<StgValue><ssdm name=""/></StgValue>
</bind>
</comp>

<comp id="48" class="1001" name="const_48">
<pin_list>
<pin id="49" dir="1" index="0" bw="1" slack="0"/>
</pin_list>
<bind>
<StgValue><ssdm name="_ssdm_op_BitConcatenate.i33.i31.i2"/></StgValue>
</bind>
</comp>

<comp id="50" class="1001" name="const_50">
<pin_list>
<pin id="51" dir="1" index="0" bw="1" slack="0"/>
</pin_list>
<bind>
<StgValue><ssdm name=""/></StgValue>
</bind>
</comp>

<comp id="52" class="1001" name="const_52">
<pin_list>
<pin id="53" dir="1" index="0" bw="1" slack="0"/>
</pin_list>
<bind>
<StgValue><ssdm name="_ssdm_op_BitConcatenate.i38.i30.i8"/></StgValue>
</bind>
</comp>

<comp id="54" class="1001" name="const_54">
<pin_list>
<pin id="55" dir="1" index="0" bw="1" slack="0"/>
</pin_list>
<bind>
<StgValue><ssdm name=""/></StgValue>
</bind>
</comp>

<comp id="56" class="1001" name="const_56">
<pin_list>
<pin id="57" dir="1" index="0" bw="1" slack="0"/>
</pin_list>
<bind>
<StgValue><ssdm name="_ssdm_op_PartSelect.i58.i64.i32.i32"/></StgValue>
</bind>
</comp>

<comp id="58" class="1001" name="const_58">
<pin_list>
<pin id="59" dir="1" index="0" bw="1" slack="0"/>
</pin_list>
<bind>
<StgValue><ssdm name=""/></StgValue>
</bind>
</comp>

<comp id="60" class="1001" name="const_60">
<pin_list>
<pin id="61" dir="1" index="0" bw="1" slack="0"/>
</pin_list>
<bind>
<StgValue><ssdm name=""/></StgValue>
</bind>
</comp>

<comp id="62" class="1001" name="const_62">
<pin_list>
<pin id="63" dir="1" index="0" bw="1" slack="0"/>
</pin_list>
<bind>
<StgValue><ssdm name=""/></StgValue>
</bind>
</comp>

<comp id="64" class="1001" name="const_64">
<pin_list>
<pin id="65" dir="1" index="0" bw="1" slack="0"/>
</pin_list>
<bind>
<StgValue><ssdm name="_ssdm_op_ReadReq.m_axi.p1i512"/></StgValue>
</bind>
</comp>

<comp id="66" class="1001" name="const_66">
<pin_list>
<pin id="67" dir="1" index="0" bw="1" slack="0"/>
</pin_list>
<bind>
<StgValue><ssdm name="load_tile_fp16_Pipeline_LOAD_TILE_ROWS"/></StgValue>
</bind>
</comp>

<comp id="68" class="1001" name="const_68">
<pin_list>
<pin id="69" dir="1" index="0" bw="1" slack="0"/>
</pin_list>
<bind>
<StgValue><ssdm name=""/></StgValue>
</bind>
</comp>

<comp id="70" class="1001" name="const_70">
<pin_list>
<pin id="71" dir="1" index="0" bw="1" slack="0"/>
</pin_list>
<bind>
<StgValue><ssdm name=""/></StgValue>
</bind>
</comp>

<comp id="72" class="1001" name="const_72">
<pin_list>
<pin id="73" dir="1" index="0" bw="1" slack="0"/>
</pin_list>
<bind>
<StgValue><ssdm name="_ssdm_op_BitConcatenate.i35.i33.i2"/></StgValue>
</bind>
</comp>

<comp id="74" class="1001" name="const_74">
<pin_list>
<pin id="75" dir="1" index="0" bw="1" slack="0"/>
</pin_list>
<bind>
<StgValue><ssdm name="load_tile_fp16_Pipeline_LOAD_TILE_PAD_VITIS_LOOP_139_2"/></StgValue>
</bind>
</comp>

<comp id="76" class="1001" name="const_76">
<pin_list>
<pin id="77" dir="1" index="0" bw="1" slack="2147483647"/>
</pin_list>
<bind>
<StgValue><ssdm name="_ssdm_op_SpecMemCore"/></StgValue>
</bind>
</comp>

<comp id="78" class="1001" name="const_78">
<pin_list>
<pin id="79" dir="1" index="0" bw="1" slack="2147483647"/>
</pin_list>
<bind>
<StgValue><ssdm name=""/></StgValue>
</bind>
</comp>

<comp id="80" class="1001" name="const_80">
<pin_list>
<pin id="81" dir="1" index="0" bw="1" slack="2147483647"/>
</pin_list>
<bind>
<StgValue><ssdm name=""/></StgValue>
</bind>
</comp>

<comp id="82" class="1001" name="const_82">
<pin_list>
<pin id="83" dir="1" index="0" bw="1" slack="2147483647"/>
</pin_list>
<bind>
<StgValue><ssdm name=""/></StgValue>
</bind>
</comp>

<comp id="84" class="1001" name="const_84">
<pin_list>
<pin id="85" dir="1" index="0" bw="1" slack="2147483647"/>
</pin_list>
<bind>
<StgValue><ssdm name="_ssdm_op_SpecInterface"/></StgValue>
</bind>
</comp>

<comp id="86" class="1001" name="const_86">
<pin_list>
<pin id="87" dir="1" index="0" bw="1" slack="2147483647"/>
</pin_list>
<bind>
<StgValue><ssdm name="empty_21"/></StgValue>
</bind>
</comp>

<comp id="88" class="1001" name="const_88">
<pin_list>
<pin id="89" dir="1" index="0" bw="1" slack="2147483647"/>
</pin_list>
<bind>
<StgValue><ssdm name="empty_27"/></StgValue>
</bind>
</comp>

<comp id="90" class="1001" name="const_90">
<pin_list>
<pin id="91" dir="1" index="0" bw="1" slack="2147483647"/>
</pin_list>
<bind>
<StgValue><ssdm name=""/></StgValue>
</bind>
</comp>

<comp id="92" class="1001" name="const_92">
<pin_list>
<pin id="93" dir="1" index="0" bw="1" slack="2147483647"/>
</pin_list>
<bind>
<StgValue><ssdm name="empty_38"/></StgValue>
</bind>
</comp>

<comp id="94" class="1001" name="const_94">
<pin_list>
<pin id="95" dir="1" index="0" bw="1" slack="2147483647"/>
</pin_list>
<bind>
<StgValue><ssdm name="empty_28"/></StgValue>
</bind>
</comp>

<comp id="96" class="1001" name="const_96">
<pin_list>
<pin id="97" dir="1" index="0" bw="1" slack="2147483647"/>
</pin_list>
<bind>
<StgValue><ssdm name=""/></StgValue>
</bind>
</comp>

<comp id="98" class="1001" name="const_98">
<pin_list>
<pin id="99" dir="1" index="0" bw="1" slack="2147483647"/>
</pin_list>
<bind>
<StgValue><ssdm name=""/></StgValue>
</bind>
</comp>

<comp id="100" class="1004" name="num_rows_read_read_fu_100">
<pin_list>
<pin id="101" dir="0" index="0" bw="32" slack="0"/>
<pin id="102" dir="0" index="1" bw="32" slack="0"/>
<pin id="103" dir="1" index="2" bw="32" slack="0"/>
</pin_list>
<bind>
<opcode="read(1150) " fcode="read"/>
<opset="num_rows_read/1 "/>
</bind>
</comp>

<comp id="106" class="1004" name="base_row_read_read_fu_106">
<pin_list>
<pin id="107" dir="0" index="0" bw="31" slack="0"/>
<pin id="108" dir="0" index="1" bw="31" slack="0"/>
<pin id="109" dir="1" index="2" bw="31" slack="0"/>
</pin_list>
<bind>
<opcode="read(1150) " fcode="read"/>
<opset="base_row_read/1 "/>
</bind>
</comp>

<comp id="112" class="1004" name="hbm_port_read_read_fu_112">
<pin_list>
<pin id="113" dir="0" index="0" bw="64" slack="0"/>
<pin id="114" dir="0" index="1" bw="64" slack="0"/>
<pin id="115" dir="1" index="2" bw="64" slack="0"/>
</pin_list>
<bind>
<opcode="read(1150) " fcode="read"/>
<opset="hbm_port_read/1 "/>
</bind>
</comp>

<comp id="118" class="1004" name="grp_readreq_fu_118">
<pin_list>
<pin id="119" dir="0" index="0" bw="1" slack="0"/>
<pin id="120" dir="0" index="1" bw="512" slack="0"/>
<pin id="121" dir="0" index="2" bw="33" slack="0"/>
<pin id="122" dir="1" index="3" bw="1" slack="2147483647"/>
</pin_list>
<bind>
<opcode="readreq(1154) " fcode="readreq"/>
<opset="empty_81/1 "/>
</bind>
</comp>

<comp id="124" class="1004" name="grp_load_tile_fp16_Pipeline_LOAD_TILE_ROWS_fu_124">
<pin_list>
<pin id="125" dir="0" index="0" bw="0" slack="0"/>
<pin id="126" dir="0" index="1" bw="32" slack="74"/>
<pin id="127" dir="0" index="2" bw="512" slack="0"/>
<pin id="128" dir="0" index="3" bw="58" slack="74"/>
<pin id="129" dir="0" index="4" bw="16" slack="0"/>
<pin id="130" dir="0" index="5" bw="16" slack="0"/>
<pin id="131" dir="0" index="6" bw="16" slack="0"/>
<pin id="132" dir="0" index="7" bw="16" slack="0"/>
<pin id="133" dir="0" index="8" bw="16" slack="0"/>
<pin id="134" dir="0" index="9" bw="16" slack="0"/>
<pin id="135" dir="0" index="10" bw="16" slack="0"/>
<pin id="136" dir="0" index="11" bw="16" slack="0"/>
<pin id="137" dir="0" index="12" bw="16" slack="0"/>
<pin id="138" dir="0" index="13" bw="16" slack="0"/>
<pin id="139" dir="0" index="14" bw="16" slack="0"/>
<pin id="140" dir="0" index="15" bw="16" slack="0"/>
<pin id="141" dir="0" index="16" bw="16" slack="0"/>
<pin id="142" dir="0" index="17" bw="16" slack="0"/>
<pin id="143" dir="0" index="18" bw="16" slack="0"/>
<pin id="144" dir="0" index="19" bw="16" slack="0"/>
<pin id="145" dir="1" index="20" bw="0" slack="2147483647"/>
</pin_list>
<bind>
<opcode="call(48) " fcode="call"/>
<opset="call_ln112/75 "/>
</bind>
</comp>

<comp id="164" class="1004" name="grp_load_tile_fp16_Pipeline_LOAD_TILE_PAD_VITIS_LOOP_139_2_fu_164">
<pin_list>
<pin id="165" dir="0" index="0" bw="0" slack="0"/>
<pin id="166" dir="0" index="1" bw="32" slack="76"/>
<pin id="167" dir="0" index="2" bw="35" slack="0"/>
<pin id="168" dir="0" index="3" bw="16" slack="0"/>
<pin id="169" dir="0" index="4" bw="16" slack="0"/>
<pin id="170" dir="0" index="5" bw="16" slack="0"/>
<pin id="171" dir="0" index="6" bw="16" slack="0"/>
<pin id="172" dir="0" index="7" bw="16" slack="0"/>
<pin id="173" dir="0" index="8" bw="16" slack="0"/>
<pin id="174" dir="0" index="9" bw="16" slack="0"/>
<pin id="175" dir="0" index="10" bw="16" slack="0"/>
<pin id="176" dir="0" index="11" bw="16" slack="0"/>
<pin id="177" dir="0" index="12" bw="16" slack="0"/>
<pin id="178" dir="0" index="13" bw="16" slack="0"/>
<pin id="179" dir="0" index="14" bw="16" slack="0"/>
<pin id="180" dir="0" index="15" bw="16" slack="0"/>
<pin id="181" dir="0" index="16" bw="16" slack="0"/>
<pin id="182" dir="0" index="17" bw="16" slack="0"/>
<pin id="183" dir="0" index="18" bw="16" slack="0"/>
<pin id="184" dir="1" index="19" bw="0" slack="2147483647"/>
</pin_list>
<bind>
<opcode="call(48) " fcode="call"/>
<opset="call_ln138/77 "/>
</bind>
</comp>

<comp id="202" class="1004" name="icmp_ln112_fu_202">
<pin_list>
<pin id="203" dir="0" index="0" bw="32" slack="0"/>
<pin id="204" dir="0" index="1" bw="1" slack="0"/>
<pin id="205" dir="1" index="2" bw="1" slack="0"/>
</pin_list>
<bind>
<opcode="icmp(45) " fcode="icmp"/>
<opset="icmp_ln112/1 "/>
</bind>
</comp>

<comp id="208" class="1004" name="trunc_ln112_fu_208">
<pin_list>
<pin id="209" dir="0" index="0" bw="32" slack="0"/>
<pin id="210" dir="1" index="1" bw="31" slack="0"/>
</pin_list>
<bind>
<opcode="trunc(33) " fcode="trunc"/>
<opset="trunc_ln112/1 "/>
</bind>
</comp>

<comp id="212" class="1004" name="shl_ln_fu_212">
<pin_list>
<pin id="213" dir="0" index="0" bw="33" slack="0"/>
<pin id="214" dir="0" index="1" bw="31" slack="0"/>
<pin id="215" dir="0" index="2" bw="1" slack="0"/>
<pin id="216" dir="1" index="3" bw="33" slack="0"/>
</pin_list>
<bind>
<opcode="bitconcatenate(1004) " fcode="bitconcatenate"/>
<opset="shl_ln/1 "/>
</bind>
</comp>

<comp id="220" class="1004" name="trunc_ln112_1_fu_220">
<pin_list>
<pin id="221" dir="0" index="0" bw="31" slack="0"/>
<pin id="222" dir="1" index="1" bw="30" slack="0"/>
</pin_list>
<bind>
<opcode="trunc(33) " fcode="trunc"/>
<opset="trunc_ln112_1/1 "/>
</bind>
</comp>

<comp id="224" class="1004" name="shl_ln112_2_fu_224">
<pin_list>
<pin id="225" dir="0" index="0" bw="38" slack="0"/>
<pin id="226" dir="0" index="1" bw="30" slack="0"/>
<pin id="227" dir="0" index="2" bw="1" slack="0"/>
<pin id="228" dir="1" index="3" bw="38" slack="0"/>
</pin_list>
<bind>
<opcode="bitconcatenate(1004) " fcode="bitconcatenate"/>
<opset="shl_ln112_2/1 "/>
</bind>
</comp>

<comp id="232" class="1004" name="sext_ln112_fu_232">
<pin_list>
<pin id="233" dir="0" index="0" bw="38" slack="0"/>
<pin id="234" dir="1" index="1" bw="64" slack="0"/>
</pin_list>
<bind>
<opcode="sext(35) " fcode="sext"/>
<opset="sext_ln112/1 "/>
</bind>
</comp>

<comp id="236" class="1004" name="add_ln112_fu_236">
<pin_list>
<pin id="237" dir="0" index="0" bw="38" slack="0"/>
<pin id="238" dir="0" index="1" bw="64" slack="0"/>
<pin id="239" dir="1" index="2" bw="64" slack="0"/>
</pin_list>
<bind>
<opcode="add(8) " fcode="add"/>
<opset="add_ln112/1 "/>
</bind>
</comp>

<comp id="242" class="1004" name="trunc_ln_fu_242">
<pin_list>
<pin id="243" dir="0" index="0" bw="58" slack="0"/>
<pin id="244" dir="0" index="1" bw="64" slack="0"/>
<pin id="245" dir="0" index="2" bw="4" slack="0"/>
<pin id="246" dir="0" index="3" bw="7" slack="0"/>
<pin id="247" dir="1" index="4" bw="58" slack="0"/>
</pin_list>
<bind>
<opcode="partselect(1002) " fcode="partselect"/>
<opset="trunc_ln/1 "/>
</bind>
</comp>

<comp id="252" class="1004" name="sext_ln112_1_fu_252">
<pin_list>
<pin id="253" dir="0" index="0" bw="58" slack="0"/>
<pin id="254" dir="1" index="1" bw="64" slack="0"/>
</pin_list>
<bind>
<opcode="sext(35) " fcode="sext"/>
<opset="sext_ln112_1/1 "/>
</bind>
</comp>

<comp id="256" class="1004" name="gmem_Q_addr_fu_256">
<pin_list>
<pin id="257" dir="0" index="0" bw="512" slack="0"/>
<pin id="258" dir="0" index="1" bw="58" slack="0"/>
<pin id="259" dir="1" index="2" bw="512" slack="0"/>
</pin_list>
<bind>
<opcode="getelementptr(29) " fcode="getelementptr"/>
<opset="gmem_Q_addr/1 "/>
</bind>
</comp>

<comp id="263" class="1004" name="empty_fu_263">
<pin_list>
<pin id="264" dir="0" index="0" bw="1" slack="0"/>
<pin id="265" dir="0" index="1" bw="33" slack="0"/>
<pin id="266" dir="0" index="2" bw="1" slack="0"/>
<pin id="267" dir="1" index="3" bw="33" slack="0"/>
</pin_list>
<bind>
<opcode="select(49) " fcode="select"/>
<opset="empty/1 "/>
</bind>
</comp>

<comp id="271" class="1004" name="zext_ln112_fu_271">
<pin_list>
<pin id="272" dir="0" index="0" bw="33" slack="0"/>
<pin id="273" dir="1" index="1" bw="64" slack="0"/>
</pin_list>
<bind>
<opcode="zext(34) " fcode="zext"/>
<opset="zext_ln112/1 "/>
</bind>
</comp>

<comp id="276" class="1004" name="muxLogicAXIMAddr_to_empty_81_fu_276">
<pin_list>
<pin id="277" dir="0" index="0" bw="512" slack="0"/>
<pin id="278" dir="1" index="1" bw="1" slack="2147483647"/>
</pin_list>
<bind>
<opcode="muxlogic(592) " fcode="muxlogic"/>
<opset="muxLogicAXIMAddr_to_empty_81/1 "/>
</bind>
</comp>

<comp id="280" class="1004" name="muxLogicAXIMBurst_to_empty_81_fu_280">
<pin_list>
<pin id="281" dir="0" index="0" bw="33" slack="0"/>
<pin id="282" dir="1" index="1" bw="1" slack="2147483647"/>
</pin_list>
<bind>
<opcode="muxlogic(592) " fcode="muxlogic"/>
<opset="muxLogicAXIMBurst_to_empty_81/1 "/>
</bind>
</comp>

<comp id="284" class="1004" name="sext_ln112_2_fu_284">
<pin_list>
<pin id="285" dir="0" index="0" bw="32" slack="76"/>
<pin id="286" dir="1" index="1" bw="33" slack="0"/>
</pin_list>
<bind>
<opcode="sext(35) " fcode="sext"/>
<opset="sext_ln112_2/77 "/>
</bind>
</comp>

<comp id="287" class="1004" name="empty_82_fu_287">
<pin_list>
<pin id="288" dir="0" index="0" bw="32" slack="76"/>
<pin id="289" dir="0" index="1" bw="8" slack="0"/>
<pin id="290" dir="1" index="2" bw="1" slack="0"/>
</pin_list>
<bind>
<opcode="icmp(45) " fcode="icmp"/>
<opset="empty_82/77 "/>
</bind>
</comp>

<comp id="292" class="1004" name="smax_fu_292">
<pin_list>
<pin id="293" dir="0" index="0" bw="1" slack="0"/>
<pin id="294" dir="0" index="1" bw="31" slack="76"/>
<pin id="295" dir="0" index="2" bw="8" slack="0"/>
<pin id="296" dir="1" index="3" bw="31" slack="0"/>
</pin_list>
<bind>
<opcode="select(49) " fcode="select"/>
<opset="smax/77 "/>
</bind>
</comp>

<comp id="299" class="1004" name="zext_ln138_fu_299">
<pin_list>
<pin id="300" dir="0" index="0" bw="31" slack="0"/>
<pin id="301" dir="1" index="1" bw="33" slack="0"/>
</pin_list>
<bind>
<opcode="zext(34) " fcode="zext"/>
<opset="zext_ln138/77 "/>
</bind>
</comp>

<comp id="303" class="1004" name="sub_ln138_fu_303">
<pin_list>
<pin id="304" dir="0" index="0" bw="31" slack="0"/>
<pin id="305" dir="0" index="1" bw="32" slack="0"/>
<pin id="306" dir="1" index="2" bw="33" slack="0"/>
</pin_list>
<bind>
<opcode="sub(10) " fcode="sub"/>
<opset="sub_ln138/77 "/>
</bind>
</comp>

<comp id="309" class="1004" name="tmp_s_fu_309">
<pin_list>
<pin id="310" dir="0" index="0" bw="35" slack="0"/>
<pin id="311" dir="0" index="1" bw="33" slack="0"/>
<pin id="312" dir="0" index="2" bw="1" slack="0"/>
<pin id="313" dir="1" index="3" bw="35" slack="0"/>
</pin_list>
<bind>
<opcode="bitconcatenate(1004) " fcode="bitconcatenate"/>
<opset="tmp_s/77 "/>
</bind>
</comp>

<comp id="318" class="1005" name="num_rows_read_reg_318">
<pin_list>
<pin id="319" dir="0" index="0" bw="32" slack="74"/>
<pin id="320" dir="1" index="1" bw="32" slack="74"/>
</pin_list>
<bind>
<opset="num_rows_read "/>
</bind>
</comp>

<comp id="326" class="1005" name="trunc_ln112_reg_326">
<pin_list>
<pin id="327" dir="0" index="0" bw="31" slack="76"/>
<pin id="328" dir="1" index="1" bw="31" slack="76"/>
</pin_list>
<bind>
<opset="trunc_ln112 "/>
</bind>
</comp>

<comp id="331" class="1005" name="trunc_ln_reg_331">
<pin_list>
<pin id="332" dir="0" index="0" bw="58" slack="74"/>
<pin id="333" dir="1" index="1" bw="58" slack="74"/>
</pin_list>
<bind>
<opset="trunc_ln "/>
</bind>
</comp>

<comp id="336" class="1005" name="gmem_Q_addr_reg_336">
<pin_list>
<pin id="337" dir="0" index="0" bw="512" slack="1"/>
<pin id="338" dir="1" index="1" bw="512" slack="1"/>
</pin_list>
<bind>
<opset="gmem_Q_addr "/>
</bind>
</comp>

<comp id="341" class="1005" name="zext_ln112_reg_341">
<pin_list>
<pin id="342" dir="0" index="0" bw="64" slack="1"/>
<pin id="343" dir="1" index="1" bw="64" slack="1"/>
</pin_list>
<bind>
<opset="zext_ln112 "/>
</bind>
</comp>

<comp id="346" class="1005" name="tmp_s_reg_346">
<pin_list>
<pin id="347" dir="0" index="0" bw="35" slack="1"/>
<pin id="348" dir="1" index="1" bw="35" slack="1"/>
</pin_list>
<bind>
<opset="tmp_s "/>
</bind>
</comp>

</comp_list>

<net_list>
<net id="104"><net_src comp="40" pin="0"/><net_sink comp="100" pin=0"/></net>

<net id="105"><net_src comp="38" pin="0"/><net_sink comp="100" pin=1"/></net>

<net id="110"><net_src comp="42" pin="0"/><net_sink comp="106" pin=0"/></net>

<net id="111"><net_src comp="36" pin="0"/><net_sink comp="106" pin=1"/></net>

<net id="116"><net_src comp="44" pin="0"/><net_sink comp="112" pin=0"/></net>

<net id="117"><net_src comp="2" pin="0"/><net_sink comp="112" pin=1"/></net>

<net id="123"><net_src comp="64" pin="0"/><net_sink comp="118" pin=0"/></net>

<net id="146"><net_src comp="66" pin="0"/><net_sink comp="124" pin=0"/></net>

<net id="147"><net_src comp="0" pin="0"/><net_sink comp="124" pin=2"/></net>

<net id="148"><net_src comp="4" pin="0"/><net_sink comp="124" pin=4"/></net>

<net id="149"><net_src comp="6" pin="0"/><net_sink comp="124" pin=5"/></net>

<net id="150"><net_src comp="8" pin="0"/><net_sink comp="124" pin=6"/></net>

<net id="151"><net_src comp="10" pin="0"/><net_sink comp="124" pin=7"/></net>

<net id="152"><net_src comp="12" pin="0"/><net_sink comp="124" pin=8"/></net>

<net id="153"><net_src comp="14" pin="0"/><net_sink comp="124" pin=9"/></net>

<net id="154"><net_src comp="16" pin="0"/><net_sink comp="124" pin=10"/></net>

<net id="155"><net_src comp="18" pin="0"/><net_sink comp="124" pin=11"/></net>

<net id="156"><net_src comp="20" pin="0"/><net_sink comp="124" pin=12"/></net>

<net id="157"><net_src comp="22" pin="0"/><net_sink comp="124" pin=13"/></net>

<net id="158"><net_src comp="24" pin="0"/><net_sink comp="124" pin=14"/></net>

<net id="159"><net_src comp="26" pin="0"/><net_sink comp="124" pin=15"/></net>

<net id="160"><net_src comp="28" pin="0"/><net_sink comp="124" pin=16"/></net>

<net id="161"><net_src comp="30" pin="0"/><net_sink comp="124" pin=17"/></net>

<net id="162"><net_src comp="32" pin="0"/><net_sink comp="124" pin=18"/></net>

<net id="163"><net_src comp="34" pin="0"/><net_sink comp="124" pin=19"/></net>

<net id="185"><net_src comp="74" pin="0"/><net_sink comp="164" pin=0"/></net>

<net id="186"><net_src comp="4" pin="0"/><net_sink comp="164" pin=3"/></net>

<net id="187"><net_src comp="6" pin="0"/><net_sink comp="164" pin=4"/></net>

<net id="188"><net_src comp="8" pin="0"/><net_sink comp="164" pin=5"/></net>

<net id="189"><net_src comp="10" pin="0"/><net_sink comp="164" pin=6"/></net>

<net id="190"><net_src comp="12" pin="0"/><net_sink comp="164" pin=7"/></net>

<net id="191"><net_src comp="14" pin="0"/><net_sink comp="164" pin=8"/></net>

<net id="192"><net_src comp="16" pin="0"/><net_sink comp="164" pin=9"/></net>

<net id="193"><net_src comp="18" pin="0"/><net_sink comp="164" pin=10"/></net>

<net id="194"><net_src comp="20" pin="0"/><net_sink comp="164" pin=11"/></net>

<net id="195"><net_src comp="22" pin="0"/><net_sink comp="164" pin=12"/></net>

<net id="196"><net_src comp="24" pin="0"/><net_sink comp="164" pin=13"/></net>

<net id="197"><net_src comp="26" pin="0"/><net_sink comp="164" pin=14"/></net>

<net id="198"><net_src comp="28" pin="0"/><net_sink comp="164" pin=15"/></net>

<net id="199"><net_src comp="30" pin="0"/><net_sink comp="164" pin=16"/></net>

<net id="200"><net_src comp="32" pin="0"/><net_sink comp="164" pin=17"/></net>

<net id="201"><net_src comp="34" pin="0"/><net_sink comp="164" pin=18"/></net>

<net id="206"><net_src comp="100" pin="2"/><net_sink comp="202" pin=0"/></net>

<net id="207"><net_src comp="46" pin="0"/><net_sink comp="202" pin=1"/></net>

<net id="211"><net_src comp="100" pin="2"/><net_sink comp="208" pin=0"/></net>

<net id="217"><net_src comp="48" pin="0"/><net_sink comp="212" pin=0"/></net>

<net id="218"><net_src comp="208" pin="1"/><net_sink comp="212" pin=1"/></net>

<net id="219"><net_src comp="50" pin="0"/><net_sink comp="212" pin=2"/></net>

<net id="223"><net_src comp="106" pin="2"/><net_sink comp="220" pin=0"/></net>

<net id="229"><net_src comp="52" pin="0"/><net_sink comp="224" pin=0"/></net>

<net id="230"><net_src comp="220" pin="1"/><net_sink comp="224" pin=1"/></net>

<net id="231"><net_src comp="54" pin="0"/><net_sink comp="224" pin=2"/></net>

<net id="235"><net_src comp="224" pin="3"/><net_sink comp="232" pin=0"/></net>

<net id="240"><net_src comp="232" pin="1"/><net_sink comp="236" pin=0"/></net>

<net id="241"><net_src comp="112" pin="2"/><net_sink comp="236" pin=1"/></net>

<net id="248"><net_src comp="56" pin="0"/><net_sink comp="242" pin=0"/></net>

<net id="249"><net_src comp="236" pin="2"/><net_sink comp="242" pin=1"/></net>

<net id="250"><net_src comp="58" pin="0"/><net_sink comp="242" pin=2"/></net>

<net id="251"><net_src comp="60" pin="0"/><net_sink comp="242" pin=3"/></net>

<net id="255"><net_src comp="242" pin="4"/><net_sink comp="252" pin=0"/></net>

<net id="260"><net_src comp="0" pin="0"/><net_sink comp="256" pin=0"/></net>

<net id="261"><net_src comp="252" pin="1"/><net_sink comp="256" pin=1"/></net>

<net id="262"><net_src comp="256" pin="2"/><net_sink comp="118" pin=1"/></net>

<net id="268"><net_src comp="202" pin="2"/><net_sink comp="263" pin=0"/></net>

<net id="269"><net_src comp="212" pin="3"/><net_sink comp="263" pin=1"/></net>

<net id="270"><net_src comp="62" pin="0"/><net_sink comp="263" pin=2"/></net>

<net id="274"><net_src comp="263" pin="3"/><net_sink comp="271" pin=0"/></net>

<net id="275"><net_src comp="271" pin="1"/><net_sink comp="118" pin=2"/></net>

<net id="279"><net_src comp="256" pin="2"/><net_sink comp="276" pin=0"/></net>

<net id="283"><net_src comp="271" pin="1"/><net_sink comp="280" pin=0"/></net>

<net id="291"><net_src comp="68" pin="0"/><net_sink comp="287" pin=1"/></net>

<net id="297"><net_src comp="287" pin="2"/><net_sink comp="292" pin=0"/></net>

<net id="298"><net_src comp="70" pin="0"/><net_sink comp="292" pin=2"/></net>

<net id="302"><net_src comp="292" pin="3"/><net_sink comp="299" pin=0"/></net>

<net id="307"><net_src comp="299" pin="1"/><net_sink comp="303" pin=0"/></net>

<net id="308"><net_src comp="284" pin="1"/><net_sink comp="303" pin=1"/></net>

<net id="314"><net_src comp="72" pin="0"/><net_sink comp="309" pin=0"/></net>

<net id="315"><net_src comp="303" pin="2"/><net_sink comp="309" pin=1"/></net>

<net id="316"><net_src comp="50" pin="0"/><net_sink comp="309" pin=2"/></net>

<net id="317"><net_src comp="309" pin="3"/><net_sink comp="164" pin=2"/></net>

<net id="321"><net_src comp="100" pin="2"/><net_sink comp="318" pin=0"/></net>

<net id="322"><net_src comp="318" pin="1"/><net_sink comp="124" pin=1"/></net>

<net id="323"><net_src comp="318" pin="1"/><net_sink comp="284" pin=0"/></net>

<net id="324"><net_src comp="318" pin="1"/><net_sink comp="287" pin=0"/></net>

<net id="325"><net_src comp="318" pin="1"/><net_sink comp="164" pin=1"/></net>

<net id="329"><net_src comp="208" pin="1"/><net_sink comp="326" pin=0"/></net>

<net id="330"><net_src comp="326" pin="1"/><net_sink comp="292" pin=1"/></net>

<net id="334"><net_src comp="242" pin="4"/><net_sink comp="331" pin=0"/></net>

<net id="335"><net_src comp="331" pin="1"/><net_sink comp="124" pin=3"/></net>

<net id="339"><net_src comp="256" pin="2"/><net_sink comp="336" pin=0"/></net>

<net id="340"><net_src comp="336" pin="1"/><net_sink comp="118" pin=1"/></net>

<net id="344"><net_src comp="271" pin="1"/><net_sink comp="341" pin=0"/></net>

<net id="345"><net_src comp="341" pin="1"/><net_sink comp="118" pin=2"/></net>

<net id="349"><net_src comp="309" pin="3"/><net_sink comp="346" pin=0"/></net>

<net id="350"><net_src comp="346" pin="1"/><net_sink comp="164" pin=2"/></net>

</net_list>

</model> 
---------------- Datapath Model END ------------------

* FSMD analyzer results:
  - Output states:
	Port: tile_0 | {75 76 77 78 }
	Port: tile_1 | {75 76 77 78 }
	Port: tile_2 | {75 76 77 78 }
	Port: tile_3 | {75 76 77 78 }
	Port: tile_4 | {75 76 77 78 }
	Port: tile_5 | {75 76 77 78 }
	Port: tile_6 | {75 76 77 78 }
	Port: tile_7 | {75 76 77 78 }
	Port: tile_8 | {75 76 77 78 }
	Port: tile_9 | {75 76 77 78 }
	Port: tile_10 | {75 76 77 78 }
	Port: tile_11 | {75 76 77 78 }
	Port: tile_12 | {75 76 77 78 }
	Port: tile_13 | {75 76 77 78 }
	Port: tile_14 | {75 76 77 78 }
	Port: tile_15 | {75 76 77 78 }
 - Input state : 
	Port: load_tile_fp16 : gmem_Q | {1 2 3 4 5 6 7 8 9 10 11 12 13 14 15 16 17 18 19 20 21 22 23 24 25 26 27 28 29 30 31 32 33 34 35 36 37 38 39 40 41 42 43 44 45 46 47 48 49 50 51 52 53 54 55 56 57 58 59 60 61 62 63 64 65 66 67 68 69 70 71 72 73 74 75 76 }
	Port: load_tile_fp16 : hbm_port | {1 }
	Port: load_tile_fp16 : base_row | {1 }
	Port: load_tile_fp16 : num_rows | {1 }
  - Chain level:
	State 1
		shl_ln : 1
		shl_ln112_2 : 1
		sext_ln112 : 2
		add_ln112 : 3
		trunc_ln : 4
		sext_ln112_1 : 5
		gmem_Q_addr : 6
		empty : 2
		zext_ln112 : 3
		muxLogicAXIMAddr_to_empty_81 : 7
		muxLogicAXIMBurst_to_empty_81 : 4
		empty_81 : 7
	State 2
	State 3
	State 4
	State 5
	State 6
	State 7
	State 8
	State 9
	State 10
	State 11
	State 12
	State 13
	State 14
	State 15
	State 16
	State 17
	State 18
	State 19
	State 20
	State 21
	State 22
	State 23
	State 24
	State 25
	State 26
	State 27
	State 28
	State 29
	State 30
	State 31
	State 32
	State 33
	State 34
	State 35
	State 36
	State 37
	State 38
	State 39
	State 40
	State 41
	State 42
	State 43
	State 44
	State 45
	State 46
	State 47
	State 48
	State 49
	State 50
	State 51
	State 52
	State 53
	State 54
	State 55
	State 56
	State 57
	State 58
	State 59
	State 60
	State 61
	State 62
	State 63
	State 64
	State 65
	State 66
	State 67
	State 68
	State 69
	State 70
	State 71
	State 72
	State 73
	State 74
	State 75
	State 76
	State 77
		smax : 1
		zext_ln138 : 2
		sub_ln138 : 3
		tmp_s : 4
		call_ln138 : 5
	State 78


============================================================
+ Verbose Summary: Datapath Resource usage 
============================================================

* Functional unit list:
|----------|-------------------------------------------------------------------|---------|---------|---------|
| Operation|                          Functional Unit                          |  Delay  |    FF   |   LUT   |
|----------|-------------------------------------------------------------------|---------|---------|---------|
|   call   |         grp_load_tile_fp16_Pipeline_LOAD_TILE_ROWS_fu_124         |  20.195 |   1633  |   960   |
|          | grp_load_tile_fp16_Pipeline_LOAD_TILE_PAD_VITIS_LOOP_139_2_fu_164 |  4.544  |   212   |   257   |
|----------|-------------------------------------------------------------------|---------|---------|---------|
|    add   |                          add_ln112_fu_236                         |    0    |    0    |    64   |
|----------|-------------------------------------------------------------------|---------|---------|---------|
|  select  |                            empty_fu_263                           |    0    |    0    |    30   |
|          |                            smax_fu_292                            |    0    |    0    |    28   |
|----------|-------------------------------------------------------------------|---------|---------|---------|
|   icmp   |                         icmp_ln112_fu_202                         |    0    |    0    |    16   |
|          |                          empty_82_fu_287                          |    0    |    0    |    16   |
|----------|-------------------------------------------------------------------|---------|---------|---------|
|    sub   |                          sub_ln138_fu_303                         |    0    |    0    |    32   |
|----------|-------------------------------------------------------------------|---------|---------|---------|
|          |                     num_rows_read_read_fu_100                     |    0    |    0    |    0    |
|   read   |                     base_row_read_read_fu_106                     |    0    |    0    |    0    |
|          |                     hbm_port_read_read_fu_112                     |    0    |    0    |    0    |
|----------|-------------------------------------------------------------------|---------|---------|---------|
|  readreq |                         grp_readreq_fu_118                        |    0    |    0    |    0    |
|----------|-------------------------------------------------------------------|---------|---------|---------|
|   trunc  |                         trunc_ln112_fu_208                        |    0    |    0    |    0    |
|          |                        trunc_ln112_1_fu_220                       |    0    |    0    |    0    |
|----------|-------------------------------------------------------------------|---------|---------|---------|
|          |                           shl_ln_fu_212                           |    0    |    0    |    0    |
|bitconcatenate|                         shl_ln112_2_fu_224                        |    0    |    0    |    0    |
|          |                            tmp_s_fu_309                           |    0    |    0    |    0    |
|----------|-------------------------------------------------------------------|---------|---------|---------|
|          |                         sext_ln112_fu_232                         |    0    |    0    |    0    |
|   sext   |                        sext_ln112_1_fu_252                        |    0    |    0    |    0    |
|          |                        sext_ln112_2_fu_284                        |    0    |    0    |    0    |
|----------|-------------------------------------------------------------------|---------|---------|---------|
|partselect|                          trunc_ln_fu_242                          |    0    |    0    |    0    |
|----------|-------------------------------------------------------------------|---------|---------|---------|
|   zext   |                         zext_ln112_fu_271                         |    0    |    0    |    0    |
|          |                         zext_ln138_fu_299                         |    0    |    0    |    0    |
|----------|-------------------------------------------------------------------|---------|---------|---------|
| muxlogic |                muxLogicAXIMAddr_to_empty_81_fu_276                |    0    |    0    |    0    |
|          |                muxLogicAXIMBurst_to_empty_81_fu_280               |    0    |    0    |    0    |
|----------|-------------------------------------------------------------------|---------|---------|---------|
|   Total  |                                                                   |  24.739 |   1845  |   1403  |
|----------|-------------------------------------------------------------------|---------|---------|---------|

Memories:
N/A

* Register list:
+---------------------+--------+
|                     |   FF   |
+---------------------+--------+
| gmem_Q_addr_reg_336 |   512  |
|num_rows_read_reg_318|   32   |
|    tmp_s_reg_346    |   35   |
| trunc_ln112_reg_326 |   31   |
|   trunc_ln_reg_331  |   58   |
|  zext_ln112_reg_341 |   64   |
+---------------------+--------+
|        Total        |   732  |
+---------------------+--------+

* Multiplexer (MUX) list: 
|-------------------------------------------------------------------|------|------|------|--------||---------||---------||---------|
|                                Comp                               |  Pin | Size |  BW  | S x BW ||  Delay  ||    FF   ||   LUT   |
|-------------------------------------------------------------------|------|------|------|--------||---------||---------||---------|
|                         grp_readreq_fu_118                        |  p1  |   2  |  512 |  1024  ||    0    ||   118   |
|                         grp_readreq_fu_118                        |  p2  |   2  |  33  |   66   ||    0    ||    63   |
| grp_load_tile_fp16_Pipeline_LOAD_TILE_PAD_VITIS_LOOP_139_2_fu_164 |  p2  |   2  |  35  |   70   ||    0    ||    63   |
|-------------------------------------------------------------------|------|------|------|--------||---------||---------||---------|
|                               Total                               |      |      |      |  1160  ||  1.387  ||    0    ||   244   |
|-------------------------------------------------------------------|------|------|------|--------||---------||---------||---------|



* Summary:
+-----------+--------+--------+--------+
|           |  Delay |   FF   |   LUT  |
+-----------+--------+--------+--------+
|  Function |   24   |  1845  |  1403  |
|   Memory  |    -   |    -   |    -   |
|Multiplexer|    1   |    0   |   244  |
|  Register |    -   |   732  |    -   |
+-----------+--------+--------+--------+
|   Total   |   26   |  2577  |  1647  |
+-----------+--------+--------+--------+
