

================================================================
== Vitis HLS Report for 'load_tile_fp16_bc_Pipeline_LOAD_KV_PAD_VITIS_LOOP_181_2'
================================================================
* Date:           Sun Mar 22 18:05:42 2026

* Version:        2025.1 (Build 6135595 on May 21 2025)
* Project:        FlashAtt1
* Solution:       hls (Vivado IP Flow Target)
* Product family: versalhbm
* Target device:  xcvh1582-lsva4737-2LHP-e-S


================================================================
== Performance Estimates
================================================================
+ Timing: 
    * Summary: 
    +--------+----------+----------+------------+
    |  Clock |  Target  | Estimated| Uncertainty|
    +--------+----------+----------+------------+
    |ap_clk  |  10.00 ns|  2.637 ns|     2.70 ns|
    +--------+----------+----------+------------+

+ Latency: 
    * Summary: 
    +---------+---------+----------+----------+-----+-----+------------------------------------------------+
    |  Latency (cycles) |  Latency (absolute) |  Interval |                    Pipeline                    |
    |   min   |   max   |    min   |    max   | min | max |                      Type                      |
    +---------+---------+----------+----------+-----+-----+------------------------------------------------+
    |        ?|        ?|         ?|         ?|    0|    0|  loop auto-rewind stp (delay=0 clock cycles(s))|
    +---------+---------+----------+----------+-----+-----+------------------------------------------------+

    + Detail: 
        * Instance: 
        N/A

        * Loop: 
        +--------------------------------+---------+---------+----------+-----------+-----------+------+----------+
        |                                |  Latency (cycles) | Iteration|  Initiation Interval  | Trip |          |
        |            Loop Name           |   min   |   max   |  Latency |  achieved |   target  | Count| Pipelined|
        +--------------------------------+---------+---------+----------+-----------+-----------+------+----------+
        |- LOAD_KV_PAD_VITIS_LOOP_181_2  |        ?|        ?|         2|          2|          1|     ?|       yes|
        +--------------------------------+---------+---------+----------+-----------+-----------+------+----------+

============================================================
+ Verbose Summary: Synthesis Manager
============================================================
InlineROM: 1
ExposeGlobal: 0
============================================================
+ Verbose Summary: CDFG Model
============================================================
IsTopModel: 0
ResetActiveHigh: 1
IsCombinational: 0
IsDatapathOnly: 0
HasWiredReturn: 1
HasMFsm: 2
HasVarLatency: 1
IsPipeline: 0
IsRtlPipelined: 0
IsInstanceOverlapped: 0
IsDontTouch: 0
HasImplIP: 0
IsGatedGlobalClock: 0

+ Individual pipeline summary: 
  * Pipeline-0: initiation interval (II) = 2, depth = 3


============================================================
+ Verbose Summary: Schedule
============================================================
* Number of FSM states : 3
* Pipeline : 1
  Pipeline-0 : II = 2, D = 3, States = { 1 2 3 }
* Dataflow Pipeline: 0

* FSM state transitions: 
1 --> 2 
2 --> 3 
3 --> 

* FSM state operations: 

State 1 <SV = 0> <Delay = 0.46>
ST_1 : Operation 5 [1/1] (0.00ns)   --->   "%c = alloca i32 1" [./flashattentionmemory.h:181]   --->   Operation 5 'alloca' 'c' <Predicate = true> <Delay = 0.00>
ST_1 : Operation 6 [1/1] (0.00ns)   --->   "%r = alloca i32 1" [./flashattentionmemory.h:180]   --->   Operation 6 'alloca' 'r' <Predicate = true> <Delay = 0.00>
ST_1 : Operation 7 [1/1] (0.00ns)   --->   "%indvar_flatten7 = alloca i32 1"   --->   Operation 7 'alloca' 'indvar_flatten7' <Predicate = true> <Delay = 0.00>
ST_1 : Operation 8 [1/1] (0.00ns)   --->   "%tmp_48_read = read i35 @_ssdm_op_Read.ap_auto.i35, i35 %tmp_48"   --->   Operation 8 'read' 'tmp_48_read' <Predicate = true> <Delay = 0.00>
ST_1 : Operation 9 [1/1] (0.00ns)   --->   "%sext_ln158_1_read = read i32 @_ssdm_op_Read.ap_auto.i32, i32 %sext_ln158_1"   --->   Operation 9 'read' 'sext_ln158_1_read' <Predicate = true> <Delay = 0.00>
ST_1 : Operation 10 [1/1] (0.00ns)   --->   "%sext_ln158_1_cast = sext i32 %sext_ln158_1_read"   --->   Operation 10 'sext' 'sext_ln158_1_cast' <Predicate = true> <Delay = 0.00>
ST_1 : Operation 11 [1/1] (0.00ns)   --->   "%specmemcore_ln0 = specmemcore void @_ssdm_op_SpecMemCore, i16 %tile_15, i64 666, i64 24, i64 18446744073709551615"   --->   Operation 11 'specmemcore' 'specmemcore_ln0' <Predicate = true> <Delay = 0.00>
ST_1 : Operation 12 [1/1] (0.00ns)   --->   "%specmemcore_ln0 = specmemcore void @_ssdm_op_SpecMemCore, i16 %tile_14, i64 666, i64 24, i64 18446744073709551615"   --->   Operation 12 'specmemcore' 'specmemcore_ln0' <Predicate = true> <Delay = 0.00>
ST_1 : Operation 13 [1/1] (0.00ns)   --->   "%specmemcore_ln0 = specmemcore void @_ssdm_op_SpecMemCore, i16 %tile_13, i64 666, i64 24, i64 18446744073709551615"   --->   Operation 13 'specmemcore' 'specmemcore_ln0' <Predicate = true> <Delay = 0.00>
ST_1 : Operation 14 [1/1] (0.00ns)   --->   "%specmemcore_ln0 = specmemcore void @_ssdm_op_SpecMemCore, i16 %tile_12, i64 666, i64 24, i64 18446744073709551615"   --->   Operation 14 'specmemcore' 'specmemcore_ln0' <Predicate = true> <Delay = 0.00>
ST_1 : Operation 15 [1/1] (0.00ns)   --->   "%specmemcore_ln0 = specmemcore void @_ssdm_op_SpecMemCore, i16 %tile_11, i64 666, i64 24, i64 18446744073709551615"   --->   Operation 15 'specmemcore' 'specmemcore_ln0' <Predicate = true> <Delay = 0.00>
ST_1 : Operation 16 [1/1] (0.00ns)   --->   "%specmemcore_ln0 = specmemcore void @_ssdm_op_SpecMemCore, i16 %tile_10, i64 666, i64 24, i64 18446744073709551615"   --->   Operation 16 'specmemcore' 'specmemcore_ln0' <Predicate = true> <Delay = 0.00>
ST_1 : Operation 17 [1/1] (0.00ns)   --->   "%specmemcore_ln0 = specmemcore void @_ssdm_op_SpecMemCore, i16 %tile_9, i64 666, i64 24, i64 18446744073709551615"   --->   Operation 17 'specmemcore' 'specmemcore_ln0' <Predicate = true> <Delay = 0.00>
ST_1 : Operation 18 [1/1] (0.00ns)   --->   "%specmemcore_ln0 = specmemcore void @_ssdm_op_SpecMemCore, i16 %tile_8, i64 666, i64 24, i64 18446744073709551615"   --->   Operation 18 'specmemcore' 'specmemcore_ln0' <Predicate = true> <Delay = 0.00>
ST_1 : Operation 19 [1/1] (0.00ns)   --->   "%specmemcore_ln0 = specmemcore void @_ssdm_op_SpecMemCore, i16 %tile_7, i64 666, i64 24, i64 18446744073709551615"   --->   Operation 19 'specmemcore' 'specmemcore_ln0' <Predicate = true> <Delay = 0.00>
ST_1 : Operation 20 [1/1] (0.00ns)   --->   "%specmemcore_ln0 = specmemcore void @_ssdm_op_SpecMemCore, i16 %tile_6, i64 666, i64 24, i64 18446744073709551615"   --->   Operation 20 'specmemcore' 'specmemcore_ln0' <Predicate = true> <Delay = 0.00>
ST_1 : Operation 21 [1/1] (0.00ns)   --->   "%specmemcore_ln0 = specmemcore void @_ssdm_op_SpecMemCore, i16 %tile_5, i64 666, i64 24, i64 18446744073709551615"   --->   Operation 21 'specmemcore' 'specmemcore_ln0' <Predicate = true> <Delay = 0.00>
ST_1 : Operation 22 [1/1] (0.00ns)   --->   "%specmemcore_ln0 = specmemcore void @_ssdm_op_SpecMemCore, i16 %tile_4, i64 666, i64 24, i64 18446744073709551615"   --->   Operation 22 'specmemcore' 'specmemcore_ln0' <Predicate = true> <Delay = 0.00>
ST_1 : Operation 23 [1/1] (0.00ns)   --->   "%specmemcore_ln0 = specmemcore void @_ssdm_op_SpecMemCore, i16 %tile_3, i64 666, i64 24, i64 18446744073709551615"   --->   Operation 23 'specmemcore' 'specmemcore_ln0' <Predicate = true> <Delay = 0.00>
ST_1 : Operation 24 [1/1] (0.00ns)   --->   "%specmemcore_ln0 = specmemcore void @_ssdm_op_SpecMemCore, i16 %tile_2, i64 666, i64 24, i64 18446744073709551615"   --->   Operation 24 'specmemcore' 'specmemcore_ln0' <Predicate = true> <Delay = 0.00>
ST_1 : Operation 25 [1/1] (0.00ns)   --->   "%specmemcore_ln0 = specmemcore void @_ssdm_op_SpecMemCore, i16 %tile_1, i64 666, i64 24, i64 18446744073709551615"   --->   Operation 25 'specmemcore' 'specmemcore_ln0' <Predicate = true> <Delay = 0.00>
ST_1 : Operation 26 [1/1] (0.00ns)   --->   "%specmemcore_ln0 = specmemcore void @_ssdm_op_SpecMemCore, i16 %tile_0, i64 666, i64 24, i64 18446744073709551615"   --->   Operation 26 'specmemcore' 'specmemcore_ln0' <Predicate = true> <Delay = 0.00>
ST_1 : Operation 27 [1/1] (0.00ns)   --->   "%sext_ln158 = sext i35 %tmp_48_read" [./flashattentionmemory.h:158]   --->   Operation 27 'sext' 'sext_ln158' <Predicate = true> <Delay = 0.00>
ST_1 : Operation 28 [1/1] (0.46ns)   --->   "%store_ln0 = store i66 0, i66 %indvar_flatten7"   --->   Operation 28 'store' 'store_ln0' <Predicate = true> <Delay = 0.46>
ST_1 : Operation 29 [1/1] (0.46ns)   --->   "%store_ln180 = store i64 %sext_ln158_1_cast, i64 %r" [./flashattentionmemory.h:180]   --->   Operation 29 'store' 'store_ln180' <Predicate = true> <Delay = 0.46>
ST_1 : Operation 30 [1/1] (0.36ns)   --->   "%store_ln181 = store i8 0, i8 %c" [./flashattentionmemory.h:181]   --->   Operation 30 'store' 'store_ln181' <Predicate = true> <Delay = 0.36>
ST_1 : Operation 31 [1/1] (0.00ns)   --->   "%br_ln0 = br void %for.inc38"   --->   Operation 31 'br' 'br_ln0' <Predicate = true> <Delay = 0.00>

State 2 <SV = 1> <Delay = 2.63>
ST_2 : Operation 32 [1/1] (0.00ns)   --->   "%indvar_flatten7_load = load i66 %indvar_flatten7" [./flashattentionmemory.h:180]   --->   Operation 32 'load' 'indvar_flatten7_load' <Predicate = true> <Delay = 0.00>
ST_2 : Operation 33 [1/1] (1.02ns)   --->   "%add_ln180_1 = add i66 %indvar_flatten7_load, i66 1" [./flashattentionmemory.h:180]   --->   Operation 33 'add' 'add_ln180_1' <Predicate = true> <Delay = 1.02> <CoreInst = "Adder">   --->   Core 1 'Adder' <Latency = 0> <II = 1> <Delay = 1.02> <FuncUnit> <Opcode : 'add' 'sub'> <InPorts = 2> <OutPorts = 1>
ST_2 : Operation 34 [1/1] (0.73ns)   --->   "%icmp_ln180 = icmp_eq  i66 %indvar_flatten7_load, i66 %sext_ln158" [./flashattentionmemory.h:180]   --->   Operation 34 'icmp' 'icmp_ln180' <Predicate = true> <Delay = 0.73> <CoreInst = "ICmp_EQ">   --->   Core 156 'ICmp_EQ' <Latency = 0> <II = 1> <Delay = 0.73> <FuncUnit> <Opcode : 'seteq' 'setne'> <InPorts = 2> <OutPorts = 1>
ST_2 : Operation 35 [1/1] (0.00ns)   --->   "%br_ln180 = br i1 %icmp_ln180, void %for.inc41, void %for.end43.exitStub" [./flashattentionmemory.h:180]   --->   Operation 35 'br' 'br_ln180' <Predicate = true> <Delay = 0.00>
ST_2 : Operation 36 [1/1] (0.00ns)   --->   "%c_load = load i8 %c" [./flashattentionmemory.h:180]   --->   Operation 36 'load' 'c_load' <Predicate = (!icmp_ln180)> <Delay = 0.00>
ST_2 : Operation 37 [1/1] (0.00ns)   --->   "%r_load = load i64 %r" [./flashattentionmemory.h:180]   --->   Operation 37 'load' 'r_load' <Predicate = (!icmp_ln180)> <Delay = 0.00>
ST_2 : Operation 38 [1/1] (0.00ns)   --->   "%trunc_ln180 = trunc i8 %c_load" [./flashattentionmemory.h:180]   --->   Operation 38 'trunc' 'trunc_ln180' <Predicate = (!icmp_ln180)> <Delay = 0.00>
ST_2 : Operation 39 [1/1] (1.01ns)   --->   "%add_ln180 = add i64 %r_load, i64 1" [./flashattentionmemory.h:180]   --->   Operation 39 'add' 'add_ln180' <Predicate = (!icmp_ln180)> <Delay = 1.01> <CoreInst = "Adder">   --->   Core 1 'Adder' <Latency = 0> <II = 1> <Delay = 1.01> <FuncUnit> <Opcode : 'add' 'sub'> <InPorts = 2> <OutPorts = 1>
ST_2 : Operation 40 [1/1] (0.00ns)   --->   "%tmp = bitselect i1 @_ssdm_op_BitSelect.i1.i8.i32, i8 %c_load, i32 7" [./flashattentionmemory.h:181]   --->   Operation 40 'bitselect' 'tmp' <Predicate = (!icmp_ln180)> <Delay = 0.00>
ST_2 : Operation 41 [1/1] (0.34ns)   --->   "%select_ln180 = select i1 %tmp, i7 0, i7 %trunc_ln180" [./flashattentionmemory.h:180]   --->   Operation 41 'select' 'select_ln180' <Predicate = (!icmp_ln180)> <Delay = 0.34> <CoreInst = "Sel">   --->   Core 77 'Sel' <Latency = 0> <II = 1> <Delay = 0.34> <FuncUnit> <Opcode : 'select'> <InPorts = 3> <OutPorts = 1>
ST_2 : Operation 42 [1/1] (0.00ns)   --->   "%zext_ln180 = zext i7 %select_ln180" [./flashattentionmemory.h:180]   --->   Operation 42 'zext' 'zext_ln180' <Predicate = (!icmp_ln180)> <Delay = 0.00>
ST_2 : Operation 43 [1/1] (0.42ns)   --->   "%select_ln180_1 = select i1 %tmp, i64 %add_ln180, i64 %r_load" [./flashattentionmemory.h:180]   --->   Operation 43 'select' 'select_ln180_1' <Predicate = (!icmp_ln180)> <Delay = 0.42> <CoreInst = "Sel">   --->   Core 77 'Sel' <Latency = 0> <II = 1> <Delay = 0.42> <FuncUnit> <Opcode : 'select'> <InPorts = 3> <OutPorts = 1>
ST_2 : Operation 44 [1/1] (0.00ns)   --->   "%trunc_ln182 = trunc i64 %select_ln180_1" [./flashattentionmemory.h:182]   --->   Operation 44 'trunc' 'trunc_ln182' <Predicate = (!icmp_ln180)> <Delay = 0.00>
ST_2 : Operation 45 [1/1] (0.00ns)   --->   "%lshr_ln = partselect i3 @_ssdm_op_PartSelect.i3.i7.i32.i32, i7 %select_ln180, i32 4, i32 6" [./flashattentionmemory.h:181]   --->   Operation 45 'partselect' 'lshr_ln' <Predicate = (!icmp_ln180)> <Delay = 0.00>
ST_2 : Operation 46 [1/1] (0.00ns)   --->   "%tmp_s = bitconcatenate i9 @_ssdm_op_BitConcatenate.i9.i6.i3, i6 %trunc_ln182, i3 %lshr_ln" [./flashattentionmemory.h:184]   --->   Operation 46 'bitconcatenate' 'tmp_s' <Predicate = (!icmp_ln180)> <Delay = 0.00>
ST_2 : Operation 47 [1/1] (0.00ns)   --->   "%zext_ln184 = zext i9 %tmp_s" [./flashattentionmemory.h:184]   --->   Operation 47 'zext' 'zext_ln184' <Predicate = (!icmp_ln180)> <Delay = 0.00>
ST_2 : Operation 48 [1/1] (0.00ns)   --->   "%tile_0_addr = getelementptr i16 %tile_0, i64 0, i64 %zext_ln184" [./flashattentionmemory.h:184]   --->   Operation 48 'getelementptr' 'tile_0_addr' <Predicate = (!icmp_ln180)> <Delay = 0.00>
ST_2 : Operation 49 [1/1] (0.00ns)   --->   "%tile_1_addr = getelementptr i16 %tile_1, i64 0, i64 %zext_ln184" [./flashattentionmemory.h:184]   --->   Operation 49 'getelementptr' 'tile_1_addr' <Predicate = (!icmp_ln180)> <Delay = 0.00>
ST_2 : Operation 50 [1/1] (0.00ns)   --->   "%tile_2_addr = getelementptr i16 %tile_2, i64 0, i64 %zext_ln184" [./flashattentionmemory.h:184]   --->   Operation 50 'getelementptr' 'tile_2_addr' <Predicate = (!icmp_ln180)> <Delay = 0.00>
ST_2 : Operation 51 [1/1] (0.00ns)   --->   "%tile_3_addr = getelementptr i16 %tile_3, i64 0, i64 %zext_ln184" [./flashattentionmemory.h:184]   --->   Operation 51 'getelementptr' 'tile_3_addr' <Predicate = (!icmp_ln180)> <Delay = 0.00>
ST_2 : Operation 52 [1/1] (0.00ns)   --->   "%tile_4_addr = getelementptr i16 %tile_4, i64 0, i64 %zext_ln184" [./flashattentionmemory.h:184]   --->   Operation 52 'getelementptr' 'tile_4_addr' <Predicate = (!icmp_ln180)> <Delay = 0.00>
ST_2 : Operation 53 [1/1] (0.00ns)   --->   "%tile_5_addr = getelementptr i16 %tile_5, i64 0, i64 %zext_ln184" [./flashattentionmemory.h:184]   --->   Operation 53 'getelementptr' 'tile_5_addr' <Predicate = (!icmp_ln180)> <Delay = 0.00>
ST_2 : Operation 54 [1/1] (0.00ns)   --->   "%tile_6_addr = getelementptr i16 %tile_6, i64 0, i64 %zext_ln184" [./flashattentionmemory.h:184]   --->   Operation 54 'getelementptr' 'tile_6_addr' <Predicate = (!icmp_ln180)> <Delay = 0.00>
ST_2 : Operation 55 [1/1] (0.00ns)   --->   "%tile_7_addr = getelementptr i16 %tile_7, i64 0, i64 %zext_ln184" [./flashattentionmemory.h:184]   --->   Operation 55 'getelementptr' 'tile_7_addr' <Predicate = (!icmp_ln180)> <Delay = 0.00>
ST_2 : Operation 56 [1/1] (0.00ns)   --->   "%tile_8_addr = getelementptr i16 %tile_8, i64 0, i64 %zext_ln184" [./flashattentionmemory.h:184]   --->   Operation 56 'getelementptr' 'tile_8_addr' <Predicate = (!icmp_ln180)> <Delay = 0.00>
ST_2 : Operation 57 [1/1] (0.00ns)   --->   "%tile_9_addr = getelementptr i16 %tile_9, i64 0, i64 %zext_ln184" [./flashattentionmemory.h:184]   --->   Operation 57 'getelementptr' 'tile_9_addr' <Predicate = (!icmp_ln180)> <Delay = 0.00>
ST_2 : Operation 58 [1/1] (0.00ns)   --->   "%tile_10_addr = getelementptr i16 %tile_10, i64 0, i64 %zext_ln184" [./flashattentionmemory.h:184]   --->   Operation 58 'getelementptr' 'tile_10_addr' <Predicate = (!icmp_ln180)> <Delay = 0.00>
ST_2 : Operation 59 [1/1] (0.00ns)   --->   "%tile_11_addr = getelementptr i16 %tile_11, i64 0, i64 %zext_ln184" [./flashattentionmemory.h:184]   --->   Operation 59 'getelementptr' 'tile_11_addr' <Predicate = (!icmp_ln180)> <Delay = 0.00>
ST_2 : Operation 60 [1/1] (0.00ns)   --->   "%tile_12_addr = getelementptr i16 %tile_12, i64 0, i64 %zext_ln184" [./flashattentionmemory.h:184]   --->   Operation 60 'getelementptr' 'tile_12_addr' <Predicate = (!icmp_ln180)> <Delay = 0.00>
ST_2 : Operation 61 [1/1] (0.00ns)   --->   "%tile_13_addr = getelementptr i16 %tile_13, i64 0, i64 %zext_ln184" [./flashattentionmemory.h:184]   --->   Operation 61 'getelementptr' 'tile_13_addr' <Predicate = (!icmp_ln180)> <Delay = 0.00>
ST_2 : Operation 62 [1/1] (0.00ns)   --->   "%tile_14_addr = getelementptr i16 %tile_14, i64 0, i64 %zext_ln184" [./flashattentionmemory.h:184]   --->   Operation 62 'getelementptr' 'tile_14_addr' <Predicate = (!icmp_ln180)> <Delay = 0.00>
ST_2 : Operation 63 [1/1] (0.00ns)   --->   "%tile_15_addr = getelementptr i16 %tile_15, i64 0, i64 %zext_ln184" [./flashattentionmemory.h:184]   --->   Operation 63 'getelementptr' 'tile_15_addr' <Predicate = (!icmp_ln180)> <Delay = 0.00>
ST_2 : Operation 64 [1/1] (0.00ns)   --->   "%tmp_47 = partselect i2 @_ssdm_op_PartSelect.i2.i7.i32.i32, i7 %select_ln180, i32 5, i32 6" [./flashattentionmemory.h:184]   --->   Operation 64 'partselect' 'tmp_47' <Predicate = (!icmp_ln180)> <Delay = 0.00>
ST_2 : Operation 65 [1/1] (0.40ns) (share mux size 3)   --->   "%muxLogicRAMData_to_store_ln184 = muxlogic i16 0"   --->   Operation 65 'muxlogic' 'muxLogicRAMData_to_store_ln184' <Predicate = (!icmp_ln180)> <Delay = 0.40>
ST_2 : Operation 66 [1/1] (0.40ns) (share mux size 3)   --->   "%muxLogicRAMAddr_to_store_ln184 = muxlogic i9 %tile_0_addr"   --->   Operation 66 'muxlogic' 'muxLogicRAMAddr_to_store_ln184' <Predicate = (!icmp_ln180)> <Delay = 0.40>
ST_2 : Operation 67 [1/1] ( I:0.78ns O:0.78ns ) (share mux size 5)   --->   "%store_ln184 = store i16 0, i9 %tile_0_addr" [./flashattentionmemory.h:184]   --->   Operation 67 'store' 'store_ln184' <Predicate = (!icmp_ln180)> <Delay = 0.78> <CoreInst = "RAM_2P_URAM">   --->   Core 98 'RAM_2P_URAM' <Latency = 1> <II = 1> <Delay = 1.69> <Storage> <Opcode : 'load' 'store'> <Ports = 2> <Width = 16> <Depth = 512> <RAM>
ST_2 : Operation 68 [1/1] (0.40ns) (share mux size 3)   --->   "%muxLogicRAMData_to_store_ln184 = muxlogic i16 0"   --->   Operation 68 'muxlogic' 'muxLogicRAMData_to_store_ln184' <Predicate = (!icmp_ln180)> <Delay = 0.40>
ST_2 : Operation 69 [1/1] (0.40ns) (share mux size 3)   --->   "%muxLogicRAMAddr_to_store_ln184 = muxlogic i9 %tile_1_addr"   --->   Operation 69 'muxlogic' 'muxLogicRAMAddr_to_store_ln184' <Predicate = (!icmp_ln180)> <Delay = 0.40>
ST_2 : Operation 70 [1/1] ( I:0.78ns O:0.78ns ) (share mux size 5)   --->   "%store_ln184 = store i16 0, i9 %tile_1_addr" [./flashattentionmemory.h:184]   --->   Operation 70 'store' 'store_ln184' <Predicate = (!icmp_ln180)> <Delay = 0.78> <CoreInst = "RAM_2P_URAM">   --->   Core 98 'RAM_2P_URAM' <Latency = 1> <II = 1> <Delay = 1.69> <Storage> <Opcode : 'load' 'store'> <Ports = 2> <Width = 16> <Depth = 512> <RAM>
ST_2 : Operation 71 [1/1] (0.40ns) (share mux size 3)   --->   "%muxLogicRAMData_to_store_ln184 = muxlogic i16 0"   --->   Operation 71 'muxlogic' 'muxLogicRAMData_to_store_ln184' <Predicate = (!icmp_ln180)> <Delay = 0.40>
ST_2 : Operation 72 [1/1] (0.40ns) (share mux size 3)   --->   "%muxLogicRAMAddr_to_store_ln184 = muxlogic i9 %tile_2_addr"   --->   Operation 72 'muxlogic' 'muxLogicRAMAddr_to_store_ln184' <Predicate = (!icmp_ln180)> <Delay = 0.40>
ST_2 : Operation 73 [1/1] ( I:0.78ns O:0.78ns ) (share mux size 5)   --->   "%store_ln184 = store i16 0, i9 %tile_2_addr" [./flashattentionmemory.h:184]   --->   Operation 73 'store' 'store_ln184' <Predicate = (!icmp_ln180)> <Delay = 0.78> <CoreInst = "RAM_2P_URAM">   --->   Core 98 'RAM_2P_URAM' <Latency = 1> <II = 1> <Delay = 1.69> <Storage> <Opcode : 'load' 'store'> <Ports = 2> <Width = 16> <Depth = 512> <RAM>
ST_2 : Operation 74 [1/1] (0.40ns) (share mux size 3)   --->   "%muxLogicRAMData_to_store_ln184 = muxlogic i16 0"   --->   Operation 74 'muxlogic' 'muxLogicRAMData_to_store_ln184' <Predicate = (!icmp_ln180)> <Delay = 0.40>
ST_2 : Operation 75 [1/1] (0.40ns) (share mux size 3)   --->   "%muxLogicRAMAddr_to_store_ln184 = muxlogic i9 %tile_3_addr"   --->   Operation 75 'muxlogic' 'muxLogicRAMAddr_to_store_ln184' <Predicate = (!icmp_ln180)> <Delay = 0.40>
ST_2 : Operation 76 [1/1] ( I:0.78ns O:0.78ns ) (share mux size 5)   --->   "%store_ln184 = store i16 0, i9 %tile_3_addr" [./flashattentionmemory.h:184]   --->   Operation 76 'store' 'store_ln184' <Predicate = (!icmp_ln180)> <Delay = 0.78> <CoreInst = "RAM_2P_URAM">   --->   Core 98 'RAM_2P_URAM' <Latency = 1> <II = 1> <Delay = 1.69> <Storage> <Opcode : 'load' 'store'> <Ports = 2> <Width = 16> <Depth = 512> <RAM>
ST_2 : Operation 77 [1/1] (0.40ns) (share mux size 3)   --->   "%muxLogicRAMData_to_store_ln184 = muxlogic i16 0"   --->   Operation 77 'muxlogic' 'muxLogicRAMData_to_store_ln184' <Predicate = (!icmp_ln180)> <Delay = 0.40>
ST_2 : Operation 78 [1/1] (0.40ns) (share mux size 3)   --->   "%muxLogicRAMAddr_to_store_ln184 = muxlogic i9 %tile_4_addr"   --->   Operation 78 'muxlogic' 'muxLogicRAMAddr_to_store_ln184' <Predicate = (!icmp_ln180)> <Delay = 0.40>
ST_2 : Operation 79 [1/1] ( I:0.78ns O:0.78ns ) (share mux size 5)   --->   "%store_ln184 = store i16 0, i9 %tile_4_addr" [./flashattentionmemory.h:184]   --->   Operation 79 'store' 'store_ln184' <Predicate = (!icmp_ln180)> <Delay = 0.78> <CoreInst = "RAM_2P_URAM">   --->   Core 98 'RAM_2P_URAM' <Latency = 1> <II = 1> <Delay = 1.69> <Storage> <Opcode : 'load' 'store'> <Ports = 2> <Width = 16> <Depth = 512> <RAM>
ST_2 : Operation 80 [1/1] (0.40ns) (share mux size 3)   --->   "%muxLogicRAMData_to_store_ln184 = muxlogic i16 0"   --->   Operation 80 'muxlogic' 'muxLogicRAMData_to_store_ln184' <Predicate = (!icmp_ln180)> <Delay = 0.40>
ST_2 : Operation 81 [1/1] (0.40ns) (share mux size 3)   --->   "%muxLogicRAMAddr_to_store_ln184 = muxlogic i9 %tile_5_addr"   --->   Operation 81 'muxlogic' 'muxLogicRAMAddr_to_store_ln184' <Predicate = (!icmp_ln180)> <Delay = 0.40>
ST_2 : Operation 82 [1/1] ( I:0.78ns O:0.78ns ) (share mux size 5)   --->   "%store_ln184 = store i16 0, i9 %tile_5_addr" [./flashattentionmemory.h:184]   --->   Operation 82 'store' 'store_ln184' <Predicate = (!icmp_ln180)> <Delay = 0.78> <CoreInst = "RAM_2P_URAM">   --->   Core 98 'RAM_2P_URAM' <Latency = 1> <II = 1> <Delay = 1.69> <Storage> <Opcode : 'load' 'store'> <Ports = 2> <Width = 16> <Depth = 512> <RAM>
ST_2 : Operation 83 [1/1] (0.40ns) (share mux size 3)   --->   "%muxLogicRAMData_to_store_ln184 = muxlogic i16 0"   --->   Operation 83 'muxlogic' 'muxLogicRAMData_to_store_ln184' <Predicate = (!icmp_ln180)> <Delay = 0.40>
ST_2 : Operation 84 [1/1] (0.40ns) (share mux size 3)   --->   "%muxLogicRAMAddr_to_store_ln184 = muxlogic i9 %tile_6_addr"   --->   Operation 84 'muxlogic' 'muxLogicRAMAddr_to_store_ln184' <Predicate = (!icmp_ln180)> <Delay = 0.40>
ST_2 : Operation 85 [1/1] ( I:0.78ns O:0.78ns ) (share mux size 5)   --->   "%store_ln184 = store i16 0, i9 %tile_6_addr" [./flashattentionmemory.h:184]   --->   Operation 85 'store' 'store_ln184' <Predicate = (!icmp_ln180)> <Delay = 0.78> <CoreInst = "RAM_2P_URAM">   --->   Core 98 'RAM_2P_URAM' <Latency = 1> <II = 1> <Delay = 1.69> <Storage> <Opcode : 'load' 'store'> <Ports = 2> <Width = 16> <Depth = 512> <RAM>
ST_2 : Operation 86 [1/1] (0.40ns) (share mux size 3)   --->   "%muxLogicRAMData_to_store_ln184 = muxlogic i16 0"   --->   Operation 86 'muxlogic' 'muxLogicRAMData_to_store_ln184' <Predicate = (!icmp_ln180)> <Delay = 0.40>
ST_2 : Operation 87 [1/1] (0.40ns) (share mux size 3)   --->   "%muxLogicRAMAddr_to_store_ln184 = muxlogic i9 %tile_7_addr"   --->   Operation 87 'muxlogic' 'muxLogicRAMAddr_to_store_ln184' <Predicate = (!icmp_ln180)> <Delay = 0.40>
ST_2 : Operation 88 [1/1] ( I:0.78ns O:0.78ns ) (share mux size 5)   --->   "%store_ln184 = store i16 0, i9 %tile_7_addr" [./flashattentionmemory.h:184]   --->   Operation 88 'store' 'store_ln184' <Predicate = (!icmp_ln180)> <Delay = 0.78> <CoreInst = "RAM_2P_URAM">   --->   Core 98 'RAM_2P_URAM' <Latency = 1> <II = 1> <Delay = 1.69> <Storage> <Opcode : 'load' 'store'> <Ports = 2> <Width = 16> <Depth = 512> <RAM>
ST_2 : Operation 89 [1/1] (0.40ns) (share mux size 3)   --->   "%muxLogicRAMData_to_store_ln184 = muxlogic i16 0"   --->   Operation 89 'muxlogic' 'muxLogicRAMData_to_store_ln184' <Predicate = (!icmp_ln180)> <Delay = 0.40>
ST_2 : Operation 90 [1/1] (0.40ns) (share mux size 3)   --->   "%muxLogicRAMAddr_to_store_ln184 = muxlogic i9 %tile_8_addr"   --->   Operation 90 'muxlogic' 'muxLogicRAMAddr_to_store_ln184' <Predicate = (!icmp_ln180)> <Delay = 0.40>
ST_2 : Operation 91 [1/1] ( I:0.78ns O:0.78ns ) (share mux size 5)   --->   "%store_ln184 = store i16 0, i9 %tile_8_addr" [./flashattentionmemory.h:184]   --->   Operation 91 'store' 'store_ln184' <Predicate = (!icmp_ln180)> <Delay = 0.78> <CoreInst = "RAM_2P_URAM">   --->   Core 98 'RAM_2P_URAM' <Latency = 1> <II = 1> <Delay = 1.69> <Storage> <Opcode : 'load' 'store'> <Ports = 2> <Width = 16> <Depth = 512> <RAM>
ST_2 : Operation 92 [1/1] (0.40ns) (share mux size 3)   --->   "%muxLogicRAMData_to_store_ln184 = muxlogic i16 0"   --->   Operation 92 'muxlogic' 'muxLogicRAMData_to_store_ln184' <Predicate = (!icmp_ln180)> <Delay = 0.40>
ST_2 : Operation 93 [1/1] (0.40ns) (share mux size 3)   --->   "%muxLogicRAMAddr_to_store_ln184 = muxlogic i9 %tile_9_addr"   --->   Operation 93 'muxlogic' 'muxLogicRAMAddr_to_store_ln184' <Predicate = (!icmp_ln180)> <Delay = 0.40>
ST_2 : Operation 94 [1/1] ( I:0.78ns O:0.78ns ) (share mux size 5)   --->   "%store_ln184 = store i16 0, i9 %tile_9_addr" [./flashattentionmemory.h:184]   --->   Operation 94 'store' 'store_ln184' <Predicate = (!icmp_ln180)> <Delay = 0.78> <CoreInst = "RAM_2P_URAM">   --->   Core 98 'RAM_2P_URAM' <Latency = 1> <II = 1> <Delay = 1.69> <Storage> <Opcode : 'load' 'store'> <Ports = 2> <Width = 16> <Depth = 512> <RAM>
ST_2 : Operation 95 [1/1] (0.40ns) (share mux size 3)   --->   "%muxLogicRAMData_to_store_ln184 = muxlogic i16 0"   --->   Operation 95 'muxlogic' 'muxLogicRAMData_to_store_ln184' <Predicate = (!icmp_ln180)> <Delay = 0.40>
ST_2 : Operation 96 [1/1] (0.40ns) (share mux size 3)   --->   "%muxLogicRAMAddr_to_store_ln184 = muxlogic i9 %tile_10_addr"   --->   Operation 96 'muxlogic' 'muxLogicRAMAddr_to_store_ln184' <Predicate = (!icmp_ln180)> <Delay = 0.40>
ST_2 : Operation 97 [1/1] ( I:0.78ns O:0.78ns ) (share mux size 5)   --->   "%store_ln184 = store i16 0, i9 %tile_10_addr" [./flashattentionmemory.h:184]   --->   Operation 97 'store' 'store_ln184' <Predicate = (!icmp_ln180)> <Delay = 0.78> <CoreInst = "RAM_2P_URAM">   --->   Core 98 'RAM_2P_URAM' <Latency = 1> <II = 1> <Delay = 1.69> <Storage> <Opcode : 'load' 'store'> <Ports = 2> <Width = 16> <Depth = 512> <RAM>
ST_2 : Operation 98 [1/1] (0.40ns) (share mux size 3)   --->   "%muxLogicRAMData_to_store_ln184 = muxlogic i16 0"   --->   Operation 98 'muxlogic' 'muxLogicRAMData_to_store_ln184' <Predicate = (!icmp_ln180)> <Delay = 0.40>
ST_2 : Operation 99 [1/1] (0.40ns) (share mux size 3)   --->   "%muxLogicRAMAddr_to_store_ln184 = muxlogic i9 %tile_11_addr"   --->   Operation 99 'muxlogic' 'muxLogicRAMAddr_to_store_ln184' <Predicate = (!icmp_ln180)> <Delay = 0.40>
ST_2 : Operation 100 [1/1] ( I:0.78ns O:0.78ns ) (share mux size 5)   --->   "%store_ln184 = store i16 0, i9 %tile_11_addr" [./flashattentionmemory.h:184]   --->   Operation 100 'store' 'store_ln184' <Predicate = (!icmp_ln180)> <Delay = 0.78> <CoreInst = "RAM_2P_URAM">   --->   Core 98 'RAM_2P_URAM' <Latency = 1> <II = 1> <Delay = 1.69> <Storage> <Opcode : 'load' 'store'> <Ports = 2> <Width = 16> <Depth = 512> <RAM>
ST_2 : Operation 101 [1/1] (0.40ns) (share mux size 3)   --->   "%muxLogicRAMData_to_store_ln184 = muxlogic i16 0"   --->   Operation 101 'muxlogic' 'muxLogicRAMData_to_store_ln184' <Predicate = (!icmp_ln180)> <Delay = 0.40>
ST_2 : Operation 102 [1/1] (0.40ns) (share mux size 3)   --->   "%muxLogicRAMAddr_to_store_ln184 = muxlogic i9 %tile_12_addr"   --->   Operation 102 'muxlogic' 'muxLogicRAMAddr_to_store_ln184' <Predicate = (!icmp_ln180)> <Delay = 0.40>
ST_2 : Operation 103 [1/1] ( I:0.78ns O:0.78ns ) (share mux size 5)   --->   "%store_ln184 = store i16 0, i9 %tile_12_addr" [./flashattentionmemory.h:184]   --->   Operation 103 'store' 'store_ln184' <Predicate = (!icmp_ln180)> <Delay = 0.78> <CoreInst = "RAM_2P_URAM">   --->   Core 98 'RAM_2P_URAM' <Latency = 1> <II = 1> <Delay = 1.69> <Storage> <Opcode : 'load' 'store'> <Ports = 2> <Width = 16> <Depth = 512> <RAM>
ST_2 : Operation 104 [1/1] (0.40ns) (share mux size 3)   --->   "%muxLogicRAMData_to_store_ln184 = muxlogic i16 0"   --->   Operation 104 'muxlogic' 'muxLogicRAMData_to_store_ln184' <Predicate = (!icmp_ln180)> <Delay = 0.40>
ST_2 : Operation 105 [1/1] (0.40ns) (share mux size 3)   --->   "%muxLogicRAMAddr_to_store_ln184 = muxlogic i9 %tile_13_addr"   --->   Operation 105 'muxlogic' 'muxLogicRAMAddr_to_store_ln184' <Predicate = (!icmp_ln180)> <Delay = 0.40>
ST_2 : Operation 106 [1/1] ( I:0.78ns O:0.78ns ) (share mux size 5)   --->   "%store_ln184 = store i16 0, i9 %tile_13_addr" [./flashattentionmemory.h:184]   --->   Operation 106 'store' 'store_ln184' <Predicate = (!icmp_ln180)> <Delay = 0.78> <CoreInst = "RAM_2P_URAM">   --->   Core 98 'RAM_2P_URAM' <Latency = 1> <II = 1> <Delay = 1.69> <Storage> <Opcode : 'load' 'store'> <Ports = 2> <Width = 16> <Depth = 512> <RAM>
ST_2 : Operation 107 [1/1] (0.40ns) (share mux size 3)   --->   "%muxLogicRAMData_to_store_ln184 = muxlogic i16 0"   --->   Operation 107 'muxlogic' 'muxLogicRAMData_to_store_ln184' <Predicate = (!icmp_ln180)> <Delay = 0.40>
ST_2 : Operation 108 [1/1] (0.40ns) (share mux size 3)   --->   "%muxLogicRAMAddr_to_store_ln184 = muxlogic i9 %tile_14_addr"   --->   Operation 108 'muxlogic' 'muxLogicRAMAddr_to_store_ln184' <Predicate = (!icmp_ln180)> <Delay = 0.40>
ST_2 : Operation 109 [1/1] ( I:0.78ns O:0.78ns ) (share mux size 5)   --->   "%store_ln184 = store i16 0, i9 %tile_14_addr" [./flashattentionmemory.h:184]   --->   Operation 109 'store' 'store_ln184' <Predicate = (!icmp_ln180)> <Delay = 0.78> <CoreInst = "RAM_2P_URAM">   --->   Core 98 'RAM_2P_URAM' <Latency = 1> <II = 1> <Delay = 1.69> <Storage> <Opcode : 'load' 'store'> <Ports = 2> <Width = 16> <Depth = 512> <RAM>
ST_2 : Operation 110 [1/1] (0.40ns) (share mux size 3)   --->   "%muxLogicRAMData_to_store_ln184 = muxlogic i16 0"   --->   Operation 110 'muxlogic' 'muxLogicRAMData_to_store_ln184' <Predicate = (!icmp_ln180)> <Delay = 0.40>
ST_2 : Operation 111 [1/1] (0.40ns) (share mux size 3)   --->   "%muxLogicRAMAddr_to_store_ln184 = muxlogic i9 %tile_15_addr"   --->   Operation 111 'muxlogic' 'muxLogicRAMAddr_to_store_ln184' <Predicate = (!icmp_ln180)> <Delay = 0.40>
ST_2 : Operation 112 [1/1] ( I:0.78ns O:0.78ns ) (share mux size 5)   --->   "%store_ln184 = store i16 0, i9 %tile_15_addr" [./flashattentionmemory.h:184]   --->   Operation 112 'store' 'store_ln184' <Predicate = (!icmp_ln180)> <Delay = 0.78> <CoreInst = "RAM_2P_URAM">   --->   Core 98 'RAM_2P_URAM' <Latency = 1> <II = 1> <Delay = 1.69> <Storage> <Opcode : 'load' 'store'> <Ports = 2> <Width = 16> <Depth = 512> <RAM>
ST_2 : Operation 113 [1/1] (0.66ns)   --->   "%add_ln181 = add i8 %zext_ln180, i8 32" [./flashattentionmemory.h:181]   --->   Operation 113 'add' 'add_ln181' <Predicate = (!icmp_ln180)> <Delay = 0.66> <CoreInst = "Adder">   --->   Core 1 'Adder' <Latency = 0> <II = 1> <Delay = 0.66> <FuncUnit> <Opcode : 'add' 'sub'> <InPorts = 2> <OutPorts = 1>
ST_2 : Operation 114 [1/1] (0.46ns)   --->   "%store_ln180 = store i66 %add_ln180_1, i66 %indvar_flatten7" [./flashattentionmemory.h:180]   --->   Operation 114 'store' 'store_ln180' <Predicate = (!icmp_ln180)> <Delay = 0.46>
ST_2 : Operation 115 [1/1] (0.46ns)   --->   "%store_ln180 = store i64 %select_ln180_1, i64 %r" [./flashattentionmemory.h:180]   --->   Operation 115 'store' 'store_ln180' <Predicate = (!icmp_ln180)> <Delay = 0.46>
ST_2 : Operation 116 [1/1] (0.36ns)   --->   "%store_ln181 = store i8 %add_ln181, i8 %c" [./flashattentionmemory.h:181]   --->   Operation 116 'store' 'store_ln181' <Predicate = (!icmp_ln180)> <Delay = 0.36>
ST_2 : Operation 186 [1/1] (0.28ns)   --->   "%ret_ln0 = ret"   --->   Operation 186 'ret' 'ret_ln0' <Predicate = (icmp_ln180)> <Delay = 0.28>

State 3 <SV = 2> <Delay = 1.19>
ST_3 : Operation 117 [1/1] (0.00ns)   --->   "%specloopname_ln0 = specloopname void @_ssdm_op_SpecLoopName, void @LOAD_KV_PAD_VITIS_LOOP_181_2_str"   --->   Operation 117 'specloopname' 'specloopname_ln0' <Predicate = true> <Delay = 0.00>
ST_3 : Operation 118 [1/1] (0.00ns)   --->   "%specpipeline_ln182 = specpipeline void @_ssdm_op_SpecPipeline, i32 1, i32 0, i32 0, i32 0, void @empty_27" [./flashattentionmemory.h:182]   --->   Operation 118 'specpipeline' 'specpipeline_ln182' <Predicate = true> <Delay = 0.00>
ST_3 : Operation 119 [1/1] (0.00ns)   --->   "%tmp_49 = bitconcatenate i9 @_ssdm_op_BitConcatenate.i9.i6.i2.i1, i6 %trunc_ln182, i2 %tmp_47, i1 1" [./flashattentionmemory.h:184]   --->   Operation 119 'bitconcatenate' 'tmp_49' <Predicate = true> <Delay = 0.00>
ST_3 : Operation 120 [1/1] (0.00ns)   --->   "%zext_ln184_1 = zext i9 %tmp_49" [./flashattentionmemory.h:184]   --->   Operation 120 'zext' 'zext_ln184_1' <Predicate = true> <Delay = 0.00>
ST_3 : Operation 121 [1/1] (0.00ns)   --->   "%tile_0_addr_3 = getelementptr i16 %tile_0, i64 0, i64 %zext_ln184_1" [./flashattentionmemory.h:184]   --->   Operation 121 'getelementptr' 'tile_0_addr_3' <Predicate = true> <Delay = 0.00>
ST_3 : Operation 122 [1/1] (0.00ns)   --->   "%tile_1_addr_3 = getelementptr i16 %tile_1, i64 0, i64 %zext_ln184_1" [./flashattentionmemory.h:184]   --->   Operation 122 'getelementptr' 'tile_1_addr_3' <Predicate = true> <Delay = 0.00>
ST_3 : Operation 123 [1/1] (0.00ns)   --->   "%tile_2_addr_3 = getelementptr i16 %tile_2, i64 0, i64 %zext_ln184_1" [./flashattentionmemory.h:184]   --->   Operation 123 'getelementptr' 'tile_2_addr_3' <Predicate = true> <Delay = 0.00>
ST_3 : Operation 124 [1/1] (0.00ns)   --->   "%tile_3_addr_3 = getelementptr i16 %tile_3, i64 0, i64 %zext_ln184_1" [./flashattentionmemory.h:184]   --->   Operation 124 'getelementptr' 'tile_3_addr_3' <Predicate = true> <Delay = 0.00>
ST_3 : Operation 125 [1/1] (0.00ns)   --->   "%tile_4_addr_3 = getelementptr i16 %tile_4, i64 0, i64 %zext_ln184_1" [./flashattentionmemory.h:184]   --->   Operation 125 'getelementptr' 'tile_4_addr_3' <Predicate = true> <Delay = 0.00>
ST_3 : Operation 126 [1/1] (0.00ns)   --->   "%tile_5_addr_3 = getelementptr i16 %tile_5, i64 0, i64 %zext_ln184_1" [./flashattentionmemory.h:184]   --->   Operation 126 'getelementptr' 'tile_5_addr_3' <Predicate = true> <Delay = 0.00>
ST_3 : Operation 127 [1/1] (0.00ns)   --->   "%tile_6_addr_3 = getelementptr i16 %tile_6, i64 0, i64 %zext_ln184_1" [./flashattentionmemory.h:184]   --->   Operation 127 'getelementptr' 'tile_6_addr_3' <Predicate = true> <Delay = 0.00>
ST_3 : Operation 128 [1/1] (0.00ns)   --->   "%tile_7_addr_3 = getelementptr i16 %tile_7, i64 0, i64 %zext_ln184_1" [./flashattentionmemory.h:184]   --->   Operation 128 'getelementptr' 'tile_7_addr_3' <Predicate = true> <Delay = 0.00>
ST_3 : Operation 129 [1/1] (0.00ns)   --->   "%tile_8_addr_3 = getelementptr i16 %tile_8, i64 0, i64 %zext_ln184_1" [./flashattentionmemory.h:184]   --->   Operation 129 'getelementptr' 'tile_8_addr_3' <Predicate = true> <Delay = 0.00>
ST_3 : Operation 130 [1/1] (0.00ns)   --->   "%tile_9_addr_3 = getelementptr i16 %tile_9, i64 0, i64 %zext_ln184_1" [./flashattentionmemory.h:184]   --->   Operation 130 'getelementptr' 'tile_9_addr_3' <Predicate = true> <Delay = 0.00>
ST_3 : Operation 131 [1/1] (0.00ns)   --->   "%tile_10_addr_3 = getelementptr i16 %tile_10, i64 0, i64 %zext_ln184_1" [./flashattentionmemory.h:184]   --->   Operation 131 'getelementptr' 'tile_10_addr_3' <Predicate = true> <Delay = 0.00>
ST_3 : Operation 132 [1/1] (0.00ns)   --->   "%tile_11_addr_3 = getelementptr i16 %tile_11, i64 0, i64 %zext_ln184_1" [./flashattentionmemory.h:184]   --->   Operation 132 'getelementptr' 'tile_11_addr_3' <Predicate = true> <Delay = 0.00>
ST_3 : Operation 133 [1/1] (0.00ns)   --->   "%tile_12_addr_3 = getelementptr i16 %tile_12, i64 0, i64 %zext_ln184_1" [./flashattentionmemory.h:184]   --->   Operation 133 'getelementptr' 'tile_12_addr_3' <Predicate = true> <Delay = 0.00>
ST_3 : Operation 134 [1/1] (0.00ns)   --->   "%tile_13_addr_3 = getelementptr i16 %tile_13, i64 0, i64 %zext_ln184_1" [./flashattentionmemory.h:184]   --->   Operation 134 'getelementptr' 'tile_13_addr_3' <Predicate = true> <Delay = 0.00>
ST_3 : Operation 135 [1/1] (0.00ns)   --->   "%tile_14_addr_3 = getelementptr i16 %tile_14, i64 0, i64 %zext_ln184_1" [./flashattentionmemory.h:184]   --->   Operation 135 'getelementptr' 'tile_14_addr_3' <Predicate = true> <Delay = 0.00>
ST_3 : Operation 136 [1/1] (0.00ns)   --->   "%tile_15_addr_3 = getelementptr i16 %tile_15, i64 0, i64 %zext_ln184_1" [./flashattentionmemory.h:184]   --->   Operation 136 'getelementptr' 'tile_15_addr_3' <Predicate = true> <Delay = 0.00>
ST_3 : Operation 137 [1/1] (0.40ns) (share mux size 3)   --->   "%muxLogicRAMData_to_store_ln184 = muxlogic i16 0"   --->   Operation 137 'muxlogic' 'muxLogicRAMData_to_store_ln184' <Predicate = true> <Delay = 0.40>
ST_3 : Operation 138 [1/1] (0.40ns) (share mux size 3)   --->   "%muxLogicRAMAddr_to_store_ln184 = muxlogic i9 %tile_0_addr_3"   --->   Operation 138 'muxlogic' 'muxLogicRAMAddr_to_store_ln184' <Predicate = true> <Delay = 0.40>
ST_3 : Operation 139 [1/1] ( I:0.78ns O:0.78ns ) (share mux size 5)   --->   "%store_ln184 = store i16 0, i9 %tile_0_addr_3" [./flashattentionmemory.h:184]   --->   Operation 139 'store' 'store_ln184' <Predicate = true> <Delay = 0.78> <CoreInst = "RAM_2P_URAM">   --->   Core 98 'RAM_2P_URAM' <Latency = 1> <II = 1> <Delay = 1.69> <Storage> <Opcode : 'load' 'store'> <Ports = 2> <Width = 16> <Depth = 512> <RAM>
ST_3 : Operation 140 [1/1] (0.40ns) (share mux size 3)   --->   "%muxLogicRAMData_to_store_ln184 = muxlogic i16 0"   --->   Operation 140 'muxlogic' 'muxLogicRAMData_to_store_ln184' <Predicate = true> <Delay = 0.40>
ST_3 : Operation 141 [1/1] (0.40ns) (share mux size 3)   --->   "%muxLogicRAMAddr_to_store_ln184 = muxlogic i9 %tile_1_addr_3"   --->   Operation 141 'muxlogic' 'muxLogicRAMAddr_to_store_ln184' <Predicate = true> <Delay = 0.40>
ST_3 : Operation 142 [1/1] ( I:0.78ns O:0.78ns ) (share mux size 5)   --->   "%store_ln184 = store i16 0, i9 %tile_1_addr_3" [./flashattentionmemory.h:184]   --->   Operation 142 'store' 'store_ln184' <Predicate = true> <Delay = 0.78> <CoreInst = "RAM_2P_URAM">   --->   Core 98 'RAM_2P_URAM' <Latency = 1> <II = 1> <Delay = 1.69> <Storage> <Opcode : 'load' 'store'> <Ports = 2> <Width = 16> <Depth = 512> <RAM>
ST_3 : Operation 143 [1/1] (0.40ns) (share mux size 3)   --->   "%muxLogicRAMData_to_store_ln184 = muxlogic i16 0"   --->   Operation 143 'muxlogic' 'muxLogicRAMData_to_store_ln184' <Predicate = true> <Delay = 0.40>
ST_3 : Operation 144 [1/1] (0.40ns) (share mux size 3)   --->   "%muxLogicRAMAddr_to_store_ln184 = muxlogic i9 %tile_2_addr_3"   --->   Operation 144 'muxlogic' 'muxLogicRAMAddr_to_store_ln184' <Predicate = true> <Delay = 0.40>
ST_3 : Operation 145 [1/1] ( I:0.78ns O:0.78ns ) (share mux size 5)   --->   "%store_ln184 = store i16 0, i9 %tile_2_addr_3" [./flashattentionmemory.h:184]   --->   Operation 145 'store' 'store_ln184' <Predicate = true> <Delay = 0.78> <CoreInst = "RAM_2P_URAM">   --->   Core 98 'RAM_2P_URAM' <Latency = 1> <II = 1> <Delay = 1.69> <Storage> <Opcode : 'load' 'store'> <Ports = 2> <Width = 16> <Depth = 512> <RAM>
ST_3 : Operation 146 [1/1] (0.40ns) (share mux size 3)   --->   "%muxLogicRAMData_to_store_ln184 = muxlogic i16 0"   --->   Operation 146 'muxlogic' 'muxLogicRAMData_to_store_ln184' <Predicate = true> <Delay = 0.40>
ST_3 : Operation 147 [1/1] (0.40ns) (share mux size 3)   --->   "%muxLogicRAMAddr_to_store_ln184 = muxlogic i9 %tile_3_addr_3"   --->   Operation 147 'muxlogic' 'muxLogicRAMAddr_to_store_ln184' <Predicate = true> <Delay = 0.40>
ST_3 : Operation 148 [1/1] ( I:0.78ns O:0.78ns ) (share mux size 5)   --->   "%store_ln184 = store i16 0, i9 %tile_3_addr_3" [./flashattentionmemory.h:184]   --->   Operation 148 'store' 'store_ln184' <Predicate = true> <Delay = 0.78> <CoreInst = "RAM_2P_URAM">   --->   Core 98 'RAM_2P_URAM' <Latency = 1> <II = 1> <Delay = 1.69> <Storage> <Opcode : 'load' 'store'> <Ports = 2> <Width = 16> <Depth = 512> <RAM>
ST_3 : Operation 149 [1/1] (0.40ns) (share mux size 3)   --->   "%muxLogicRAMData_to_store_ln184 = muxlogic i16 0"   --->   Operation 149 'muxlogic' 'muxLogicRAMData_to_store_ln184' <Predicate = true> <Delay = 0.40>
ST_3 : Operation 150 [1/1] (0.40ns) (share mux size 3)   --->   "%muxLogicRAMAddr_to_store_ln184 = muxlogic i9 %tile_4_addr_3"   --->   Operation 150 'muxlogic' 'muxLogicRAMAddr_to_store_ln184' <Predicate = true> <Delay = 0.40>
ST_3 : Operation 151 [1/1] ( I:0.78ns O:0.78ns ) (share mux size 5)   --->   "%store_ln184 = store i16 0, i9 %tile_4_addr_3" [./flashattentionmemory.h:184]   --->   Operation 151 'store' 'store_ln184' <Predicate = true> <Delay = 0.78> <CoreInst = "RAM_2P_URAM">   --->   Core 98 'RAM_2P_URAM' <Latency = 1> <II = 1> <Delay = 1.69> <Storage> <Opcode : 'load' 'store'> <Ports = 2> <Width = 16> <Depth = 512> <RAM>
ST_3 : Operation 152 [1/1] (0.40ns) (share mux size 3)   --->   "%muxLogicRAMData_to_store_ln184 = muxlogic i16 0"   --->   Operation 152 'muxlogic' 'muxLogicRAMData_to_store_ln184' <Predicate = true> <Delay = 0.40>
ST_3 : Operation 153 [1/1] (0.40ns) (share mux size 3)   --->   "%muxLogicRAMAddr_to_store_ln184 = muxlogic i9 %tile_5_addr_3"   --->   Operation 153 'muxlogic' 'muxLogicRAMAddr_to_store_ln184' <Predicate = true> <Delay = 0.40>
ST_3 : Operation 154 [1/1] ( I:0.78ns O:0.78ns ) (share mux size 5)   --->   "%store_ln184 = store i16 0, i9 %tile_5_addr_3" [./flashattentionmemory.h:184]   --->   Operation 154 'store' 'store_ln184' <Predicate = true> <Delay = 0.78> <CoreInst = "RAM_2P_URAM">   --->   Core 98 'RAM_2P_URAM' <Latency = 1> <II = 1> <Delay = 1.69> <Storage> <Opcode : 'load' 'store'> <Ports = 2> <Width = 16> <Depth = 512> <RAM>
ST_3 : Operation 155 [1/1] (0.40ns) (share mux size 3)   --->   "%muxLogicRAMData_to_store_ln184 = muxlogic i16 0"   --->   Operation 155 'muxlogic' 'muxLogicRAMData_to_store_ln184' <Predicate = true> <Delay = 0.40>
ST_3 : Operation 156 [1/1] (0.40ns) (share mux size 3)   --->   "%muxLogicRAMAddr_to_store_ln184 = muxlogic i9 %tile_6_addr_3"   --->   Operation 156 'muxlogic' 'muxLogicRAMAddr_to_store_ln184' <Predicate = true> <Delay = 0.40>
ST_3 : Operation 157 [1/1] ( I:0.78ns O:0.78ns ) (share mux size 5)   --->   "%store_ln184 = store i16 0, i9 %tile_6_addr_3" [./flashattentionmemory.h:184]   --->   Operation 157 'store' 'store_ln184' <Predicate = true> <Delay = 0.78> <CoreInst = "RAM_2P_URAM">   --->   Core 98 'RAM_2P_URAM' <Latency = 1> <II = 1> <Delay = 1.69> <Storage> <Opcode : 'load' 'store'> <Ports = 2> <Width = 16> <Depth = 512> <RAM>
ST_3 : Operation 158 [1/1] (0.40ns) (share mux size 3)   --->   "%muxLogicRAMData_to_store_ln184 = muxlogic i16 0"   --->   Operation 158 'muxlogic' 'muxLogicRAMData_to_store_ln184' <Predicate = true> <Delay = 0.40>
ST_3 : Operation 159 [1/1] (0.40ns) (share mux size 3)   --->   "%muxLogicRAMAddr_to_store_ln184 = muxlogic i9 %tile_7_addr_3"   --->   Operation 159 'muxlogic' 'muxLogicRAMAddr_to_store_ln184' <Predicate = true> <Delay = 0.40>
ST_3 : Operation 160 [1/1] ( I:0.78ns O:0.78ns ) (share mux size 5)   --->   "%store_ln184 = store i16 0, i9 %tile_7_addr_3" [./flashattentionmemory.h:184]   --->   Operation 160 'store' 'store_ln184' <Predicate = true> <Delay = 0.78> <CoreInst = "RAM_2P_URAM">   --->   Core 98 'RAM_2P_URAM' <Latency = 1> <II = 1> <Delay = 1.69> <Storage> <Opcode : 'load' 'store'> <Ports = 2> <Width = 16> <Depth = 512> <RAM>
ST_3 : Operation 161 [1/1] (0.40ns) (share mux size 3)   --->   "%muxLogicRAMData_to_store_ln184 = muxlogic i16 0"   --->   Operation 161 'muxlogic' 'muxLogicRAMData_to_store_ln184' <Predicate = true> <Delay = 0.40>
ST_3 : Operation 162 [1/1] (0.40ns) (share mux size 3)   --->   "%muxLogicRAMAddr_to_store_ln184 = muxlogic i9 %tile_8_addr_3"   --->   Operation 162 'muxlogic' 'muxLogicRAMAddr_to_store_ln184' <Predicate = true> <Delay = 0.40>
ST_3 : Operation 163 [1/1] ( I:0.78ns O:0.78ns ) (share mux size 5)   --->   "%store_ln184 = store i16 0, i9 %tile_8_addr_3" [./flashattentionmemory.h:184]   --->   Operation 163 'store' 'store_ln184' <Predicate = true> <Delay = 0.78> <CoreInst = "RAM_2P_URAM">   --->   Core 98 'RAM_2P_URAM' <Latency = 1> <II = 1> <Delay = 1.69> <Storage> <Opcode : 'load' 'store'> <Ports = 2> <Width = 16> <Depth = 512> <RAM>
ST_3 : Operation 164 [1/1] (0.40ns) (share mux size 3)   --->   "%muxLogicRAMData_to_store_ln184 = muxlogic i16 0"   --->   Operation 164 'muxlogic' 'muxLogicRAMData_to_store_ln184' <Predicate = true> <Delay = 0.40>
ST_3 : Operation 165 [1/1] (0.40ns) (share mux size 3)   --->   "%muxLogicRAMAddr_to_store_ln184 = muxlogic i9 %tile_9_addr_3"   --->   Operation 165 'muxlogic' 'muxLogicRAMAddr_to_store_ln184' <Predicate = true> <Delay = 0.40>
ST_3 : Operation 166 [1/1] ( I:0.78ns O:0.78ns ) (share mux size 5)   --->   "%store_ln184 = store i16 0, i9 %tile_9_addr_3" [./flashattentionmemory.h:184]   --->   Operation 166 'store' 'store_ln184' <Predicate = true> <Delay = 0.78> <CoreInst = "RAM_2P_URAM">   --->   Core 98 'RAM_2P_URAM' <Latency = 1> <II = 1> <Delay = 1.69> <Storage> <Opcode : 'load' 'store'> <Ports = 2> <Width = 16> <Depth = 512> <RAM>
ST_3 : Operation 167 [1/1] (0.40ns) (share mux size 3)   --->   "%muxLogicRAMData_to_store_ln184 = muxlogic i16 0"   --->   Operation 167 'muxlogic' 'muxLogicRAMData_to_store_ln184' <Predicate = true> <Delay = 0.40>
ST_3 : Operation 168 [1/1] (0.40ns) (share mux size 3)   --->   "%muxLogicRAMAddr_to_store_ln184 = muxlogic i9 %tile_10_addr_3"   --->   Operation 168 'muxlogic' 'muxLogicRAMAddr_to_store_ln184' <Predicate = true> <Delay = 0.40>
ST_3 : Operation 169 [1/1] ( I:0.78ns O:0.78ns ) (share mux size 5)   --->   "%store_ln184 = store i16 0, i9 %tile_10_addr_3" [./flashattentionmemory.h:184]   --->   Operation 169 'store' 'store_ln184' <Predicate = true> <Delay = 0.78> <CoreInst = "RAM_2P_URAM">   --->   Core 98 'RAM_2P_URAM' <Latency = 1> <II = 1> <Delay = 1.69> <Storage> <Opcode : 'load' 'store'> <Ports = 2> <Width = 16> <Depth = 512> <RAM>
ST_3 : Operation 170 [1/1] (0.40ns) (share mux size 3)   --->   "%muxLogicRAMData_to_store_ln184 = muxlogic i16 0"   --->   Operation 170 'muxlogic' 'muxLogicRAMData_to_store_ln184' <Predicate = true> <Delay = 0.40>
ST_3 : Operation 171 [1/1] (0.40ns) (share mux size 3)   --->   "%muxLogicRAMAddr_to_store_ln184 = muxlogic i9 %tile_11_addr_3"   --->   Operation 171 'muxlogic' 'muxLogicRAMAddr_to_store_ln184' <Predicate = true> <Delay = 0.40>
ST_3 : Operation 172 [1/1] ( I:0.78ns O:0.78ns ) (share mux size 5)   --->   "%store_ln184 = store i16 0, i9 %tile_11_addr_3" [./flashattentionmemory.h:184]   --->   Operation 172 'store' 'store_ln184' <Predicate = true> <Delay = 0.78> <CoreInst = "RAM_2P_URAM">   --->   Core 98 'RAM_2P_URAM' <Latency = 1> <II = 1> <Delay = 1.69> <Storage> <Opcode : 'load' 'store'> <Ports = 2> <Width = 16> <Depth = 512> <RAM>
ST_3 : Operation 173 [1/1] (0.40ns) (share mux size 3)   --->   "%muxLogicRAMData_to_store_ln184 = muxlogic i16 0"   --->   Operation 173 'muxlogic' 'muxLogicRAMData_to_store_ln184' <Predicate = true> <Delay = 0.40>
ST_3 : Operation 174 [1/1] (0.40ns) (share mux size 3)   --->   "%muxLogicRAMAddr_to_store_ln184 = muxlogic i9 %tile_12_addr_3"   --->   Operation 174 'muxlogic' 'muxLogicRAMAddr_to_store_ln184' <Predicate = true> <Delay = 0.40>
ST_3 : Operation 175 [1/1] ( I:0.78ns O:0.78ns ) (share mux size 5)   --->   "%store_ln184 = store i16 0, i9 %tile_12_addr_3" [./flashattentionmemory.h:184]   --->   Operation 175 'store' 'store_ln184' <Predicate = true> <Delay = 0.78> <CoreInst = "RAM_2P_URAM">   --->   Core 98 'RAM_2P_URAM' <Latency = 1> <II = 1> <Delay = 1.69> <Storage> <Opcode : 'load' 'store'> <Ports = 2> <Width = 16> <Depth = 512> <RAM>
ST_3 : Operation 176 [1/1] (0.40ns) (share mux size 3)   --->   "%muxLogicRAMData_to_store_ln184 = muxlogic i16 0"   --->   Operation 176 'muxlogic' 'muxLogicRAMData_to_store_ln184' <Predicate = true> <Delay = 0.40>
ST_3 : Operation 177 [1/1] (0.40ns) (share mux size 3)   --->   "%muxLogicRAMAddr_to_store_ln184 = muxlogic i9 %tile_13_addr_3"   --->   Operation 177 'muxlogic' 'muxLogicRAMAddr_to_store_ln184' <Predicate = true> <Delay = 0.40>
ST_3 : Operation 178 [1/1] ( I:0.78ns O:0.78ns ) (share mux size 5)   --->   "%store_ln184 = store i16 0, i9 %tile_13_addr_3" [./flashattentionmemory.h:184]   --->   Operation 178 'store' 'store_ln184' <Predicate = true> <Delay = 0.78> <CoreInst = "RAM_2P_URAM">   --->   Core 98 'RAM_2P_URAM' <Latency = 1> <II = 1> <Delay = 1.69> <Storage> <Opcode : 'load' 'store'> <Ports = 2> <Width = 16> <Depth = 512> <RAM>
ST_3 : Operation 179 [1/1] (0.40ns) (share mux size 3)   --->   "%muxLogicRAMData_to_store_ln184 = muxlogic i16 0"   --->   Operation 179 'muxlogic' 'muxLogicRAMData_to_store_ln184' <Predicate = true> <Delay = 0.40>
ST_3 : Operation 180 [1/1] (0.40ns) (share mux size 3)   --->   "%muxLogicRAMAddr_to_store_ln184 = muxlogic i9 %tile_14_addr_3"   --->   Operation 180 'muxlogic' 'muxLogicRAMAddr_to_store_ln184' <Predicate = true> <Delay = 0.40>
ST_3 : Operation 181 [1/1] ( I:0.78ns O:0.78ns ) (share mux size 5)   --->   "%store_ln184 = store i16 0, i9 %tile_14_addr_3" [./flashattentionmemory.h:184]   --->   Operation 181 'store' 'store_ln184' <Predicate = true> <Delay = 0.78> <CoreInst = "RAM_2P_URAM">   --->   Core 98 'RAM_2P_URAM' <Latency = 1> <II = 1> <Delay = 1.69> <Storage> <Opcode : 'load' 'store'> <Ports = 2> <Width = 16> <Depth = 512> <RAM>
ST_3 : Operation 182 [1/1] (0.40ns) (share mux size 3)   --->   "%muxLogicRAMData_to_store_ln184 = muxlogic i16 0"   --->   Operation 182 'muxlogic' 'muxLogicRAMData_to_store_ln184' <Predicate = true> <Delay = 0.40>
ST_3 : Operation 183 [1/1] (0.40ns) (share mux size 3)   --->   "%muxLogicRAMAddr_to_store_ln184 = muxlogic i9 %tile_15_addr_3"   --->   Operation 183 'muxlogic' 'muxLogicRAMAddr_to_store_ln184' <Predicate = true> <Delay = 0.40>
ST_3 : Operation 184 [1/1] ( I:0.78ns O:0.78ns ) (share mux size 5)   --->   "%store_ln184 = store i16 0, i9 %tile_15_addr_3" [./flashattentionmemory.h:184]   --->   Operation 184 'store' 'store_ln184' <Predicate = true> <Delay = 0.78> <CoreInst = "RAM_2P_URAM">   --->   Core 98 'RAM_2P_URAM' <Latency = 1> <II = 1> <Delay = 1.69> <Storage> <Opcode : 'load' 'store'> <Ports = 2> <Width = 16> <Depth = 512> <RAM>
ST_3 : Operation 185 [1/1] (0.00ns)   --->   "%br_ln181 = br void %for.inc38" [./flashattentionmemory.h:181]   --->   Operation 185 'br' 'br_ln181' <Predicate = true> <Delay = 0.00>


============================================================
+ Verbose Summary: Timing violations
============================================================
Target clock period: 10.000ns, clock uncertainty: 2.700ns.

 <State 1>: 0.467ns
The critical path consists of the following:
	'alloca' operation 66 bit ('indvar_flatten7') [21]  (0.000 ns)
	'store' operation 0 bit ('store_ln0') of constant 0 on local variable 'indvar_flatten7' [42]  (0.467 ns)

 <State 2>: 2.637ns
The critical path consists of the following:
	'load' operation 64 bit ('r_load', ./flashattentionmemory.h:180) on local variable 'r', ./flashattentionmemory.h:180 [53]  (0.000 ns)
	'add' operation 64 bit ('add_ln180', ./flashattentionmemory.h:180) [55]  (1.014 ns)
	'select' operation 64 bit ('select_ln180_1', ./flashattentionmemory.h:180) [60]  (0.429 ns)
	'store' operation 0 bit ('store_ln180', ./flashattentionmemory.h:180) of variable 'select_ln180_1', ./flashattentionmemory.h:180 on local variable 'r', ./flashattentionmemory.h:180 [199]  (0.460 ns)
	blocking operation 0.734 ns on control path)

 <State 3>: 1.194ns
The critical path consists of the following:
	'getelementptr' operation 9 bit ('tile_0_addr_3', ./flashattentionmemory.h:184) [85]  (0.000 ns)
	'muxlogic' operation 0 bit ('muxLogicRAMAddr_to_store_ln184') [105]  (0.408 ns)
	'store' operation 0 bit ('store_ln184', ./flashattentionmemory.h:184) of constant 0 on array 'tile_0' [106]  (0.786 ns)


============================================================
+ Verbose Summary: Binding
============================================================
N/A
* FSMD analyzer results:
  - Output states:
 - Input state : 
  - Chain level:
	State 1
	State 2
	State 3


============================================================
+ Verbose Summary: Datapath Resource usage 
============================================================
N/A
