

================================================================
== Vitis HLS Report for 'online_softmax_tile_Pipeline_EXP_SUM_INNER'
================================================================
* Date:           Sun Mar 22 18:06:05 2026

* Version:        2025.1 (Build 6135595 on May 21 2025)
* Project:        FlashAtt1
* Solution:       hls (Vivado IP Flow Target)
* Product family: versalhbm
* Target device:  xcvh1582-lsva4737-2LHP-e-S


================================================================
== Performance Estimates
================================================================
+ Timing: 
    * Summary: 
    +--------+----------+----------+------------+
    |  Clock |  Target  | Estimated| Uncertainty|
    +--------+----------+----------+------------+
    |ap_clk  |  10.00 ns|  6.976 ns|     2.70 ns|
    +--------+----------+----------+------------+

+ Latency: 
    * Summary: 
    +---------+---------+----------+----------+-----+-----+------------------------------------------------+
    |  Latency (cycles) |  Latency (absolute) |  Interval |                    Pipeline                    |
    |   min   |   max   |    min   |    max   | min | max |                      Type                      |
    +---------+---------+----------+----------+-----+-----+------------------------------------------------+
    |       70|       70|  0.700 us|  0.700 us|   65|   65|  loop auto-rewind stp (delay=0 clock cycles(s))|
    +---------+---------+----------+----------+-----+-----+------------------------------------------------+

    + Detail: 
        * Instance: 
        N/A

        * Loop: 
        +-----------------+---------+---------+----------+-----------+-----------+------+----------+
        |                 |  Latency (cycles) | Iteration|  Initiation Interval  | Trip |          |
        |    Loop Name    |   min   |   max   |  Latency |  achieved |   target  | Count| Pipelined|
        +-----------------+---------+---------+----------+-----------+-----------+------+----------+
        |- EXP_SUM_INNER  |       68|       68|         6|          1|          1|    64|       yes|
        +-----------------+---------+---------+----------+-----------+-----------+------+----------+

============================================================
+ Verbose Summary: Synthesis Manager
============================================================
InlineROM: 1
ExposeGlobal: 0
============================================================
+ Verbose Summary: CDFG Model
============================================================
IsTopModel: 0
ResetActiveHigh: 1
IsCombinational: 0
IsDatapathOnly: 0
HasWiredReturn: 1
HasMFsm: 2
HasVarLatency: 1
IsPipeline: 0
IsRtlPipelined: 0
IsInstanceOverlapped: 0
IsDontTouch: 0
HasImplIP: 0
IsGatedGlobalClock: 0

+ Individual pipeline summary: 
  * Pipeline-0: initiation interval (II) = 1, depth = 6


============================================================
+ Verbose Summary: Schedule
============================================================
* Number of FSM states : 6
* Pipeline : 1
  Pipeline-0 : II = 1, D = 6, States = { 1 2 3 4 5 6 }
* Dataflow Pipeline: 0

* FSM state transitions: 
1 --> 2 
2 --> 3 
3 --> 4 
4 --> 5 
5 --> 6 
6 --> 

* FSM state operations: 

State 1 <SV = 0> <Delay = 1.98>
ST_1 : Operation 9 [1/1] (0.00ns)   --->   "%row_sum = alloca i32 1" [./flashattentionsoftmax.h:63]   --->   Operation 9 'alloca' 'row_sum' <Predicate = true> <Delay = 0.00>
ST_1 : Operation 10 [1/1] (0.00ns)   --->   "%j_1 = alloca i32 1" [./flashattentionsoftmax.h:67]   --->   Operation 10 'alloca' 'j_1' <Predicate = true> <Delay = 0.00>
ST_1 : Operation 11 [1/1] (0.00ns)   --->   "%specmemcore_ln0 = specmemcore void @_ssdm_op_SpecMemCore, i32 %S_tile_7, i64 666, i64 22, i64 18446744073709551615"   --->   Operation 11 'specmemcore' 'specmemcore_ln0' <Predicate = true> <Delay = 0.00>
ST_1 : Operation 12 [1/1] (0.00ns)   --->   "%specmemcore_ln0 = specmemcore void @_ssdm_op_SpecMemCore, i32 %S_tile_6, i64 666, i64 22, i64 18446744073709551615"   --->   Operation 12 'specmemcore' 'specmemcore_ln0' <Predicate = true> <Delay = 0.00>
ST_1 : Operation 13 [1/1] (0.00ns)   --->   "%specmemcore_ln0 = specmemcore void @_ssdm_op_SpecMemCore, i32 %S_tile_5, i64 666, i64 22, i64 18446744073709551615"   --->   Operation 13 'specmemcore' 'specmemcore_ln0' <Predicate = true> <Delay = 0.00>
ST_1 : Operation 14 [1/1] (0.00ns)   --->   "%specmemcore_ln0 = specmemcore void @_ssdm_op_SpecMemCore, i32 %S_tile_4, i64 666, i64 22, i64 18446744073709551615"   --->   Operation 14 'specmemcore' 'specmemcore_ln0' <Predicate = true> <Delay = 0.00>
ST_1 : Operation 15 [1/1] (0.00ns)   --->   "%specmemcore_ln0 = specmemcore void @_ssdm_op_SpecMemCore, i32 %S_tile_3, i64 666, i64 22, i64 18446744073709551615"   --->   Operation 15 'specmemcore' 'specmemcore_ln0' <Predicate = true> <Delay = 0.00>
ST_1 : Operation 16 [1/1] (0.00ns)   --->   "%specmemcore_ln0 = specmemcore void @_ssdm_op_SpecMemCore, i32 %S_tile_2, i64 666, i64 22, i64 18446744073709551615"   --->   Operation 16 'specmemcore' 'specmemcore_ln0' <Predicate = true> <Delay = 0.00>
ST_1 : Operation 17 [1/1] (0.00ns)   --->   "%specmemcore_ln0 = specmemcore void @_ssdm_op_SpecMemCore, i32 %S_tile_1, i64 666, i64 22, i64 18446744073709551615"   --->   Operation 17 'specmemcore' 'specmemcore_ln0' <Predicate = true> <Delay = 0.00>
ST_1 : Operation 18 [1/1] (0.00ns)   --->   "%specmemcore_ln0 = specmemcore void @_ssdm_op_SpecMemCore, i32 %S_tile_0, i64 666, i64 22, i64 18446744073709551615"   --->   Operation 18 'specmemcore' 'specmemcore_ln0' <Predicate = true> <Delay = 0.00>
ST_1 : Operation 19 [1/1] (0.00ns)   --->   "%specmemcore_ln0 = specmemcore void @_ssdm_op_SpecMemCore, i16 %P_tile_7, i64 666, i64 22, i64 18446744073709551615"   --->   Operation 19 'specmemcore' 'specmemcore_ln0' <Predicate = true> <Delay = 0.00>
ST_1 : Operation 20 [1/1] (0.00ns)   --->   "%specmemcore_ln0 = specmemcore void @_ssdm_op_SpecMemCore, i16 %P_tile_6, i64 666, i64 22, i64 18446744073709551615"   --->   Operation 20 'specmemcore' 'specmemcore_ln0' <Predicate = true> <Delay = 0.00>
ST_1 : Operation 21 [1/1] (0.00ns)   --->   "%specmemcore_ln0 = specmemcore void @_ssdm_op_SpecMemCore, i16 %P_tile_5, i64 666, i64 22, i64 18446744073709551615"   --->   Operation 21 'specmemcore' 'specmemcore_ln0' <Predicate = true> <Delay = 0.00>
ST_1 : Operation 22 [1/1] (0.00ns)   --->   "%specmemcore_ln0 = specmemcore void @_ssdm_op_SpecMemCore, i16 %P_tile_4, i64 666, i64 22, i64 18446744073709551615"   --->   Operation 22 'specmemcore' 'specmemcore_ln0' <Predicate = true> <Delay = 0.00>
ST_1 : Operation 23 [1/1] (0.00ns)   --->   "%specmemcore_ln0 = specmemcore void @_ssdm_op_SpecMemCore, i16 %P_tile_3, i64 666, i64 22, i64 18446744073709551615"   --->   Operation 23 'specmemcore' 'specmemcore_ln0' <Predicate = true> <Delay = 0.00>
ST_1 : Operation 24 [1/1] (0.00ns)   --->   "%specmemcore_ln0 = specmemcore void @_ssdm_op_SpecMemCore, i16 %P_tile_2, i64 666, i64 22, i64 18446744073709551615"   --->   Operation 24 'specmemcore' 'specmemcore_ln0' <Predicate = true> <Delay = 0.00>
ST_1 : Operation 25 [1/1] (0.00ns)   --->   "%specmemcore_ln0 = specmemcore void @_ssdm_op_SpecMemCore, i16 %P_tile_1, i64 666, i64 22, i64 18446744073709551615"   --->   Operation 25 'specmemcore' 'specmemcore_ln0' <Predicate = true> <Delay = 0.00>
ST_1 : Operation 26 [1/1] (0.00ns)   --->   "%specmemcore_ln0 = specmemcore void @_ssdm_op_SpecMemCore, i16 %P_tile_0, i64 666, i64 22, i64 18446744073709551615"   --->   Operation 26 'specmemcore' 'specmemcore_ln0' <Predicate = true> <Delay = 0.00>
ST_1 : Operation 27 [1/1] (0.00ns)   --->   "%m_val_read = read i32 @_ssdm_op_Read.ap_auto.float, i32 %m_val"   --->   Operation 27 'read' 'm_val_read' <Predicate = true> <Delay = 0.00>
ST_1 : Operation 28 [1/1] (0.00ns)   --->   "%cmp32_read = read i1 @_ssdm_op_Read.ap_auto.i1, i1 %cmp32"   --->   Operation 28 'read' 'cmp32_read' <Predicate = true> <Delay = 0.00>
ST_1 : Operation 29 [1/1] (0.00ns)   --->   "%bc_actual_read = read i32 @_ssdm_op_Read.ap_auto.i32, i32 %bc_actual"   --->   Operation 29 'read' 'bc_actual_read' <Predicate = true> <Delay = 0.00>
ST_1 : Operation 30 [1/1] (0.00ns)   --->   "%i_2_read = read i6 @_ssdm_op_Read.ap_auto.i6, i6 %i_2"   --->   Operation 30 'read' 'i_2_read' <Predicate = true> <Delay = 0.00>
ST_1 : Operation 31 [1/1] (0.36ns)   --->   "%store_ln67 = store i7 0, i7 %j_1" [./flashattentionsoftmax.h:67]   --->   Operation 31 'store' 'store_ln67' <Predicate = true> <Delay = 0.36>
ST_1 : Operation 32 [1/1] (0.42ns)   --->   "%store_ln63 = store i32 0, i32 %row_sum" [./flashattentionsoftmax.h:63]   --->   Operation 32 'store' 'store_ln63' <Predicate = true> <Delay = 0.42>
ST_1 : Operation 33 [1/1] (0.00ns)   --->   "%br_ln0 = br void %for.body31"   --->   Operation 33 'br' 'br_ln0' <Predicate = true> <Delay = 0.00>
ST_1 : Operation 34 [1/1] (0.00ns)   --->   "%j = load i7 %j_1" [./flashattentionsoftmax.h:67]   --->   Operation 34 'load' 'j' <Predicate = true> <Delay = 0.00>
ST_1 : Operation 35 [1/1] (0.66ns)   --->   "%add_ln67 = add i7 %j, i7 1" [./flashattentionsoftmax.h:67]   --->   Operation 35 'add' 'add_ln67' <Predicate = true> <Delay = 0.66> <CoreInst = "Adder">   --->   Core 1 'Adder' <Latency = 0> <II = 1> <Delay = 0.66> <FuncUnit> <Opcode : 'add' 'sub'> <InPorts = 2> <OutPorts = 1>
ST_1 : Operation 36 [1/1] (0.57ns)   --->   "%icmp_ln67 = icmp_eq  i7 %j, i7 64" [./flashattentionsoftmax.h:67]   --->   Operation 36 'icmp' 'icmp_ln67' <Predicate = true> <Delay = 0.57> <CoreInst = "ICmp_EQ">   --->   Core 156 'ICmp_EQ' <Latency = 0> <II = 1> <Delay = 0.57> <FuncUnit> <Opcode : 'seteq' 'setne'> <InPorts = 2> <OutPorts = 1>
ST_1 : Operation 37 [1/1] (0.00ns)   --->   "%br_ln67 = br i1 %icmp_ln67, void %for.body31.split_ifconv, void %for.end47.exitStub" [./flashattentionsoftmax.h:67]   --->   Operation 37 'br' 'br_ln67' <Predicate = true> <Delay = 0.00>
ST_1 : Operation 38 [1/1] (0.00ns)   --->   "%zext_ln67 = zext i7 %j" [./flashattentionsoftmax.h:67]   --->   Operation 38 'zext' 'zext_ln67' <Predicate = (!icmp_ln67)> <Delay = 0.00>
ST_1 : Operation 39 [1/1] (0.00ns)   --->   "%trunc_ln67 = trunc i7 %j" [./flashattentionsoftmax.h:67]   --->   Operation 39 'trunc' 'trunc_ln67' <Predicate = (!icmp_ln67)> <Delay = 0.00>
ST_1 : Operation 40 [1/1] (0.00ns)   --->   "%lshr_ln1 = partselect i3 @_ssdm_op_PartSelect.i3.i7.i32.i32, i7 %j, i32 3, i32 5" [./flashattentionsoftmax.h:63]   --->   Operation 40 'partselect' 'lshr_ln1' <Predicate = (!icmp_ln67)> <Delay = 0.00>
ST_1 : Operation 41 [1/1] (0.00ns)   --->   "%tmp_23 = bitconcatenate i9 @_ssdm_op_BitConcatenate.i9.i6.i3, i6 %i_2_read, i3 %lshr_ln1" [./flashattentionsoftmax.h:72]   --->   Operation 41 'bitconcatenate' 'tmp_23' <Predicate = (!icmp_ln67)> <Delay = 0.00>
ST_1 : Operation 42 [1/1] (0.00ns)   --->   "%zext_ln72 = zext i9 %tmp_23" [./flashattentionsoftmax.h:72]   --->   Operation 42 'zext' 'zext_ln72' <Predicate = (!icmp_ln67)> <Delay = 0.00>
ST_1 : Operation 43 [1/1] (0.00ns)   --->   "%S_tile_0_addr = getelementptr i32 %S_tile_0, i64 0, i64 %zext_ln72" [./flashattentionsoftmax.h:72]   --->   Operation 43 'getelementptr' 'S_tile_0_addr' <Predicate = (!icmp_ln67)> <Delay = 0.00>
ST_1 : Operation 44 [1/1] (0.00ns)   --->   "%S_tile_1_addr = getelementptr i32 %S_tile_1, i64 0, i64 %zext_ln72" [./flashattentionsoftmax.h:72]   --->   Operation 44 'getelementptr' 'S_tile_1_addr' <Predicate = (!icmp_ln67)> <Delay = 0.00>
ST_1 : Operation 45 [1/1] (0.00ns)   --->   "%S_tile_2_addr = getelementptr i32 %S_tile_2, i64 0, i64 %zext_ln72" [./flashattentionsoftmax.h:72]   --->   Operation 45 'getelementptr' 'S_tile_2_addr' <Predicate = (!icmp_ln67)> <Delay = 0.00>
ST_1 : Operation 46 [1/1] (0.00ns)   --->   "%S_tile_3_addr = getelementptr i32 %S_tile_3, i64 0, i64 %zext_ln72" [./flashattentionsoftmax.h:72]   --->   Operation 46 'getelementptr' 'S_tile_3_addr' <Predicate = (!icmp_ln67)> <Delay = 0.00>
ST_1 : Operation 47 [1/1] (0.00ns)   --->   "%S_tile_4_addr = getelementptr i32 %S_tile_4, i64 0, i64 %zext_ln72" [./flashattentionsoftmax.h:72]   --->   Operation 47 'getelementptr' 'S_tile_4_addr' <Predicate = (!icmp_ln67)> <Delay = 0.00>
ST_1 : Operation 48 [1/1] (0.00ns)   --->   "%S_tile_5_addr = getelementptr i32 %S_tile_5, i64 0, i64 %zext_ln72" [./flashattentionsoftmax.h:72]   --->   Operation 48 'getelementptr' 'S_tile_5_addr' <Predicate = (!icmp_ln67)> <Delay = 0.00>
ST_1 : Operation 49 [1/1] (0.00ns)   --->   "%S_tile_6_addr = getelementptr i32 %S_tile_6, i64 0, i64 %zext_ln72" [./flashattentionsoftmax.h:72]   --->   Operation 49 'getelementptr' 'S_tile_6_addr' <Predicate = (!icmp_ln67)> <Delay = 0.00>
ST_1 : Operation 50 [1/1] (0.00ns)   --->   "%S_tile_7_addr = getelementptr i32 %S_tile_7, i64 0, i64 %zext_ln72" [./flashattentionsoftmax.h:72]   --->   Operation 50 'getelementptr' 'S_tile_7_addr' <Predicate = (!icmp_ln67)> <Delay = 0.00>
ST_1 : Operation 51 [1/1] (0.67ns)   --->   "%icmp_ln71 = icmp_slt  i32 %zext_ln67, i32 %bc_actual_read" [./flashattentionsoftmax.h:71]   --->   Operation 51 'icmp' 'icmp_ln71' <Predicate = (!icmp_ln67)> <Delay = 0.67> <CoreInst = "Cmp">   --->   Core 9 'Cmp' <Latency = 0> <II = 1> <Delay = 0.67> <FuncUnit> <Opcode : 'setle' 'setge' 'setlt' 'setgt'> <InPorts = 2> <OutPorts = 1>
ST_1 : Operation 52 [1/1] (0.42ns) (share mux size 2)   --->   "%muxLogicRAMAddr_to_S_tile_0_load = muxlogic i9 %S_tile_0_addr"   --->   Operation 52 'muxlogic' 'muxLogicRAMAddr_to_S_tile_0_load' <Predicate = (!icmp_ln67)> <Delay = 0.42>
ST_1 : Operation 53 [2/2] (0.62ns) (share mux size 3)   --->   "%S_tile_0_load = load i9 %S_tile_0_addr" [./flashattentionsoftmax.h:72]   --->   Operation 53 'load' 'S_tile_0_load' <Predicate = (!icmp_ln67)> <Delay = 0.62> <CoreInst = "RAM_2P_BRAM">   --->   Core 97 'RAM_2P_BRAM' <Latency = 1> <II = 1> <Delay = 0.86> <Storage> <Opcode : 'load' 'store'> <Ports = 2> <Width = 32> <Depth = 512> <RAM>
ST_1 : Operation 54 [1/1] (0.42ns) (share mux size 2)   --->   "%muxLogicRAMAddr_to_S_tile_1_load = muxlogic i9 %S_tile_1_addr"   --->   Operation 54 'muxlogic' 'muxLogicRAMAddr_to_S_tile_1_load' <Predicate = (!icmp_ln67)> <Delay = 0.42>
ST_1 : Operation 55 [2/2] (0.62ns) (share mux size 3)   --->   "%S_tile_1_load = load i9 %S_tile_1_addr" [./flashattentionsoftmax.h:72]   --->   Operation 55 'load' 'S_tile_1_load' <Predicate = (!icmp_ln67)> <Delay = 0.62> <CoreInst = "RAM_2P_BRAM">   --->   Core 97 'RAM_2P_BRAM' <Latency = 1> <II = 1> <Delay = 0.86> <Storage> <Opcode : 'load' 'store'> <Ports = 2> <Width = 32> <Depth = 512> <RAM>
ST_1 : Operation 56 [1/1] (0.42ns) (share mux size 2)   --->   "%muxLogicRAMAddr_to_S_tile_2_load = muxlogic i9 %S_tile_2_addr"   --->   Operation 56 'muxlogic' 'muxLogicRAMAddr_to_S_tile_2_load' <Predicate = (!icmp_ln67)> <Delay = 0.42>
ST_1 : Operation 57 [2/2] (0.62ns) (share mux size 3)   --->   "%S_tile_2_load = load i9 %S_tile_2_addr" [./flashattentionsoftmax.h:72]   --->   Operation 57 'load' 'S_tile_2_load' <Predicate = (!icmp_ln67)> <Delay = 0.62> <CoreInst = "RAM_2P_BRAM">   --->   Core 97 'RAM_2P_BRAM' <Latency = 1> <II = 1> <Delay = 0.86> <Storage> <Opcode : 'load' 'store'> <Ports = 2> <Width = 32> <Depth = 512> <RAM>
ST_1 : Operation 58 [1/1] (0.42ns) (share mux size 2)   --->   "%muxLogicRAMAddr_to_S_tile_3_load = muxlogic i9 %S_tile_3_addr"   --->   Operation 58 'muxlogic' 'muxLogicRAMAddr_to_S_tile_3_load' <Predicate = (!icmp_ln67)> <Delay = 0.42>
ST_1 : Operation 59 [2/2] (0.62ns) (share mux size 3)   --->   "%S_tile_3_load = load i9 %S_tile_3_addr" [./flashattentionsoftmax.h:72]   --->   Operation 59 'load' 'S_tile_3_load' <Predicate = (!icmp_ln67)> <Delay = 0.62> <CoreInst = "RAM_2P_BRAM">   --->   Core 97 'RAM_2P_BRAM' <Latency = 1> <II = 1> <Delay = 0.86> <Storage> <Opcode : 'load' 'store'> <Ports = 2> <Width = 32> <Depth = 512> <RAM>
ST_1 : Operation 60 [1/1] (0.42ns) (share mux size 2)   --->   "%muxLogicRAMAddr_to_S_tile_4_load = muxlogic i9 %S_tile_4_addr"   --->   Operation 60 'muxlogic' 'muxLogicRAMAddr_to_S_tile_4_load' <Predicate = (!icmp_ln67)> <Delay = 0.42>
ST_1 : Operation 61 [2/2] (0.62ns) (share mux size 3)   --->   "%S_tile_4_load = load i9 %S_tile_4_addr" [./flashattentionsoftmax.h:72]   --->   Operation 61 'load' 'S_tile_4_load' <Predicate = (!icmp_ln67)> <Delay = 0.62> <CoreInst = "RAM_2P_BRAM">   --->   Core 97 'RAM_2P_BRAM' <Latency = 1> <II = 1> <Delay = 0.86> <Storage> <Opcode : 'load' 'store'> <Ports = 2> <Width = 32> <Depth = 512> <RAM>
ST_1 : Operation 62 [1/1] (0.42ns) (share mux size 2)   --->   "%muxLogicRAMAddr_to_S_tile_5_load = muxlogic i9 %S_tile_5_addr"   --->   Operation 62 'muxlogic' 'muxLogicRAMAddr_to_S_tile_5_load' <Predicate = (!icmp_ln67)> <Delay = 0.42>
ST_1 : Operation 63 [2/2] (0.62ns) (share mux size 3)   --->   "%S_tile_5_load = load i9 %S_tile_5_addr" [./flashattentionsoftmax.h:72]   --->   Operation 63 'load' 'S_tile_5_load' <Predicate = (!icmp_ln67)> <Delay = 0.62> <CoreInst = "RAM_2P_BRAM">   --->   Core 97 'RAM_2P_BRAM' <Latency = 1> <II = 1> <Delay = 0.86> <Storage> <Opcode : 'load' 'store'> <Ports = 2> <Width = 32> <Depth = 512> <RAM>
ST_1 : Operation 64 [1/1] (0.42ns) (share mux size 2)   --->   "%muxLogicRAMAddr_to_S_tile_6_load = muxlogic i9 %S_tile_6_addr"   --->   Operation 64 'muxlogic' 'muxLogicRAMAddr_to_S_tile_6_load' <Predicate = (!icmp_ln67)> <Delay = 0.42>
ST_1 : Operation 65 [2/2] (0.62ns) (share mux size 3)   --->   "%S_tile_6_load = load i9 %S_tile_6_addr" [./flashattentionsoftmax.h:72]   --->   Operation 65 'load' 'S_tile_6_load' <Predicate = (!icmp_ln67)> <Delay = 0.62> <CoreInst = "RAM_2P_BRAM">   --->   Core 97 'RAM_2P_BRAM' <Latency = 1> <II = 1> <Delay = 0.86> <Storage> <Opcode : 'load' 'store'> <Ports = 2> <Width = 32> <Depth = 512> <RAM>
ST_1 : Operation 66 [1/1] (0.42ns) (share mux size 2)   --->   "%muxLogicRAMAddr_to_S_tile_7_load = muxlogic i9 %S_tile_7_addr"   --->   Operation 66 'muxlogic' 'muxLogicRAMAddr_to_S_tile_7_load' <Predicate = (!icmp_ln67)> <Delay = 0.42>
ST_1 : Operation 67 [2/2] (0.62ns) (share mux size 3)   --->   "%S_tile_7_load = load i9 %S_tile_7_addr" [./flashattentionsoftmax.h:72]   --->   Operation 67 'load' 'S_tile_7_load' <Predicate = (!icmp_ln67)> <Delay = 0.62> <CoreInst = "RAM_2P_BRAM">   --->   Core 97 'RAM_2P_BRAM' <Latency = 1> <II = 1> <Delay = 0.86> <Storage> <Opcode : 'load' 'store'> <Ports = 2> <Width = 32> <Depth = 512> <RAM>
ST_1 : Operation 68 [1/1] (0.57ns)   --->   "%icmp_ln77 = icmp_eq  i7 %add_ln67, i7 64" [./flashattentionsoftmax.h:77]   --->   Operation 68 'icmp' 'icmp_ln77' <Predicate = (!icmp_ln67)> <Delay = 0.57> <CoreInst = "ICmp_EQ">   --->   Core 156 'ICmp_EQ' <Latency = 0> <II = 1> <Delay = 0.57> <FuncUnit> <Opcode : 'seteq' 'setne'> <InPorts = 2> <OutPorts = 1>
ST_1 : Operation 69 [1/1] (0.36ns)   --->   "%switch_ln78 = switch i3 %trunc_ln67, void %arrayidx4424.case.7, i3 0, void %arrayidx4424.case.0, i3 1, void %arrayidx4424.case.1, i3 2, void %arrayidx4424.case.2, i3 3, void %arrayidx4424.case.3, i3 4, void %arrayidx4424.case.4, i3 5, void %arrayidx4424.case.5, i3 6, void %arrayidx4424.case.6" [./flashattentionsoftmax.h:78]   --->   Operation 69 'switch' 'switch_ln78' <Predicate = (!icmp_ln67)> <Delay = 0.36>
ST_1 : Operation 70 [1/1] (0.36ns)   --->   "%store_ln67 = store i7 %add_ln67, i7 %j_1" [./flashattentionsoftmax.h:67]   --->   Operation 70 'store' 'store_ln67' <Predicate = (!icmp_ln67)> <Delay = 0.36>

State 2 <SV = 1> <Delay = 3.93>
ST_2 : Operation 71 [1/2] ( I:0.86ns O:0.86ns ) (share mux size 3)   --->   "%S_tile_0_load = load i9 %S_tile_0_addr" [./flashattentionsoftmax.h:72]   --->   Operation 71 'load' 'S_tile_0_load' <Predicate = true> <Delay = 0.86> <CoreInst = "RAM_2P_BRAM">   --->   Core 97 'RAM_2P_BRAM' <Latency = 1> <II = 1> <Delay = 0.86> <Storage> <Opcode : 'load' 'store'> <Ports = 2> <Width = 32> <Depth = 512> <RAM>
ST_2 : Operation 72 [1/2] ( I:0.86ns O:0.86ns ) (share mux size 3)   --->   "%S_tile_1_load = load i9 %S_tile_1_addr" [./flashattentionsoftmax.h:72]   --->   Operation 72 'load' 'S_tile_1_load' <Predicate = true> <Delay = 0.86> <CoreInst = "RAM_2P_BRAM">   --->   Core 97 'RAM_2P_BRAM' <Latency = 1> <II = 1> <Delay = 0.86> <Storage> <Opcode : 'load' 'store'> <Ports = 2> <Width = 32> <Depth = 512> <RAM>
ST_2 : Operation 73 [1/2] ( I:0.86ns O:0.86ns ) (share mux size 3)   --->   "%S_tile_2_load = load i9 %S_tile_2_addr" [./flashattentionsoftmax.h:72]   --->   Operation 73 'load' 'S_tile_2_load' <Predicate = true> <Delay = 0.86> <CoreInst = "RAM_2P_BRAM">   --->   Core 97 'RAM_2P_BRAM' <Latency = 1> <II = 1> <Delay = 0.86> <Storage> <Opcode : 'load' 'store'> <Ports = 2> <Width = 32> <Depth = 512> <RAM>
ST_2 : Operation 74 [1/2] ( I:0.86ns O:0.86ns ) (share mux size 3)   --->   "%S_tile_3_load = load i9 %S_tile_3_addr" [./flashattentionsoftmax.h:72]   --->   Operation 74 'load' 'S_tile_3_load' <Predicate = true> <Delay = 0.86> <CoreInst = "RAM_2P_BRAM">   --->   Core 97 'RAM_2P_BRAM' <Latency = 1> <II = 1> <Delay = 0.86> <Storage> <Opcode : 'load' 'store'> <Ports = 2> <Width = 32> <Depth = 512> <RAM>
ST_2 : Operation 75 [1/2] ( I:0.86ns O:0.86ns ) (share mux size 3)   --->   "%S_tile_4_load = load i9 %S_tile_4_addr" [./flashattentionsoftmax.h:72]   --->   Operation 75 'load' 'S_tile_4_load' <Predicate = true> <Delay = 0.86> <CoreInst = "RAM_2P_BRAM">   --->   Core 97 'RAM_2P_BRAM' <Latency = 1> <II = 1> <Delay = 0.86> <Storage> <Opcode : 'load' 'store'> <Ports = 2> <Width = 32> <Depth = 512> <RAM>
ST_2 : Operation 76 [1/2] ( I:0.86ns O:0.86ns ) (share mux size 3)   --->   "%S_tile_5_load = load i9 %S_tile_5_addr" [./flashattentionsoftmax.h:72]   --->   Operation 76 'load' 'S_tile_5_load' <Predicate = true> <Delay = 0.86> <CoreInst = "RAM_2P_BRAM">   --->   Core 97 'RAM_2P_BRAM' <Latency = 1> <II = 1> <Delay = 0.86> <Storage> <Opcode : 'load' 'store'> <Ports = 2> <Width = 32> <Depth = 512> <RAM>
ST_2 : Operation 77 [1/2] ( I:0.86ns O:0.86ns ) (share mux size 3)   --->   "%S_tile_6_load = load i9 %S_tile_6_addr" [./flashattentionsoftmax.h:72]   --->   Operation 77 'load' 'S_tile_6_load' <Predicate = true> <Delay = 0.86> <CoreInst = "RAM_2P_BRAM">   --->   Core 97 'RAM_2P_BRAM' <Latency = 1> <II = 1> <Delay = 0.86> <Storage> <Opcode : 'load' 'store'> <Ports = 2> <Width = 32> <Depth = 512> <RAM>
ST_2 : Operation 78 [1/2] ( I:0.86ns O:0.86ns ) (share mux size 3)   --->   "%S_tile_7_load = load i9 %S_tile_7_addr" [./flashattentionsoftmax.h:72]   --->   Operation 78 'load' 'S_tile_7_load' <Predicate = true> <Delay = 0.86> <CoreInst = "RAM_2P_BRAM">   --->   Core 97 'RAM_2P_BRAM' <Latency = 1> <II = 1> <Delay = 0.86> <Storage> <Opcode : 'load' 'store'> <Ports = 2> <Width = 32> <Depth = 512> <RAM>
ST_2 : Operation 79 [1/1] (0.70ns)   --->   "%tmp_s = sparsemux i32 @_ssdm_op_SparseMux.ap_auto.8float.float.i3, i3 0, i32 %S_tile_0_load, i3 1, i32 %S_tile_1_load, i3 2, i32 %S_tile_2_load, i3 3, i32 %S_tile_3_load, i3 4, i32 %S_tile_4_load, i3 5, i32 %S_tile_5_load, i3 6, i32 %S_tile_6_load, i3 7, i32 %S_tile_7_load, i32 <undef>, i3 %trunc_ln67" [./flashattentionsoftmax.h:72]   --->   Operation 79 'sparsemux' 'tmp_s' <Predicate = true> <Delay = 0.70> <CoreInst = "BinarySparseMux_DontCare">   --->   Core 150 'BinarySparseMux_DontCare' <Latency = 0> <II = 1> <Delay = 0.70> <FuncUnit> <Opcode : 'sparsemux'> <InPorts = 0> <OutPorts = 1>
ST_2 : Operation 80 [1/1] (0.43ns) (share mux size 4)   --->   "%muxLogicI0_to_x_assign = muxlogic i32 %tmp_s"   --->   Operation 80 'muxlogic' 'muxLogicI0_to_x_assign' <Predicate = true> <Delay = 0.43>
ST_2 : Operation 81 [1/1] (0.43ns) (share mux size 4)   --->   "%muxLogicI1_to_x_assign = muxlogic i32 %m_val_read"   --->   Operation 81 'muxlogic' 'muxLogicI1_to_x_assign' <Predicate = true> <Delay = 0.43>
ST_2 : Operation 82 [1/1] (1.92ns) (share mux size 4)   --->   "%x_assign = fsub i32 %tmp_s, i32 %m_val_read" [./flashattentionsoftmax.h:72]   --->   Operation 82 'fsub' 'x_assign' <Predicate = true> <Delay = 1.92> <CoreInst = "FAddSub_primitivedsp">   --->   Core 13 'FAddSub_primitivedsp' <Latency = 0> <II = 1> <Delay = 1.92> <FuncUnit> <Opcode : 'fadd' 'fsub'> <InPorts = 2> <OutPorts = 1>

State 3 <SV = 2> <Delay = 6.97>
ST_3 : Operation 83 [1/1] (0.43ns) (share mux size 3)   --->   "%muxLogicI0_to_p_val = muxlogic i32 %x_assign"   --->   Operation 83 'muxlogic' 'muxLogicI0_to_p_val' <Predicate = true> <Delay = 0.43>
ST_3 : Operation 84 [3/3] (6.53ns) (share mux size 3)   --->   "%p_val = fexp i32 @llvm.exp.f32, i32 %x_assign" [C:\scratch\2025.1\hls_product\640\2025.1\src\shared\hls\clib\hlsmath\src\common\hls_exp_float.cpp:17->C:\scratch\2025.1\hls_product\640\2025.1\src\shared\hls\clib\hlsmath\src\c++\expfloat.cpp:22->./flashattentionsoftmax.h:72]   --->   Operation 84 'fexp' 'p_val' <Predicate = true> <Delay = 6.53> <CoreInst = "FExp_meddsp">   --->   Core 26 'FExp_meddsp' <Latency = 2> <II = 1> <Delay = 6.62> <FuncUnit> <Opcode : 'fexp'> <InPorts = 1> <OutPorts = 1>

State 4 <SV = 3> <Delay = 6.62>
ST_4 : Operation 85 [2/3] (6.62ns) (share mux size 3)   --->   "%p_val = fexp i32 @llvm.exp.f32, i32 %x_assign" [C:\scratch\2025.1\hls_product\640\2025.1\src\shared\hls\clib\hlsmath\src\common\hls_exp_float.cpp:17->C:\scratch\2025.1\hls_product\640\2025.1\src\shared\hls\clib\hlsmath\src\c++\expfloat.cpp:22->./flashattentionsoftmax.h:72]   --->   Operation 85 'fexp' 'p_val' <Predicate = true> <Delay = 6.62> <CoreInst = "FExp_meddsp">   --->   Core 26 'FExp_meddsp' <Latency = 2> <II = 1> <Delay = 6.62> <FuncUnit> <Opcode : 'fexp'> <InPorts = 1> <OutPorts = 1>

State 5 <SV = 4> <Delay = 4.20>
ST_5 : Operation 86 [1/1] (0.00ns)   --->   "%P_tile_0_addr = getelementptr i16 %P_tile_0, i64 0, i64 %zext_ln72" [./flashattentionsoftmax.h:78]   --->   Operation 86 'getelementptr' 'P_tile_0_addr' <Predicate = true> <Delay = 0.00>
ST_5 : Operation 87 [1/1] (0.00ns)   --->   "%P_tile_1_addr = getelementptr i16 %P_tile_1, i64 0, i64 %zext_ln72" [./flashattentionsoftmax.h:78]   --->   Operation 87 'getelementptr' 'P_tile_1_addr' <Predicate = true> <Delay = 0.00>
ST_5 : Operation 88 [1/1] (0.00ns)   --->   "%P_tile_2_addr = getelementptr i16 %P_tile_2, i64 0, i64 %zext_ln72" [./flashattentionsoftmax.h:78]   --->   Operation 88 'getelementptr' 'P_tile_2_addr' <Predicate = true> <Delay = 0.00>
ST_5 : Operation 89 [1/1] (0.00ns)   --->   "%P_tile_3_addr = getelementptr i16 %P_tile_3, i64 0, i64 %zext_ln72" [./flashattentionsoftmax.h:78]   --->   Operation 89 'getelementptr' 'P_tile_3_addr' <Predicate = true> <Delay = 0.00>
ST_5 : Operation 90 [1/1] (0.00ns)   --->   "%P_tile_4_addr = getelementptr i16 %P_tile_4, i64 0, i64 %zext_ln72" [./flashattentionsoftmax.h:78]   --->   Operation 90 'getelementptr' 'P_tile_4_addr' <Predicate = true> <Delay = 0.00>
ST_5 : Operation 91 [1/1] (0.00ns)   --->   "%P_tile_5_addr = getelementptr i16 %P_tile_5, i64 0, i64 %zext_ln72" [./flashattentionsoftmax.h:78]   --->   Operation 91 'getelementptr' 'P_tile_5_addr' <Predicate = true> <Delay = 0.00>
ST_5 : Operation 92 [1/1] (0.00ns)   --->   "%P_tile_6_addr = getelementptr i16 %P_tile_6, i64 0, i64 %zext_ln72" [./flashattentionsoftmax.h:78]   --->   Operation 92 'getelementptr' 'P_tile_6_addr' <Predicate = true> <Delay = 0.00>
ST_5 : Operation 93 [1/1] (0.00ns)   --->   "%P_tile_7_addr = getelementptr i16 %P_tile_7, i64 0, i64 %zext_ln72" [./flashattentionsoftmax.h:78]   --->   Operation 93 'getelementptr' 'P_tile_7_addr' <Predicate = true> <Delay = 0.00>
ST_5 : Operation 94 [1/1] (0.00ns) (grouped into LUT with out node p_val_1)   --->   "%and_ln71 = and i1 %cmp32_read, i1 %icmp_ln71" [./flashattentionsoftmax.h:71]   --->   Operation 94 'and' 'and_ln71' <Predicate = true> <Delay = 0.00> <CoreInst = "LogicGate">   --->   Core 78 'LogicGate' <Latency = 0> <II = 1> <Delay = 0.25> <FuncUnit> <Opcode : 'and' 'or' 'xor'> <InPorts = 2> <OutPorts = 1>
ST_5 : Operation 95 [1/3] (0.09ns) (share mux size 3)   --->   "%p_val = fexp i32 @llvm.exp.f32, i32 %x_assign" [C:\scratch\2025.1\hls_product\640\2025.1\src\shared\hls\clib\hlsmath\src\common\hls_exp_float.cpp:17->C:\scratch\2025.1\hls_product\640\2025.1\src\shared\hls\clib\hlsmath\src\c++\expfloat.cpp:22->./flashattentionsoftmax.h:72]   --->   Operation 95 'fexp' 'p_val' <Predicate = true> <Delay = 0.09> <CoreInst = "FExp_meddsp">   --->   Core 26 'FExp_meddsp' <Latency = 2> <II = 1> <Delay = 6.62> <FuncUnit> <Opcode : 'fexp'> <InPorts = 1> <OutPorts = 1>
ST_5 : Operation 96 [1/1] (0.41ns) (out node of the LUT)   --->   "%p_val_1 = select i1 %and_ln71, i32 %p_val, i32 0" [./flashattentionsoftmax.h:71]   --->   Operation 96 'select' 'p_val_1' <Predicate = true> <Delay = 0.41> <CoreInst = "Sel">   --->   Core 77 'Sel' <Latency = 0> <II = 1> <Delay = 0.41> <FuncUnit> <Opcode : 'select'> <InPorts = 3> <OutPorts = 1>
ST_5 : Operation 97 [2/2] (2.91ns)   --->   "%row_sum_1 = facc i32 @_ssdm_op_FACC, i32 %p_val_1, i1 %icmp_ln77" [./flashattentionsoftmax.h:77]   --->   Operation 97 'facc' 'row_sum_1' <Predicate = true> <Delay = 2.91> <CoreInst = "FAcc_primitivedsp">   --->   Core 11 'FAcc_primitivedsp' <Latency = 1> <II = 1> <Delay = 2.91> <FuncUnit> <Opcode : 'facc'> <InPorts = 2> <OutPorts = 1>
ST_5 : Operation 98 [1/1] (1.09ns) (share mux size 33)   --->   "%muxLogicI0_to_conv = muxlogic i32 %p_val_1"   --->   Operation 98 'muxlogic' 'muxLogicI0_to_conv' <Predicate = true> <Delay = 1.09>
ST_5 : Operation 99 [1/1] (1.35ns) (share mux size 33)   --->   "%conv = sptohp i32 %p_val_1" [./flashattentionsoftmax.h:78]   --->   Operation 99 'sptohp' 'conv' <Predicate = true> <Delay = 1.35> <CoreInst = "Float2Half">   --->   Core 73 'Float2Half' <Latency = 0> <II = 1> <Delay = 1.35> <FuncUnit> <Opcode : 'sptohp'> <InPorts = 1> <OutPorts = 1>
ST_5 : Operation 100 [1/1] (0.69ns) (share mux size 5)   --->   "%muxLogicRAMData_to_store_ln78 = muxlogic i16 %conv"   --->   Operation 100 'muxlogic' 'muxLogicRAMData_to_store_ln78' <Predicate = (trunc_ln67 == 6)> <Delay = 0.69>
ST_5 : Operation 101 [1/1] (0.69ns) (share mux size 5)   --->   "%muxLogicRAMAddr_to_store_ln78 = muxlogic i9 %P_tile_6_addr"   --->   Operation 101 'muxlogic' 'muxLogicRAMAddr_to_store_ln78' <Predicate = (trunc_ln67 == 6)> <Delay = 0.69>
ST_5 : Operation 102 [1/1] ( I:0.55ns O:0.55ns ) (share mux size 10)   --->   "%store_ln78 = store i16 %conv, i9 %P_tile_6_addr" [./flashattentionsoftmax.h:78]   --->   Operation 102 'store' 'store_ln78' <Predicate = (trunc_ln67 == 6)> <Delay = 0.55> <CoreInst = "RAM_2P_BRAM">   --->   Core 97 'RAM_2P_BRAM' <Latency = 1> <II = 1> <Delay = 0.86> <Storage> <Opcode : 'load' 'store'> <Ports = 2> <Width = 16> <Depth = 512> <RAM>
ST_5 : Operation 103 [1/1] (0.00ns)   --->   "%br_ln78 = br void %arrayidx4424.exit" [./flashattentionsoftmax.h:78]   --->   Operation 103 'br' 'br_ln78' <Predicate = (trunc_ln67 == 6)> <Delay = 0.00>
ST_5 : Operation 104 [1/1] (0.69ns) (share mux size 5)   --->   "%muxLogicRAMData_to_store_ln78 = muxlogic i16 %conv"   --->   Operation 104 'muxlogic' 'muxLogicRAMData_to_store_ln78' <Predicate = (trunc_ln67 == 5)> <Delay = 0.69>
ST_5 : Operation 105 [1/1] (0.69ns) (share mux size 5)   --->   "%muxLogicRAMAddr_to_store_ln78 = muxlogic i9 %P_tile_5_addr"   --->   Operation 105 'muxlogic' 'muxLogicRAMAddr_to_store_ln78' <Predicate = (trunc_ln67 == 5)> <Delay = 0.69>
ST_5 : Operation 106 [1/1] ( I:0.55ns O:0.55ns ) (share mux size 10)   --->   "%store_ln78 = store i16 %conv, i9 %P_tile_5_addr" [./flashattentionsoftmax.h:78]   --->   Operation 106 'store' 'store_ln78' <Predicate = (trunc_ln67 == 5)> <Delay = 0.55> <CoreInst = "RAM_2P_BRAM">   --->   Core 97 'RAM_2P_BRAM' <Latency = 1> <II = 1> <Delay = 0.86> <Storage> <Opcode : 'load' 'store'> <Ports = 2> <Width = 16> <Depth = 512> <RAM>
ST_5 : Operation 107 [1/1] (0.00ns)   --->   "%br_ln78 = br void %arrayidx4424.exit" [./flashattentionsoftmax.h:78]   --->   Operation 107 'br' 'br_ln78' <Predicate = (trunc_ln67 == 5)> <Delay = 0.00>
ST_5 : Operation 108 [1/1] (0.69ns) (share mux size 5)   --->   "%muxLogicRAMData_to_store_ln78 = muxlogic i16 %conv"   --->   Operation 108 'muxlogic' 'muxLogicRAMData_to_store_ln78' <Predicate = (trunc_ln67 == 4)> <Delay = 0.69>
ST_5 : Operation 109 [1/1] (0.69ns) (share mux size 5)   --->   "%muxLogicRAMAddr_to_store_ln78 = muxlogic i9 %P_tile_4_addr"   --->   Operation 109 'muxlogic' 'muxLogicRAMAddr_to_store_ln78' <Predicate = (trunc_ln67 == 4)> <Delay = 0.69>
ST_5 : Operation 110 [1/1] ( I:0.55ns O:0.55ns ) (share mux size 10)   --->   "%store_ln78 = store i16 %conv, i9 %P_tile_4_addr" [./flashattentionsoftmax.h:78]   --->   Operation 110 'store' 'store_ln78' <Predicate = (trunc_ln67 == 4)> <Delay = 0.55> <CoreInst = "RAM_2P_BRAM">   --->   Core 97 'RAM_2P_BRAM' <Latency = 1> <II = 1> <Delay = 0.86> <Storage> <Opcode : 'load' 'store'> <Ports = 2> <Width = 16> <Depth = 512> <RAM>
ST_5 : Operation 111 [1/1] (0.00ns)   --->   "%br_ln78 = br void %arrayidx4424.exit" [./flashattentionsoftmax.h:78]   --->   Operation 111 'br' 'br_ln78' <Predicate = (trunc_ln67 == 4)> <Delay = 0.00>
ST_5 : Operation 112 [1/1] (0.69ns) (share mux size 5)   --->   "%muxLogicRAMData_to_store_ln78 = muxlogic i16 %conv"   --->   Operation 112 'muxlogic' 'muxLogicRAMData_to_store_ln78' <Predicate = (trunc_ln67 == 3)> <Delay = 0.69>
ST_5 : Operation 113 [1/1] (0.69ns) (share mux size 5)   --->   "%muxLogicRAMAddr_to_store_ln78 = muxlogic i9 %P_tile_3_addr"   --->   Operation 113 'muxlogic' 'muxLogicRAMAddr_to_store_ln78' <Predicate = (trunc_ln67 == 3)> <Delay = 0.69>
ST_5 : Operation 114 [1/1] ( I:0.55ns O:0.55ns ) (share mux size 10)   --->   "%store_ln78 = store i16 %conv, i9 %P_tile_3_addr" [./flashattentionsoftmax.h:78]   --->   Operation 114 'store' 'store_ln78' <Predicate = (trunc_ln67 == 3)> <Delay = 0.55> <CoreInst = "RAM_2P_BRAM">   --->   Core 97 'RAM_2P_BRAM' <Latency = 1> <II = 1> <Delay = 0.86> <Storage> <Opcode : 'load' 'store'> <Ports = 2> <Width = 16> <Depth = 512> <RAM>
ST_5 : Operation 115 [1/1] (0.00ns)   --->   "%br_ln78 = br void %arrayidx4424.exit" [./flashattentionsoftmax.h:78]   --->   Operation 115 'br' 'br_ln78' <Predicate = (trunc_ln67 == 3)> <Delay = 0.00>
ST_5 : Operation 116 [1/1] (0.69ns) (share mux size 5)   --->   "%muxLogicRAMData_to_store_ln78 = muxlogic i16 %conv"   --->   Operation 116 'muxlogic' 'muxLogicRAMData_to_store_ln78' <Predicate = (trunc_ln67 == 2)> <Delay = 0.69>
ST_5 : Operation 117 [1/1] (0.69ns) (share mux size 5)   --->   "%muxLogicRAMAddr_to_store_ln78 = muxlogic i9 %P_tile_2_addr"   --->   Operation 117 'muxlogic' 'muxLogicRAMAddr_to_store_ln78' <Predicate = (trunc_ln67 == 2)> <Delay = 0.69>
ST_5 : Operation 118 [1/1] ( I:0.55ns O:0.55ns ) (share mux size 10)   --->   "%store_ln78 = store i16 %conv, i9 %P_tile_2_addr" [./flashattentionsoftmax.h:78]   --->   Operation 118 'store' 'store_ln78' <Predicate = (trunc_ln67 == 2)> <Delay = 0.55> <CoreInst = "RAM_2P_BRAM">   --->   Core 97 'RAM_2P_BRAM' <Latency = 1> <II = 1> <Delay = 0.86> <Storage> <Opcode : 'load' 'store'> <Ports = 2> <Width = 16> <Depth = 512> <RAM>
ST_5 : Operation 119 [1/1] (0.00ns)   --->   "%br_ln78 = br void %arrayidx4424.exit" [./flashattentionsoftmax.h:78]   --->   Operation 119 'br' 'br_ln78' <Predicate = (trunc_ln67 == 2)> <Delay = 0.00>
ST_5 : Operation 120 [1/1] (0.69ns) (share mux size 5)   --->   "%muxLogicRAMData_to_store_ln78 = muxlogic i16 %conv"   --->   Operation 120 'muxlogic' 'muxLogicRAMData_to_store_ln78' <Predicate = (trunc_ln67 == 1)> <Delay = 0.69>
ST_5 : Operation 121 [1/1] (0.69ns) (share mux size 5)   --->   "%muxLogicRAMAddr_to_store_ln78 = muxlogic i9 %P_tile_1_addr"   --->   Operation 121 'muxlogic' 'muxLogicRAMAddr_to_store_ln78' <Predicate = (trunc_ln67 == 1)> <Delay = 0.69>
ST_5 : Operation 122 [1/1] ( I:0.55ns O:0.55ns ) (share mux size 10)   --->   "%store_ln78 = store i16 %conv, i9 %P_tile_1_addr" [./flashattentionsoftmax.h:78]   --->   Operation 122 'store' 'store_ln78' <Predicate = (trunc_ln67 == 1)> <Delay = 0.55> <CoreInst = "RAM_2P_BRAM">   --->   Core 97 'RAM_2P_BRAM' <Latency = 1> <II = 1> <Delay = 0.86> <Storage> <Opcode : 'load' 'store'> <Ports = 2> <Width = 16> <Depth = 512> <RAM>
ST_5 : Operation 123 [1/1] (0.00ns)   --->   "%br_ln78 = br void %arrayidx4424.exit" [./flashattentionsoftmax.h:78]   --->   Operation 123 'br' 'br_ln78' <Predicate = (trunc_ln67 == 1)> <Delay = 0.00>
ST_5 : Operation 124 [1/1] (0.69ns) (share mux size 5)   --->   "%muxLogicRAMData_to_store_ln78 = muxlogic i16 %conv"   --->   Operation 124 'muxlogic' 'muxLogicRAMData_to_store_ln78' <Predicate = (trunc_ln67 == 0)> <Delay = 0.69>
ST_5 : Operation 125 [1/1] (0.69ns) (share mux size 5)   --->   "%muxLogicRAMAddr_to_store_ln78 = muxlogic i9 %P_tile_0_addr"   --->   Operation 125 'muxlogic' 'muxLogicRAMAddr_to_store_ln78' <Predicate = (trunc_ln67 == 0)> <Delay = 0.69>
ST_5 : Operation 126 [1/1] ( I:0.55ns O:0.55ns ) (share mux size 10)   --->   "%store_ln78 = store i16 %conv, i9 %P_tile_0_addr" [./flashattentionsoftmax.h:78]   --->   Operation 126 'store' 'store_ln78' <Predicate = (trunc_ln67 == 0)> <Delay = 0.55> <CoreInst = "RAM_2P_BRAM">   --->   Core 97 'RAM_2P_BRAM' <Latency = 1> <II = 1> <Delay = 0.86> <Storage> <Opcode : 'load' 'store'> <Ports = 2> <Width = 16> <Depth = 512> <RAM>
ST_5 : Operation 127 [1/1] (0.00ns)   --->   "%br_ln78 = br void %arrayidx4424.exit" [./flashattentionsoftmax.h:78]   --->   Operation 127 'br' 'br_ln78' <Predicate = (trunc_ln67 == 0)> <Delay = 0.00>
ST_5 : Operation 128 [1/1] (0.69ns) (share mux size 5)   --->   "%muxLogicRAMData_to_store_ln78 = muxlogic i16 %conv"   --->   Operation 128 'muxlogic' 'muxLogicRAMData_to_store_ln78' <Predicate = (trunc_ln67 == 7)> <Delay = 0.69>
ST_5 : Operation 129 [1/1] (0.69ns) (share mux size 5)   --->   "%muxLogicRAMAddr_to_store_ln78 = muxlogic i9 %P_tile_7_addr"   --->   Operation 129 'muxlogic' 'muxLogicRAMAddr_to_store_ln78' <Predicate = (trunc_ln67 == 7)> <Delay = 0.69>
ST_5 : Operation 130 [1/1] ( I:0.55ns O:0.55ns ) (share mux size 10)   --->   "%store_ln78 = store i16 %conv, i9 %P_tile_7_addr" [./flashattentionsoftmax.h:78]   --->   Operation 130 'store' 'store_ln78' <Predicate = (trunc_ln67 == 7)> <Delay = 0.55> <CoreInst = "RAM_2P_BRAM">   --->   Core 97 'RAM_2P_BRAM' <Latency = 1> <II = 1> <Delay = 0.86> <Storage> <Opcode : 'load' 'store'> <Ports = 2> <Width = 16> <Depth = 512> <RAM>
ST_5 : Operation 131 [1/1] (0.00ns)   --->   "%br_ln78 = br void %arrayidx4424.exit" [./flashattentionsoftmax.h:78]   --->   Operation 131 'br' 'br_ln78' <Predicate = (trunc_ln67 == 7)> <Delay = 0.00>
ST_5 : Operation 138 [1/1] (0.00ns)   --->   "%row_sum_load = load i32 %row_sum"   --->   Operation 138 'load' 'row_sum_load' <Predicate = (icmp_ln67)> <Delay = 0.00>
ST_5 : Operation 139 [1/1] (0.00ns)   --->   "%write_ln0 = write void @_ssdm_op_Write.ap_auto.floatP0A, i32 %row_sum_out, i32 %row_sum_load"   --->   Operation 139 'write' 'write_ln0' <Predicate = (icmp_ln67)> <Delay = 0.00>
ST_5 : Operation 140 [1/1] (0.28ns)   --->   "%ret_ln0 = ret"   --->   Operation 140 'ret' 'ret_ln0' <Predicate = (icmp_ln67)> <Delay = 0.28>

State 6 <SV = 5> <Delay = 0.70>
ST_6 : Operation 132 [1/1] (0.00ns)   --->   "%specpipeline_ln68 = specpipeline void @_ssdm_op_SpecPipeline, i32 1, i32 0, i32 0, i32 0, void @empty_27" [./flashattentionsoftmax.h:68]   --->   Operation 132 'specpipeline' 'specpipeline_ln68' <Predicate = true> <Delay = 0.00>
ST_6 : Operation 133 [1/1] (0.00ns)   --->   "%speclooptripcount_ln63 = speclooptripcount void @_ssdm_op_SpecLoopTripCount, i64 64, i64 64, i64 64" [./flashattentionsoftmax.h:63]   --->   Operation 133 'speclooptripcount' 'speclooptripcount_ln63' <Predicate = true> <Delay = 0.00>
ST_6 : Operation 134 [1/1] (0.00ns)   --->   "%specloopname_ln67 = specloopname void @_ssdm_op_SpecLoopName, void @empty_14" [./flashattentionsoftmax.h:67]   --->   Operation 134 'specloopname' 'specloopname_ln67' <Predicate = true> <Delay = 0.00>
ST_6 : Operation 135 [1/2] (0.28ns)   --->   "%row_sum_1 = facc i32 @_ssdm_op_FACC, i32 %p_val_1, i1 %icmp_ln77" [./flashattentionsoftmax.h:77]   --->   Operation 135 'facc' 'row_sum_1' <Predicate = true> <Delay = 0.28> <CoreInst = "FAcc_primitivedsp">   --->   Core 11 'FAcc_primitivedsp' <Latency = 1> <II = 1> <Delay = 2.91> <FuncUnit> <Opcode : 'facc'> <InPorts = 2> <OutPorts = 1>
ST_6 : Operation 136 [1/1] (0.42ns)   --->   "%store_ln63 = store i32 %row_sum_1, i32 %row_sum" [./flashattentionsoftmax.h:63]   --->   Operation 136 'store' 'store_ln63' <Predicate = true> <Delay = 0.42>
ST_6 : Operation 137 [1/1] (0.00ns)   --->   "%br_ln67 = br void %for.body31" [./flashattentionsoftmax.h:67]   --->   Operation 137 'br' 'br_ln67' <Predicate = true> <Delay = 0.00>


============================================================
+ Verbose Summary: Timing violations
============================================================
Target clock period: 10.000ns, clock uncertainty: 2.700ns.

 <State 1>: 1.982ns
The critical path consists of the following:
	'store' operation 0 bit ('store_ln67', ./flashattentionsoftmax.h:67) of constant 0 on local variable 'j', ./flashattentionsoftmax.h:67 [44]  (0.360 ns)
	'load' operation 7 bit ('j', ./flashattentionsoftmax.h:67) on local variable 'j', ./flashattentionsoftmax.h:67 [48]  (0.000 ns)
	'icmp' operation 1 bit ('icmp_ln67', ./flashattentionsoftmax.h:67) [50]  (0.573 ns)
	'muxlogic' operation 32 bit ('muxLogicRAMAddr_to_S_tile_0_load') [79]  (0.421 ns)
	'load' operation 32 bit ('S_tile_0_load', ./flashattentionsoftmax.h:72) on array 'S_tile_0' [80]  (0.628 ns)

 <State 2>: 3.935ns
The critical path consists of the following:
	'load' operation 32 bit ('S_tile_0_load', ./flashattentionsoftmax.h:72) on array 'S_tile_0' [80]  (0.868 ns)
	'sparsemux' operation 32 bit ('tmp_s', ./flashattentionsoftmax.h:72) [95]  (0.705 ns)
	'muxlogic' operation 32 bit ('muxLogicI0_to_x_assign') [96]  (0.437 ns)
	'fsub' operation 32 bit ('x', ./flashattentionsoftmax.h:72) [98]  (1.925 ns)

 <State 3>: 6.976ns
The critical path consists of the following:
	'muxlogic' operation 32 bit ('muxLogicI0_to_p_val') [99]  (0.437 ns)
	'fexp' operation 32 bit ('p_val', C:\scratch\2025.1\hls_product\640\2025.1\src\shared\hls\clib\hlsmath\src\common\hls_exp_float.cpp:17->C:\scratch\2025.1\hls_product\640\2025.1\src\shared\hls\clib\hlsmath\src\c++\expfloat.cpp:22->./flashattentionsoftmax.h:72) [100]  (6.539 ns)

 <State 4>: 6.622ns
The critical path consists of the following:
	'fexp' operation 32 bit ('p_val', C:\scratch\2025.1\hls_product\640\2025.1\src\shared\hls\clib\hlsmath\src\common\hls_exp_float.cpp:17->C:\scratch\2025.1\hls_product\640\2025.1\src\shared\hls\clib\hlsmath\src\c++\expfloat.cpp:22->./flashattentionsoftmax.h:72) [100]  (6.622 ns)

 <State 5>: 4.205ns
The critical path consists of the following:
	'fexp' operation 32 bit ('p_val', C:\scratch\2025.1\hls_product\640\2025.1\src\shared\hls\clib\hlsmath\src\common\hls_exp_float.cpp:17->C:\scratch\2025.1\hls_product\640\2025.1\src\shared\hls\clib\hlsmath\src\c++\expfloat.cpp:22->./flashattentionsoftmax.h:72) [100]  (0.092 ns)
	'select' operation 32 bit ('p_val', ./flashattentionsoftmax.h:71) [101]  (0.413 ns)
	'muxlogic' operation 16 bit ('muxLogicI0_to_conv') [104]  (1.093 ns)
	'sptohp' operation 16 bit ('conv', ./flashattentionsoftmax.h:78) [105]  (1.356 ns)
	'muxlogic' operation 0 bit ('muxLogicRAMData_to_store_ln78') [108]  (0.693 ns)
	'store' operation 0 bit ('store_ln78', ./flashattentionsoftmax.h:78) of variable 'conv', ./flashattentionsoftmax.h:78 on array 'P_tile_6' [110]  (0.558 ns)

 <State 6>: 0.709ns
The critical path consists of the following:
	'facc' operation 32 bit ('row_sum', ./flashattentionsoftmax.h:77) [103]  (0.288 ns)
	'store' operation 0 bit ('store_ln63', ./flashattentionsoftmax.h:63) of variable 'row_sum', ./flashattentionsoftmax.h:77 on local variable 'row_sum', ./flashattentionsoftmax.h:63 [149]  (0.421 ns)


============================================================
+ Verbose Summary: Binding
============================================================
N/A
* FSMD analyzer results:
  - Output states:
 - Input state : 
  - Chain level:
	State 1
	State 2
	State 3
	State 4
	State 5
	State 6


============================================================
+ Verbose Summary: Datapath Resource usage 
============================================================
N/A
