

================================================================
== Vitis HLS Report for 'store_stats_fp32_Pipeline_STORE_STATS'
================================================================
* Date:           Sun Mar 22 18:06:26 2026

* Version:        2025.1 (Build 6135595 on May 21 2025)
* Project:        FlashAtt1
* Solution:       hls (Vivado IP Flow Target)
* Product family: versalhbm
* Target device:  xcvh1582-lsva4737-2LHP-e-S


================================================================
== Performance Estimates
================================================================
+ Timing: 
    * Summary: 
    +--------+----------+----------+------------+
    |  Clock |  Target  | Estimated| Uncertainty|
    +--------+----------+----------+------------+
    |ap_clk  |  10.00 ns|  1.689 ns|     2.70 ns|
    +--------+----------+----------+------------+

+ Latency: 
    * Summary: 
    +---------+-----------+-----------+-----------+-----+-----------+------------------------------------------------+
    |   Latency (cycles)  |   Latency (absolute)  |     Interval    |                    Pipeline                    |
    |   min   |    max    |    min    |    max    | min |    max    |                      Type                      |
    +---------+-----------+-----------+-----------+-----+-----------+------------------------------------------------+
    |        2|  134217729|  20.000 ns|  1.342 sec|    1|  134217728|  loop auto-rewind stp (delay=0 clock cycles(s))|
    +---------+-----------+-----------+-----------+-----+-----------+------------------------------------------------+

    + Detail: 
        * Instance: 
        N/A

        * Loop: 
        +---------------+---------+-----------+----------+-----------+-----------+---------------+----------+
        |               |   Latency (cycles)  | Iteration|  Initiation Interval  |      Trip     |          |
        |   Loop Name   |   min   |    max    |  Latency |  achieved |   target  |     Count     | Pipelined|
        +---------------+---------+-----------+----------+-----------+-----------+---------------+----------+
        |- STORE_STATS  |        0|  134217727|         2|          1|          1|  0 ~ 134217727|       yes|
        +---------------+---------+-----------+----------+-----------+-----------+---------------+----------+

============================================================
+ Verbose Summary: Synthesis Manager
============================================================
InlineROM: 1
ExposeGlobal: 0
============================================================
+ Verbose Summary: CDFG Model
============================================================
IsTopModel: 0
ResetActiveHigh: 1
IsCombinational: 0
IsDatapathOnly: 0
HasWiredReturn: 1
HasMFsm: 2
HasVarLatency: 1
IsPipeline: 0
IsRtlPipelined: 0
IsInstanceOverlapped: 0
IsDontTouch: 0
HasImplIP: 0
IsGatedGlobalClock: 0

+ Individual pipeline summary: 
  * Pipeline-0: initiation interval (II) = 1, depth = 2


============================================================
+ Verbose Summary: Schedule
============================================================
* Number of FSM states : 2
* Pipeline : 1
  Pipeline-0 : II = 1, D = 2, States = { 1 2 }
* Dataflow Pipeline: 0

* FSM state transitions: 
1 --> 2 
2 --> 

* FSM state operations: 

State 1 <SV = 0> <Delay = 1.68>
ST_1 : Operation 5 [1/1] (0.00ns)   --->   "%b = alloca i32 1" [./flashattentionmemory.h:272]   --->   Operation 5 'alloca' 'b' <Predicate = true> <Delay = 0.00>
ST_1 : Operation 6 [1/1] (0.00ns)   --->   "%stats_63_val_read = read i32 @_ssdm_op_Read.ap_auto.float, i32 %stats_63_val"   --->   Operation 6 'read' 'stats_63_val_read' <Predicate = true> <Delay = 0.00>
ST_1 : Operation 7 [1/1] (0.00ns)   --->   "%stats_47_val_read = read i32 @_ssdm_op_Read.ap_auto.float, i32 %stats_47_val"   --->   Operation 7 'read' 'stats_47_val_read' <Predicate = true> <Delay = 0.00>
ST_1 : Operation 8 [1/1] (0.00ns)   --->   "%stats_31_val_read = read i32 @_ssdm_op_Read.ap_auto.float, i32 %stats_31_val"   --->   Operation 8 'read' 'stats_31_val_read' <Predicate = true> <Delay = 0.00>
ST_1 : Operation 9 [1/1] (0.00ns)   --->   "%stats_15_val_read = read i32 @_ssdm_op_Read.ap_auto.float, i32 %stats_15_val"   --->   Operation 9 'read' 'stats_15_val_read' <Predicate = true> <Delay = 0.00>
ST_1 : Operation 10 [1/1] (0.00ns)   --->   "%stats_62_val_read = read i32 @_ssdm_op_Read.ap_auto.float, i32 %stats_62_val"   --->   Operation 10 'read' 'stats_62_val_read' <Predicate = true> <Delay = 0.00>
ST_1 : Operation 11 [1/1] (0.00ns)   --->   "%stats_46_val_read = read i32 @_ssdm_op_Read.ap_auto.float, i32 %stats_46_val"   --->   Operation 11 'read' 'stats_46_val_read' <Predicate = true> <Delay = 0.00>
ST_1 : Operation 12 [1/1] (0.00ns)   --->   "%stats_30_val_read = read i32 @_ssdm_op_Read.ap_auto.float, i32 %stats_30_val"   --->   Operation 12 'read' 'stats_30_val_read' <Predicate = true> <Delay = 0.00>
ST_1 : Operation 13 [1/1] (0.00ns)   --->   "%stats_14_val_read = read i32 @_ssdm_op_Read.ap_auto.float, i32 %stats_14_val"   --->   Operation 13 'read' 'stats_14_val_read' <Predicate = true> <Delay = 0.00>
ST_1 : Operation 14 [1/1] (0.00ns)   --->   "%stats_61_val_read = read i32 @_ssdm_op_Read.ap_auto.float, i32 %stats_61_val"   --->   Operation 14 'read' 'stats_61_val_read' <Predicate = true> <Delay = 0.00>
ST_1 : Operation 15 [1/1] (0.00ns)   --->   "%stats_45_val_read = read i32 @_ssdm_op_Read.ap_auto.float, i32 %stats_45_val"   --->   Operation 15 'read' 'stats_45_val_read' <Predicate = true> <Delay = 0.00>
ST_1 : Operation 16 [1/1] (0.00ns)   --->   "%stats_29_val_read = read i32 @_ssdm_op_Read.ap_auto.float, i32 %stats_29_val"   --->   Operation 16 'read' 'stats_29_val_read' <Predicate = true> <Delay = 0.00>
ST_1 : Operation 17 [1/1] (0.00ns)   --->   "%stats_13_val_read = read i32 @_ssdm_op_Read.ap_auto.float, i32 %stats_13_val"   --->   Operation 17 'read' 'stats_13_val_read' <Predicate = true> <Delay = 0.00>
ST_1 : Operation 18 [1/1] (0.00ns)   --->   "%stats_60_val_read = read i32 @_ssdm_op_Read.ap_auto.float, i32 %stats_60_val"   --->   Operation 18 'read' 'stats_60_val_read' <Predicate = true> <Delay = 0.00>
ST_1 : Operation 19 [1/1] (0.00ns)   --->   "%stats_44_val_read = read i32 @_ssdm_op_Read.ap_auto.float, i32 %stats_44_val"   --->   Operation 19 'read' 'stats_44_val_read' <Predicate = true> <Delay = 0.00>
ST_1 : Operation 20 [1/1] (0.00ns)   --->   "%stats_28_val_read = read i32 @_ssdm_op_Read.ap_auto.float, i32 %stats_28_val"   --->   Operation 20 'read' 'stats_28_val_read' <Predicate = true> <Delay = 0.00>
ST_1 : Operation 21 [1/1] (0.00ns)   --->   "%stats_12_val_read = read i32 @_ssdm_op_Read.ap_auto.float, i32 %stats_12_val"   --->   Operation 21 'read' 'stats_12_val_read' <Predicate = true> <Delay = 0.00>
ST_1 : Operation 22 [1/1] (0.00ns)   --->   "%stats_59_val_read = read i32 @_ssdm_op_Read.ap_auto.float, i32 %stats_59_val"   --->   Operation 22 'read' 'stats_59_val_read' <Predicate = true> <Delay = 0.00>
ST_1 : Operation 23 [1/1] (0.00ns)   --->   "%stats_43_val_read = read i32 @_ssdm_op_Read.ap_auto.float, i32 %stats_43_val"   --->   Operation 23 'read' 'stats_43_val_read' <Predicate = true> <Delay = 0.00>
ST_1 : Operation 24 [1/1] (0.00ns)   --->   "%stats_27_val_read = read i32 @_ssdm_op_Read.ap_auto.float, i32 %stats_27_val"   --->   Operation 24 'read' 'stats_27_val_read' <Predicate = true> <Delay = 0.00>
ST_1 : Operation 25 [1/1] (0.00ns)   --->   "%stats_11_val_read = read i32 @_ssdm_op_Read.ap_auto.float, i32 %stats_11_val"   --->   Operation 25 'read' 'stats_11_val_read' <Predicate = true> <Delay = 0.00>
ST_1 : Operation 26 [1/1] (0.00ns)   --->   "%stats_58_val_read = read i32 @_ssdm_op_Read.ap_auto.float, i32 %stats_58_val"   --->   Operation 26 'read' 'stats_58_val_read' <Predicate = true> <Delay = 0.00>
ST_1 : Operation 27 [1/1] (0.00ns)   --->   "%stats_42_val_read = read i32 @_ssdm_op_Read.ap_auto.float, i32 %stats_42_val"   --->   Operation 27 'read' 'stats_42_val_read' <Predicate = true> <Delay = 0.00>
ST_1 : Operation 28 [1/1] (0.00ns)   --->   "%stats_26_val_read = read i32 @_ssdm_op_Read.ap_auto.float, i32 %stats_26_val"   --->   Operation 28 'read' 'stats_26_val_read' <Predicate = true> <Delay = 0.00>
ST_1 : Operation 29 [1/1] (0.00ns)   --->   "%stats_10_val_read = read i32 @_ssdm_op_Read.ap_auto.float, i32 %stats_10_val"   --->   Operation 29 'read' 'stats_10_val_read' <Predicate = true> <Delay = 0.00>
ST_1 : Operation 30 [1/1] (0.00ns)   --->   "%stats_57_val_read = read i32 @_ssdm_op_Read.ap_auto.float, i32 %stats_57_val"   --->   Operation 30 'read' 'stats_57_val_read' <Predicate = true> <Delay = 0.00>
ST_1 : Operation 31 [1/1] (0.00ns)   --->   "%stats_41_val_read = read i32 @_ssdm_op_Read.ap_auto.float, i32 %stats_41_val"   --->   Operation 31 'read' 'stats_41_val_read' <Predicate = true> <Delay = 0.00>
ST_1 : Operation 32 [1/1] (0.00ns)   --->   "%stats_25_val_read = read i32 @_ssdm_op_Read.ap_auto.float, i32 %stats_25_val"   --->   Operation 32 'read' 'stats_25_val_read' <Predicate = true> <Delay = 0.00>
ST_1 : Operation 33 [1/1] (0.00ns)   --->   "%stats_9_val_read = read i32 @_ssdm_op_Read.ap_auto.float, i32 %stats_9_val"   --->   Operation 33 'read' 'stats_9_val_read' <Predicate = true> <Delay = 0.00>
ST_1 : Operation 34 [1/1] (0.00ns)   --->   "%stats_56_val_read = read i32 @_ssdm_op_Read.ap_auto.float, i32 %stats_56_val"   --->   Operation 34 'read' 'stats_56_val_read' <Predicate = true> <Delay = 0.00>
ST_1 : Operation 35 [1/1] (0.00ns)   --->   "%stats_40_val_read = read i32 @_ssdm_op_Read.ap_auto.float, i32 %stats_40_val"   --->   Operation 35 'read' 'stats_40_val_read' <Predicate = true> <Delay = 0.00>
ST_1 : Operation 36 [1/1] (0.00ns)   --->   "%stats_24_val_read = read i32 @_ssdm_op_Read.ap_auto.float, i32 %stats_24_val"   --->   Operation 36 'read' 'stats_24_val_read' <Predicate = true> <Delay = 0.00>
ST_1 : Operation 37 [1/1] (0.00ns)   --->   "%stats_8_val_read = read i32 @_ssdm_op_Read.ap_auto.float, i32 %stats_8_val"   --->   Operation 37 'read' 'stats_8_val_read' <Predicate = true> <Delay = 0.00>
ST_1 : Operation 38 [1/1] (0.00ns)   --->   "%stats_55_val_read = read i32 @_ssdm_op_Read.ap_auto.float, i32 %stats_55_val"   --->   Operation 38 'read' 'stats_55_val_read' <Predicate = true> <Delay = 0.00>
ST_1 : Operation 39 [1/1] (0.00ns)   --->   "%stats_39_val_read = read i32 @_ssdm_op_Read.ap_auto.float, i32 %stats_39_val"   --->   Operation 39 'read' 'stats_39_val_read' <Predicate = true> <Delay = 0.00>
ST_1 : Operation 40 [1/1] (0.00ns)   --->   "%stats_23_val_read = read i32 @_ssdm_op_Read.ap_auto.float, i32 %stats_23_val"   --->   Operation 40 'read' 'stats_23_val_read' <Predicate = true> <Delay = 0.00>
ST_1 : Operation 41 [1/1] (0.00ns)   --->   "%stats_7_val_read = read i32 @_ssdm_op_Read.ap_auto.float, i32 %stats_7_val"   --->   Operation 41 'read' 'stats_7_val_read' <Predicate = true> <Delay = 0.00>
ST_1 : Operation 42 [1/1] (0.00ns)   --->   "%stats_54_val_read = read i32 @_ssdm_op_Read.ap_auto.float, i32 %stats_54_val"   --->   Operation 42 'read' 'stats_54_val_read' <Predicate = true> <Delay = 0.00>
ST_1 : Operation 43 [1/1] (0.00ns)   --->   "%stats_38_val_read = read i32 @_ssdm_op_Read.ap_auto.float, i32 %stats_38_val"   --->   Operation 43 'read' 'stats_38_val_read' <Predicate = true> <Delay = 0.00>
ST_1 : Operation 44 [1/1] (0.00ns)   --->   "%stats_22_val_read = read i32 @_ssdm_op_Read.ap_auto.float, i32 %stats_22_val"   --->   Operation 44 'read' 'stats_22_val_read' <Predicate = true> <Delay = 0.00>
ST_1 : Operation 45 [1/1] (0.00ns)   --->   "%stats_6_val_read = read i32 @_ssdm_op_Read.ap_auto.float, i32 %stats_6_val"   --->   Operation 45 'read' 'stats_6_val_read' <Predicate = true> <Delay = 0.00>
ST_1 : Operation 46 [1/1] (0.00ns)   --->   "%stats_53_val_read = read i32 @_ssdm_op_Read.ap_auto.float, i32 %stats_53_val"   --->   Operation 46 'read' 'stats_53_val_read' <Predicate = true> <Delay = 0.00>
ST_1 : Operation 47 [1/1] (0.00ns)   --->   "%stats_37_val_read = read i32 @_ssdm_op_Read.ap_auto.float, i32 %stats_37_val"   --->   Operation 47 'read' 'stats_37_val_read' <Predicate = true> <Delay = 0.00>
ST_1 : Operation 48 [1/1] (0.00ns)   --->   "%stats_21_val_read = read i32 @_ssdm_op_Read.ap_auto.float, i32 %stats_21_val"   --->   Operation 48 'read' 'stats_21_val_read' <Predicate = true> <Delay = 0.00>
ST_1 : Operation 49 [1/1] (0.00ns)   --->   "%stats_5_val_read = read i32 @_ssdm_op_Read.ap_auto.float, i32 %stats_5_val"   --->   Operation 49 'read' 'stats_5_val_read' <Predicate = true> <Delay = 0.00>
ST_1 : Operation 50 [1/1] (0.00ns)   --->   "%stats_52_val_read = read i32 @_ssdm_op_Read.ap_auto.float, i32 %stats_52_val"   --->   Operation 50 'read' 'stats_52_val_read' <Predicate = true> <Delay = 0.00>
ST_1 : Operation 51 [1/1] (0.00ns)   --->   "%stats_36_val_read = read i32 @_ssdm_op_Read.ap_auto.float, i32 %stats_36_val"   --->   Operation 51 'read' 'stats_36_val_read' <Predicate = true> <Delay = 0.00>
ST_1 : Operation 52 [1/1] (0.00ns)   --->   "%stats_20_val_read = read i32 @_ssdm_op_Read.ap_auto.float, i32 %stats_20_val"   --->   Operation 52 'read' 'stats_20_val_read' <Predicate = true> <Delay = 0.00>
ST_1 : Operation 53 [1/1] (0.00ns)   --->   "%stats_4_val_read = read i32 @_ssdm_op_Read.ap_auto.float, i32 %stats_4_val"   --->   Operation 53 'read' 'stats_4_val_read' <Predicate = true> <Delay = 0.00>
ST_1 : Operation 54 [1/1] (0.00ns)   --->   "%stats_51_val_read = read i32 @_ssdm_op_Read.ap_auto.float, i32 %stats_51_val"   --->   Operation 54 'read' 'stats_51_val_read' <Predicate = true> <Delay = 0.00>
ST_1 : Operation 55 [1/1] (0.00ns)   --->   "%stats_35_val_read = read i32 @_ssdm_op_Read.ap_auto.float, i32 %stats_35_val"   --->   Operation 55 'read' 'stats_35_val_read' <Predicate = true> <Delay = 0.00>
ST_1 : Operation 56 [1/1] (0.00ns)   --->   "%stats_19_val_read = read i32 @_ssdm_op_Read.ap_auto.float, i32 %stats_19_val"   --->   Operation 56 'read' 'stats_19_val_read' <Predicate = true> <Delay = 0.00>
ST_1 : Operation 57 [1/1] (0.00ns)   --->   "%stats_3_val_read = read i32 @_ssdm_op_Read.ap_auto.float, i32 %stats_3_val"   --->   Operation 57 'read' 'stats_3_val_read' <Predicate = true> <Delay = 0.00>
ST_1 : Operation 58 [1/1] (0.00ns)   --->   "%stats_50_val_read = read i32 @_ssdm_op_Read.ap_auto.float, i32 %stats_50_val"   --->   Operation 58 'read' 'stats_50_val_read' <Predicate = true> <Delay = 0.00>
ST_1 : Operation 59 [1/1] (0.00ns)   --->   "%stats_34_val_read = read i32 @_ssdm_op_Read.ap_auto.float, i32 %stats_34_val"   --->   Operation 59 'read' 'stats_34_val_read' <Predicate = true> <Delay = 0.00>
ST_1 : Operation 60 [1/1] (0.00ns)   --->   "%stats_18_val_read = read i32 @_ssdm_op_Read.ap_auto.float, i32 %stats_18_val"   --->   Operation 60 'read' 'stats_18_val_read' <Predicate = true> <Delay = 0.00>
ST_1 : Operation 61 [1/1] (0.00ns)   --->   "%stats_2_val_read = read i32 @_ssdm_op_Read.ap_auto.float, i32 %stats_2_val"   --->   Operation 61 'read' 'stats_2_val_read' <Predicate = true> <Delay = 0.00>
ST_1 : Operation 62 [1/1] (0.00ns)   --->   "%stats_49_val_read = read i32 @_ssdm_op_Read.ap_auto.float, i32 %stats_49_val"   --->   Operation 62 'read' 'stats_49_val_read' <Predicate = true> <Delay = 0.00>
ST_1 : Operation 63 [1/1] (0.00ns)   --->   "%stats_33_val_read = read i32 @_ssdm_op_Read.ap_auto.float, i32 %stats_33_val"   --->   Operation 63 'read' 'stats_33_val_read' <Predicate = true> <Delay = 0.00>
ST_1 : Operation 64 [1/1] (0.00ns)   --->   "%stats_17_val_read = read i32 @_ssdm_op_Read.ap_auto.float, i32 %stats_17_val"   --->   Operation 64 'read' 'stats_17_val_read' <Predicate = true> <Delay = 0.00>
ST_1 : Operation 65 [1/1] (0.00ns)   --->   "%stats_1_val_read = read i32 @_ssdm_op_Read.ap_auto.float, i32 %stats_1_val"   --->   Operation 65 'read' 'stats_1_val_read' <Predicate = true> <Delay = 0.00>
ST_1 : Operation 66 [1/1] (0.00ns)   --->   "%stats_48_val_read = read i32 @_ssdm_op_Read.ap_auto.float, i32 %stats_48_val"   --->   Operation 66 'read' 'stats_48_val_read' <Predicate = true> <Delay = 0.00>
ST_1 : Operation 67 [1/1] (0.00ns)   --->   "%stats_32_val_read = read i32 @_ssdm_op_Read.ap_auto.float, i32 %stats_32_val"   --->   Operation 67 'read' 'stats_32_val_read' <Predicate = true> <Delay = 0.00>
ST_1 : Operation 68 [1/1] (0.00ns)   --->   "%stats_16_val_read = read i32 @_ssdm_op_Read.ap_auto.float, i32 %stats_16_val"   --->   Operation 68 'read' 'stats_16_val_read' <Predicate = true> <Delay = 0.00>
ST_1 : Operation 69 [1/1] (0.00ns)   --->   "%stats_0_val_read = read i32 @_ssdm_op_Read.ap_auto.float, i32 %stats_0_val"   --->   Operation 69 'read' 'stats_0_val_read' <Predicate = true> <Delay = 0.00>
ST_1 : Operation 70 [1/1] (0.00ns)   --->   "%sext_ln272_read = read i58 @_ssdm_op_Read.ap_auto.i58, i58 %sext_ln272"   --->   Operation 70 'read' 'sext_ln272_read' <Predicate = true> <Delay = 0.00>
ST_1 : Operation 71 [1/1] (0.00ns)   --->   "%total_beats_read = read i29 @_ssdm_op_Read.ap_auto.i29, i29 %total_beats"   --->   Operation 71 'read' 'total_beats_read' <Predicate = true> <Delay = 0.00>
ST_1 : Operation 72 [1/1] (0.00ns)   --->   "%num_elements_read = read i32 @_ssdm_op_Read.ap_auto.i32, i32 %num_elements"   --->   Operation 72 'read' 'num_elements_read' <Predicate = true> <Delay = 0.00>
ST_1 : Operation 73 [1/1] (0.00ns)   --->   "%sext_ln272_cast = sext i58 %sext_ln272_read"   --->   Operation 73 'sext' 'sext_ln272_cast' <Predicate = true> <Delay = 0.00>
ST_1 : Operation 74 [1/1] (0.00ns)   --->   "%specinterface_ln0 = specinterface void @_ssdm_op_SpecInterface, i512 %gmem_l, void @empty_21, i32 0, i32 0, void @empty_27, i32 64, i32 4096, void @empty_33, void @empty_28, void @empty_27, i32 16, i32 4, i32 16, i32 16, void @empty_27, void @empty_27, i32 4294967295, i32 0, i32 0"   --->   Operation 74 'specinterface' 'specinterface_ln0' <Predicate = true> <Delay = 0.00>
ST_1 : Operation 75 [1/1] (0.42ns)   --->   "%store_ln272 = store i27 0, i27 %b" [./flashattentionmemory.h:272]   --->   Operation 75 'store' 'store_ln272' <Predicate = true> <Delay = 0.42>
ST_1 : Operation 76 [1/1] (0.00ns)   --->   "%br_ln0 = br void %VITIS_LOOP_276_1"   --->   Operation 76 'br' 'br_ln0' <Predicate = true> <Delay = 0.00>
ST_1 : Operation 77 [1/1] (0.00ns)   --->   "%b_1 = load i27 %b" [./flashattentionmemory.h:272]   --->   Operation 77 'load' 'b_1' <Predicate = true> <Delay = 0.00>
ST_1 : Operation 78 [1/1] (0.84ns)   --->   "%add_ln272 = add i27 %b_1, i27 1" [./flashattentionmemory.h:272]   --->   Operation 78 'add' 'add_ln272' <Predicate = true> <Delay = 0.84> <CoreInst = "Adder">   --->   Core 1 'Adder' <Latency = 0> <II = 1> <Delay = 0.84> <FuncUnit> <Opcode : 'add' 'sub'> <InPorts = 2> <OutPorts = 1>
ST_1 : Operation 79 [1/1] (0.00ns)   --->   "%zext_ln272 = zext i27 %b_1" [./flashattentionmemory.h:272]   --->   Operation 79 'zext' 'zext_ln272' <Predicate = true> <Delay = 0.00>
ST_1 : Operation 80 [1/1] (0.68ns)   --->   "%icmp_ln272 = icmp_slt  i29 %zext_ln272, i29 %total_beats_read" [./flashattentionmemory.h:272]   --->   Operation 80 'icmp' 'icmp_ln272' <Predicate = true> <Delay = 0.68> <CoreInst = "Cmp">   --->   Core 9 'Cmp' <Latency = 0> <II = 1> <Delay = 0.68> <FuncUnit> <Opcode : 'setle' 'setge' 'setlt' 'setgt'> <InPorts = 2> <OutPorts = 1>
ST_1 : Operation 81 [1/1] (0.00ns)   --->   "%br_ln272 = br i1 %icmp_ln272, void %for.end15.loopexit.exitStub, void %VITIS_LOOP_276_1.split_ifconv" [./flashattentionmemory.h:272]   --->   Operation 81 'br' 'br_ln272' <Predicate = true> <Delay = 0.00>
ST_1 : Operation 82 [1/1] (0.00ns)   --->   "%trunc_ln272 = trunc i27 %b_1" [./flashattentionmemory.h:272]   --->   Operation 82 'trunc' 'trunc_ln272' <Predicate = (icmp_ln272)> <Delay = 0.00>
ST_1 : Operation 83 [1/1] (0.00ns)   --->   "%tmp_15 = bitconcatenate i31 @_ssdm_op_BitConcatenate.i31.i27.i4, i27 %b_1, i4 0" [./flashattentionmemory.h:272]   --->   Operation 83 'bitconcatenate' 'tmp_15' <Predicate = (icmp_ln272)> <Delay = 0.00>
ST_1 : Operation 84 [1/1] (0.00ns)   --->   "%zext_ln279 = zext i31 %tmp_15" [./flashattentionmemory.h:279]   --->   Operation 84 'zext' 'zext_ln279' <Predicate = (icmp_ln272)> <Delay = 0.00>
ST_1 : Operation 85 [1/1] (0.67ns)   --->   "%icmp_ln279 = icmp_slt  i32 %zext_ln279, i32 %num_elements_read" [./flashattentionmemory.h:279]   --->   Operation 85 'icmp' 'icmp_ln279' <Predicate = (icmp_ln272)> <Delay = 0.67> <CoreInst = "Cmp">   --->   Core 9 'Cmp' <Latency = 0> <II = 1> <Delay = 0.67> <FuncUnit> <Opcode : 'setle' 'setge' 'setlt' 'setgt'> <InPorts = 2> <OutPorts = 1>
ST_1 : Operation 86 [1/1] (0.43ns)   --->   "%tmp = sparsemux i32 @_ssdm_op_SparseMux.ap_auto.4float.float.i2, i2 0, i32 %stats_0_val_read, i2 1, i32 %stats_16_val_read, i2 2, i32 %stats_32_val_read, i2 3, i32 %stats_48_val_read, i32 <undef>, i2 %trunc_ln272" [./flashattentionmemory.h:279]   --->   Operation 86 'sparsemux' 'tmp' <Predicate = (icmp_ln272)> <Delay = 0.43> <CoreInst = "BinarySparseMux_DontCare">   --->   Core 150 'BinarySparseMux_DontCare' <Latency = 0> <II = 1> <Delay = 0.43> <FuncUnit> <Opcode : 'sparsemux'> <InPorts = 0> <OutPorts = 1>
ST_1 : Operation 87 [1/1] (0.00ns)   --->   "%bitcast_ln279 = bitcast i32 %tmp" [./flashattentionmemory.h:279]   --->   Operation 87 'bitcast' 'bitcast_ln279' <Predicate = (icmp_ln272)> <Delay = 0.00>
ST_1 : Operation 88 [1/1] (0.41ns)   --->   "%empty = select i1 %icmp_ln279, i32 %bitcast_ln279, i32 0" [./flashattentionmemory.h:279]   --->   Operation 88 'select' 'empty' <Predicate = (icmp_ln272)> <Delay = 0.41> <CoreInst = "Sel">   --->   Core 77 'Sel' <Latency = 0> <II = 1> <Delay = 0.41> <FuncUnit> <Opcode : 'select'> <InPorts = 3> <OutPorts = 1>
ST_1 : Operation 89 [1/1] (0.00ns)   --->   "%or_ln = bitconcatenate i31 @_ssdm_op_BitConcatenate.i31.i27.i4, i27 %b_1, i4 1" [./flashattentionmemory.h:278]   --->   Operation 89 'bitconcatenate' 'or_ln' <Predicate = (icmp_ln272)> <Delay = 0.00>
ST_1 : Operation 90 [1/1] (0.00ns)   --->   "%zext_ln279_1 = zext i31 %or_ln" [./flashattentionmemory.h:279]   --->   Operation 90 'zext' 'zext_ln279_1' <Predicate = (icmp_ln272)> <Delay = 0.00>
ST_1 : Operation 91 [1/1] (0.67ns)   --->   "%icmp_ln279_1 = icmp_slt  i32 %zext_ln279_1, i32 %num_elements_read" [./flashattentionmemory.h:279]   --->   Operation 91 'icmp' 'icmp_ln279_1' <Predicate = (icmp_ln272)> <Delay = 0.67> <CoreInst = "Cmp">   --->   Core 9 'Cmp' <Latency = 0> <II = 1> <Delay = 0.67> <FuncUnit> <Opcode : 'setle' 'setge' 'setlt' 'setgt'> <InPorts = 2> <OutPorts = 1>
ST_1 : Operation 92 [1/1] (0.43ns)   --->   "%tmp_7 = sparsemux i32 @_ssdm_op_SparseMux.ap_auto.4float.float.i2, i2 0, i32 %stats_1_val_read, i2 1, i32 %stats_17_val_read, i2 2, i32 %stats_33_val_read, i2 3, i32 %stats_49_val_read, i32 <undef>, i2 %trunc_ln272" [./flashattentionmemory.h:279]   --->   Operation 92 'sparsemux' 'tmp_7' <Predicate = (icmp_ln272)> <Delay = 0.43> <CoreInst = "BinarySparseMux_DontCare">   --->   Core 150 'BinarySparseMux_DontCare' <Latency = 0> <II = 1> <Delay = 0.43> <FuncUnit> <Opcode : 'sparsemux'> <InPorts = 0> <OutPorts = 1>
ST_1 : Operation 93 [1/1] (0.00ns)   --->   "%bitcast_ln279_1 = bitcast i32 %tmp_7" [./flashattentionmemory.h:279]   --->   Operation 93 'bitcast' 'bitcast_ln279_1' <Predicate = (icmp_ln272)> <Delay = 0.00>
ST_1 : Operation 94 [1/1] (0.41ns)   --->   "%empty_58 = select i1 %icmp_ln279_1, i32 %bitcast_ln279_1, i32 0" [./flashattentionmemory.h:279]   --->   Operation 94 'select' 'empty_58' <Predicate = (icmp_ln272)> <Delay = 0.41> <CoreInst = "Sel">   --->   Core 77 'Sel' <Latency = 0> <II = 1> <Delay = 0.41> <FuncUnit> <Opcode : 'select'> <InPorts = 3> <OutPorts = 1>
ST_1 : Operation 95 [1/1] (0.00ns)   --->   "%or_ln278_1 = bitconcatenate i31 @_ssdm_op_BitConcatenate.i31.i27.i4, i27 %b_1, i4 2" [./flashattentionmemory.h:278]   --->   Operation 95 'bitconcatenate' 'or_ln278_1' <Predicate = (icmp_ln272)> <Delay = 0.00>
ST_1 : Operation 96 [1/1] (0.00ns)   --->   "%zext_ln279_2 = zext i31 %or_ln278_1" [./flashattentionmemory.h:279]   --->   Operation 96 'zext' 'zext_ln279_2' <Predicate = (icmp_ln272)> <Delay = 0.00>
ST_1 : Operation 97 [1/1] (0.67ns)   --->   "%icmp_ln279_2 = icmp_slt  i32 %zext_ln279_2, i32 %num_elements_read" [./flashattentionmemory.h:279]   --->   Operation 97 'icmp' 'icmp_ln279_2' <Predicate = (icmp_ln272)> <Delay = 0.67> <CoreInst = "Cmp">   --->   Core 9 'Cmp' <Latency = 0> <II = 1> <Delay = 0.67> <FuncUnit> <Opcode : 'setle' 'setge' 'setlt' 'setgt'> <InPorts = 2> <OutPorts = 1>
ST_1 : Operation 98 [1/1] (0.43ns)   --->   "%tmp_8 = sparsemux i32 @_ssdm_op_SparseMux.ap_auto.4float.float.i2, i2 0, i32 %stats_2_val_read, i2 1, i32 %stats_18_val_read, i2 2, i32 %stats_34_val_read, i2 3, i32 %stats_50_val_read, i32 <undef>, i2 %trunc_ln272" [./flashattentionmemory.h:279]   --->   Operation 98 'sparsemux' 'tmp_8' <Predicate = (icmp_ln272)> <Delay = 0.43> <CoreInst = "BinarySparseMux_DontCare">   --->   Core 150 'BinarySparseMux_DontCare' <Latency = 0> <II = 1> <Delay = 0.43> <FuncUnit> <Opcode : 'sparsemux'> <InPorts = 0> <OutPorts = 1>
ST_1 : Operation 99 [1/1] (0.00ns)   --->   "%bitcast_ln279_2 = bitcast i32 %tmp_8" [./flashattentionmemory.h:279]   --->   Operation 99 'bitcast' 'bitcast_ln279_2' <Predicate = (icmp_ln272)> <Delay = 0.00>
ST_1 : Operation 100 [1/1] (0.41ns)   --->   "%empty_59 = select i1 %icmp_ln279_2, i32 %bitcast_ln279_2, i32 0" [./flashattentionmemory.h:279]   --->   Operation 100 'select' 'empty_59' <Predicate = (icmp_ln272)> <Delay = 0.41> <CoreInst = "Sel">   --->   Core 77 'Sel' <Latency = 0> <II = 1> <Delay = 0.41> <FuncUnit> <Opcode : 'select'> <InPorts = 3> <OutPorts = 1>
ST_1 : Operation 101 [1/1] (0.00ns)   --->   "%or_ln278_2 = bitconcatenate i31 @_ssdm_op_BitConcatenate.i31.i27.i4, i27 %b_1, i4 3" [./flashattentionmemory.h:278]   --->   Operation 101 'bitconcatenate' 'or_ln278_2' <Predicate = (icmp_ln272)> <Delay = 0.00>
ST_1 : Operation 102 [1/1] (0.00ns)   --->   "%zext_ln279_3 = zext i31 %or_ln278_2" [./flashattentionmemory.h:279]   --->   Operation 102 'zext' 'zext_ln279_3' <Predicate = (icmp_ln272)> <Delay = 0.00>
ST_1 : Operation 103 [1/1] (0.67ns)   --->   "%icmp_ln279_3 = icmp_slt  i32 %zext_ln279_3, i32 %num_elements_read" [./flashattentionmemory.h:279]   --->   Operation 103 'icmp' 'icmp_ln279_3' <Predicate = (icmp_ln272)> <Delay = 0.67> <CoreInst = "Cmp">   --->   Core 9 'Cmp' <Latency = 0> <II = 1> <Delay = 0.67> <FuncUnit> <Opcode : 'setle' 'setge' 'setlt' 'setgt'> <InPorts = 2> <OutPorts = 1>
ST_1 : Operation 104 [1/1] (0.43ns)   --->   "%tmp_9 = sparsemux i32 @_ssdm_op_SparseMux.ap_auto.4float.float.i2, i2 0, i32 %stats_3_val_read, i2 1, i32 %stats_19_val_read, i2 2, i32 %stats_35_val_read, i2 3, i32 %stats_51_val_read, i32 <undef>, i2 %trunc_ln272" [./flashattentionmemory.h:279]   --->   Operation 104 'sparsemux' 'tmp_9' <Predicate = (icmp_ln272)> <Delay = 0.43> <CoreInst = "BinarySparseMux_DontCare">   --->   Core 150 'BinarySparseMux_DontCare' <Latency = 0> <II = 1> <Delay = 0.43> <FuncUnit> <Opcode : 'sparsemux'> <InPorts = 0> <OutPorts = 1>
ST_1 : Operation 105 [1/1] (0.00ns)   --->   "%bitcast_ln279_3 = bitcast i32 %tmp_9" [./flashattentionmemory.h:279]   --->   Operation 105 'bitcast' 'bitcast_ln279_3' <Predicate = (icmp_ln272)> <Delay = 0.00>
ST_1 : Operation 106 [1/1] (0.41ns)   --->   "%empty_60 = select i1 %icmp_ln279_3, i32 %bitcast_ln279_3, i32 0" [./flashattentionmemory.h:279]   --->   Operation 106 'select' 'empty_60' <Predicate = (icmp_ln272)> <Delay = 0.41> <CoreInst = "Sel">   --->   Core 77 'Sel' <Latency = 0> <II = 1> <Delay = 0.41> <FuncUnit> <Opcode : 'select'> <InPorts = 3> <OutPorts = 1>
ST_1 : Operation 107 [1/1] (0.00ns)   --->   "%or_ln278_3 = bitconcatenate i31 @_ssdm_op_BitConcatenate.i31.i27.i4, i27 %b_1, i4 4" [./flashattentionmemory.h:278]   --->   Operation 107 'bitconcatenate' 'or_ln278_3' <Predicate = (icmp_ln272)> <Delay = 0.00>
ST_1 : Operation 108 [1/1] (0.00ns)   --->   "%zext_ln279_4 = zext i31 %or_ln278_3" [./flashattentionmemory.h:279]   --->   Operation 108 'zext' 'zext_ln279_4' <Predicate = (icmp_ln272)> <Delay = 0.00>
ST_1 : Operation 109 [1/1] (0.67ns)   --->   "%icmp_ln279_4 = icmp_slt  i32 %zext_ln279_4, i32 %num_elements_read" [./flashattentionmemory.h:279]   --->   Operation 109 'icmp' 'icmp_ln279_4' <Predicate = (icmp_ln272)> <Delay = 0.67> <CoreInst = "Cmp">   --->   Core 9 'Cmp' <Latency = 0> <II = 1> <Delay = 0.67> <FuncUnit> <Opcode : 'setle' 'setge' 'setlt' 'setgt'> <InPorts = 2> <OutPorts = 1>
ST_1 : Operation 110 [1/1] (0.43ns)   --->   "%tmp_s = sparsemux i32 @_ssdm_op_SparseMux.ap_auto.4float.float.i2, i2 0, i32 %stats_4_val_read, i2 1, i32 %stats_20_val_read, i2 2, i32 %stats_36_val_read, i2 3, i32 %stats_52_val_read, i32 <undef>, i2 %trunc_ln272" [./flashattentionmemory.h:279]   --->   Operation 110 'sparsemux' 'tmp_s' <Predicate = (icmp_ln272)> <Delay = 0.43> <CoreInst = "BinarySparseMux_DontCare">   --->   Core 150 'BinarySparseMux_DontCare' <Latency = 0> <II = 1> <Delay = 0.43> <FuncUnit> <Opcode : 'sparsemux'> <InPorts = 0> <OutPorts = 1>
ST_1 : Operation 111 [1/1] (0.00ns)   --->   "%bitcast_ln279_4 = bitcast i32 %tmp_s" [./flashattentionmemory.h:279]   --->   Operation 111 'bitcast' 'bitcast_ln279_4' <Predicate = (icmp_ln272)> <Delay = 0.00>
ST_1 : Operation 112 [1/1] (0.41ns)   --->   "%empty_61 = select i1 %icmp_ln279_4, i32 %bitcast_ln279_4, i32 0" [./flashattentionmemory.h:279]   --->   Operation 112 'select' 'empty_61' <Predicate = (icmp_ln272)> <Delay = 0.41> <CoreInst = "Sel">   --->   Core 77 'Sel' <Latency = 0> <II = 1> <Delay = 0.41> <FuncUnit> <Opcode : 'select'> <InPorts = 3> <OutPorts = 1>
ST_1 : Operation 113 [1/1] (0.00ns)   --->   "%or_ln278_4 = bitconcatenate i31 @_ssdm_op_BitConcatenate.i31.i27.i4, i27 %b_1, i4 5" [./flashattentionmemory.h:278]   --->   Operation 113 'bitconcatenate' 'or_ln278_4' <Predicate = (icmp_ln272)> <Delay = 0.00>
ST_1 : Operation 114 [1/1] (0.00ns)   --->   "%zext_ln279_5 = zext i31 %or_ln278_4" [./flashattentionmemory.h:279]   --->   Operation 114 'zext' 'zext_ln279_5' <Predicate = (icmp_ln272)> <Delay = 0.00>
ST_1 : Operation 115 [1/1] (0.67ns)   --->   "%icmp_ln279_5 = icmp_slt  i32 %zext_ln279_5, i32 %num_elements_read" [./flashattentionmemory.h:279]   --->   Operation 115 'icmp' 'icmp_ln279_5' <Predicate = (icmp_ln272)> <Delay = 0.67> <CoreInst = "Cmp">   --->   Core 9 'Cmp' <Latency = 0> <II = 1> <Delay = 0.67> <FuncUnit> <Opcode : 'setle' 'setge' 'setlt' 'setgt'> <InPorts = 2> <OutPorts = 1>
ST_1 : Operation 116 [1/1] (0.43ns)   --->   "%tmp_1 = sparsemux i32 @_ssdm_op_SparseMux.ap_auto.4float.float.i2, i2 0, i32 %stats_5_val_read, i2 1, i32 %stats_21_val_read, i2 2, i32 %stats_37_val_read, i2 3, i32 %stats_53_val_read, i32 <undef>, i2 %trunc_ln272" [./flashattentionmemory.h:279]   --->   Operation 116 'sparsemux' 'tmp_1' <Predicate = (icmp_ln272)> <Delay = 0.43> <CoreInst = "BinarySparseMux_DontCare">   --->   Core 150 'BinarySparseMux_DontCare' <Latency = 0> <II = 1> <Delay = 0.43> <FuncUnit> <Opcode : 'sparsemux'> <InPorts = 0> <OutPorts = 1>
ST_1 : Operation 117 [1/1] (0.00ns)   --->   "%bitcast_ln279_5 = bitcast i32 %tmp_1" [./flashattentionmemory.h:279]   --->   Operation 117 'bitcast' 'bitcast_ln279_5' <Predicate = (icmp_ln272)> <Delay = 0.00>
ST_1 : Operation 118 [1/1] (0.41ns)   --->   "%empty_62 = select i1 %icmp_ln279_5, i32 %bitcast_ln279_5, i32 0" [./flashattentionmemory.h:279]   --->   Operation 118 'select' 'empty_62' <Predicate = (icmp_ln272)> <Delay = 0.41> <CoreInst = "Sel">   --->   Core 77 'Sel' <Latency = 0> <II = 1> <Delay = 0.41> <FuncUnit> <Opcode : 'select'> <InPorts = 3> <OutPorts = 1>
ST_1 : Operation 119 [1/1] (0.00ns)   --->   "%or_ln278_5 = bitconcatenate i31 @_ssdm_op_BitConcatenate.i31.i27.i4, i27 %b_1, i4 6" [./flashattentionmemory.h:278]   --->   Operation 119 'bitconcatenate' 'or_ln278_5' <Predicate = (icmp_ln272)> <Delay = 0.00>
ST_1 : Operation 120 [1/1] (0.00ns)   --->   "%zext_ln279_6 = zext i31 %or_ln278_5" [./flashattentionmemory.h:279]   --->   Operation 120 'zext' 'zext_ln279_6' <Predicate = (icmp_ln272)> <Delay = 0.00>
ST_1 : Operation 121 [1/1] (0.67ns)   --->   "%icmp_ln279_6 = icmp_slt  i32 %zext_ln279_6, i32 %num_elements_read" [./flashattentionmemory.h:279]   --->   Operation 121 'icmp' 'icmp_ln279_6' <Predicate = (icmp_ln272)> <Delay = 0.67> <CoreInst = "Cmp">   --->   Core 9 'Cmp' <Latency = 0> <II = 1> <Delay = 0.67> <FuncUnit> <Opcode : 'setle' 'setge' 'setlt' 'setgt'> <InPorts = 2> <OutPorts = 1>
ST_1 : Operation 122 [1/1] (0.43ns)   --->   "%tmp_2 = sparsemux i32 @_ssdm_op_SparseMux.ap_auto.4float.float.i2, i2 0, i32 %stats_6_val_read, i2 1, i32 %stats_22_val_read, i2 2, i32 %stats_38_val_read, i2 3, i32 %stats_54_val_read, i32 <undef>, i2 %trunc_ln272" [./flashattentionmemory.h:279]   --->   Operation 122 'sparsemux' 'tmp_2' <Predicate = (icmp_ln272)> <Delay = 0.43> <CoreInst = "BinarySparseMux_DontCare">   --->   Core 150 'BinarySparseMux_DontCare' <Latency = 0> <II = 1> <Delay = 0.43> <FuncUnit> <Opcode : 'sparsemux'> <InPorts = 0> <OutPorts = 1>
ST_1 : Operation 123 [1/1] (0.00ns)   --->   "%bitcast_ln279_6 = bitcast i32 %tmp_2" [./flashattentionmemory.h:279]   --->   Operation 123 'bitcast' 'bitcast_ln279_6' <Predicate = (icmp_ln272)> <Delay = 0.00>
ST_1 : Operation 124 [1/1] (0.41ns)   --->   "%empty_63 = select i1 %icmp_ln279_6, i32 %bitcast_ln279_6, i32 0" [./flashattentionmemory.h:279]   --->   Operation 124 'select' 'empty_63' <Predicate = (icmp_ln272)> <Delay = 0.41> <CoreInst = "Sel">   --->   Core 77 'Sel' <Latency = 0> <II = 1> <Delay = 0.41> <FuncUnit> <Opcode : 'select'> <InPorts = 3> <OutPorts = 1>
ST_1 : Operation 125 [1/1] (0.00ns)   --->   "%or_ln278_6 = bitconcatenate i31 @_ssdm_op_BitConcatenate.i31.i27.i4, i27 %b_1, i4 7" [./flashattentionmemory.h:278]   --->   Operation 125 'bitconcatenate' 'or_ln278_6' <Predicate = (icmp_ln272)> <Delay = 0.00>
ST_1 : Operation 126 [1/1] (0.00ns)   --->   "%zext_ln279_7 = zext i31 %or_ln278_6" [./flashattentionmemory.h:279]   --->   Operation 126 'zext' 'zext_ln279_7' <Predicate = (icmp_ln272)> <Delay = 0.00>
ST_1 : Operation 127 [1/1] (0.67ns)   --->   "%icmp_ln279_7 = icmp_slt  i32 %zext_ln279_7, i32 %num_elements_read" [./flashattentionmemory.h:279]   --->   Operation 127 'icmp' 'icmp_ln279_7' <Predicate = (icmp_ln272)> <Delay = 0.67> <CoreInst = "Cmp">   --->   Core 9 'Cmp' <Latency = 0> <II = 1> <Delay = 0.67> <FuncUnit> <Opcode : 'setle' 'setge' 'setlt' 'setgt'> <InPorts = 2> <OutPorts = 1>
ST_1 : Operation 128 [1/1] (0.43ns)   --->   "%tmp_3 = sparsemux i32 @_ssdm_op_SparseMux.ap_auto.4float.float.i2, i2 0, i32 %stats_7_val_read, i2 1, i32 %stats_23_val_read, i2 2, i32 %stats_39_val_read, i2 3, i32 %stats_55_val_read, i32 <undef>, i2 %trunc_ln272" [./flashattentionmemory.h:279]   --->   Operation 128 'sparsemux' 'tmp_3' <Predicate = (icmp_ln272)> <Delay = 0.43> <CoreInst = "BinarySparseMux_DontCare">   --->   Core 150 'BinarySparseMux_DontCare' <Latency = 0> <II = 1> <Delay = 0.43> <FuncUnit> <Opcode : 'sparsemux'> <InPorts = 0> <OutPorts = 1>
ST_1 : Operation 129 [1/1] (0.00ns)   --->   "%bitcast_ln279_7 = bitcast i32 %tmp_3" [./flashattentionmemory.h:279]   --->   Operation 129 'bitcast' 'bitcast_ln279_7' <Predicate = (icmp_ln272)> <Delay = 0.00>
ST_1 : Operation 130 [1/1] (0.41ns)   --->   "%empty_64 = select i1 %icmp_ln279_7, i32 %bitcast_ln279_7, i32 0" [./flashattentionmemory.h:279]   --->   Operation 130 'select' 'empty_64' <Predicate = (icmp_ln272)> <Delay = 0.41> <CoreInst = "Sel">   --->   Core 77 'Sel' <Latency = 0> <II = 1> <Delay = 0.41> <FuncUnit> <Opcode : 'select'> <InPorts = 3> <OutPorts = 1>
ST_1 : Operation 131 [1/1] (0.00ns)   --->   "%or_ln278_7 = bitconcatenate i31 @_ssdm_op_BitConcatenate.i31.i27.i4, i27 %b_1, i4 8" [./flashattentionmemory.h:278]   --->   Operation 131 'bitconcatenate' 'or_ln278_7' <Predicate = (icmp_ln272)> <Delay = 0.00>
ST_1 : Operation 132 [1/1] (0.00ns)   --->   "%zext_ln279_8 = zext i31 %or_ln278_7" [./flashattentionmemory.h:279]   --->   Operation 132 'zext' 'zext_ln279_8' <Predicate = (icmp_ln272)> <Delay = 0.00>
ST_1 : Operation 133 [1/1] (0.67ns)   --->   "%icmp_ln279_8 = icmp_slt  i32 %zext_ln279_8, i32 %num_elements_read" [./flashattentionmemory.h:279]   --->   Operation 133 'icmp' 'icmp_ln279_8' <Predicate = (icmp_ln272)> <Delay = 0.67> <CoreInst = "Cmp">   --->   Core 9 'Cmp' <Latency = 0> <II = 1> <Delay = 0.67> <FuncUnit> <Opcode : 'setle' 'setge' 'setlt' 'setgt'> <InPorts = 2> <OutPorts = 1>
ST_1 : Operation 134 [1/1] (0.43ns)   --->   "%tmp_4 = sparsemux i32 @_ssdm_op_SparseMux.ap_auto.4float.float.i2, i2 0, i32 %stats_8_val_read, i2 1, i32 %stats_24_val_read, i2 2, i32 %stats_40_val_read, i2 3, i32 %stats_56_val_read, i32 <undef>, i2 %trunc_ln272" [./flashattentionmemory.h:279]   --->   Operation 134 'sparsemux' 'tmp_4' <Predicate = (icmp_ln272)> <Delay = 0.43> <CoreInst = "BinarySparseMux_DontCare">   --->   Core 150 'BinarySparseMux_DontCare' <Latency = 0> <II = 1> <Delay = 0.43> <FuncUnit> <Opcode : 'sparsemux'> <InPorts = 0> <OutPorts = 1>
ST_1 : Operation 135 [1/1] (0.00ns)   --->   "%bitcast_ln279_8 = bitcast i32 %tmp_4" [./flashattentionmemory.h:279]   --->   Operation 135 'bitcast' 'bitcast_ln279_8' <Predicate = (icmp_ln272)> <Delay = 0.00>
ST_1 : Operation 136 [1/1] (0.41ns)   --->   "%empty_65 = select i1 %icmp_ln279_8, i32 %bitcast_ln279_8, i32 0" [./flashattentionmemory.h:279]   --->   Operation 136 'select' 'empty_65' <Predicate = (icmp_ln272)> <Delay = 0.41> <CoreInst = "Sel">   --->   Core 77 'Sel' <Latency = 0> <II = 1> <Delay = 0.41> <FuncUnit> <Opcode : 'select'> <InPorts = 3> <OutPorts = 1>
ST_1 : Operation 137 [1/1] (0.00ns)   --->   "%or_ln278_8 = bitconcatenate i31 @_ssdm_op_BitConcatenate.i31.i27.i4, i27 %b_1, i4 9" [./flashattentionmemory.h:278]   --->   Operation 137 'bitconcatenate' 'or_ln278_8' <Predicate = (icmp_ln272)> <Delay = 0.00>
ST_1 : Operation 138 [1/1] (0.00ns)   --->   "%zext_ln279_9 = zext i31 %or_ln278_8" [./flashattentionmemory.h:279]   --->   Operation 138 'zext' 'zext_ln279_9' <Predicate = (icmp_ln272)> <Delay = 0.00>
ST_1 : Operation 139 [1/1] (0.67ns)   --->   "%icmp_ln279_9 = icmp_slt  i32 %zext_ln279_9, i32 %num_elements_read" [./flashattentionmemory.h:279]   --->   Operation 139 'icmp' 'icmp_ln279_9' <Predicate = (icmp_ln272)> <Delay = 0.67> <CoreInst = "Cmp">   --->   Core 9 'Cmp' <Latency = 0> <II = 1> <Delay = 0.67> <FuncUnit> <Opcode : 'setle' 'setge' 'setlt' 'setgt'> <InPorts = 2> <OutPorts = 1>
ST_1 : Operation 140 [1/1] (0.43ns)   --->   "%tmp_5 = sparsemux i32 @_ssdm_op_SparseMux.ap_auto.4float.float.i2, i2 0, i32 %stats_9_val_read, i2 1, i32 %stats_25_val_read, i2 2, i32 %stats_41_val_read, i2 3, i32 %stats_57_val_read, i32 <undef>, i2 %trunc_ln272" [./flashattentionmemory.h:279]   --->   Operation 140 'sparsemux' 'tmp_5' <Predicate = (icmp_ln272)> <Delay = 0.43> <CoreInst = "BinarySparseMux_DontCare">   --->   Core 150 'BinarySparseMux_DontCare' <Latency = 0> <II = 1> <Delay = 0.43> <FuncUnit> <Opcode : 'sparsemux'> <InPorts = 0> <OutPorts = 1>
ST_1 : Operation 141 [1/1] (0.00ns)   --->   "%bitcast_ln279_9 = bitcast i32 %tmp_5" [./flashattentionmemory.h:279]   --->   Operation 141 'bitcast' 'bitcast_ln279_9' <Predicate = (icmp_ln272)> <Delay = 0.00>
ST_1 : Operation 142 [1/1] (0.41ns)   --->   "%empty_66 = select i1 %icmp_ln279_9, i32 %bitcast_ln279_9, i32 0" [./flashattentionmemory.h:279]   --->   Operation 142 'select' 'empty_66' <Predicate = (icmp_ln272)> <Delay = 0.41> <CoreInst = "Sel">   --->   Core 77 'Sel' <Latency = 0> <II = 1> <Delay = 0.41> <FuncUnit> <Opcode : 'select'> <InPorts = 3> <OutPorts = 1>
ST_1 : Operation 143 [1/1] (0.00ns)   --->   "%or_ln278_9 = bitconcatenate i31 @_ssdm_op_BitConcatenate.i31.i27.i4, i27 %b_1, i4 10" [./flashattentionmemory.h:278]   --->   Operation 143 'bitconcatenate' 'or_ln278_9' <Predicate = (icmp_ln272)> <Delay = 0.00>
ST_1 : Operation 144 [1/1] (0.00ns)   --->   "%zext_ln279_10 = zext i31 %or_ln278_9" [./flashattentionmemory.h:279]   --->   Operation 144 'zext' 'zext_ln279_10' <Predicate = (icmp_ln272)> <Delay = 0.00>
ST_1 : Operation 145 [1/1] (0.67ns)   --->   "%icmp_ln279_10 = icmp_slt  i32 %zext_ln279_10, i32 %num_elements_read" [./flashattentionmemory.h:279]   --->   Operation 145 'icmp' 'icmp_ln279_10' <Predicate = (icmp_ln272)> <Delay = 0.67> <CoreInst = "Cmp">   --->   Core 9 'Cmp' <Latency = 0> <II = 1> <Delay = 0.67> <FuncUnit> <Opcode : 'setle' 'setge' 'setlt' 'setgt'> <InPorts = 2> <OutPorts = 1>
ST_1 : Operation 146 [1/1] (0.43ns)   --->   "%tmp_6 = sparsemux i32 @_ssdm_op_SparseMux.ap_auto.4float.float.i2, i2 0, i32 %stats_10_val_read, i2 1, i32 %stats_26_val_read, i2 2, i32 %stats_42_val_read, i2 3, i32 %stats_58_val_read, i32 <undef>, i2 %trunc_ln272" [./flashattentionmemory.h:279]   --->   Operation 146 'sparsemux' 'tmp_6' <Predicate = (icmp_ln272)> <Delay = 0.43> <CoreInst = "BinarySparseMux_DontCare">   --->   Core 150 'BinarySparseMux_DontCare' <Latency = 0> <II = 1> <Delay = 0.43> <FuncUnit> <Opcode : 'sparsemux'> <InPorts = 0> <OutPorts = 1>
ST_1 : Operation 147 [1/1] (0.00ns)   --->   "%bitcast_ln279_10 = bitcast i32 %tmp_6" [./flashattentionmemory.h:279]   --->   Operation 147 'bitcast' 'bitcast_ln279_10' <Predicate = (icmp_ln272)> <Delay = 0.00>
ST_1 : Operation 148 [1/1] (0.41ns)   --->   "%empty_67 = select i1 %icmp_ln279_10, i32 %bitcast_ln279_10, i32 0" [./flashattentionmemory.h:279]   --->   Operation 148 'select' 'empty_67' <Predicate = (icmp_ln272)> <Delay = 0.41> <CoreInst = "Sel">   --->   Core 77 'Sel' <Latency = 0> <II = 1> <Delay = 0.41> <FuncUnit> <Opcode : 'select'> <InPorts = 3> <OutPorts = 1>
ST_1 : Operation 149 [1/1] (0.00ns)   --->   "%or_ln278_s = bitconcatenate i31 @_ssdm_op_BitConcatenate.i31.i27.i4, i27 %b_1, i4 11" [./flashattentionmemory.h:278]   --->   Operation 149 'bitconcatenate' 'or_ln278_s' <Predicate = (icmp_ln272)> <Delay = 0.00>
ST_1 : Operation 150 [1/1] (0.00ns)   --->   "%zext_ln279_11 = zext i31 %or_ln278_s" [./flashattentionmemory.h:279]   --->   Operation 150 'zext' 'zext_ln279_11' <Predicate = (icmp_ln272)> <Delay = 0.00>
ST_1 : Operation 151 [1/1] (0.67ns)   --->   "%icmp_ln279_11 = icmp_slt  i32 %zext_ln279_11, i32 %num_elements_read" [./flashattentionmemory.h:279]   --->   Operation 151 'icmp' 'icmp_ln279_11' <Predicate = (icmp_ln272)> <Delay = 0.67> <CoreInst = "Cmp">   --->   Core 9 'Cmp' <Latency = 0> <II = 1> <Delay = 0.67> <FuncUnit> <Opcode : 'setle' 'setge' 'setlt' 'setgt'> <InPorts = 2> <OutPorts = 1>
ST_1 : Operation 152 [1/1] (0.43ns)   --->   "%tmp_10 = sparsemux i32 @_ssdm_op_SparseMux.ap_auto.4float.float.i2, i2 0, i32 %stats_11_val_read, i2 1, i32 %stats_27_val_read, i2 2, i32 %stats_43_val_read, i2 3, i32 %stats_59_val_read, i32 <undef>, i2 %trunc_ln272" [./flashattentionmemory.h:279]   --->   Operation 152 'sparsemux' 'tmp_10' <Predicate = (icmp_ln272)> <Delay = 0.43> <CoreInst = "BinarySparseMux_DontCare">   --->   Core 150 'BinarySparseMux_DontCare' <Latency = 0> <II = 1> <Delay = 0.43> <FuncUnit> <Opcode : 'sparsemux'> <InPorts = 0> <OutPorts = 1>
ST_1 : Operation 153 [1/1] (0.00ns)   --->   "%bitcast_ln279_11 = bitcast i32 %tmp_10" [./flashattentionmemory.h:279]   --->   Operation 153 'bitcast' 'bitcast_ln279_11' <Predicate = (icmp_ln272)> <Delay = 0.00>
ST_1 : Operation 154 [1/1] (0.41ns)   --->   "%empty_68 = select i1 %icmp_ln279_11, i32 %bitcast_ln279_11, i32 0" [./flashattentionmemory.h:279]   --->   Operation 154 'select' 'empty_68' <Predicate = (icmp_ln272)> <Delay = 0.41> <CoreInst = "Sel">   --->   Core 77 'Sel' <Latency = 0> <II = 1> <Delay = 0.41> <FuncUnit> <Opcode : 'select'> <InPorts = 3> <OutPorts = 1>
ST_1 : Operation 155 [1/1] (0.00ns)   --->   "%or_ln278_10 = bitconcatenate i31 @_ssdm_op_BitConcatenate.i31.i27.i4, i27 %b_1, i4 12" [./flashattentionmemory.h:278]   --->   Operation 155 'bitconcatenate' 'or_ln278_10' <Predicate = (icmp_ln272)> <Delay = 0.00>
ST_1 : Operation 156 [1/1] (0.00ns)   --->   "%zext_ln279_12 = zext i31 %or_ln278_10" [./flashattentionmemory.h:279]   --->   Operation 156 'zext' 'zext_ln279_12' <Predicate = (icmp_ln272)> <Delay = 0.00>
ST_1 : Operation 157 [1/1] (0.67ns)   --->   "%icmp_ln279_12 = icmp_slt  i32 %zext_ln279_12, i32 %num_elements_read" [./flashattentionmemory.h:279]   --->   Operation 157 'icmp' 'icmp_ln279_12' <Predicate = (icmp_ln272)> <Delay = 0.67> <CoreInst = "Cmp">   --->   Core 9 'Cmp' <Latency = 0> <II = 1> <Delay = 0.67> <FuncUnit> <Opcode : 'setle' 'setge' 'setlt' 'setgt'> <InPorts = 2> <OutPorts = 1>
ST_1 : Operation 158 [1/1] (0.43ns)   --->   "%tmp_11 = sparsemux i32 @_ssdm_op_SparseMux.ap_auto.4float.float.i2, i2 0, i32 %stats_12_val_read, i2 1, i32 %stats_28_val_read, i2 2, i32 %stats_44_val_read, i2 3, i32 %stats_60_val_read, i32 <undef>, i2 %trunc_ln272" [./flashattentionmemory.h:279]   --->   Operation 158 'sparsemux' 'tmp_11' <Predicate = (icmp_ln272)> <Delay = 0.43> <CoreInst = "BinarySparseMux_DontCare">   --->   Core 150 'BinarySparseMux_DontCare' <Latency = 0> <II = 1> <Delay = 0.43> <FuncUnit> <Opcode : 'sparsemux'> <InPorts = 0> <OutPorts = 1>
ST_1 : Operation 159 [1/1] (0.00ns)   --->   "%bitcast_ln279_12 = bitcast i32 %tmp_11" [./flashattentionmemory.h:279]   --->   Operation 159 'bitcast' 'bitcast_ln279_12' <Predicate = (icmp_ln272)> <Delay = 0.00>
ST_1 : Operation 160 [1/1] (0.41ns)   --->   "%empty_69 = select i1 %icmp_ln279_12, i32 %bitcast_ln279_12, i32 0" [./flashattentionmemory.h:279]   --->   Operation 160 'select' 'empty_69' <Predicate = (icmp_ln272)> <Delay = 0.41> <CoreInst = "Sel">   --->   Core 77 'Sel' <Latency = 0> <II = 1> <Delay = 0.41> <FuncUnit> <Opcode : 'select'> <InPorts = 3> <OutPorts = 1>
ST_1 : Operation 161 [1/1] (0.00ns)   --->   "%or_ln278_11 = bitconcatenate i31 @_ssdm_op_BitConcatenate.i31.i27.i4, i27 %b_1, i4 13" [./flashattentionmemory.h:278]   --->   Operation 161 'bitconcatenate' 'or_ln278_11' <Predicate = (icmp_ln272)> <Delay = 0.00>
ST_1 : Operation 162 [1/1] (0.00ns)   --->   "%zext_ln279_13 = zext i31 %or_ln278_11" [./flashattentionmemory.h:279]   --->   Operation 162 'zext' 'zext_ln279_13' <Predicate = (icmp_ln272)> <Delay = 0.00>
ST_1 : Operation 163 [1/1] (0.67ns)   --->   "%icmp_ln279_13 = icmp_slt  i32 %zext_ln279_13, i32 %num_elements_read" [./flashattentionmemory.h:279]   --->   Operation 163 'icmp' 'icmp_ln279_13' <Predicate = (icmp_ln272)> <Delay = 0.67> <CoreInst = "Cmp">   --->   Core 9 'Cmp' <Latency = 0> <II = 1> <Delay = 0.67> <FuncUnit> <Opcode : 'setle' 'setge' 'setlt' 'setgt'> <InPorts = 2> <OutPorts = 1>
ST_1 : Operation 164 [1/1] (0.43ns)   --->   "%tmp_12 = sparsemux i32 @_ssdm_op_SparseMux.ap_auto.4float.float.i2, i2 0, i32 %stats_13_val_read, i2 1, i32 %stats_29_val_read, i2 2, i32 %stats_45_val_read, i2 3, i32 %stats_61_val_read, i32 <undef>, i2 %trunc_ln272" [./flashattentionmemory.h:279]   --->   Operation 164 'sparsemux' 'tmp_12' <Predicate = (icmp_ln272)> <Delay = 0.43> <CoreInst = "BinarySparseMux_DontCare">   --->   Core 150 'BinarySparseMux_DontCare' <Latency = 0> <II = 1> <Delay = 0.43> <FuncUnit> <Opcode : 'sparsemux'> <InPorts = 0> <OutPorts = 1>
ST_1 : Operation 165 [1/1] (0.00ns)   --->   "%bitcast_ln279_13 = bitcast i32 %tmp_12" [./flashattentionmemory.h:279]   --->   Operation 165 'bitcast' 'bitcast_ln279_13' <Predicate = (icmp_ln272)> <Delay = 0.00>
ST_1 : Operation 166 [1/1] (0.41ns)   --->   "%empty_70 = select i1 %icmp_ln279_13, i32 %bitcast_ln279_13, i32 0" [./flashattentionmemory.h:279]   --->   Operation 166 'select' 'empty_70' <Predicate = (icmp_ln272)> <Delay = 0.41> <CoreInst = "Sel">   --->   Core 77 'Sel' <Latency = 0> <II = 1> <Delay = 0.41> <FuncUnit> <Opcode : 'select'> <InPorts = 3> <OutPorts = 1>
ST_1 : Operation 167 [1/1] (0.00ns)   --->   "%or_ln278_12 = bitconcatenate i31 @_ssdm_op_BitConcatenate.i31.i27.i4, i27 %b_1, i4 14" [./flashattentionmemory.h:278]   --->   Operation 167 'bitconcatenate' 'or_ln278_12' <Predicate = (icmp_ln272)> <Delay = 0.00>
ST_1 : Operation 168 [1/1] (0.00ns)   --->   "%zext_ln279_14 = zext i31 %or_ln278_12" [./flashattentionmemory.h:279]   --->   Operation 168 'zext' 'zext_ln279_14' <Predicate = (icmp_ln272)> <Delay = 0.00>
ST_1 : Operation 169 [1/1] (0.67ns)   --->   "%icmp_ln279_14 = icmp_slt  i32 %zext_ln279_14, i32 %num_elements_read" [./flashattentionmemory.h:279]   --->   Operation 169 'icmp' 'icmp_ln279_14' <Predicate = (icmp_ln272)> <Delay = 0.67> <CoreInst = "Cmp">   --->   Core 9 'Cmp' <Latency = 0> <II = 1> <Delay = 0.67> <FuncUnit> <Opcode : 'setle' 'setge' 'setlt' 'setgt'> <InPorts = 2> <OutPorts = 1>
ST_1 : Operation 170 [1/1] (0.43ns)   --->   "%tmp_13 = sparsemux i32 @_ssdm_op_SparseMux.ap_auto.4float.float.i2, i2 0, i32 %stats_14_val_read, i2 1, i32 %stats_30_val_read, i2 2, i32 %stats_46_val_read, i2 3, i32 %stats_62_val_read, i32 <undef>, i2 %trunc_ln272" [./flashattentionmemory.h:279]   --->   Operation 170 'sparsemux' 'tmp_13' <Predicate = (icmp_ln272)> <Delay = 0.43> <CoreInst = "BinarySparseMux_DontCare">   --->   Core 150 'BinarySparseMux_DontCare' <Latency = 0> <II = 1> <Delay = 0.43> <FuncUnit> <Opcode : 'sparsemux'> <InPorts = 0> <OutPorts = 1>
ST_1 : Operation 171 [1/1] (0.00ns)   --->   "%bitcast_ln279_14 = bitcast i32 %tmp_13" [./flashattentionmemory.h:279]   --->   Operation 171 'bitcast' 'bitcast_ln279_14' <Predicate = (icmp_ln272)> <Delay = 0.00>
ST_1 : Operation 172 [1/1] (0.41ns)   --->   "%empty_71 = select i1 %icmp_ln279_14, i32 %bitcast_ln279_14, i32 0" [./flashattentionmemory.h:279]   --->   Operation 172 'select' 'empty_71' <Predicate = (icmp_ln272)> <Delay = 0.41> <CoreInst = "Sel">   --->   Core 77 'Sel' <Latency = 0> <II = 1> <Delay = 0.41> <FuncUnit> <Opcode : 'select'> <InPorts = 3> <OutPorts = 1>
ST_1 : Operation 173 [1/1] (0.00ns)   --->   "%or_ln278_13 = bitconcatenate i31 @_ssdm_op_BitConcatenate.i31.i27.i4, i27 %b_1, i4 15" [./flashattentionmemory.h:278]   --->   Operation 173 'bitconcatenate' 'or_ln278_13' <Predicate = (icmp_ln272)> <Delay = 0.00>
ST_1 : Operation 174 [1/1] (0.00ns)   --->   "%zext_ln279_15 = zext i31 %or_ln278_13" [./flashattentionmemory.h:279]   --->   Operation 174 'zext' 'zext_ln279_15' <Predicate = (icmp_ln272)> <Delay = 0.00>
ST_1 : Operation 175 [1/1] (0.67ns)   --->   "%icmp_ln279_15 = icmp_slt  i32 %zext_ln279_15, i32 %num_elements_read" [./flashattentionmemory.h:279]   --->   Operation 175 'icmp' 'icmp_ln279_15' <Predicate = (icmp_ln272)> <Delay = 0.67> <CoreInst = "Cmp">   --->   Core 9 'Cmp' <Latency = 0> <II = 1> <Delay = 0.67> <FuncUnit> <Opcode : 'setle' 'setge' 'setlt' 'setgt'> <InPorts = 2> <OutPorts = 1>
ST_1 : Operation 176 [1/1] (0.43ns)   --->   "%tmp_14 = sparsemux i32 @_ssdm_op_SparseMux.ap_auto.4float.float.i2, i2 0, i32 %stats_15_val_read, i2 1, i32 %stats_31_val_read, i2 2, i32 %stats_47_val_read, i2 3, i32 %stats_63_val_read, i32 <undef>, i2 %trunc_ln272" [./flashattentionmemory.h:279]   --->   Operation 176 'sparsemux' 'tmp_14' <Predicate = (icmp_ln272)> <Delay = 0.43> <CoreInst = "BinarySparseMux_DontCare">   --->   Core 150 'BinarySparseMux_DontCare' <Latency = 0> <II = 1> <Delay = 0.43> <FuncUnit> <Opcode : 'sparsemux'> <InPorts = 0> <OutPorts = 1>
ST_1 : Operation 177 [1/1] (0.00ns)   --->   "%bitcast_ln279_15 = bitcast i32 %tmp_14" [./flashattentionmemory.h:279]   --->   Operation 177 'bitcast' 'bitcast_ln279_15' <Predicate = (icmp_ln272)> <Delay = 0.00>
ST_1 : Operation 178 [1/1] (0.41ns)   --->   "%empty_72 = select i1 %icmp_ln279_15, i32 %bitcast_ln279_15, i32 0" [./flashattentionmemory.h:279]   --->   Operation 178 'select' 'empty_72' <Predicate = (icmp_ln272)> <Delay = 0.41> <CoreInst = "Sel">   --->   Core 77 'Sel' <Latency = 0> <II = 1> <Delay = 0.41> <FuncUnit> <Opcode : 'select'> <InPorts = 3> <OutPorts = 1>
ST_1 : Operation 179 [1/1] (0.42ns)   --->   "%store_ln272 = store i27 %add_ln272, i27 %b" [./flashattentionmemory.h:272]   --->   Operation 179 'store' 'store_ln272' <Predicate = (icmp_ln272)> <Delay = 0.42>
ST_1 : Operation 189 [1/1] (0.28ns)   --->   "%ret_ln0 = ret"   --->   Operation 189 'ret' 'ret_ln0' <Predicate = (!icmp_ln272)> <Delay = 0.28>

State 2 <SV = 1> <Delay = 1.03>
ST_2 : Operation 180 [1/1] (0.00ns)   --->   "%gmem_l_addr = getelementptr i512 %gmem_l, i64 %sext_ln272_cast" [./flashattentionmemory.h:272]   --->   Operation 180 'getelementptr' 'gmem_l_addr' <Predicate = true> <Delay = 0.00>
ST_2 : Operation 181 [1/1] (0.00ns)   --->   "%specpipeline_ln273 = specpipeline void @_ssdm_op_SpecPipeline, i32 1, i32 0, i32 0, i32 0, void @empty_27" [./flashattentionmemory.h:273]   --->   Operation 181 'specpipeline' 'specpipeline_ln273' <Predicate = true> <Delay = 0.00>
ST_2 : Operation 182 [1/1] (0.00ns)   --->   "%speclooptripcount_ln272 = speclooptripcount void @_ssdm_op_SpecLoopTripCount, i64 0, i64 134217727, i64 67108863" [./flashattentionmemory.h:272]   --->   Operation 182 'speclooptripcount' 'speclooptripcount_ln272' <Predicate = true> <Delay = 0.00>
ST_2 : Operation 183 [1/1] (0.00ns)   --->   "%specloopname_ln272 = specloopname void @_ssdm_op_SpecLoopName, void @empty_0" [./flashattentionmemory.h:272]   --->   Operation 183 'specloopname' 'specloopname_ln272' <Predicate = true> <Delay = 0.00>
ST_2 : Operation 184 [1/1] (0.00ns)   --->   "%word = bitconcatenate i512 @_ssdm_op_BitConcatenate.i512.i32.i32.i32.i32.i32.i32.i32.i32.i32.i32.i32.i32.i32.i32.i32.i32, i32 %empty_72, i32 %empty_71, i32 %empty_70, i32 %empty_69, i32 %empty_68, i32 %empty_67, i32 %empty_66, i32 %empty_65, i32 %empty_64, i32 %empty_63, i32 %empty_62, i32 %empty_61, i32 %empty_60, i32 %empty_59, i32 %empty_58, i32 %empty" [./flashattentionmemory.h:79->./flashattentionmemory.h:282]   --->   Operation 184 'bitconcatenate' 'word' <Predicate = true> <Delay = 0.00>
ST_2 : Operation 185 [1/1] (0.00ns)   --->   "%muxLogicAXIMData_to_write_ln282 = muxlogic i512 %word"   --->   Operation 185 'muxlogic' 'muxLogicAXIMData_to_write_ln282' <Predicate = true> <Delay = 0.00>
ST_2 : Operation 186 [1/1] (0.00ns)   --->   "%muxLogicAXIMByteEnable_to_write_ln282 = muxlogic i64 18446744073709551615"   --->   Operation 186 'muxlogic' 'muxLogicAXIMByteEnable_to_write_ln282' <Predicate = true> <Delay = 0.00>
ST_2 : Operation 187 [1/1] (1.03ns)   --->   "%write_ln282 = write void @_ssdm_op_Write.m_axi.p1i512, i512 %gmem_l_addr, i512 %word, i64 18446744073709551615" [./flashattentionmemory.h:282]   --->   Operation 187 'write' 'write_ln282' <Predicate = true> <Delay = 1.03> <CoreInst = "m_axi">   --->   Core 123 'm_axi' <Latency = 0> <II = 1> <Delay = 1.76> <Adapter> <Opcode : 'read' 'write' 'readreq' 'writereq' 'writeresp'>
ST_2 : Operation 188 [1/1] (0.00ns)   --->   "%br_ln272 = br void %VITIS_LOOP_276_1" [./flashattentionmemory.h:272]   --->   Operation 188 'br' 'br_ln272' <Predicate = true> <Delay = 0.00>


============================================================
+ Verbose Summary: Timing violations
============================================================
Target clock period: 10.000ns, clock uncertainty: 2.700ns.

 <State 1>: 1.689ns
The critical path consists of the following:
	'store' operation 0 bit ('store_ln272', ./flashattentionmemory.h:272) of constant 0 on local variable 'b', ./flashattentionmemory.h:272 [139]  (0.421 ns)
	'load' operation 27 bit ('b', ./flashattentionmemory.h:272) on local variable 'b', ./flashattentionmemory.h:272 [142]  (0.000 ns)
	'add' operation 27 bit ('add_ln272', ./flashattentionmemory.h:272) [143]  (0.847 ns)
	'store' operation 0 bit ('store_ln272', ./flashattentionmemory.h:272) of variable 'add_ln272', ./flashattentionmemory.h:272 on local variable 'b', ./flashattentionmemory.h:272 [253]  (0.421 ns)

 <State 2>: 1.039ns
The critical path consists of the following:
	'getelementptr' operation 512 bit ('gmem_l_addr', ./flashattentionmemory.h:272) [148]  (0.000 ns)
	bus write operation ('write_ln282', ./flashattentionmemory.h:282) on port 'gmem_l' (./flashattentionmemory.h:282) [252]  (1.039 ns)


============================================================
+ Verbose Summary: Binding
============================================================
N/A
* FSMD analyzer results:
  - Output states:
 - Input state : 
  - Chain level:
	State 1
	State 2


============================================================
+ Verbose Summary: Datapath Resource usage 
============================================================
N/A
