

================================================================
== Vitis HLS Report for 'store_tile_fp16'
================================================================
* Date:           Sun Mar 22 18:06:23 2026

* Version:        2025.1 (Build 6135595 on May 21 2025)
* Project:        FlashAtt1
* Solution:       hls (Vivado IP Flow Target)
* Product family: versalhbm
* Target device:  xcvh1582-lsva4737-2LHP-e-S


================================================================
== Performance Estimates
================================================================
+ Timing: 
    * Summary: 
    +--------+----------+----------+------------+
    |  Clock |  Target  | Estimated| Uncertainty|
    +--------+----------+----------+------------+
    |ap_clk  |  10.00 ns|  7.300 ns|     2.70 ns|
    +--------+----------+----------+------------+

+ Latency: 
    * Summary: 
    +---------+---------+----------+----------+-----+-----+---------+
    |  Latency (cycles) |  Latency (absolute) |  Interval | Pipeline|
    |   min   |   max   |    min   |    max   | min | max |   Type  |
    +---------+---------+----------+----------+-----+-----+---------+
    |        ?|        ?|         ?|         ?|    ?|    ?|       no|
    +---------+---------+----------+----------+-----+-----+---------+

    + Detail: 
        * Instance: 
        +----------------------------------------------------------------------+-----------------------------------------------------------+---------+---------+----------+----------+-----+-----+------------------------------------------------+
        |                                                                      |                                                           |  Latency (cycles) |  Latency (absolute) |  Interval |                    Pipeline                    |
        |                               Instance                               |                           Module                          |   min   |   max   |    min   |    max   | min | max |                      Type                      |
        +----------------------------------------------------------------------+-----------------------------------------------------------+---------+---------+----------+----------+-----+-----+------------------------------------------------+
        |grp_store_tile_fp16_Pipeline_STORE_TILE_ROWS_STORE_TILE_BEATS_fu_127  |store_tile_fp16_Pipeline_STORE_TILE_ROWS_STORE_TILE_BEATS  |        ?|        ?|         ?|         ?|    0|    0|  loop auto-rewind stp (delay=0 clock cycles(s))|
        +----------------------------------------------------------------------+-----------------------------------------------------------+---------+---------+----------+----------+-----+-----+------------------------------------------------+

        * Loop: 
        N/A

============================================================
+ Verbose Summary: Synthesis Manager
============================================================
InlineROM: 1
ExposeGlobal: 0
============================================================
+ Verbose Summary: CDFG Model
============================================================
IsTopModel: 0
ResetActiveHigh: 1
IsCombinational: 0
IsDatapathOnly: 0
HasWiredReturn: 1
HasMFsm: 0
HasVarLatency: 1
IsPipeline: 0
IsRtlPipelined: 0
IsInstanceOverlapped: 0
IsDontTouch: 0
HasImplIP: 0
IsGatedGlobalClock: 0


============================================================
+ Verbose Summary: Schedule
============================================================
* Number of FSM states : 77
* Pipeline : 0
* Dataflow Pipeline: 0

* FSM state transitions: 
1 --> 2 
2 --> 3 
3 --> 4 
4 --> 5 
5 --> 6 
6 --> 7 
7 --> 8 
8 --> 9 
9 --> 10 
10 --> 11 
11 --> 12 
12 --> 13 
13 --> 14 
14 --> 15 
15 --> 16 
16 --> 17 
17 --> 18 
18 --> 19 
19 --> 20 
20 --> 21 
21 --> 22 
22 --> 23 
23 --> 24 
24 --> 25 
25 --> 26 
26 --> 27 
27 --> 28 
28 --> 29 
29 --> 30 
30 --> 31 
31 --> 32 
32 --> 33 
33 --> 34 
34 --> 35 
35 --> 36 
36 --> 37 
37 --> 38 
38 --> 39 
39 --> 40 
40 --> 41 
41 --> 42 
42 --> 43 
43 --> 44 
44 --> 45 
45 --> 46 
46 --> 47 
47 --> 48 
48 --> 49 
49 --> 50 
50 --> 51 
51 --> 52 
52 --> 53 
53 --> 54 
54 --> 55 
55 --> 56 
56 --> 57 
57 --> 58 
58 --> 59 
59 --> 60 
60 --> 61 
61 --> 62 
62 --> 63 
63 --> 64 
64 --> 65 
65 --> 66 
66 --> 67 
67 --> 68 
68 --> 69 
69 --> 70 
70 --> 71 
71 --> 72 
72 --> 73 
73 --> 74 
74 --> 75 
75 --> 76 
76 --> 77 
77 --> 

* FSM state operations: 

State 1 <SV = 0> <Delay = 2.18>
ST_1 : Operation 78 [1/1] (0.00ns)   --->   "%num_rows_read = read i32 @_ssdm_op_Read.ap_auto.i32, i32 %num_rows"   --->   Operation 78 'read' 'num_rows_read' <Predicate = true> <Delay = 0.00>
ST_1 : Operation 79 [1/1] (0.00ns)   --->   "%base_row_read = read i31 @_ssdm_op_Read.ap_auto.i31, i31 %base_row"   --->   Operation 79 'read' 'base_row_read' <Predicate = true> <Delay = 0.00>
ST_1 : Operation 80 [1/1] (0.00ns)   --->   "%hbm_port_read = read i64 @_ssdm_op_Read.ap_auto.i64, i64 %hbm_port"   --->   Operation 80 'read' 'hbm_port_read' <Predicate = true> <Delay = 0.00>
ST_1 : Operation 81 [1/1] (0.00ns)   --->   "%empty = trunc i32 %num_rows_read"   --->   Operation 81 'trunc' 'empty' <Predicate = true> <Delay = 0.00>
ST_1 : Operation 82 [1/1] (0.67ns)   --->   "%icmp_ln201 = icmp_sgt  i32 %num_rows_read, i32 0" [./flashattentionmemory.h:201]   --->   Operation 82 'icmp' 'icmp_ln201' <Predicate = true> <Delay = 0.67> <CoreInst = "Cmp">   --->   Core 9 'Cmp' <Latency = 0> <II = 1> <Delay = 0.67> <FuncUnit> <Opcode : 'setle' 'setge' 'setlt' 'setgt'> <InPorts = 2> <OutPorts = 1>
ST_1 : Operation 83 [1/1] (0.00ns)   --->   "%shl_ln = bitconcatenate i33 @_ssdm_op_BitConcatenate.i33.i31.i2, i31 %empty, i2 0" [./flashattentionmemory.h:201]   --->   Operation 83 'bitconcatenate' 'shl_ln' <Predicate = true> <Delay = 0.00>
ST_1 : Operation 84 [1/1] (0.00ns)   --->   "%trunc_ln201 = trunc i31 %base_row_read" [./flashattentionmemory.h:201]   --->   Operation 84 'trunc' 'trunc_ln201' <Predicate = true> <Delay = 0.00>
ST_1 : Operation 85 [1/1] (0.00ns)   --->   "%shl_ln201_2 = bitconcatenate i38 @_ssdm_op_BitConcatenate.i38.i30.i8, i30 %trunc_ln201, i8 0" [./flashattentionmemory.h:201]   --->   Operation 85 'bitconcatenate' 'shl_ln201_2' <Predicate = true> <Delay = 0.00>
ST_1 : Operation 86 [1/1] (0.00ns)   --->   "%sext_ln201 = sext i38 %shl_ln201_2" [./flashattentionmemory.h:201]   --->   Operation 86 'sext' 'sext_ln201' <Predicate = true> <Delay = 0.00>
ST_1 : Operation 87 [1/1] (1.01ns)   --->   "%add_ln201 = add i64 %sext_ln201, i64 %hbm_port_read" [./flashattentionmemory.h:201]   --->   Operation 87 'add' 'add_ln201' <Predicate = true> <Delay = 1.01> <CoreInst = "Adder">   --->   Core 1 'Adder' <Latency = 0> <II = 1> <Delay = 1.01> <FuncUnit> <Opcode : 'add' 'sub'> <InPorts = 2> <OutPorts = 1>
ST_1 : Operation 88 [1/1] (0.00ns)   --->   "%trunc_ln = partselect i58 @_ssdm_op_PartSelect.i58.i64.i32.i32, i64 %add_ln201, i32 6, i32 63" [./flashattentionmemory.h:201]   --->   Operation 88 'partselect' 'trunc_ln' <Predicate = true> <Delay = 0.00>
ST_1 : Operation 89 [1/1] (0.00ns)   --->   "%sext_ln201_1 = sext i58 %trunc_ln" [./flashattentionmemory.h:201]   --->   Operation 89 'sext' 'sext_ln201_1' <Predicate = true> <Delay = 0.00>
ST_1 : Operation 90 [1/1] (0.00ns)   --->   "%gmem_O_addr = getelementptr i512 %gmem_O, i64 %sext_ln201_1" [./flashattentionmemory.h:201]   --->   Operation 90 'getelementptr' 'gmem_O_addr' <Predicate = true> <Delay = 0.00>
ST_1 : Operation 91 [1/1] (0.41ns)   --->   "%empty_54 = select i1 %icmp_ln201, i33 %shl_ln, i33 0" [./flashattentionmemory.h:201]   --->   Operation 91 'select' 'empty_54' <Predicate = true> <Delay = 0.41> <CoreInst = "Sel">   --->   Core 77 'Sel' <Latency = 0> <II = 1> <Delay = 0.41> <FuncUnit> <Opcode : 'select'> <InPorts = 3> <OutPorts = 1>
ST_1 : Operation 92 [1/1] (0.00ns)   --->   "%zext_ln201 = zext i33 %empty_54" [./flashattentionmemory.h:201]   --->   Operation 92 'zext' 'zext_ln201' <Predicate = true> <Delay = 0.00>
ST_1 : Operation 93 [1/1] (0.00ns)   --->   "%muxLogicAXIMAddr_to_empty_55 = muxlogic i512 %gmem_O_addr"   --->   Operation 93 'muxlogic' 'muxLogicAXIMAddr_to_empty_55' <Predicate = true> <Delay = 0.00>
ST_1 : Operation 94 [1/1] (0.00ns)   --->   "%muxLogicAXIMBurst_to_empty_55 = muxlogic i64 %zext_ln201"   --->   Operation 94 'muxlogic' 'muxLogicAXIMBurst_to_empty_55' <Predicate = true> <Delay = 0.00>
ST_1 : Operation 95 [1/1] (1.10ns)   --->   "%empty_55 = writereq i1 @_ssdm_op_WriteReq.m_axi.p1i512, i512 %gmem_O_addr, i64 %zext_ln201" [./flashattentionmemory.h:201]   --->   Operation 95 'writereq' 'empty_55' <Predicate = true> <Delay = 1.10> <CoreInst = "m_axi">   --->   Core 123 'm_axi' <Latency = 0> <II = 1> <Delay = 1.57> <Adapter> <Opcode : 'read' 'write' 'readreq' 'writereq' 'writeresp'>
ST_1 : Operation 96 [1/1] (0.41ns)   --->   "%empty_56 = select i1 %icmp_ln201, i31 %empty, i31 0" [./flashattentionmemory.h:201]   --->   Operation 96 'select' 'empty_56' <Predicate = true> <Delay = 0.41> <CoreInst = "Sel">   --->   Core 77 'Sel' <Latency = 0> <II = 1> <Delay = 0.41> <FuncUnit> <Opcode : 'select'> <InPorts = 3> <OutPorts = 1>

State 2 <SV = 1> <Delay = 0.00>
ST_2 : Operation 97 [1/1] (0.00ns)   --->   "%tmp_9 = bitconcatenate i33 @_ssdm_op_BitConcatenate.i33.i31.i2, i31 %empty_56, i2 0" [./flashattentionmemory.h:201]   --->   Operation 97 'bitconcatenate' 'tmp_9' <Predicate = true> <Delay = 0.00>
ST_2 : Operation 98 [2/2] (0.00ns)   --->   "%call_ln201 = call void @store_tile_fp16_Pipeline_STORE_TILE_ROWS_STORE_TILE_BEATS, i33 %tmp_9, i512 %gmem_O, i58 %trunc_ln, i16 %tile_0, i16 %tile_1, i16 %tile_2, i16 %tile_3, i16 %tile_4, i16 %tile_5, i16 %tile_6, i16 %tile_7, i16 %tile_8, i16 %tile_9, i16 %tile_10, i16 %tile_11, i16 %tile_12, i16 %tile_13, i16 %tile_14, i16 %tile_15" [./flashattentionmemory.h:201]   --->   Operation 98 'call' 'call_ln201' <Predicate = true> <Delay = 0.00> <CoreType = "Generic">   --->   Generic Core

State 3 <SV = 2> <Delay = 0.99>
ST_3 : Operation 99 [1/2] (0.99ns)   --->   "%call_ln201 = call void @store_tile_fp16_Pipeline_STORE_TILE_ROWS_STORE_TILE_BEATS, i33 %tmp_9, i512 %gmem_O, i58 %trunc_ln, i16 %tile_0, i16 %tile_1, i16 %tile_2, i16 %tile_3, i16 %tile_4, i16 %tile_5, i16 %tile_6, i16 %tile_7, i16 %tile_8, i16 %tile_9, i16 %tile_10, i16 %tile_11, i16 %tile_12, i16 %tile_13, i16 %tile_14, i16 %tile_15" [./flashattentionmemory.h:201]   --->   Operation 99 'call' 'call_ln201' <Predicate = true> <Delay = 0.99> <CoreType = "Generic">   --->   Generic Core

State 4 <SV = 3> <Delay = 1.10>
ST_4 : Operation 100 [1/1] (0.00ns)   --->   "%muxLogicAXIMCE_to_empty_57 = muxlogic"   --->   Operation 100 'muxlogic' 'muxLogicAXIMCE_to_empty_57' <Predicate = true> <Delay = 0.00>
ST_4 : Operation 101 [74/74] (1.10ns)   --->   "%empty_57 = writeresp i1 @_ssdm_op_WriteResp.m_axi.p1i512, i512 %gmem_O_addr" [./flashattentionmemory.h:218]   --->   Operation 101 'writeresp' 'empty_57' <Predicate = true> <Delay = 1.10> <CoreInst = "m_axi">   --->   Core 123 'm_axi' <Latency = 9> <II = 1> <Delay = 1.57> <Adapter> <Opcode : 'read' 'write' 'readreq' 'writereq' 'writeresp'>

State 5 <SV = 4> <Delay = 7.30>
ST_5 : Operation 102 [73/74] (7.30ns)   --->   "%empty_57 = writeresp i1 @_ssdm_op_WriteResp.m_axi.p1i512, i512 %gmem_O_addr" [./flashattentionmemory.h:218]   --->   Operation 102 'writeresp' 'empty_57' <Predicate = true> <Delay = 7.30> <CoreInst = "m_axi">   --->   Core 123 'm_axi' <Latency = 9> <II = 1> <Delay = 1.57> <Adapter> <Opcode : 'read' 'write' 'readreq' 'writereq' 'writeresp'>

State 6 <SV = 5> <Delay = 7.30>
ST_6 : Operation 103 [72/74] (7.30ns)   --->   "%empty_57 = writeresp i1 @_ssdm_op_WriteResp.m_axi.p1i512, i512 %gmem_O_addr" [./flashattentionmemory.h:218]   --->   Operation 103 'writeresp' 'empty_57' <Predicate = true> <Delay = 7.30> <CoreInst = "m_axi">   --->   Core 123 'm_axi' <Latency = 9> <II = 1> <Delay = 1.57> <Adapter> <Opcode : 'read' 'write' 'readreq' 'writereq' 'writeresp'>

State 7 <SV = 6> <Delay = 7.30>
ST_7 : Operation 104 [71/74] (7.30ns)   --->   "%empty_57 = writeresp i1 @_ssdm_op_WriteResp.m_axi.p1i512, i512 %gmem_O_addr" [./flashattentionmemory.h:218]   --->   Operation 104 'writeresp' 'empty_57' <Predicate = true> <Delay = 7.30> <CoreInst = "m_axi">   --->   Core 123 'm_axi' <Latency = 9> <II = 1> <Delay = 1.57> <Adapter> <Opcode : 'read' 'write' 'readreq' 'writereq' 'writeresp'>

State 8 <SV = 7> <Delay = 7.30>
ST_8 : Operation 105 [70/74] (7.30ns)   --->   "%empty_57 = writeresp i1 @_ssdm_op_WriteResp.m_axi.p1i512, i512 %gmem_O_addr" [./flashattentionmemory.h:218]   --->   Operation 105 'writeresp' 'empty_57' <Predicate = true> <Delay = 7.30> <CoreInst = "m_axi">   --->   Core 123 'm_axi' <Latency = 9> <II = 1> <Delay = 1.57> <Adapter> <Opcode : 'read' 'write' 'readreq' 'writereq' 'writeresp'>

State 9 <SV = 8> <Delay = 7.30>
ST_9 : Operation 106 [69/74] (7.30ns)   --->   "%empty_57 = writeresp i1 @_ssdm_op_WriteResp.m_axi.p1i512, i512 %gmem_O_addr" [./flashattentionmemory.h:218]   --->   Operation 106 'writeresp' 'empty_57' <Predicate = true> <Delay = 7.30> <CoreInst = "m_axi">   --->   Core 123 'm_axi' <Latency = 9> <II = 1> <Delay = 1.57> <Adapter> <Opcode : 'read' 'write' 'readreq' 'writereq' 'writeresp'>

State 10 <SV = 9> <Delay = 7.30>
ST_10 : Operation 107 [68/74] (7.30ns)   --->   "%empty_57 = writeresp i1 @_ssdm_op_WriteResp.m_axi.p1i512, i512 %gmem_O_addr" [./flashattentionmemory.h:218]   --->   Operation 107 'writeresp' 'empty_57' <Predicate = true> <Delay = 7.30> <CoreInst = "m_axi">   --->   Core 123 'm_axi' <Latency = 9> <II = 1> <Delay = 1.57> <Adapter> <Opcode : 'read' 'write' 'readreq' 'writereq' 'writeresp'>

State 11 <SV = 10> <Delay = 7.30>
ST_11 : Operation 108 [67/74] (7.30ns)   --->   "%empty_57 = writeresp i1 @_ssdm_op_WriteResp.m_axi.p1i512, i512 %gmem_O_addr" [./flashattentionmemory.h:218]   --->   Operation 108 'writeresp' 'empty_57' <Predicate = true> <Delay = 7.30> <CoreInst = "m_axi">   --->   Core 123 'm_axi' <Latency = 9> <II = 1> <Delay = 1.57> <Adapter> <Opcode : 'read' 'write' 'readreq' 'writereq' 'writeresp'>

State 12 <SV = 11> <Delay = 7.30>
ST_12 : Operation 109 [66/74] (7.30ns)   --->   "%empty_57 = writeresp i1 @_ssdm_op_WriteResp.m_axi.p1i512, i512 %gmem_O_addr" [./flashattentionmemory.h:218]   --->   Operation 109 'writeresp' 'empty_57' <Predicate = true> <Delay = 7.30> <CoreInst = "m_axi">   --->   Core 123 'm_axi' <Latency = 9> <II = 1> <Delay = 1.57> <Adapter> <Opcode : 'read' 'write' 'readreq' 'writereq' 'writeresp'>

State 13 <SV = 12> <Delay = 7.30>
ST_13 : Operation 110 [65/74] (7.30ns)   --->   "%empty_57 = writeresp i1 @_ssdm_op_WriteResp.m_axi.p1i512, i512 %gmem_O_addr" [./flashattentionmemory.h:218]   --->   Operation 110 'writeresp' 'empty_57' <Predicate = true> <Delay = 7.30> <CoreInst = "m_axi">   --->   Core 123 'm_axi' <Latency = 9> <II = 1> <Delay = 1.57> <Adapter> <Opcode : 'read' 'write' 'readreq' 'writereq' 'writeresp'>

State 14 <SV = 13> <Delay = 7.30>
ST_14 : Operation 111 [64/74] (7.30ns)   --->   "%empty_57 = writeresp i1 @_ssdm_op_WriteResp.m_axi.p1i512, i512 %gmem_O_addr" [./flashattentionmemory.h:218]   --->   Operation 111 'writeresp' 'empty_57' <Predicate = true> <Delay = 7.30> <CoreInst = "m_axi">   --->   Core 123 'm_axi' <Latency = 9> <II = 1> <Delay = 1.57> <Adapter> <Opcode : 'read' 'write' 'readreq' 'writereq' 'writeresp'>

State 15 <SV = 14> <Delay = 7.30>
ST_15 : Operation 112 [63/74] (7.30ns)   --->   "%empty_57 = writeresp i1 @_ssdm_op_WriteResp.m_axi.p1i512, i512 %gmem_O_addr" [./flashattentionmemory.h:218]   --->   Operation 112 'writeresp' 'empty_57' <Predicate = true> <Delay = 7.30> <CoreInst = "m_axi">   --->   Core 123 'm_axi' <Latency = 9> <II = 1> <Delay = 1.57> <Adapter> <Opcode : 'read' 'write' 'readreq' 'writereq' 'writeresp'>

State 16 <SV = 15> <Delay = 7.30>
ST_16 : Operation 113 [62/74] (7.30ns)   --->   "%empty_57 = writeresp i1 @_ssdm_op_WriteResp.m_axi.p1i512, i512 %gmem_O_addr" [./flashattentionmemory.h:218]   --->   Operation 113 'writeresp' 'empty_57' <Predicate = true> <Delay = 7.30> <CoreInst = "m_axi">   --->   Core 123 'm_axi' <Latency = 9> <II = 1> <Delay = 1.57> <Adapter> <Opcode : 'read' 'write' 'readreq' 'writereq' 'writeresp'>

State 17 <SV = 16> <Delay = 7.30>
ST_17 : Operation 114 [61/74] (7.30ns)   --->   "%empty_57 = writeresp i1 @_ssdm_op_WriteResp.m_axi.p1i512, i512 %gmem_O_addr" [./flashattentionmemory.h:218]   --->   Operation 114 'writeresp' 'empty_57' <Predicate = true> <Delay = 7.30> <CoreInst = "m_axi">   --->   Core 123 'm_axi' <Latency = 9> <II = 1> <Delay = 1.57> <Adapter> <Opcode : 'read' 'write' 'readreq' 'writereq' 'writeresp'>

State 18 <SV = 17> <Delay = 7.30>
ST_18 : Operation 115 [60/74] (7.30ns)   --->   "%empty_57 = writeresp i1 @_ssdm_op_WriteResp.m_axi.p1i512, i512 %gmem_O_addr" [./flashattentionmemory.h:218]   --->   Operation 115 'writeresp' 'empty_57' <Predicate = true> <Delay = 7.30> <CoreInst = "m_axi">   --->   Core 123 'm_axi' <Latency = 9> <II = 1> <Delay = 1.57> <Adapter> <Opcode : 'read' 'write' 'readreq' 'writereq' 'writeresp'>

State 19 <SV = 18> <Delay = 7.30>
ST_19 : Operation 116 [59/74] (7.30ns)   --->   "%empty_57 = writeresp i1 @_ssdm_op_WriteResp.m_axi.p1i512, i512 %gmem_O_addr" [./flashattentionmemory.h:218]   --->   Operation 116 'writeresp' 'empty_57' <Predicate = true> <Delay = 7.30> <CoreInst = "m_axi">   --->   Core 123 'm_axi' <Latency = 9> <II = 1> <Delay = 1.57> <Adapter> <Opcode : 'read' 'write' 'readreq' 'writereq' 'writeresp'>

State 20 <SV = 19> <Delay = 7.30>
ST_20 : Operation 117 [58/74] (7.30ns)   --->   "%empty_57 = writeresp i1 @_ssdm_op_WriteResp.m_axi.p1i512, i512 %gmem_O_addr" [./flashattentionmemory.h:218]   --->   Operation 117 'writeresp' 'empty_57' <Predicate = true> <Delay = 7.30> <CoreInst = "m_axi">   --->   Core 123 'm_axi' <Latency = 9> <II = 1> <Delay = 1.57> <Adapter> <Opcode : 'read' 'write' 'readreq' 'writereq' 'writeresp'>

State 21 <SV = 20> <Delay = 7.30>
ST_21 : Operation 118 [57/74] (7.30ns)   --->   "%empty_57 = writeresp i1 @_ssdm_op_WriteResp.m_axi.p1i512, i512 %gmem_O_addr" [./flashattentionmemory.h:218]   --->   Operation 118 'writeresp' 'empty_57' <Predicate = true> <Delay = 7.30> <CoreInst = "m_axi">   --->   Core 123 'm_axi' <Latency = 9> <II = 1> <Delay = 1.57> <Adapter> <Opcode : 'read' 'write' 'readreq' 'writereq' 'writeresp'>

State 22 <SV = 21> <Delay = 7.30>
ST_22 : Operation 119 [56/74] (7.30ns)   --->   "%empty_57 = writeresp i1 @_ssdm_op_WriteResp.m_axi.p1i512, i512 %gmem_O_addr" [./flashattentionmemory.h:218]   --->   Operation 119 'writeresp' 'empty_57' <Predicate = true> <Delay = 7.30> <CoreInst = "m_axi">   --->   Core 123 'm_axi' <Latency = 9> <II = 1> <Delay = 1.57> <Adapter> <Opcode : 'read' 'write' 'readreq' 'writereq' 'writeresp'>

State 23 <SV = 22> <Delay = 7.30>
ST_23 : Operation 120 [55/74] (7.30ns)   --->   "%empty_57 = writeresp i1 @_ssdm_op_WriteResp.m_axi.p1i512, i512 %gmem_O_addr" [./flashattentionmemory.h:218]   --->   Operation 120 'writeresp' 'empty_57' <Predicate = true> <Delay = 7.30> <CoreInst = "m_axi">   --->   Core 123 'm_axi' <Latency = 9> <II = 1> <Delay = 1.57> <Adapter> <Opcode : 'read' 'write' 'readreq' 'writereq' 'writeresp'>

State 24 <SV = 23> <Delay = 7.30>
ST_24 : Operation 121 [54/74] (7.30ns)   --->   "%empty_57 = writeresp i1 @_ssdm_op_WriteResp.m_axi.p1i512, i512 %gmem_O_addr" [./flashattentionmemory.h:218]   --->   Operation 121 'writeresp' 'empty_57' <Predicate = true> <Delay = 7.30> <CoreInst = "m_axi">   --->   Core 123 'm_axi' <Latency = 9> <II = 1> <Delay = 1.57> <Adapter> <Opcode : 'read' 'write' 'readreq' 'writereq' 'writeresp'>

State 25 <SV = 24> <Delay = 7.30>
ST_25 : Operation 122 [53/74] (7.30ns)   --->   "%empty_57 = writeresp i1 @_ssdm_op_WriteResp.m_axi.p1i512, i512 %gmem_O_addr" [./flashattentionmemory.h:218]   --->   Operation 122 'writeresp' 'empty_57' <Predicate = true> <Delay = 7.30> <CoreInst = "m_axi">   --->   Core 123 'm_axi' <Latency = 9> <II = 1> <Delay = 1.57> <Adapter> <Opcode : 'read' 'write' 'readreq' 'writereq' 'writeresp'>

State 26 <SV = 25> <Delay = 7.30>
ST_26 : Operation 123 [52/74] (7.30ns)   --->   "%empty_57 = writeresp i1 @_ssdm_op_WriteResp.m_axi.p1i512, i512 %gmem_O_addr" [./flashattentionmemory.h:218]   --->   Operation 123 'writeresp' 'empty_57' <Predicate = true> <Delay = 7.30> <CoreInst = "m_axi">   --->   Core 123 'm_axi' <Latency = 9> <II = 1> <Delay = 1.57> <Adapter> <Opcode : 'read' 'write' 'readreq' 'writereq' 'writeresp'>

State 27 <SV = 26> <Delay = 7.30>
ST_27 : Operation 124 [51/74] (7.30ns)   --->   "%empty_57 = writeresp i1 @_ssdm_op_WriteResp.m_axi.p1i512, i512 %gmem_O_addr" [./flashattentionmemory.h:218]   --->   Operation 124 'writeresp' 'empty_57' <Predicate = true> <Delay = 7.30> <CoreInst = "m_axi">   --->   Core 123 'm_axi' <Latency = 9> <II = 1> <Delay = 1.57> <Adapter> <Opcode : 'read' 'write' 'readreq' 'writereq' 'writeresp'>

State 28 <SV = 27> <Delay = 7.30>
ST_28 : Operation 125 [50/74] (7.30ns)   --->   "%empty_57 = writeresp i1 @_ssdm_op_WriteResp.m_axi.p1i512, i512 %gmem_O_addr" [./flashattentionmemory.h:218]   --->   Operation 125 'writeresp' 'empty_57' <Predicate = true> <Delay = 7.30> <CoreInst = "m_axi">   --->   Core 123 'm_axi' <Latency = 9> <II = 1> <Delay = 1.57> <Adapter> <Opcode : 'read' 'write' 'readreq' 'writereq' 'writeresp'>

State 29 <SV = 28> <Delay = 7.30>
ST_29 : Operation 126 [49/74] (7.30ns)   --->   "%empty_57 = writeresp i1 @_ssdm_op_WriteResp.m_axi.p1i512, i512 %gmem_O_addr" [./flashattentionmemory.h:218]   --->   Operation 126 'writeresp' 'empty_57' <Predicate = true> <Delay = 7.30> <CoreInst = "m_axi">   --->   Core 123 'm_axi' <Latency = 9> <II = 1> <Delay = 1.57> <Adapter> <Opcode : 'read' 'write' 'readreq' 'writereq' 'writeresp'>

State 30 <SV = 29> <Delay = 7.30>
ST_30 : Operation 127 [48/74] (7.30ns)   --->   "%empty_57 = writeresp i1 @_ssdm_op_WriteResp.m_axi.p1i512, i512 %gmem_O_addr" [./flashattentionmemory.h:218]   --->   Operation 127 'writeresp' 'empty_57' <Predicate = true> <Delay = 7.30> <CoreInst = "m_axi">   --->   Core 123 'm_axi' <Latency = 9> <II = 1> <Delay = 1.57> <Adapter> <Opcode : 'read' 'write' 'readreq' 'writereq' 'writeresp'>

State 31 <SV = 30> <Delay = 7.30>
ST_31 : Operation 128 [47/74] (7.30ns)   --->   "%empty_57 = writeresp i1 @_ssdm_op_WriteResp.m_axi.p1i512, i512 %gmem_O_addr" [./flashattentionmemory.h:218]   --->   Operation 128 'writeresp' 'empty_57' <Predicate = true> <Delay = 7.30> <CoreInst = "m_axi">   --->   Core 123 'm_axi' <Latency = 9> <II = 1> <Delay = 1.57> <Adapter> <Opcode : 'read' 'write' 'readreq' 'writereq' 'writeresp'>

State 32 <SV = 31> <Delay = 7.30>
ST_32 : Operation 129 [46/74] (7.30ns)   --->   "%empty_57 = writeresp i1 @_ssdm_op_WriteResp.m_axi.p1i512, i512 %gmem_O_addr" [./flashattentionmemory.h:218]   --->   Operation 129 'writeresp' 'empty_57' <Predicate = true> <Delay = 7.30> <CoreInst = "m_axi">   --->   Core 123 'm_axi' <Latency = 9> <II = 1> <Delay = 1.57> <Adapter> <Opcode : 'read' 'write' 'readreq' 'writereq' 'writeresp'>

State 33 <SV = 32> <Delay = 7.30>
ST_33 : Operation 130 [45/74] (7.30ns)   --->   "%empty_57 = writeresp i1 @_ssdm_op_WriteResp.m_axi.p1i512, i512 %gmem_O_addr" [./flashattentionmemory.h:218]   --->   Operation 130 'writeresp' 'empty_57' <Predicate = true> <Delay = 7.30> <CoreInst = "m_axi">   --->   Core 123 'm_axi' <Latency = 9> <II = 1> <Delay = 1.57> <Adapter> <Opcode : 'read' 'write' 'readreq' 'writereq' 'writeresp'>

State 34 <SV = 33> <Delay = 7.30>
ST_34 : Operation 131 [44/74] (7.30ns)   --->   "%empty_57 = writeresp i1 @_ssdm_op_WriteResp.m_axi.p1i512, i512 %gmem_O_addr" [./flashattentionmemory.h:218]   --->   Operation 131 'writeresp' 'empty_57' <Predicate = true> <Delay = 7.30> <CoreInst = "m_axi">   --->   Core 123 'm_axi' <Latency = 9> <II = 1> <Delay = 1.57> <Adapter> <Opcode : 'read' 'write' 'readreq' 'writereq' 'writeresp'>

State 35 <SV = 34> <Delay = 7.30>
ST_35 : Operation 132 [43/74] (7.30ns)   --->   "%empty_57 = writeresp i1 @_ssdm_op_WriteResp.m_axi.p1i512, i512 %gmem_O_addr" [./flashattentionmemory.h:218]   --->   Operation 132 'writeresp' 'empty_57' <Predicate = true> <Delay = 7.30> <CoreInst = "m_axi">   --->   Core 123 'm_axi' <Latency = 9> <II = 1> <Delay = 1.57> <Adapter> <Opcode : 'read' 'write' 'readreq' 'writereq' 'writeresp'>

State 36 <SV = 35> <Delay = 7.30>
ST_36 : Operation 133 [42/74] (7.30ns)   --->   "%empty_57 = writeresp i1 @_ssdm_op_WriteResp.m_axi.p1i512, i512 %gmem_O_addr" [./flashattentionmemory.h:218]   --->   Operation 133 'writeresp' 'empty_57' <Predicate = true> <Delay = 7.30> <CoreInst = "m_axi">   --->   Core 123 'm_axi' <Latency = 9> <II = 1> <Delay = 1.57> <Adapter> <Opcode : 'read' 'write' 'readreq' 'writereq' 'writeresp'>

State 37 <SV = 36> <Delay = 7.30>
ST_37 : Operation 134 [41/74] (7.30ns)   --->   "%empty_57 = writeresp i1 @_ssdm_op_WriteResp.m_axi.p1i512, i512 %gmem_O_addr" [./flashattentionmemory.h:218]   --->   Operation 134 'writeresp' 'empty_57' <Predicate = true> <Delay = 7.30> <CoreInst = "m_axi">   --->   Core 123 'm_axi' <Latency = 9> <II = 1> <Delay = 1.57> <Adapter> <Opcode : 'read' 'write' 'readreq' 'writereq' 'writeresp'>

State 38 <SV = 37> <Delay = 7.30>
ST_38 : Operation 135 [40/74] (7.30ns)   --->   "%empty_57 = writeresp i1 @_ssdm_op_WriteResp.m_axi.p1i512, i512 %gmem_O_addr" [./flashattentionmemory.h:218]   --->   Operation 135 'writeresp' 'empty_57' <Predicate = true> <Delay = 7.30> <CoreInst = "m_axi">   --->   Core 123 'm_axi' <Latency = 9> <II = 1> <Delay = 1.57> <Adapter> <Opcode : 'read' 'write' 'readreq' 'writereq' 'writeresp'>

State 39 <SV = 38> <Delay = 7.30>
ST_39 : Operation 136 [39/74] (7.30ns)   --->   "%empty_57 = writeresp i1 @_ssdm_op_WriteResp.m_axi.p1i512, i512 %gmem_O_addr" [./flashattentionmemory.h:218]   --->   Operation 136 'writeresp' 'empty_57' <Predicate = true> <Delay = 7.30> <CoreInst = "m_axi">   --->   Core 123 'm_axi' <Latency = 9> <II = 1> <Delay = 1.57> <Adapter> <Opcode : 'read' 'write' 'readreq' 'writereq' 'writeresp'>

State 40 <SV = 39> <Delay = 7.30>
ST_40 : Operation 137 [38/74] (7.30ns)   --->   "%empty_57 = writeresp i1 @_ssdm_op_WriteResp.m_axi.p1i512, i512 %gmem_O_addr" [./flashattentionmemory.h:218]   --->   Operation 137 'writeresp' 'empty_57' <Predicate = true> <Delay = 7.30> <CoreInst = "m_axi">   --->   Core 123 'm_axi' <Latency = 9> <II = 1> <Delay = 1.57> <Adapter> <Opcode : 'read' 'write' 'readreq' 'writereq' 'writeresp'>

State 41 <SV = 40> <Delay = 7.30>
ST_41 : Operation 138 [37/74] (7.30ns)   --->   "%empty_57 = writeresp i1 @_ssdm_op_WriteResp.m_axi.p1i512, i512 %gmem_O_addr" [./flashattentionmemory.h:218]   --->   Operation 138 'writeresp' 'empty_57' <Predicate = true> <Delay = 7.30> <CoreInst = "m_axi">   --->   Core 123 'm_axi' <Latency = 9> <II = 1> <Delay = 1.57> <Adapter> <Opcode : 'read' 'write' 'readreq' 'writereq' 'writeresp'>

State 42 <SV = 41> <Delay = 7.30>
ST_42 : Operation 139 [36/74] (7.30ns)   --->   "%empty_57 = writeresp i1 @_ssdm_op_WriteResp.m_axi.p1i512, i512 %gmem_O_addr" [./flashattentionmemory.h:218]   --->   Operation 139 'writeresp' 'empty_57' <Predicate = true> <Delay = 7.30> <CoreInst = "m_axi">   --->   Core 123 'm_axi' <Latency = 9> <II = 1> <Delay = 1.57> <Adapter> <Opcode : 'read' 'write' 'readreq' 'writereq' 'writeresp'>

State 43 <SV = 42> <Delay = 7.30>
ST_43 : Operation 140 [35/74] (7.30ns)   --->   "%empty_57 = writeresp i1 @_ssdm_op_WriteResp.m_axi.p1i512, i512 %gmem_O_addr" [./flashattentionmemory.h:218]   --->   Operation 140 'writeresp' 'empty_57' <Predicate = true> <Delay = 7.30> <CoreInst = "m_axi">   --->   Core 123 'm_axi' <Latency = 9> <II = 1> <Delay = 1.57> <Adapter> <Opcode : 'read' 'write' 'readreq' 'writereq' 'writeresp'>

State 44 <SV = 43> <Delay = 7.30>
ST_44 : Operation 141 [34/74] (7.30ns)   --->   "%empty_57 = writeresp i1 @_ssdm_op_WriteResp.m_axi.p1i512, i512 %gmem_O_addr" [./flashattentionmemory.h:218]   --->   Operation 141 'writeresp' 'empty_57' <Predicate = true> <Delay = 7.30> <CoreInst = "m_axi">   --->   Core 123 'm_axi' <Latency = 9> <II = 1> <Delay = 1.57> <Adapter> <Opcode : 'read' 'write' 'readreq' 'writereq' 'writeresp'>

State 45 <SV = 44> <Delay = 7.30>
ST_45 : Operation 142 [33/74] (7.30ns)   --->   "%empty_57 = writeresp i1 @_ssdm_op_WriteResp.m_axi.p1i512, i512 %gmem_O_addr" [./flashattentionmemory.h:218]   --->   Operation 142 'writeresp' 'empty_57' <Predicate = true> <Delay = 7.30> <CoreInst = "m_axi">   --->   Core 123 'm_axi' <Latency = 9> <II = 1> <Delay = 1.57> <Adapter> <Opcode : 'read' 'write' 'readreq' 'writereq' 'writeresp'>

State 46 <SV = 45> <Delay = 7.30>
ST_46 : Operation 143 [32/74] (7.30ns)   --->   "%empty_57 = writeresp i1 @_ssdm_op_WriteResp.m_axi.p1i512, i512 %gmem_O_addr" [./flashattentionmemory.h:218]   --->   Operation 143 'writeresp' 'empty_57' <Predicate = true> <Delay = 7.30> <CoreInst = "m_axi">   --->   Core 123 'm_axi' <Latency = 9> <II = 1> <Delay = 1.57> <Adapter> <Opcode : 'read' 'write' 'readreq' 'writereq' 'writeresp'>

State 47 <SV = 46> <Delay = 7.30>
ST_47 : Operation 144 [31/74] (7.30ns)   --->   "%empty_57 = writeresp i1 @_ssdm_op_WriteResp.m_axi.p1i512, i512 %gmem_O_addr" [./flashattentionmemory.h:218]   --->   Operation 144 'writeresp' 'empty_57' <Predicate = true> <Delay = 7.30> <CoreInst = "m_axi">   --->   Core 123 'm_axi' <Latency = 9> <II = 1> <Delay = 1.57> <Adapter> <Opcode : 'read' 'write' 'readreq' 'writereq' 'writeresp'>

State 48 <SV = 47> <Delay = 7.30>
ST_48 : Operation 145 [30/74] (7.30ns)   --->   "%empty_57 = writeresp i1 @_ssdm_op_WriteResp.m_axi.p1i512, i512 %gmem_O_addr" [./flashattentionmemory.h:218]   --->   Operation 145 'writeresp' 'empty_57' <Predicate = true> <Delay = 7.30> <CoreInst = "m_axi">   --->   Core 123 'm_axi' <Latency = 9> <II = 1> <Delay = 1.57> <Adapter> <Opcode : 'read' 'write' 'readreq' 'writereq' 'writeresp'>

State 49 <SV = 48> <Delay = 7.30>
ST_49 : Operation 146 [29/74] (7.30ns)   --->   "%empty_57 = writeresp i1 @_ssdm_op_WriteResp.m_axi.p1i512, i512 %gmem_O_addr" [./flashattentionmemory.h:218]   --->   Operation 146 'writeresp' 'empty_57' <Predicate = true> <Delay = 7.30> <CoreInst = "m_axi">   --->   Core 123 'm_axi' <Latency = 9> <II = 1> <Delay = 1.57> <Adapter> <Opcode : 'read' 'write' 'readreq' 'writereq' 'writeresp'>

State 50 <SV = 49> <Delay = 7.30>
ST_50 : Operation 147 [28/74] (7.30ns)   --->   "%empty_57 = writeresp i1 @_ssdm_op_WriteResp.m_axi.p1i512, i512 %gmem_O_addr" [./flashattentionmemory.h:218]   --->   Operation 147 'writeresp' 'empty_57' <Predicate = true> <Delay = 7.30> <CoreInst = "m_axi">   --->   Core 123 'm_axi' <Latency = 9> <II = 1> <Delay = 1.57> <Adapter> <Opcode : 'read' 'write' 'readreq' 'writereq' 'writeresp'>

State 51 <SV = 50> <Delay = 7.30>
ST_51 : Operation 148 [27/74] (7.30ns)   --->   "%empty_57 = writeresp i1 @_ssdm_op_WriteResp.m_axi.p1i512, i512 %gmem_O_addr" [./flashattentionmemory.h:218]   --->   Operation 148 'writeresp' 'empty_57' <Predicate = true> <Delay = 7.30> <CoreInst = "m_axi">   --->   Core 123 'm_axi' <Latency = 9> <II = 1> <Delay = 1.57> <Adapter> <Opcode : 'read' 'write' 'readreq' 'writereq' 'writeresp'>

State 52 <SV = 51> <Delay = 7.30>
ST_52 : Operation 149 [26/74] (7.30ns)   --->   "%empty_57 = writeresp i1 @_ssdm_op_WriteResp.m_axi.p1i512, i512 %gmem_O_addr" [./flashattentionmemory.h:218]   --->   Operation 149 'writeresp' 'empty_57' <Predicate = true> <Delay = 7.30> <CoreInst = "m_axi">   --->   Core 123 'm_axi' <Latency = 9> <II = 1> <Delay = 1.57> <Adapter> <Opcode : 'read' 'write' 'readreq' 'writereq' 'writeresp'>

State 53 <SV = 52> <Delay = 7.30>
ST_53 : Operation 150 [25/74] (7.30ns)   --->   "%empty_57 = writeresp i1 @_ssdm_op_WriteResp.m_axi.p1i512, i512 %gmem_O_addr" [./flashattentionmemory.h:218]   --->   Operation 150 'writeresp' 'empty_57' <Predicate = true> <Delay = 7.30> <CoreInst = "m_axi">   --->   Core 123 'm_axi' <Latency = 9> <II = 1> <Delay = 1.57> <Adapter> <Opcode : 'read' 'write' 'readreq' 'writereq' 'writeresp'>

State 54 <SV = 53> <Delay = 7.30>
ST_54 : Operation 151 [24/74] (7.30ns)   --->   "%empty_57 = writeresp i1 @_ssdm_op_WriteResp.m_axi.p1i512, i512 %gmem_O_addr" [./flashattentionmemory.h:218]   --->   Operation 151 'writeresp' 'empty_57' <Predicate = true> <Delay = 7.30> <CoreInst = "m_axi">   --->   Core 123 'm_axi' <Latency = 9> <II = 1> <Delay = 1.57> <Adapter> <Opcode : 'read' 'write' 'readreq' 'writereq' 'writeresp'>

State 55 <SV = 54> <Delay = 7.30>
ST_55 : Operation 152 [23/74] (7.30ns)   --->   "%empty_57 = writeresp i1 @_ssdm_op_WriteResp.m_axi.p1i512, i512 %gmem_O_addr" [./flashattentionmemory.h:218]   --->   Operation 152 'writeresp' 'empty_57' <Predicate = true> <Delay = 7.30> <CoreInst = "m_axi">   --->   Core 123 'm_axi' <Latency = 9> <II = 1> <Delay = 1.57> <Adapter> <Opcode : 'read' 'write' 'readreq' 'writereq' 'writeresp'>

State 56 <SV = 55> <Delay = 7.30>
ST_56 : Operation 153 [22/74] (7.30ns)   --->   "%empty_57 = writeresp i1 @_ssdm_op_WriteResp.m_axi.p1i512, i512 %gmem_O_addr" [./flashattentionmemory.h:218]   --->   Operation 153 'writeresp' 'empty_57' <Predicate = true> <Delay = 7.30> <CoreInst = "m_axi">   --->   Core 123 'm_axi' <Latency = 9> <II = 1> <Delay = 1.57> <Adapter> <Opcode : 'read' 'write' 'readreq' 'writereq' 'writeresp'>

State 57 <SV = 56> <Delay = 7.30>
ST_57 : Operation 154 [21/74] (7.30ns)   --->   "%empty_57 = writeresp i1 @_ssdm_op_WriteResp.m_axi.p1i512, i512 %gmem_O_addr" [./flashattentionmemory.h:218]   --->   Operation 154 'writeresp' 'empty_57' <Predicate = true> <Delay = 7.30> <CoreInst = "m_axi">   --->   Core 123 'm_axi' <Latency = 9> <II = 1> <Delay = 1.57> <Adapter> <Opcode : 'read' 'write' 'readreq' 'writereq' 'writeresp'>

State 58 <SV = 57> <Delay = 7.30>
ST_58 : Operation 155 [20/74] (7.30ns)   --->   "%empty_57 = writeresp i1 @_ssdm_op_WriteResp.m_axi.p1i512, i512 %gmem_O_addr" [./flashattentionmemory.h:218]   --->   Operation 155 'writeresp' 'empty_57' <Predicate = true> <Delay = 7.30> <CoreInst = "m_axi">   --->   Core 123 'm_axi' <Latency = 9> <II = 1> <Delay = 1.57> <Adapter> <Opcode : 'read' 'write' 'readreq' 'writereq' 'writeresp'>

State 59 <SV = 58> <Delay = 7.30>
ST_59 : Operation 156 [19/74] (7.30ns)   --->   "%empty_57 = writeresp i1 @_ssdm_op_WriteResp.m_axi.p1i512, i512 %gmem_O_addr" [./flashattentionmemory.h:218]   --->   Operation 156 'writeresp' 'empty_57' <Predicate = true> <Delay = 7.30> <CoreInst = "m_axi">   --->   Core 123 'm_axi' <Latency = 9> <II = 1> <Delay = 1.57> <Adapter> <Opcode : 'read' 'write' 'readreq' 'writereq' 'writeresp'>

State 60 <SV = 59> <Delay = 7.30>
ST_60 : Operation 157 [18/74] (7.30ns)   --->   "%empty_57 = writeresp i1 @_ssdm_op_WriteResp.m_axi.p1i512, i512 %gmem_O_addr" [./flashattentionmemory.h:218]   --->   Operation 157 'writeresp' 'empty_57' <Predicate = true> <Delay = 7.30> <CoreInst = "m_axi">   --->   Core 123 'm_axi' <Latency = 9> <II = 1> <Delay = 1.57> <Adapter> <Opcode : 'read' 'write' 'readreq' 'writereq' 'writeresp'>

State 61 <SV = 60> <Delay = 7.30>
ST_61 : Operation 158 [17/74] (7.30ns)   --->   "%empty_57 = writeresp i1 @_ssdm_op_WriteResp.m_axi.p1i512, i512 %gmem_O_addr" [./flashattentionmemory.h:218]   --->   Operation 158 'writeresp' 'empty_57' <Predicate = true> <Delay = 7.30> <CoreInst = "m_axi">   --->   Core 123 'm_axi' <Latency = 9> <II = 1> <Delay = 1.57> <Adapter> <Opcode : 'read' 'write' 'readreq' 'writereq' 'writeresp'>

State 62 <SV = 61> <Delay = 7.30>
ST_62 : Operation 159 [16/74] (7.30ns)   --->   "%empty_57 = writeresp i1 @_ssdm_op_WriteResp.m_axi.p1i512, i512 %gmem_O_addr" [./flashattentionmemory.h:218]   --->   Operation 159 'writeresp' 'empty_57' <Predicate = true> <Delay = 7.30> <CoreInst = "m_axi">   --->   Core 123 'm_axi' <Latency = 9> <II = 1> <Delay = 1.57> <Adapter> <Opcode : 'read' 'write' 'readreq' 'writereq' 'writeresp'>

State 63 <SV = 62> <Delay = 7.30>
ST_63 : Operation 160 [15/74] (7.30ns)   --->   "%empty_57 = writeresp i1 @_ssdm_op_WriteResp.m_axi.p1i512, i512 %gmem_O_addr" [./flashattentionmemory.h:218]   --->   Operation 160 'writeresp' 'empty_57' <Predicate = true> <Delay = 7.30> <CoreInst = "m_axi">   --->   Core 123 'm_axi' <Latency = 9> <II = 1> <Delay = 1.57> <Adapter> <Opcode : 'read' 'write' 'readreq' 'writereq' 'writeresp'>

State 64 <SV = 63> <Delay = 7.30>
ST_64 : Operation 161 [14/74] (7.30ns)   --->   "%empty_57 = writeresp i1 @_ssdm_op_WriteResp.m_axi.p1i512, i512 %gmem_O_addr" [./flashattentionmemory.h:218]   --->   Operation 161 'writeresp' 'empty_57' <Predicate = true> <Delay = 7.30> <CoreInst = "m_axi">   --->   Core 123 'm_axi' <Latency = 9> <II = 1> <Delay = 1.57> <Adapter> <Opcode : 'read' 'write' 'readreq' 'writereq' 'writeresp'>

State 65 <SV = 64> <Delay = 7.30>
ST_65 : Operation 162 [13/74] (7.30ns)   --->   "%empty_57 = writeresp i1 @_ssdm_op_WriteResp.m_axi.p1i512, i512 %gmem_O_addr" [./flashattentionmemory.h:218]   --->   Operation 162 'writeresp' 'empty_57' <Predicate = true> <Delay = 7.30> <CoreInst = "m_axi">   --->   Core 123 'm_axi' <Latency = 9> <II = 1> <Delay = 1.57> <Adapter> <Opcode : 'read' 'write' 'readreq' 'writereq' 'writeresp'>

State 66 <SV = 65> <Delay = 7.30>
ST_66 : Operation 163 [12/74] (7.30ns)   --->   "%empty_57 = writeresp i1 @_ssdm_op_WriteResp.m_axi.p1i512, i512 %gmem_O_addr" [./flashattentionmemory.h:218]   --->   Operation 163 'writeresp' 'empty_57' <Predicate = true> <Delay = 7.30> <CoreInst = "m_axi">   --->   Core 123 'm_axi' <Latency = 9> <II = 1> <Delay = 1.57> <Adapter> <Opcode : 'read' 'write' 'readreq' 'writereq' 'writeresp'>

State 67 <SV = 66> <Delay = 7.30>
ST_67 : Operation 164 [11/74] (7.30ns)   --->   "%empty_57 = writeresp i1 @_ssdm_op_WriteResp.m_axi.p1i512, i512 %gmem_O_addr" [./flashattentionmemory.h:218]   --->   Operation 164 'writeresp' 'empty_57' <Predicate = true> <Delay = 7.30> <CoreInst = "m_axi">   --->   Core 123 'm_axi' <Latency = 9> <II = 1> <Delay = 1.57> <Adapter> <Opcode : 'read' 'write' 'readreq' 'writereq' 'writeresp'>

State 68 <SV = 67> <Delay = 7.30>
ST_68 : Operation 165 [10/74] (7.30ns)   --->   "%empty_57 = writeresp i1 @_ssdm_op_WriteResp.m_axi.p1i512, i512 %gmem_O_addr" [./flashattentionmemory.h:218]   --->   Operation 165 'writeresp' 'empty_57' <Predicate = true> <Delay = 7.30> <CoreInst = "m_axi">   --->   Core 123 'm_axi' <Latency = 9> <II = 1> <Delay = 1.57> <Adapter> <Opcode : 'read' 'write' 'readreq' 'writereq' 'writeresp'>

State 69 <SV = 68> <Delay = 7.30>
ST_69 : Operation 166 [9/74] (7.30ns)   --->   "%empty_57 = writeresp i1 @_ssdm_op_WriteResp.m_axi.p1i512, i512 %gmem_O_addr" [./flashattentionmemory.h:218]   --->   Operation 166 'writeresp' 'empty_57' <Predicate = true> <Delay = 7.30> <CoreInst = "m_axi">   --->   Core 123 'm_axi' <Latency = 9> <II = 1> <Delay = 1.57> <Adapter> <Opcode : 'read' 'write' 'readreq' 'writereq' 'writeresp'>

State 70 <SV = 69> <Delay = 7.30>
ST_70 : Operation 167 [8/74] (7.30ns)   --->   "%empty_57 = writeresp i1 @_ssdm_op_WriteResp.m_axi.p1i512, i512 %gmem_O_addr" [./flashattentionmemory.h:218]   --->   Operation 167 'writeresp' 'empty_57' <Predicate = true> <Delay = 7.30> <CoreInst = "m_axi">   --->   Core 123 'm_axi' <Latency = 9> <II = 1> <Delay = 1.57> <Adapter> <Opcode : 'read' 'write' 'readreq' 'writereq' 'writeresp'>

State 71 <SV = 70> <Delay = 7.30>
ST_71 : Operation 168 [7/74] (7.30ns)   --->   "%empty_57 = writeresp i1 @_ssdm_op_WriteResp.m_axi.p1i512, i512 %gmem_O_addr" [./flashattentionmemory.h:218]   --->   Operation 168 'writeresp' 'empty_57' <Predicate = true> <Delay = 7.30> <CoreInst = "m_axi">   --->   Core 123 'm_axi' <Latency = 9> <II = 1> <Delay = 1.57> <Adapter> <Opcode : 'read' 'write' 'readreq' 'writereq' 'writeresp'>

State 72 <SV = 71> <Delay = 7.30>
ST_72 : Operation 169 [6/74] (7.30ns)   --->   "%empty_57 = writeresp i1 @_ssdm_op_WriteResp.m_axi.p1i512, i512 %gmem_O_addr" [./flashattentionmemory.h:218]   --->   Operation 169 'writeresp' 'empty_57' <Predicate = true> <Delay = 7.30> <CoreInst = "m_axi">   --->   Core 123 'm_axi' <Latency = 9> <II = 1> <Delay = 1.57> <Adapter> <Opcode : 'read' 'write' 'readreq' 'writereq' 'writeresp'>

State 73 <SV = 72> <Delay = 7.30>
ST_73 : Operation 170 [5/74] (7.30ns)   --->   "%empty_57 = writeresp i1 @_ssdm_op_WriteResp.m_axi.p1i512, i512 %gmem_O_addr" [./flashattentionmemory.h:218]   --->   Operation 170 'writeresp' 'empty_57' <Predicate = true> <Delay = 7.30> <CoreInst = "m_axi">   --->   Core 123 'm_axi' <Latency = 9> <II = 1> <Delay = 1.57> <Adapter> <Opcode : 'read' 'write' 'readreq' 'writereq' 'writeresp'>

State 74 <SV = 73> <Delay = 7.30>
ST_74 : Operation 171 [4/74] (7.30ns)   --->   "%empty_57 = writeresp i1 @_ssdm_op_WriteResp.m_axi.p1i512, i512 %gmem_O_addr" [./flashattentionmemory.h:218]   --->   Operation 171 'writeresp' 'empty_57' <Predicate = true> <Delay = 7.30> <CoreInst = "m_axi">   --->   Core 123 'm_axi' <Latency = 9> <II = 1> <Delay = 1.57> <Adapter> <Opcode : 'read' 'write' 'readreq' 'writereq' 'writeresp'>

State 75 <SV = 74> <Delay = 7.30>
ST_75 : Operation 172 [3/74] (7.30ns)   --->   "%empty_57 = writeresp i1 @_ssdm_op_WriteResp.m_axi.p1i512, i512 %gmem_O_addr" [./flashattentionmemory.h:218]   --->   Operation 172 'writeresp' 'empty_57' <Predicate = true> <Delay = 7.30> <CoreInst = "m_axi">   --->   Core 123 'm_axi' <Latency = 9> <II = 1> <Delay = 1.57> <Adapter> <Opcode : 'read' 'write' 'readreq' 'writereq' 'writeresp'>

State 76 <SV = 75> <Delay = 7.30>
ST_76 : Operation 173 [2/74] (7.30ns)   --->   "%empty_57 = writeresp i1 @_ssdm_op_WriteResp.m_axi.p1i512, i512 %gmem_O_addr" [./flashattentionmemory.h:218]   --->   Operation 173 'writeresp' 'empty_57' <Predicate = true> <Delay = 7.30> <CoreInst = "m_axi">   --->   Core 123 'm_axi' <Latency = 9> <II = 1> <Delay = 1.57> <Adapter> <Opcode : 'read' 'write' 'readreq' 'writereq' 'writeresp'>

State 77 <SV = 76> <Delay = 1.03>
ST_77 : Operation 174 [1/1] (0.00ns)   --->   "%specmemcore_ln0 = specmemcore void @_ssdm_op_SpecMemCore, i16 %tile_0, i64 666, i64 22, i64 18446744073709551615"   --->   Operation 174 'specmemcore' 'specmemcore_ln0' <Predicate = true> <Delay = 0.00>
ST_77 : Operation 175 [1/1] (0.00ns)   --->   "%specmemcore_ln0 = specmemcore void @_ssdm_op_SpecMemCore, i16 %tile_1, i64 666, i64 22, i64 18446744073709551615"   --->   Operation 175 'specmemcore' 'specmemcore_ln0' <Predicate = true> <Delay = 0.00>
ST_77 : Operation 176 [1/1] (0.00ns)   --->   "%specmemcore_ln0 = specmemcore void @_ssdm_op_SpecMemCore, i16 %tile_2, i64 666, i64 22, i64 18446744073709551615"   --->   Operation 176 'specmemcore' 'specmemcore_ln0' <Predicate = true> <Delay = 0.00>
ST_77 : Operation 177 [1/1] (0.00ns)   --->   "%specmemcore_ln0 = specmemcore void @_ssdm_op_SpecMemCore, i16 %tile_3, i64 666, i64 22, i64 18446744073709551615"   --->   Operation 177 'specmemcore' 'specmemcore_ln0' <Predicate = true> <Delay = 0.00>
ST_77 : Operation 178 [1/1] (0.00ns)   --->   "%specmemcore_ln0 = specmemcore void @_ssdm_op_SpecMemCore, i16 %tile_4, i64 666, i64 22, i64 18446744073709551615"   --->   Operation 178 'specmemcore' 'specmemcore_ln0' <Predicate = true> <Delay = 0.00>
ST_77 : Operation 179 [1/1] (0.00ns)   --->   "%specmemcore_ln0 = specmemcore void @_ssdm_op_SpecMemCore, i16 %tile_5, i64 666, i64 22, i64 18446744073709551615"   --->   Operation 179 'specmemcore' 'specmemcore_ln0' <Predicate = true> <Delay = 0.00>
ST_77 : Operation 180 [1/1] (0.00ns)   --->   "%specmemcore_ln0 = specmemcore void @_ssdm_op_SpecMemCore, i16 %tile_6, i64 666, i64 22, i64 18446744073709551615"   --->   Operation 180 'specmemcore' 'specmemcore_ln0' <Predicate = true> <Delay = 0.00>
ST_77 : Operation 181 [1/1] (0.00ns)   --->   "%specmemcore_ln0 = specmemcore void @_ssdm_op_SpecMemCore, i16 %tile_7, i64 666, i64 22, i64 18446744073709551615"   --->   Operation 181 'specmemcore' 'specmemcore_ln0' <Predicate = true> <Delay = 0.00>
ST_77 : Operation 182 [1/1] (0.00ns)   --->   "%specmemcore_ln0 = specmemcore void @_ssdm_op_SpecMemCore, i16 %tile_8, i64 666, i64 22, i64 18446744073709551615"   --->   Operation 182 'specmemcore' 'specmemcore_ln0' <Predicate = true> <Delay = 0.00>
ST_77 : Operation 183 [1/1] (0.00ns)   --->   "%specmemcore_ln0 = specmemcore void @_ssdm_op_SpecMemCore, i16 %tile_9, i64 666, i64 22, i64 18446744073709551615"   --->   Operation 183 'specmemcore' 'specmemcore_ln0' <Predicate = true> <Delay = 0.00>
ST_77 : Operation 184 [1/1] (0.00ns)   --->   "%specmemcore_ln0 = specmemcore void @_ssdm_op_SpecMemCore, i16 %tile_10, i64 666, i64 22, i64 18446744073709551615"   --->   Operation 184 'specmemcore' 'specmemcore_ln0' <Predicate = true> <Delay = 0.00>
ST_77 : Operation 185 [1/1] (0.00ns)   --->   "%specmemcore_ln0 = specmemcore void @_ssdm_op_SpecMemCore, i16 %tile_11, i64 666, i64 22, i64 18446744073709551615"   --->   Operation 185 'specmemcore' 'specmemcore_ln0' <Predicate = true> <Delay = 0.00>
ST_77 : Operation 186 [1/1] (0.00ns)   --->   "%specmemcore_ln0 = specmemcore void @_ssdm_op_SpecMemCore, i16 %tile_12, i64 666, i64 22, i64 18446744073709551615"   --->   Operation 186 'specmemcore' 'specmemcore_ln0' <Predicate = true> <Delay = 0.00>
ST_77 : Operation 187 [1/1] (0.00ns)   --->   "%specmemcore_ln0 = specmemcore void @_ssdm_op_SpecMemCore, i16 %tile_13, i64 666, i64 22, i64 18446744073709551615"   --->   Operation 187 'specmemcore' 'specmemcore_ln0' <Predicate = true> <Delay = 0.00>
ST_77 : Operation 188 [1/1] (0.00ns)   --->   "%specmemcore_ln0 = specmemcore void @_ssdm_op_SpecMemCore, i16 %tile_14, i64 666, i64 22, i64 18446744073709551615"   --->   Operation 188 'specmemcore' 'specmemcore_ln0' <Predicate = true> <Delay = 0.00>
ST_77 : Operation 189 [1/1] (0.00ns)   --->   "%specmemcore_ln0 = specmemcore void @_ssdm_op_SpecMemCore, i16 %tile_15, i64 666, i64 22, i64 18446744073709551615"   --->   Operation 189 'specmemcore' 'specmemcore_ln0' <Predicate = true> <Delay = 0.00>
ST_77 : Operation 190 [1/1] (0.00ns)   --->   "%specinterface_ln0 = specinterface void @_ssdm_op_SpecInterface, i512 %gmem_O, void @empty_21, i32 0, i32 0, void @empty_27, i32 64, i32 65536, void @empty_31, void @empty_28, void @empty_27, i32 16, i32 16, i32 16, i32 64, void @empty_27, void @empty_27, i32 4294967295, i32 0, i32 0"   --->   Operation 190 'specinterface' 'specinterface_ln0' <Predicate = true> <Delay = 0.00>
ST_77 : Operation 191 [1/74] (1.03ns)   --->   "%empty_57 = writeresp i1 @_ssdm_op_WriteResp.m_axi.p1i512, i512 %gmem_O_addr" [./flashattentionmemory.h:218]   --->   Operation 191 'writeresp' 'empty_57' <Predicate = true> <Delay = 1.03> <CoreInst = "m_axi">   --->   Core 123 'm_axi' <Latency = 9> <II = 1> <Delay = 1.57> <Adapter> <Opcode : 'read' 'write' 'readreq' 'writereq' 'writeresp'>
ST_77 : Operation 192 [1/1] (0.00ns)   --->   "%ret_ln218 = ret" [./flashattentionmemory.h:218]   --->   Operation 192 'ret' 'ret_ln218' <Predicate = true> <Delay = 0.00>


============================================================
+ Verbose Summary: Binding
============================================================
STG Binding: 
---------------- STG Properties BEGIN ----------------
- Is combinational: 0
- Is one-state seq: 0
- Is datapath-only: 0
- Is pipelined: 0
- Is top level: 0
Port [ Return ] is wired: 1; IO mode=ap_ctrl_hs:ce=0
Port [ gmem_O]:  wired=1; compound=1; hidden=0; nouse=0; global=0; static=0; extern=0; dir=1; type=4; pingpong=0; private_global=0; IO mode=m_axi:ce=0
Port [ hbm_port]:  wired=1; compound=0; hidden=0; nouse=0; global=0; static=0; extern=0; dir=0; type=0; pingpong=0; private_global=0; IO mode=ap_none:ce=0
Port [ tile_0]:  wired=1; compound=1; hidden=0; nouse=0; global=0; static=0; extern=0; dir=0; type=1; pingpong=0; private_global=0; MemPort=[11]; IO mode=ap_memory:ce=0
Port [ tile_1]:  wired=1; compound=1; hidden=0; nouse=0; global=0; static=0; extern=0; dir=0; type=1; pingpong=0; private_global=0; MemPort=[11]; IO mode=ap_memory:ce=0
Port [ tile_2]:  wired=1; compound=1; hidden=0; nouse=0; global=0; static=0; extern=0; dir=0; type=1; pingpong=0; private_global=0; MemPort=[11]; IO mode=ap_memory:ce=0
Port [ tile_3]:  wired=1; compound=1; hidden=0; nouse=0; global=0; static=0; extern=0; dir=0; type=1; pingpong=0; private_global=0; MemPort=[11]; IO mode=ap_memory:ce=0
Port [ tile_4]:  wired=1; compound=1; hidden=0; nouse=0; global=0; static=0; extern=0; dir=0; type=1; pingpong=0; private_global=0; MemPort=[11]; IO mode=ap_memory:ce=0
Port [ tile_5]:  wired=1; compound=1; hidden=0; nouse=0; global=0; static=0; extern=0; dir=0; type=1; pingpong=0; private_global=0; MemPort=[11]; IO mode=ap_memory:ce=0
Port [ tile_6]:  wired=1; compound=1; hidden=0; nouse=0; global=0; static=0; extern=0; dir=0; type=1; pingpong=0; private_global=0; MemPort=[11]; IO mode=ap_memory:ce=0
Port [ tile_7]:  wired=1; compound=1; hidden=0; nouse=0; global=0; static=0; extern=0; dir=0; type=1; pingpong=0; private_global=0; MemPort=[11]; IO mode=ap_memory:ce=0
Port [ tile_8]:  wired=1; compound=1; hidden=0; nouse=0; global=0; static=0; extern=0; dir=0; type=1; pingpong=0; private_global=0; MemPort=[11]; IO mode=ap_memory:ce=0
Port [ tile_9]:  wired=1; compound=1; hidden=0; nouse=0; global=0; static=0; extern=0; dir=0; type=1; pingpong=0; private_global=0; MemPort=[11]; IO mode=ap_memory:ce=0
Port [ tile_10]:  wired=1; compound=1; hidden=0; nouse=0; global=0; static=0; extern=0; dir=0; type=1; pingpong=0; private_global=0; MemPort=[11]; IO mode=ap_memory:ce=0
Port [ tile_11]:  wired=1; compound=1; hidden=0; nouse=0; global=0; static=0; extern=0; dir=0; type=1; pingpong=0; private_global=0; MemPort=[11]; IO mode=ap_memory:ce=0
Port [ tile_12]:  wired=1; compound=1; hidden=0; nouse=0; global=0; static=0; extern=0; dir=0; type=1; pingpong=0; private_global=0; MemPort=[11]; IO mode=ap_memory:ce=0
Port [ tile_13]:  wired=1; compound=1; hidden=0; nouse=0; global=0; static=0; extern=0; dir=0; type=1; pingpong=0; private_global=0; MemPort=[11]; IO mode=ap_memory:ce=0
Port [ tile_14]:  wired=1; compound=1; hidden=0; nouse=0; global=0; static=0; extern=0; dir=0; type=1; pingpong=0; private_global=0; MemPort=[11]; IO mode=ap_memory:ce=0
Port [ tile_15]:  wired=1; compound=1; hidden=0; nouse=0; global=0; static=0; extern=0; dir=0; type=1; pingpong=0; private_global=0; MemPort=[11]; IO mode=ap_memory:ce=0
Port [ base_row]:  wired=1; compound=0; hidden=0; nouse=0; global=0; static=0; extern=0; dir=0; type=0; pingpong=0; private_global=0; IO mode=ap_none:ce=0
Port [ num_rows]:  wired=1; compound=0; hidden=0; nouse=0; global=0; static=0; extern=0; dir=0; type=0; pingpong=0; private_global=0; IO mode=ap_none:ce=0
---------------- STG Properties END ------------------

---------------- Datapath Model BEGIN ----------------

<LifeTime>
<method=bitvector/>
num_rows_read                 (read          ) [ 000000000000000000000000000000000000000000000000000000000000000000000000000000]
base_row_read                 (read          ) [ 000000000000000000000000000000000000000000000000000000000000000000000000000000]
hbm_port_read                 (read          ) [ 000000000000000000000000000000000000000000000000000000000000000000000000000000]
empty                         (trunc         ) [ 000000000000000000000000000000000000000000000000000000000000000000000000000000]
icmp_ln201                    (icmp          ) [ 000000000000000000000000000000000000000000000000000000000000000000000000000000]
shl_ln                        (bitconcatenate) [ 000000000000000000000000000000000000000000000000000000000000000000000000000000]
trunc_ln201                   (trunc         ) [ 000000000000000000000000000000000000000000000000000000000000000000000000000000]
shl_ln201_2                   (bitconcatenate) [ 000000000000000000000000000000000000000000000000000000000000000000000000000000]
sext_ln201                    (sext          ) [ 000000000000000000000000000000000000000000000000000000000000000000000000000000]
add_ln201                     (add           ) [ 000000000000000000000000000000000000000000000000000000000000000000000000000000]
trunc_ln                      (partselect    ) [ 001100000000000000000000000000000000000000000000000000000000000000000000000000]
sext_ln201_1                  (sext          ) [ 000000000000000000000000000000000000000000000000000000000000000000000000000000]
gmem_O_addr                   (getelementptr ) [ 001111111111111111111111111111111111111111111111111111111111111111111111111111]
empty_54                      (select        ) [ 000000000000000000000000000000000000000000000000000000000000000000000000000000]
zext_ln201                    (zext          ) [ 000000000000000000000000000000000000000000000000000000000000000000000000000000]
muxLogicAXIMAddr_to_empty_55  (muxlogic      ) [ 000000000000000000000000000000000000000000000000000000000000000000000000000000]
muxLogicAXIMBurst_to_empty_55 (muxlogic      ) [ 000000000000000000000000000000000000000000000000000000000000000000000000000000]
empty_55                      (writereq      ) [ 000000000000000000000000000000000000000000000000000000000000000000000000000000]
empty_56                      (select        ) [ 001000000000000000000000000000000000000000000000000000000000000000000000000000]
tmp_9                         (bitconcatenate) [ 000100000000000000000000000000000000000000000000000000000000000000000000000000]
call_ln201                    (call          ) [ 000000000000000000000000000000000000000000000000000000000000000000000000000000]
muxLogicAXIMCE_to_empty_57    (muxlogic      ) [ 000000000000000000000000000000000000000000000000000000000000000000000000000000]
specmemcore_ln0               (specmemcore   ) [ 000000000000000000000000000000000000000000000000000000000000000000000000000000]
specmemcore_ln0               (specmemcore   ) [ 000000000000000000000000000000000000000000000000000000000000000000000000000000]
specmemcore_ln0               (specmemcore   ) [ 000000000000000000000000000000000000000000000000000000000000000000000000000000]
specmemcore_ln0               (specmemcore   ) [ 000000000000000000000000000000000000000000000000000000000000000000000000000000]
specmemcore_ln0               (specmemcore   ) [ 000000000000000000000000000000000000000000000000000000000000000000000000000000]
specmemcore_ln0               (specmemcore   ) [ 000000000000000000000000000000000000000000000000000000000000000000000000000000]
specmemcore_ln0               (specmemcore   ) [ 000000000000000000000000000000000000000000000000000000000000000000000000000000]
specmemcore_ln0               (specmemcore   ) [ 000000000000000000000000000000000000000000000000000000000000000000000000000000]
specmemcore_ln0               (specmemcore   ) [ 000000000000000000000000000000000000000000000000000000000000000000000000000000]
specmemcore_ln0               (specmemcore   ) [ 000000000000000000000000000000000000000000000000000000000000000000000000000000]
specmemcore_ln0               (specmemcore   ) [ 000000000000000000000000000000000000000000000000000000000000000000000000000000]
specmemcore_ln0               (specmemcore   ) [ 000000000000000000000000000000000000000000000000000000000000000000000000000000]
specmemcore_ln0               (specmemcore   ) [ 000000000000000000000000000000000000000000000000000000000000000000000000000000]
specmemcore_ln0               (specmemcore   ) [ 000000000000000000000000000000000000000000000000000000000000000000000000000000]
specmemcore_ln0               (specmemcore   ) [ 000000000000000000000000000000000000000000000000000000000000000000000000000000]
specmemcore_ln0               (specmemcore   ) [ 000000000000000000000000000000000000000000000000000000000000000000000000000000]
specinterface_ln0             (specinterface ) [ 000000000000000000000000000000000000000000000000000000000000000000000000000000]
empty_57                      (writeresp     ) [ 000000000000000000000000000000000000000000000000000000000000000000000000000000]
ret_ln218                     (ret           ) [ 000000000000000000000000000000000000000000000000000000000000000000000000000000]
</LifeTime>

<model>

<comp_list>
<comp id="0" class="1000" name="gmem_O">
<pin_list>
<pin id="1" dir="1" index="0" bw="1" slack="0"/>
</pin_list>
<bind>
<StgValue><ssdm name="gmem_O"/><MemPortTyVec>1 </MemPortTyVec>
</StgValue>
</bind>
</comp>

<comp id="2" class="1000" name="hbm_port">
<pin_list>
<pin id="3" dir="1" index="0" bw="1" slack="0"/>
</pin_list>
<bind>
<StgValue><ssdm name="hbm_port"/></StgValue>
</bind>
</comp>

<comp id="4" class="1000" name="tile_0">
<pin_list>
<pin id="5" dir="1" index="0" bw="1" slack="0"/>
</pin_list>
<bind>
<StgValue><ssdm name="tile_0"/><MemPortTyVec>1 1 </MemPortTyVec>
</StgValue>
</bind>
</comp>

<comp id="6" class="1000" name="tile_1">
<pin_list>
<pin id="7" dir="1" index="0" bw="1" slack="0"/>
</pin_list>
<bind>
<StgValue><ssdm name="tile_1"/><MemPortTyVec>1 1 </MemPortTyVec>
</StgValue>
</bind>
</comp>

<comp id="8" class="1000" name="tile_2">
<pin_list>
<pin id="9" dir="1" index="0" bw="1" slack="0"/>
</pin_list>
<bind>
<StgValue><ssdm name="tile_2"/><MemPortTyVec>1 1 </MemPortTyVec>
</StgValue>
</bind>
</comp>

<comp id="10" class="1000" name="tile_3">
<pin_list>
<pin id="11" dir="1" index="0" bw="1" slack="0"/>
</pin_list>
<bind>
<StgValue><ssdm name="tile_3"/><MemPortTyVec>1 1 </MemPortTyVec>
</StgValue>
</bind>
</comp>

<comp id="12" class="1000" name="tile_4">
<pin_list>
<pin id="13" dir="1" index="0" bw="1" slack="0"/>
</pin_list>
<bind>
<StgValue><ssdm name="tile_4"/><MemPortTyVec>1 1 </MemPortTyVec>
</StgValue>
</bind>
</comp>

<comp id="14" class="1000" name="tile_5">
<pin_list>
<pin id="15" dir="1" index="0" bw="1" slack="0"/>
</pin_list>
<bind>
<StgValue><ssdm name="tile_5"/><MemPortTyVec>1 1 </MemPortTyVec>
</StgValue>
</bind>
</comp>

<comp id="16" class="1000" name="tile_6">
<pin_list>
<pin id="17" dir="1" index="0" bw="1" slack="0"/>
</pin_list>
<bind>
<StgValue><ssdm name="tile_6"/><MemPortTyVec>1 1 </MemPortTyVec>
</StgValue>
</bind>
</comp>

<comp id="18" class="1000" name="tile_7">
<pin_list>
<pin id="19" dir="1" index="0" bw="1" slack="0"/>
</pin_list>
<bind>
<StgValue><ssdm name="tile_7"/><MemPortTyVec>1 1 </MemPortTyVec>
</StgValue>
</bind>
</comp>

<comp id="20" class="1000" name="tile_8">
<pin_list>
<pin id="21" dir="1" index="0" bw="1" slack="0"/>
</pin_list>
<bind>
<StgValue><ssdm name="tile_8"/><MemPortTyVec>1 1 </MemPortTyVec>
</StgValue>
</bind>
</comp>

<comp id="22" class="1000" name="tile_9">
<pin_list>
<pin id="23" dir="1" index="0" bw="1" slack="0"/>
</pin_list>
<bind>
<StgValue><ssdm name="tile_9"/><MemPortTyVec>1 1 </MemPortTyVec>
</StgValue>
</bind>
</comp>

<comp id="24" class="1000" name="tile_10">
<pin_list>
<pin id="25" dir="1" index="0" bw="1" slack="0"/>
</pin_list>
<bind>
<StgValue><ssdm name="tile_10"/><MemPortTyVec>1 1 </MemPortTyVec>
</StgValue>
</bind>
</comp>

<comp id="26" class="1000" name="tile_11">
<pin_list>
<pin id="27" dir="1" index="0" bw="1" slack="0"/>
</pin_list>
<bind>
<StgValue><ssdm name="tile_11"/><MemPortTyVec>1 1 </MemPortTyVec>
</StgValue>
</bind>
</comp>

<comp id="28" class="1000" name="tile_12">
<pin_list>
<pin id="29" dir="1" index="0" bw="1" slack="0"/>
</pin_list>
<bind>
<StgValue><ssdm name="tile_12"/><MemPortTyVec>1 1 </MemPortTyVec>
</StgValue>
</bind>
</comp>

<comp id="30" class="1000" name="tile_13">
<pin_list>
<pin id="31" dir="1" index="0" bw="1" slack="0"/>
</pin_list>
<bind>
<StgValue><ssdm name="tile_13"/><MemPortTyVec>1 1 </MemPortTyVec>
</StgValue>
</bind>
</comp>

<comp id="32" class="1000" name="tile_14">
<pin_list>
<pin id="33" dir="1" index="0" bw="1" slack="0"/>
</pin_list>
<bind>
<StgValue><ssdm name="tile_14"/><MemPortTyVec>1 1 </MemPortTyVec>
</StgValue>
</bind>
</comp>

<comp id="34" class="1000" name="tile_15">
<pin_list>
<pin id="35" dir="1" index="0" bw="1" slack="0"/>
</pin_list>
<bind>
<StgValue><ssdm name="tile_15"/><MemPortTyVec>1 1 </MemPortTyVec>
</StgValue>
</bind>
</comp>

<comp id="36" class="1000" name="base_row">
<pin_list>
<pin id="37" dir="1" index="0" bw="1" slack="0"/>
</pin_list>
<bind>
<StgValue><ssdm name="base_row"/></StgValue>
</bind>
</comp>

<comp id="38" class="1000" name="num_rows">
<pin_list>
<pin id="39" dir="1" index="0" bw="1" slack="0"/>
</pin_list>
<bind>
<StgValue><ssdm name="num_rows"/></StgValue>
</bind>
</comp>

<comp id="40" class="1001" name="const_40">
<pin_list>
<pin id="41" dir="1" index="0" bw="1" slack="0"/>
</pin_list>
<bind>
<StgValue><ssdm name="_ssdm_op_Read.ap_auto.i32"/></StgValue>
</bind>
</comp>

<comp id="42" class="1001" name="const_42">
<pin_list>
<pin id="43" dir="1" index="0" bw="1" slack="0"/>
</pin_list>
<bind>
<StgValue><ssdm name="_ssdm_op_Read.ap_auto.i31"/></StgValue>
</bind>
</comp>

<comp id="44" class="1001" name="const_44">
<pin_list>
<pin id="45" dir="1" index="0" bw="1" slack="0"/>
</pin_list>
<bind>
<StgValue><ssdm name="_ssdm_op_Read.ap_auto.i64"/></StgValue>
</bind>
</comp>

<comp id="46" class="1001" name="const_46">
<pin_list>
<pin id="47" dir="1" index="0" bw="1" slack="0"/>
</pin_list>
<bind>
<StgValue><ssdm name=""/></StgValue>
</bind>
</comp>

<comp id="48" class="1001" name="const_48">
<pin_list>
<pin id="49" dir="1" index="0" bw="1" slack="0"/>
</pin_list>
<bind>
<StgValue><ssdm name="_ssdm_op_BitConcatenate.i33.i31.i2"/></StgValue>
</bind>
</comp>

<comp id="50" class="1001" name="const_50">
<pin_list>
<pin id="51" dir="1" index="0" bw="1" slack="0"/>
</pin_list>
<bind>
<StgValue><ssdm name=""/></StgValue>
</bind>
</comp>

<comp id="52" class="1001" name="const_52">
<pin_list>
<pin id="53" dir="1" index="0" bw="1" slack="0"/>
</pin_list>
<bind>
<StgValue><ssdm name="_ssdm_op_BitConcatenate.i38.i30.i8"/></StgValue>
</bind>
</comp>

<comp id="54" class="1001" name="const_54">
<pin_list>
<pin id="55" dir="1" index="0" bw="1" slack="0"/>
</pin_list>
<bind>
<StgValue><ssdm name=""/></StgValue>
</bind>
</comp>

<comp id="56" class="1001" name="const_56">
<pin_list>
<pin id="57" dir="1" index="0" bw="1" slack="0"/>
</pin_list>
<bind>
<StgValue><ssdm name="_ssdm_op_PartSelect.i58.i64.i32.i32"/></StgValue>
</bind>
</comp>

<comp id="58" class="1001" name="const_58">
<pin_list>
<pin id="59" dir="1" index="0" bw="1" slack="0"/>
</pin_list>
<bind>
<StgValue><ssdm name=""/></StgValue>
</bind>
</comp>

<comp id="60" class="1001" name="const_60">
<pin_list>
<pin id="61" dir="1" index="0" bw="1" slack="0"/>
</pin_list>
<bind>
<StgValue><ssdm name=""/></StgValue>
</bind>
</comp>

<comp id="62" class="1001" name="const_62">
<pin_list>
<pin id="63" dir="1" index="0" bw="1" slack="0"/>
</pin_list>
<bind>
<StgValue><ssdm name=""/></StgValue>
</bind>
</comp>

<comp id="64" class="1001" name="const_64">
<pin_list>
<pin id="65" dir="1" index="0" bw="1" slack="0"/>
</pin_list>
<bind>
<StgValue><ssdm name="_ssdm_op_WriteReq.m_axi.p1i512"/></StgValue>
</bind>
</comp>

<comp id="66" class="1001" name="const_66">
<pin_list>
<pin id="67" dir="1" index="0" bw="1" slack="0"/>
</pin_list>
<bind>
<StgValue><ssdm name=""/></StgValue>
</bind>
</comp>

<comp id="68" class="1001" name="const_68">
<pin_list>
<pin id="69" dir="1" index="0" bw="1" slack="0"/>
</pin_list>
<bind>
<StgValue><ssdm name="store_tile_fp16_Pipeline_STORE_TILE_ROWS_STORE_TILE_BEATS"/></StgValue>
</bind>
</comp>

<comp id="70" class="1001" name="const_70">
<pin_list>
<pin id="71" dir="1" index="0" bw="1" slack="0"/>
</pin_list>
<bind>
<StgValue><ssdm name="_ssdm_op_WriteResp.m_axi.p1i512"/></StgValue>
</bind>
</comp>

<comp id="72" class="1001" name="const_72">
<pin_list>
<pin id="73" dir="1" index="0" bw="1" slack="2147483647"/>
</pin_list>
<bind>
<StgValue><ssdm name="_ssdm_op_SpecMemCore"/></StgValue>
</bind>
</comp>

<comp id="74" class="1001" name="const_74">
<pin_list>
<pin id="75" dir="1" index="0" bw="1" slack="2147483647"/>
</pin_list>
<bind>
<StgValue><ssdm name=""/></StgValue>
</bind>
</comp>

<comp id="76" class="1001" name="const_76">
<pin_list>
<pin id="77" dir="1" index="0" bw="1" slack="2147483647"/>
</pin_list>
<bind>
<StgValue><ssdm name=""/></StgValue>
</bind>
</comp>

<comp id="78" class="1001" name="const_78">
<pin_list>
<pin id="79" dir="1" index="0" bw="1" slack="2147483647"/>
</pin_list>
<bind>
<StgValue><ssdm name=""/></StgValue>
</bind>
</comp>

<comp id="80" class="1001" name="const_80">
<pin_list>
<pin id="81" dir="1" index="0" bw="1" slack="2147483647"/>
</pin_list>
<bind>
<StgValue><ssdm name="_ssdm_op_SpecInterface"/></StgValue>
</bind>
</comp>

<comp id="82" class="1001" name="const_82">
<pin_list>
<pin id="83" dir="1" index="0" bw="1" slack="2147483647"/>
</pin_list>
<bind>
<StgValue><ssdm name="empty_21"/></StgValue>
</bind>
</comp>

<comp id="84" class="1001" name="const_84">
<pin_list>
<pin id="85" dir="1" index="0" bw="1" slack="2147483647"/>
</pin_list>
<bind>
<StgValue><ssdm name="empty_27"/></StgValue>
</bind>
</comp>

<comp id="86" class="1001" name="const_86">
<pin_list>
<pin id="87" dir="1" index="0" bw="1" slack="2147483647"/>
</pin_list>
<bind>
<StgValue><ssdm name=""/></StgValue>
</bind>
</comp>

<comp id="88" class="1001" name="const_88">
<pin_list>
<pin id="89" dir="1" index="0" bw="1" slack="2147483647"/>
</pin_list>
<bind>
<StgValue><ssdm name=""/></StgValue>
</bind>
</comp>

<comp id="90" class="1001" name="const_90">
<pin_list>
<pin id="91" dir="1" index="0" bw="1" slack="2147483647"/>
</pin_list>
<bind>
<StgValue><ssdm name="empty_31"/></StgValue>
</bind>
</comp>

<comp id="92" class="1001" name="const_92">
<pin_list>
<pin id="93" dir="1" index="0" bw="1" slack="2147483647"/>
</pin_list>
<bind>
<StgValue><ssdm name="empty_28"/></StgValue>
</bind>
</comp>

<comp id="94" class="1001" name="const_94">
<pin_list>
<pin id="95" dir="1" index="0" bw="1" slack="2147483647"/>
</pin_list>
<bind>
<StgValue><ssdm name=""/></StgValue>
</bind>
</comp>

<comp id="96" class="1001" name="const_96">
<pin_list>
<pin id="97" dir="1" index="0" bw="1" slack="2147483647"/>
</pin_list>
<bind>
<StgValue><ssdm name=""/></StgValue>
</bind>
</comp>

<comp id="98" class="1004" name="num_rows_read_read_fu_98">
<pin_list>
<pin id="99" dir="0" index="0" bw="32" slack="0"/>
<pin id="100" dir="0" index="1" bw="32" slack="0"/>
<pin id="101" dir="1" index="2" bw="32" slack="0"/>
</pin_list>
<bind>
<opcode="read(1150) " fcode="read"/>
<opset="num_rows_read/1 "/>
</bind>
</comp>

<comp id="104" class="1004" name="base_row_read_read_fu_104">
<pin_list>
<pin id="105" dir="0" index="0" bw="31" slack="0"/>
<pin id="106" dir="0" index="1" bw="31" slack="0"/>
<pin id="107" dir="1" index="2" bw="31" slack="0"/>
</pin_list>
<bind>
<opcode="read(1150) " fcode="read"/>
<opset="base_row_read/1 "/>
</bind>
</comp>

<comp id="110" class="1004" name="hbm_port_read_read_fu_110">
<pin_list>
<pin id="111" dir="0" index="0" bw="64" slack="0"/>
<pin id="112" dir="0" index="1" bw="64" slack="0"/>
<pin id="113" dir="1" index="2" bw="64" slack="0"/>
</pin_list>
<bind>
<opcode="read(1150) " fcode="read"/>
<opset="hbm_port_read/1 "/>
</bind>
</comp>

<comp id="116" class="1004" name="empty_55_writereq_fu_116">
<pin_list>
<pin id="117" dir="0" index="0" bw="1" slack="0"/>
<pin id="118" dir="0" index="1" bw="512" slack="0"/>
<pin id="119" dir="0" index="2" bw="33" slack="0"/>
<pin id="120" dir="1" index="3" bw="1" slack="2147483647"/>
</pin_list>
<bind>
<opcode="writereq(1155) " fcode="writereq"/>
<opset="empty_55/1 "/>
</bind>
</comp>

<comp id="122" class="1004" name="grp_writeresp_fu_122">
<pin_list>
<pin id="123" dir="0" index="0" bw="1" slack="0"/>
<pin id="124" dir="0" index="1" bw="512" slack="3"/>
<pin id="125" dir="1" index="2" bw="1" slack="2147483647"/>
</pin_list>
<bind>
<opcode="writeresp(1158) " fcode="writeresp"/>
<opset="empty_57/4 "/>
</bind>
</comp>

<comp id="127" class="1004" name="grp_store_tile_fp16_Pipeline_STORE_TILE_ROWS_STORE_TILE_BEATS_fu_127">
<pin_list>
<pin id="128" dir="0" index="0" bw="0" slack="0"/>
<pin id="129" dir="0" index="1" bw="33" slack="0"/>
<pin id="130" dir="0" index="2" bw="512" slack="0"/>
<pin id="131" dir="0" index="3" bw="58" slack="1"/>
<pin id="132" dir="0" index="4" bw="16" slack="0"/>
<pin id="133" dir="0" index="5" bw="16" slack="0"/>
<pin id="134" dir="0" index="6" bw="16" slack="0"/>
<pin id="135" dir="0" index="7" bw="16" slack="0"/>
<pin id="136" dir="0" index="8" bw="16" slack="0"/>
<pin id="137" dir="0" index="9" bw="16" slack="0"/>
<pin id="138" dir="0" index="10" bw="16" slack="0"/>
<pin id="139" dir="0" index="11" bw="16" slack="0"/>
<pin id="140" dir="0" index="12" bw="16" slack="0"/>
<pin id="141" dir="0" index="13" bw="16" slack="0"/>
<pin id="142" dir="0" index="14" bw="16" slack="0"/>
<pin id="143" dir="0" index="15" bw="16" slack="0"/>
<pin id="144" dir="0" index="16" bw="16" slack="0"/>
<pin id="145" dir="0" index="17" bw="16" slack="0"/>
<pin id="146" dir="0" index="18" bw="16" slack="0"/>
<pin id="147" dir="0" index="19" bw="16" slack="0"/>
<pin id="148" dir="1" index="20" bw="0" slack="2147483647"/>
</pin_list>
<bind>
<opcode="call(48) " fcode="call"/>
<opset="call_ln201/2 "/>
</bind>
</comp>

<comp id="167" class="1004" name="empty_fu_167">
<pin_list>
<pin id="168" dir="0" index="0" bw="32" slack="0"/>
<pin id="169" dir="1" index="1" bw="31" slack="0"/>
</pin_list>
<bind>
<opcode="trunc(33) " fcode="trunc"/>
<opset="empty/1 "/>
</bind>
</comp>

<comp id="171" class="1004" name="icmp_ln201_fu_171">
<pin_list>
<pin id="172" dir="0" index="0" bw="32" slack="0"/>
<pin id="173" dir="0" index="1" bw="1" slack="0"/>
<pin id="174" dir="1" index="2" bw="1" slack="0"/>
</pin_list>
<bind>
<opcode="icmp(45) " fcode="icmp"/>
<opset="icmp_ln201/1 "/>
</bind>
</comp>

<comp id="177" class="1004" name="shl_ln_fu_177">
<pin_list>
<pin id="178" dir="0" index="0" bw="33" slack="0"/>
<pin id="179" dir="0" index="1" bw="31" slack="0"/>
<pin id="180" dir="0" index="2" bw="1" slack="0"/>
<pin id="181" dir="1" index="3" bw="33" slack="0"/>
</pin_list>
<bind>
<opcode="bitconcatenate(1004) " fcode="bitconcatenate"/>
<opset="shl_ln/1 "/>
</bind>
</comp>

<comp id="185" class="1004" name="trunc_ln201_fu_185">
<pin_list>
<pin id="186" dir="0" index="0" bw="31" slack="0"/>
<pin id="187" dir="1" index="1" bw="30" slack="0"/>
</pin_list>
<bind>
<opcode="trunc(33) " fcode="trunc"/>
<opset="trunc_ln201/1 "/>
</bind>
</comp>

<comp id="189" class="1004" name="shl_ln201_2_fu_189">
<pin_list>
<pin id="190" dir="0" index="0" bw="38" slack="0"/>
<pin id="191" dir="0" index="1" bw="30" slack="0"/>
<pin id="192" dir="0" index="2" bw="1" slack="0"/>
<pin id="193" dir="1" index="3" bw="38" slack="0"/>
</pin_list>
<bind>
<opcode="bitconcatenate(1004) " fcode="bitconcatenate"/>
<opset="shl_ln201_2/1 "/>
</bind>
</comp>

<comp id="197" class="1004" name="sext_ln201_fu_197">
<pin_list>
<pin id="198" dir="0" index="0" bw="38" slack="0"/>
<pin id="199" dir="1" index="1" bw="64" slack="0"/>
</pin_list>
<bind>
<opcode="sext(35) " fcode="sext"/>
<opset="sext_ln201/1 "/>
</bind>
</comp>

<comp id="201" class="1004" name="add_ln201_fu_201">
<pin_list>
<pin id="202" dir="0" index="0" bw="38" slack="0"/>
<pin id="203" dir="0" index="1" bw="64" slack="0"/>
<pin id="204" dir="1" index="2" bw="64" slack="0"/>
</pin_list>
<bind>
<opcode="add(8) " fcode="add"/>
<opset="add_ln201/1 "/>
</bind>
</comp>

<comp id="207" class="1004" name="trunc_ln_fu_207">
<pin_list>
<pin id="208" dir="0" index="0" bw="58" slack="0"/>
<pin id="209" dir="0" index="1" bw="64" slack="0"/>
<pin id="210" dir="0" index="2" bw="4" slack="0"/>
<pin id="211" dir="0" index="3" bw="7" slack="0"/>
<pin id="212" dir="1" index="4" bw="58" slack="0"/>
</pin_list>
<bind>
<opcode="partselect(1002) " fcode="partselect"/>
<opset="trunc_ln/1 "/>
</bind>
</comp>

<comp id="217" class="1004" name="sext_ln201_1_fu_217">
<pin_list>
<pin id="218" dir="0" index="0" bw="58" slack="0"/>
<pin id="219" dir="1" index="1" bw="64" slack="0"/>
</pin_list>
<bind>
<opcode="sext(35) " fcode="sext"/>
<opset="sext_ln201_1/1 "/>
</bind>
</comp>

<comp id="221" class="1004" name="gmem_O_addr_fu_221">
<pin_list>
<pin id="222" dir="0" index="0" bw="512" slack="0"/>
<pin id="223" dir="0" index="1" bw="58" slack="0"/>
<pin id="224" dir="1" index="2" bw="512" slack="0"/>
</pin_list>
<bind>
<opcode="getelementptr(29) " fcode="getelementptr"/>
<opset="gmem_O_addr/1 "/>
</bind>
</comp>

<comp id="228" class="1004" name="empty_54_fu_228">
<pin_list>
<pin id="229" dir="0" index="0" bw="1" slack="0"/>
<pin id="230" dir="0" index="1" bw="33" slack="0"/>
<pin id="231" dir="0" index="2" bw="1" slack="0"/>
<pin id="232" dir="1" index="3" bw="33" slack="0"/>
</pin_list>
<bind>
<opcode="select(49) " fcode="select"/>
<opset="empty_54/1 "/>
</bind>
</comp>

<comp id="236" class="1004" name="zext_ln201_fu_236">
<pin_list>
<pin id="237" dir="0" index="0" bw="33" slack="0"/>
<pin id="238" dir="1" index="1" bw="64" slack="0"/>
</pin_list>
<bind>
<opcode="zext(34) " fcode="zext"/>
<opset="zext_ln201/1 "/>
</bind>
</comp>

<comp id="241" class="1004" name="muxLogicAXIMAddr_to_empty_55_fu_241">
<pin_list>
<pin id="242" dir="0" index="0" bw="512" slack="0"/>
<pin id="243" dir="1" index="1" bw="1" slack="2147483647"/>
</pin_list>
<bind>
<opcode="muxlogic(592) " fcode="muxlogic"/>
<opset="muxLogicAXIMAddr_to_empty_55/1 "/>
</bind>
</comp>

<comp id="245" class="1004" name="muxLogicAXIMBurst_to_empty_55_fu_245">
<pin_list>
<pin id="246" dir="0" index="0" bw="33" slack="0"/>
<pin id="247" dir="1" index="1" bw="1" slack="2147483647"/>
</pin_list>
<bind>
<opcode="muxlogic(592) " fcode="muxlogic"/>
<opset="muxLogicAXIMBurst_to_empty_55/1 "/>
</bind>
</comp>

<comp id="249" class="1004" name="empty_56_fu_249">
<pin_list>
<pin id="250" dir="0" index="0" bw="1" slack="0"/>
<pin id="251" dir="0" index="1" bw="31" slack="0"/>
<pin id="252" dir="0" index="2" bw="1" slack="0"/>
<pin id="253" dir="1" index="3" bw="31" slack="1"/>
</pin_list>
<bind>
<opcode="select(49) " fcode="select"/>
<opset="empty_56/1 "/>
</bind>
</comp>

<comp id="257" class="1004" name="tmp_9_fu_257">
<pin_list>
<pin id="258" dir="0" index="0" bw="33" slack="0"/>
<pin id="259" dir="0" index="1" bw="31" slack="1"/>
<pin id="260" dir="0" index="2" bw="1" slack="0"/>
<pin id="261" dir="1" index="3" bw="33" slack="0"/>
</pin_list>
<bind>
<opcode="bitconcatenate(1004) " fcode="bitconcatenate"/>
<opset="tmp_9/2 "/>
</bind>
</comp>

<comp id="265" class="1004" name="muxLogicAXIMCE_to_empty_57_fu_265">
<pin_list>
<pin id="266" dir="1" index="0" bw="1" slack="2147483647"/>
</pin_list>
<bind>
<opcode="muxlogic(592) " fcode="muxlogic"/>
<opset="muxLogicAXIMCE_to_empty_57/4 "/>
</bind>
</comp>

<comp id="267" class="1005" name="trunc_ln_reg_267">
<pin_list>
<pin id="268" dir="0" index="0" bw="58" slack="1"/>
<pin id="269" dir="1" index="1" bw="58" slack="1"/>
</pin_list>
<bind>
<opset="trunc_ln "/>
</bind>
</comp>

<comp id="272" class="1005" name="gmem_O_addr_reg_272">
<pin_list>
<pin id="273" dir="0" index="0" bw="512" slack="3"/>
<pin id="274" dir="1" index="1" bw="512" slack="3"/>
</pin_list>
<bind>
<opset="gmem_O_addr "/>
</bind>
</comp>

<comp id="277" class="1005" name="empty_56_reg_277">
<pin_list>
<pin id="278" dir="0" index="0" bw="31" slack="1"/>
<pin id="279" dir="1" index="1" bw="31" slack="1"/>
</pin_list>
<bind>
<opset="empty_56 "/>
</bind>
</comp>

<comp id="282" class="1005" name="tmp_9_reg_282">
<pin_list>
<pin id="283" dir="0" index="0" bw="33" slack="1"/>
<pin id="284" dir="1" index="1" bw="33" slack="1"/>
</pin_list>
<bind>
<opset="tmp_9 "/>
</bind>
</comp>

</comp_list>

<net_list>
<net id="102"><net_src comp="40" pin="0"/><net_sink comp="98" pin=0"/></net>

<net id="103"><net_src comp="38" pin="0"/><net_sink comp="98" pin=1"/></net>

<net id="108"><net_src comp="42" pin="0"/><net_sink comp="104" pin=0"/></net>

<net id="109"><net_src comp="36" pin="0"/><net_sink comp="104" pin=1"/></net>

<net id="114"><net_src comp="44" pin="0"/><net_sink comp="110" pin=0"/></net>

<net id="115"><net_src comp="2" pin="0"/><net_sink comp="110" pin=1"/></net>

<net id="121"><net_src comp="64" pin="0"/><net_sink comp="116" pin=0"/></net>

<net id="126"><net_src comp="70" pin="0"/><net_sink comp="122" pin=0"/></net>

<net id="149"><net_src comp="68" pin="0"/><net_sink comp="127" pin=0"/></net>

<net id="150"><net_src comp="0" pin="0"/><net_sink comp="127" pin=2"/></net>

<net id="151"><net_src comp="4" pin="0"/><net_sink comp="127" pin=4"/></net>

<net id="152"><net_src comp="6" pin="0"/><net_sink comp="127" pin=5"/></net>

<net id="153"><net_src comp="8" pin="0"/><net_sink comp="127" pin=6"/></net>

<net id="154"><net_src comp="10" pin="0"/><net_sink comp="127" pin=7"/></net>

<net id="155"><net_src comp="12" pin="0"/><net_sink comp="127" pin=8"/></net>

<net id="156"><net_src comp="14" pin="0"/><net_sink comp="127" pin=9"/></net>

<net id="157"><net_src comp="16" pin="0"/><net_sink comp="127" pin=10"/></net>

<net id="158"><net_src comp="18" pin="0"/><net_sink comp="127" pin=11"/></net>

<net id="159"><net_src comp="20" pin="0"/><net_sink comp="127" pin=12"/></net>

<net id="160"><net_src comp="22" pin="0"/><net_sink comp="127" pin=13"/></net>

<net id="161"><net_src comp="24" pin="0"/><net_sink comp="127" pin=14"/></net>

<net id="162"><net_src comp="26" pin="0"/><net_sink comp="127" pin=15"/></net>

<net id="163"><net_src comp="28" pin="0"/><net_sink comp="127" pin=16"/></net>

<net id="164"><net_src comp="30" pin="0"/><net_sink comp="127" pin=17"/></net>

<net id="165"><net_src comp="32" pin="0"/><net_sink comp="127" pin=18"/></net>

<net id="166"><net_src comp="34" pin="0"/><net_sink comp="127" pin=19"/></net>

<net id="170"><net_src comp="98" pin="2"/><net_sink comp="167" pin=0"/></net>

<net id="175"><net_src comp="98" pin="2"/><net_sink comp="171" pin=0"/></net>

<net id="176"><net_src comp="46" pin="0"/><net_sink comp="171" pin=1"/></net>

<net id="182"><net_src comp="48" pin="0"/><net_sink comp="177" pin=0"/></net>

<net id="183"><net_src comp="167" pin="1"/><net_sink comp="177" pin=1"/></net>

<net id="184"><net_src comp="50" pin="0"/><net_sink comp="177" pin=2"/></net>

<net id="188"><net_src comp="104" pin="2"/><net_sink comp="185" pin=0"/></net>

<net id="194"><net_src comp="52" pin="0"/><net_sink comp="189" pin=0"/></net>

<net id="195"><net_src comp="185" pin="1"/><net_sink comp="189" pin=1"/></net>

<net id="196"><net_src comp="54" pin="0"/><net_sink comp="189" pin=2"/></net>

<net id="200"><net_src comp="189" pin="3"/><net_sink comp="197" pin=0"/></net>

<net id="205"><net_src comp="197" pin="1"/><net_sink comp="201" pin=0"/></net>

<net id="206"><net_src comp="110" pin="2"/><net_sink comp="201" pin=1"/></net>

<net id="213"><net_src comp="56" pin="0"/><net_sink comp="207" pin=0"/></net>

<net id="214"><net_src comp="201" pin="2"/><net_sink comp="207" pin=1"/></net>

<net id="215"><net_src comp="58" pin="0"/><net_sink comp="207" pin=2"/></net>

<net id="216"><net_src comp="60" pin="0"/><net_sink comp="207" pin=3"/></net>

<net id="220"><net_src comp="207" pin="4"/><net_sink comp="217" pin=0"/></net>

<net id="225"><net_src comp="0" pin="0"/><net_sink comp="221" pin=0"/></net>

<net id="226"><net_src comp="217" pin="1"/><net_sink comp="221" pin=1"/></net>

<net id="227"><net_src comp="221" pin="2"/><net_sink comp="116" pin=1"/></net>

<net id="233"><net_src comp="171" pin="2"/><net_sink comp="228" pin=0"/></net>

<net id="234"><net_src comp="177" pin="3"/><net_sink comp="228" pin=1"/></net>

<net id="235"><net_src comp="62" pin="0"/><net_sink comp="228" pin=2"/></net>

<net id="239"><net_src comp="228" pin="3"/><net_sink comp="236" pin=0"/></net>

<net id="240"><net_src comp="236" pin="1"/><net_sink comp="116" pin=2"/></net>

<net id="244"><net_src comp="221" pin="2"/><net_sink comp="241" pin=0"/></net>

<net id="248"><net_src comp="236" pin="1"/><net_sink comp="245" pin=0"/></net>

<net id="254"><net_src comp="171" pin="2"/><net_sink comp="249" pin=0"/></net>

<net id="255"><net_src comp="167" pin="1"/><net_sink comp="249" pin=1"/></net>

<net id="256"><net_src comp="66" pin="0"/><net_sink comp="249" pin=2"/></net>

<net id="262"><net_src comp="48" pin="0"/><net_sink comp="257" pin=0"/></net>

<net id="263"><net_src comp="50" pin="0"/><net_sink comp="257" pin=2"/></net>

<net id="264"><net_src comp="257" pin="3"/><net_sink comp="127" pin=1"/></net>

<net id="270"><net_src comp="207" pin="4"/><net_sink comp="267" pin=0"/></net>

<net id="271"><net_src comp="267" pin="1"/><net_sink comp="127" pin=3"/></net>

<net id="275"><net_src comp="221" pin="2"/><net_sink comp="272" pin=0"/></net>

<net id="276"><net_src comp="272" pin="1"/><net_sink comp="122" pin=1"/></net>

<net id="280"><net_src comp="249" pin="3"/><net_sink comp="277" pin=0"/></net>

<net id="281"><net_src comp="277" pin="1"/><net_sink comp="257" pin=1"/></net>

<net id="285"><net_src comp="257" pin="3"/><net_sink comp="282" pin=0"/></net>

<net id="286"><net_src comp="282" pin="1"/><net_sink comp="127" pin=1"/></net>

</net_list>

</model> 
---------------- Datapath Model END ------------------

* FSMD analyzer results:
  - Output states:
	Port: gmem_O | {1 2 3 4 5 6 7 8 9 10 11 12 13 14 15 16 17 18 19 20 21 22 23 24 25 26 27 28 29 30 31 32 33 34 35 36 37 38 39 40 41 42 43 44 45 46 47 48 49 50 51 52 53 54 55 56 57 58 59 60 61 62 63 64 65 66 67 68 69 70 71 72 73 74 75 76 77 }
 - Input state : 
	Port: store_tile_fp16 : hbm_port | {1 }
	Port: store_tile_fp16 : tile_0 | {2 3 }
	Port: store_tile_fp16 : tile_1 | {2 3 }
	Port: store_tile_fp16 : tile_2 | {2 3 }
	Port: store_tile_fp16 : tile_3 | {2 3 }
	Port: store_tile_fp16 : tile_4 | {2 3 }
	Port: store_tile_fp16 : tile_5 | {2 3 }
	Port: store_tile_fp16 : tile_6 | {2 3 }
	Port: store_tile_fp16 : tile_7 | {2 3 }
	Port: store_tile_fp16 : tile_8 | {2 3 }
	Port: store_tile_fp16 : tile_9 | {2 3 }
	Port: store_tile_fp16 : tile_10 | {2 3 }
	Port: store_tile_fp16 : tile_11 | {2 3 }
	Port: store_tile_fp16 : tile_12 | {2 3 }
	Port: store_tile_fp16 : tile_13 | {2 3 }
	Port: store_tile_fp16 : tile_14 | {2 3 }
	Port: store_tile_fp16 : tile_15 | {2 3 }
	Port: store_tile_fp16 : base_row | {1 }
	Port: store_tile_fp16 : num_rows | {1 }
  - Chain level:
	State 1
		shl_ln : 1
		shl_ln201_2 : 1
		sext_ln201 : 2
		add_ln201 : 3
		trunc_ln : 4
		sext_ln201_1 : 5
		gmem_O_addr : 6
		empty_54 : 2
		zext_ln201 : 3
		muxLogicAXIMAddr_to_empty_55 : 7
		muxLogicAXIMBurst_to_empty_55 : 4
		empty_55 : 7
		empty_56 : 1
	State 2
		call_ln201 : 1
	State 3
	State 4
	State 5
	State 6
	State 7
	State 8
	State 9
	State 10
	State 11
	State 12
	State 13
	State 14
	State 15
	State 16
	State 17
	State 18
	State 19
	State 20
	State 21
	State 22
	State 23
	State 24
	State 25
	State 26
	State 27
	State 28
	State 29
	State 30
	State 31
	State 32
	State 33
	State 34
	State 35
	State 36
	State 37
	State 38
	State 39
	State 40
	State 41
	State 42
	State 43
	State 44
	State 45
	State 46
	State 47
	State 48
	State 49
	State 50
	State 51
	State 52
	State 53
	State 54
	State 55
	State 56
	State 57
	State 58
	State 59
	State 60
	State 61
	State 62
	State 63
	State 64
	State 65
	State 66
	State 67
	State 68
	State 69
	State 70
	State 71
	State 72
	State 73
	State 74
	State 75
	State 76
	State 77


============================================================
+ Verbose Summary: Datapath Resource usage 
============================================================

* Functional unit list:
|----------|----------------------------------------------------------------------|---------|---------|---------|
| Operation|                            Functional Unit                           |  Delay  |    FF   |   LUT   |
|----------|----------------------------------------------------------------------|---------|---------|---------|
|   call   | grp_store_tile_fp16_Pipeline_STORE_TILE_ROWS_STORE_TILE_BEATS_fu_127 |  10.832 |   452   |   387   |
|----------|----------------------------------------------------------------------|---------|---------|---------|
|    add   |                           add_ln201_fu_201                           |    0    |    0    |    64   |
|----------|----------------------------------------------------------------------|---------|---------|---------|
|  select  |                            empty_54_fu_228                           |    0    |    0    |    30   |
|          |                            empty_56_fu_249                           |    0    |    0    |    28   |
|----------|----------------------------------------------------------------------|---------|---------|---------|
|   icmp   |                           icmp_ln201_fu_171                          |    0    |    0    |    16   |
|----------|----------------------------------------------------------------------|---------|---------|---------|
|          |                       num_rows_read_read_fu_98                       |    0    |    0    |    0    |
|   read   |                       base_row_read_read_fu_104                      |    0    |    0    |    0    |
|          |                       hbm_port_read_read_fu_110                      |    0    |    0    |    0    |
|----------|----------------------------------------------------------------------|---------|---------|---------|
| writereq |                       empty_55_writereq_fu_116                       |    0    |    0    |    0    |
|----------|----------------------------------------------------------------------|---------|---------|---------|
| writeresp|                         grp_writeresp_fu_122                         |    0    |    0    |    0    |
|----------|----------------------------------------------------------------------|---------|---------|---------|
|   trunc  |                             empty_fu_167                             |    0    |    0    |    0    |
|          |                          trunc_ln201_fu_185                          |    0    |    0    |    0    |
|----------|----------------------------------------------------------------------|---------|---------|---------|
|          |                             shl_ln_fu_177                            |    0    |    0    |    0    |
|bitconcatenate|                          shl_ln201_2_fu_189                          |    0    |    0    |    0    |
|          |                             tmp_9_fu_257                             |    0    |    0    |    0    |
|----------|----------------------------------------------------------------------|---------|---------|---------|
|   sext   |                           sext_ln201_fu_197                          |    0    |    0    |    0    |
|          |                          sext_ln201_1_fu_217                         |    0    |    0    |    0    |
|----------|----------------------------------------------------------------------|---------|---------|---------|
|partselect|                            trunc_ln_fu_207                           |    0    |    0    |    0    |
|----------|----------------------------------------------------------------------|---------|---------|---------|
|   zext   |                           zext_ln201_fu_236                          |    0    |    0    |    0    |
|----------|----------------------------------------------------------------------|---------|---------|---------|
|          |                  muxLogicAXIMAddr_to_empty_55_fu_241                 |    0    |    0    |    0    |
| muxlogic |                 muxLogicAXIMBurst_to_empty_55_fu_245                 |    0    |    0    |    0    |
|          |                   muxLogicAXIMCE_to_empty_57_fu_265                  |    0    |    0    |    0    |
|----------|----------------------------------------------------------------------|---------|---------|---------|
|   Total  |                                                                      |  10.832 |   452   |   525   |
|----------|----------------------------------------------------------------------|---------|---------|---------|

Memories:
N/A

* Register list:
+-------------------+--------+
|                   |   FF   |
+-------------------+--------+
|  empty_56_reg_277 |   31   |
|gmem_O_addr_reg_272|   512  |
|   tmp_9_reg_282   |   33   |
|  trunc_ln_reg_267 |   58   |
+-------------------+--------+
|       Total       |   634  |
+-------------------+--------+

* Multiplexer (MUX) list: 
|----------------------------------------------------------------------|------|------|------|--------||---------||---------||---------|
|                                 Comp                                 |  Pin | Size |  BW  | S x BW ||  Delay  ||    FF   ||   LUT   |
|----------------------------------------------------------------------|------|------|------|--------||---------||---------||---------|
| grp_store_tile_fp16_Pipeline_STORE_TILE_ROWS_STORE_TILE_BEATS_fu_127 |  p1  |   2  |  33  |   66   ||    0    ||    63   |
|----------------------------------------------------------------------|------|------|------|--------||---------||---------||---------|
|                                 Total                                |      |      |      |   66   ||   0.46  ||    0    ||    63   |
|----------------------------------------------------------------------|------|------|------|--------||---------||---------||---------|



* Summary:
+-----------+--------+--------+--------+
|           |  Delay |   FF   |   LUT  |
+-----------+--------+--------+--------+
|  Function |   10   |   452  |   525  |
|   Memory  |    -   |    -   |    -   |
|Multiplexer|    0   |    0   |   63   |
|  Register |    -   |   634  |    -   |
+-----------+--------+--------+--------+
|   Total   |   11   |  1086  |   588  |
+-----------+--------+--------+--------+
