

================================================================
== Vitis HLS Report for 'store_stats_fp32'
================================================================
* Date:           Sun Mar 22 18:06:27 2026

* Version:        2025.1 (Build 6135595 on May 21 2025)
* Project:        FlashAtt1
* Solution:       hls (Vivado IP Flow Target)
* Product family: versalhbm
* Target device:  xcvh1582-lsva4737-2LHP-e-S


================================================================
== Performance Estimates
================================================================
+ Timing: 
    * Summary: 
    +--------+----------+----------+------------+
    |  Clock |  Target  | Estimated| Uncertainty|
    +--------+----------+----------+------------+
    |ap_clk  |  10.00 ns|  7.300 ns|     2.70 ns|
    +--------+----------+----------+------------+

+ Latency: 
    * Summary: 
    +---------+-----------+----------+-----------+-----+-----------+---------+
    |   Latency (cycles)  |  Latency (absolute)  |     Interval    | Pipeline|
    |   min   |    max    |    min   |    max    | min |    max    |   Type  |
    +---------+-----------+----------+-----------+-----+-----------+---------+
    |       78|  134217805|  0.780 us|  1.342 sec|   78|  134217805|       no|
    +---------+-----------+----------+-----------+-----+-----------+---------+

    + Detail: 
        * Instance: 
        N/A

        * Loop: 
        N/A

============================================================
+ Verbose Summary: Synthesis Manager
============================================================
InlineROM: 1
ExposeGlobal: 0
============================================================
+ Verbose Summary: CDFG Model
============================================================
IsTopModel: 0
ResetActiveHigh: 1
IsCombinational: 0
IsDatapathOnly: 0
HasWiredReturn: 1
HasMFsm: 0
HasVarLatency: 1
IsPipeline: 0
IsRtlPipelined: 0
IsInstanceOverlapped: 0
IsDontTouch: 0
HasImplIP: 0
IsGatedGlobalClock: 0


============================================================
+ Verbose Summary: Schedule
============================================================
* Number of FSM states : 77
* Pipeline : 0
* Dataflow Pipeline: 0

* FSM state transitions: 
1 --> 2 
2 --> 3 
3 --> 4 
4 --> 5 
5 --> 6 
6 --> 7 
7 --> 8 
8 --> 9 
9 --> 10 
10 --> 11 
11 --> 12 
12 --> 13 
13 --> 14 
14 --> 15 
15 --> 16 
16 --> 17 
17 --> 18 
18 --> 19 
19 --> 20 
20 --> 21 
21 --> 22 
22 --> 23 
23 --> 24 
24 --> 25 
25 --> 26 
26 --> 27 
27 --> 28 
28 --> 29 
29 --> 30 
30 --> 31 
31 --> 32 
32 --> 33 
33 --> 34 
34 --> 35 
35 --> 36 
36 --> 37 
37 --> 38 
38 --> 39 
39 --> 40 
40 --> 41 
41 --> 42 
42 --> 43 
43 --> 44 
44 --> 45 
45 --> 46 
46 --> 47 
47 --> 48 
48 --> 49 
49 --> 50 
50 --> 51 
51 --> 52 
52 --> 53 
53 --> 54 
54 --> 55 
55 --> 56 
56 --> 57 
57 --> 58 
58 --> 59 
59 --> 60 
60 --> 61 
61 --> 62 
62 --> 63 
63 --> 64 
64 --> 65 
65 --> 66 
66 --> 67 
67 --> 68 
68 --> 69 
69 --> 70 
70 --> 71 
71 --> 72 
72 --> 73 
73 --> 74 
74 --> 75 
75 --> 76 
76 --> 77 
77 --> 

* FSM state operations: 

State 1 <SV = 0> <Delay = 3.56>
ST_1 : Operation 78 [1/1] (0.00ns)   --->   "%num_elements_read = read i32 @_ssdm_op_Read.ap_auto.i32, i32 %num_elements"   --->   Operation 78 'read' 'num_elements_read' <Predicate = true> <Delay = 0.00>
ST_1 : Operation 79 [1/1] (0.00ns)   --->   "%base_idx_read = read i31 @_ssdm_op_Read.ap_auto.i31, i31 %base_idx"   --->   Operation 79 'read' 'base_idx_read' <Predicate = true> <Delay = 0.00>
ST_1 : Operation 80 [1/1] (0.00ns)   --->   "%hbm_port_read = read i64 @_ssdm_op_Read.ap_auto.i64, i64 %hbm_port"   --->   Operation 80 'read' 'hbm_port_read' <Predicate = true> <Delay = 0.00>
ST_1 : Operation 81 [1/1] (0.85ns)   --->   "%add_ln268 = add i32 %num_elements_read, i32 15" [./flashattentionmemory.h:268]   --->   Operation 81 'add' 'add_ln268' <Predicate = true> <Delay = 0.85> <CoreInst = "Adder">   --->   Core 1 'Adder' <Latency = 0> <II = 1> <Delay = 0.85> <FuncUnit> <Opcode : 'add' 'sub'> <InPorts = 2> <OutPorts = 1>
ST_1 : Operation 82 [1/1] (0.00ns)   --->   "%tmp = bitselect i1 @_ssdm_op_BitSelect.i1.i32.i32, i32 %add_ln268, i32 31" [./flashattentionmemory.h:268]   --->   Operation 82 'bitselect' 'tmp' <Predicate = true> <Delay = 0.00>
ST_1 : Operation 83 [1/1] (0.85ns)   --->   "%sub_ln268 = sub i32 4294967281, i32 %num_elements_read" [./flashattentionmemory.h:268]   --->   Operation 83 'sub' 'sub_ln268' <Predicate = true> <Delay = 0.85> <CoreInst = "Adder">   --->   Core 1 'Adder' <Latency = 0> <II = 1> <Delay = 0.85> <FuncUnit> <Opcode : 'add' 'sub'> <InPorts = 2> <OutPorts = 1>
ST_1 : Operation 84 [1/1] (0.00ns)   --->   "%tmp_15 = partselect i28 @_ssdm_op_PartSelect.i28.i32.i32.i32, i32 %sub_ln268, i32 4, i32 31" [./flashattentionmemory.h:268]   --->   Operation 84 'partselect' 'tmp_15' <Predicate = true> <Delay = 0.00>
ST_1 : Operation 85 [1/1] (0.00ns)   --->   "%zext_ln268 = zext i28 %tmp_15" [./flashattentionmemory.h:268]   --->   Operation 85 'zext' 'zext_ln268' <Predicate = true> <Delay = 0.00>
ST_1 : Operation 86 [1/1] (0.85ns)   --->   "%sub_ln268_1 = sub i29 0, i29 %zext_ln268" [./flashattentionmemory.h:268]   --->   Operation 86 'sub' 'sub_ln268_1' <Predicate = true> <Delay = 0.85> <CoreInst = "Adder">   --->   Core 1 'Adder' <Latency = 0> <II = 1> <Delay = 0.85> <FuncUnit> <Opcode : 'add' 'sub'> <InPorts = 2> <OutPorts = 1>
ST_1 : Operation 87 [1/1] (0.00ns)   --->   "%tmp_s = partselect i28 @_ssdm_op_PartSelect.i28.i32.i32.i32, i32 %add_ln268, i32 4, i32 31" [./flashattentionmemory.h:268]   --->   Operation 87 'partselect' 'tmp_s' <Predicate = true> <Delay = 0.00>
ST_1 : Operation 88 [1/1] (0.00ns)   --->   "%zext_ln268_1 = zext i28 %tmp_s" [./flashattentionmemory.h:268]   --->   Operation 88 'zext' 'zext_ln268_1' <Predicate = true> <Delay = 0.00>
ST_1 : Operation 89 [1/1] (0.41ns)   --->   "%total_beats = select i1 %tmp, i29 %sub_ln268_1, i29 %zext_ln268_1" [./flashattentionmemory.h:268]   --->   Operation 89 'select' 'total_beats' <Predicate = true> <Delay = 0.41> <CoreInst = "Sel">   --->   Core 77 'Sel' <Latency = 0> <II = 1> <Delay = 0.41> <FuncUnit> <Opcode : 'select'> <InPorts = 3> <OutPorts = 1>
ST_1 : Operation 90 [1/1] (0.67ns)   --->   "%icmp_ln272 = icmp_sgt  i32 %num_elements_read, i32 0" [./flashattentionmemory.h:272]   --->   Operation 90 'icmp' 'icmp_ln272' <Predicate = true> <Delay = 0.67> <CoreInst = "Cmp">   --->   Core 9 'Cmp' <Latency = 0> <II = 1> <Delay = 0.67> <FuncUnit> <Opcode : 'setle' 'setge' 'setlt' 'setgt'> <InPorts = 2> <OutPorts = 1>
ST_1 : Operation 91 [1/1] (0.00ns)   --->   "%tmp_1 = partselect i27 @_ssdm_op_PartSelect.i27.i31.i32.i32, i31 %base_idx_read, i32 4, i32 30" [./flashattentionmemory.h:272]   --->   Operation 91 'partselect' 'tmp_1' <Predicate = true> <Delay = 0.00>
ST_1 : Operation 92 [1/1] (0.00ns)   --->   "%tmp_2 = bitconcatenate i33 @_ssdm_op_BitConcatenate.i33.i27.i6, i27 %tmp_1, i6 0" [./flashattentionmemory.h:272]   --->   Operation 92 'bitconcatenate' 'tmp_2' <Predicate = true> <Delay = 0.00>
ST_1 : Operation 93 [1/1] (0.00ns)   --->   "%zext_ln272 = zext i33 %tmp_2" [./flashattentionmemory.h:272]   --->   Operation 93 'zext' 'zext_ln272' <Predicate = true> <Delay = 0.00>
ST_1 : Operation 94 [1/1] (1.01ns)   --->   "%add_ln272 = add i64 %zext_ln272, i64 %hbm_port_read" [./flashattentionmemory.h:272]   --->   Operation 94 'add' 'add_ln272' <Predicate = true> <Delay = 1.01> <CoreInst = "Adder">   --->   Core 1 'Adder' <Latency = 0> <II = 1> <Delay = 1.01> <FuncUnit> <Opcode : 'add' 'sub'> <InPorts = 2> <OutPorts = 1>
ST_1 : Operation 95 [1/1] (0.00ns)   --->   "%trunc_ln3 = partselect i58 @_ssdm_op_PartSelect.i58.i64.i32.i32, i64 %add_ln272, i32 6, i32 63" [./flashattentionmemory.h:272]   --->   Operation 95 'partselect' 'trunc_ln3' <Predicate = true> <Delay = 0.00>
ST_1 : Operation 96 [1/1] (0.00ns)   --->   "%sext_ln272 = sext i58 %trunc_ln3" [./flashattentionmemory.h:272]   --->   Operation 96 'sext' 'sext_ln272' <Predicate = true> <Delay = 0.00>
ST_1 : Operation 97 [1/1] (0.00ns)   --->   "%gmem_l_addr = getelementptr i512 %gmem_l, i64 %sext_ln272" [./flashattentionmemory.h:272]   --->   Operation 97 'getelementptr' 'gmem_l_addr' <Predicate = true> <Delay = 0.00>
ST_1 : Operation 98 [1/1] (0.41ns)   --->   "%empty = select i1 %icmp_ln272, i29 %total_beats, i29 0" [./flashattentionmemory.h:272]   --->   Operation 98 'select' 'empty' <Predicate = true> <Delay = 0.41> <CoreInst = "Sel">   --->   Core 77 'Sel' <Latency = 0> <II = 1> <Delay = 0.41> <FuncUnit> <Opcode : 'select'> <InPorts = 3> <OutPorts = 1>
ST_1 : Operation 99 [1/1] (0.00ns)   --->   "%sext_ln272_1 = sext i29 %empty" [./flashattentionmemory.h:272]   --->   Operation 99 'sext' 'sext_ln272_1' <Predicate = true> <Delay = 0.00>
ST_1 : Operation 100 [1/1] (0.00ns)   --->   "%zext_ln272_1 = zext i32 %sext_ln272_1" [./flashattentionmemory.h:272]   --->   Operation 100 'zext' 'zext_ln272_1' <Predicate = true> <Delay = 0.00>
ST_1 : Operation 101 [1/1] (0.00ns)   --->   "%muxLogicAXIMAddr_to_empty_73 = muxlogic i512 %gmem_l_addr"   --->   Operation 101 'muxlogic' 'muxLogicAXIMAddr_to_empty_73' <Predicate = true> <Delay = 0.00>
ST_1 : Operation 102 [1/1] (0.00ns)   --->   "%muxLogicAXIMBurst_to_empty_73 = muxlogic i64 %zext_ln272_1"   --->   Operation 102 'muxlogic' 'muxLogicAXIMBurst_to_empty_73' <Predicate = true> <Delay = 0.00>
ST_1 : Operation 103 [1/1] (1.03ns)   --->   "%empty_73 = writereq i1 @_ssdm_op_WriteReq.m_axi.p1i512, i512 %gmem_l_addr, i64 %zext_ln272_1" [./flashattentionmemory.h:272]   --->   Operation 103 'writereq' 'empty_73' <Predicate = true> <Delay = 1.03> <CoreInst = "m_axi">   --->   Core 123 'm_axi' <Latency = 0> <II = 1> <Delay = 1.76> <Adapter> <Opcode : 'read' 'write' 'readreq' 'writereq' 'writeresp'>

State 2 <SV = 1> <Delay = 1.10>
ST_2 : Operation 104 [1/1] (0.00ns)   --->   "%stats_63_val_read = read i32 @_ssdm_op_Read.ap_auto.float, i32 %stats_63_val"   --->   Operation 104 'read' 'stats_63_val_read' <Predicate = true> <Delay = 0.00>
ST_2 : Operation 105 [1/1] (0.00ns)   --->   "%stats_62_val_read = read i32 @_ssdm_op_Read.ap_auto.float, i32 %stats_62_val"   --->   Operation 105 'read' 'stats_62_val_read' <Predicate = true> <Delay = 0.00>
ST_2 : Operation 106 [1/1] (0.00ns)   --->   "%stats_61_val_read = read i32 @_ssdm_op_Read.ap_auto.float, i32 %stats_61_val"   --->   Operation 106 'read' 'stats_61_val_read' <Predicate = true> <Delay = 0.00>
ST_2 : Operation 107 [1/1] (0.00ns)   --->   "%stats_60_val_read = read i32 @_ssdm_op_Read.ap_auto.float, i32 %stats_60_val"   --->   Operation 107 'read' 'stats_60_val_read' <Predicate = true> <Delay = 0.00>
ST_2 : Operation 108 [1/1] (0.00ns)   --->   "%stats_59_val_read = read i32 @_ssdm_op_Read.ap_auto.float, i32 %stats_59_val"   --->   Operation 108 'read' 'stats_59_val_read' <Predicate = true> <Delay = 0.00>
ST_2 : Operation 109 [1/1] (0.00ns)   --->   "%stats_58_val_read = read i32 @_ssdm_op_Read.ap_auto.float, i32 %stats_58_val"   --->   Operation 109 'read' 'stats_58_val_read' <Predicate = true> <Delay = 0.00>
ST_2 : Operation 110 [1/1] (0.00ns)   --->   "%stats_57_val_read = read i32 @_ssdm_op_Read.ap_auto.float, i32 %stats_57_val"   --->   Operation 110 'read' 'stats_57_val_read' <Predicate = true> <Delay = 0.00>
ST_2 : Operation 111 [1/1] (0.00ns)   --->   "%stats_56_val_read = read i32 @_ssdm_op_Read.ap_auto.float, i32 %stats_56_val"   --->   Operation 111 'read' 'stats_56_val_read' <Predicate = true> <Delay = 0.00>
ST_2 : Operation 112 [1/1] (0.00ns)   --->   "%stats_55_val_read = read i32 @_ssdm_op_Read.ap_auto.float, i32 %stats_55_val"   --->   Operation 112 'read' 'stats_55_val_read' <Predicate = true> <Delay = 0.00>
ST_2 : Operation 113 [1/1] (0.00ns)   --->   "%stats_54_val_read = read i32 @_ssdm_op_Read.ap_auto.float, i32 %stats_54_val"   --->   Operation 113 'read' 'stats_54_val_read' <Predicate = true> <Delay = 0.00>
ST_2 : Operation 114 [1/1] (0.00ns)   --->   "%stats_53_val_read = read i32 @_ssdm_op_Read.ap_auto.float, i32 %stats_53_val"   --->   Operation 114 'read' 'stats_53_val_read' <Predicate = true> <Delay = 0.00>
ST_2 : Operation 115 [1/1] (0.00ns)   --->   "%stats_52_val_read = read i32 @_ssdm_op_Read.ap_auto.float, i32 %stats_52_val"   --->   Operation 115 'read' 'stats_52_val_read' <Predicate = true> <Delay = 0.00>
ST_2 : Operation 116 [1/1] (0.00ns)   --->   "%stats_51_val_read = read i32 @_ssdm_op_Read.ap_auto.float, i32 %stats_51_val"   --->   Operation 116 'read' 'stats_51_val_read' <Predicate = true> <Delay = 0.00>
ST_2 : Operation 117 [1/1] (0.00ns)   --->   "%stats_50_val_read = read i32 @_ssdm_op_Read.ap_auto.float, i32 %stats_50_val"   --->   Operation 117 'read' 'stats_50_val_read' <Predicate = true> <Delay = 0.00>
ST_2 : Operation 118 [1/1] (0.00ns)   --->   "%stats_49_val_read = read i32 @_ssdm_op_Read.ap_auto.float, i32 %stats_49_val"   --->   Operation 118 'read' 'stats_49_val_read' <Predicate = true> <Delay = 0.00>
ST_2 : Operation 119 [1/1] (0.00ns)   --->   "%stats_48_val_read = read i32 @_ssdm_op_Read.ap_auto.float, i32 %stats_48_val"   --->   Operation 119 'read' 'stats_48_val_read' <Predicate = true> <Delay = 0.00>
ST_2 : Operation 120 [1/1] (0.00ns)   --->   "%stats_47_val_read = read i32 @_ssdm_op_Read.ap_auto.float, i32 %stats_47_val"   --->   Operation 120 'read' 'stats_47_val_read' <Predicate = true> <Delay = 0.00>
ST_2 : Operation 121 [1/1] (0.00ns)   --->   "%stats_46_val_read = read i32 @_ssdm_op_Read.ap_auto.float, i32 %stats_46_val"   --->   Operation 121 'read' 'stats_46_val_read' <Predicate = true> <Delay = 0.00>
ST_2 : Operation 122 [1/1] (0.00ns)   --->   "%stats_45_val_read = read i32 @_ssdm_op_Read.ap_auto.float, i32 %stats_45_val"   --->   Operation 122 'read' 'stats_45_val_read' <Predicate = true> <Delay = 0.00>
ST_2 : Operation 123 [1/1] (0.00ns)   --->   "%stats_44_val_read = read i32 @_ssdm_op_Read.ap_auto.float, i32 %stats_44_val"   --->   Operation 123 'read' 'stats_44_val_read' <Predicate = true> <Delay = 0.00>
ST_2 : Operation 124 [1/1] (0.00ns)   --->   "%stats_43_val_read = read i32 @_ssdm_op_Read.ap_auto.float, i32 %stats_43_val"   --->   Operation 124 'read' 'stats_43_val_read' <Predicate = true> <Delay = 0.00>
ST_2 : Operation 125 [1/1] (0.00ns)   --->   "%stats_42_val_read = read i32 @_ssdm_op_Read.ap_auto.float, i32 %stats_42_val"   --->   Operation 125 'read' 'stats_42_val_read' <Predicate = true> <Delay = 0.00>
ST_2 : Operation 126 [1/1] (0.00ns)   --->   "%stats_41_val_read = read i32 @_ssdm_op_Read.ap_auto.float, i32 %stats_41_val"   --->   Operation 126 'read' 'stats_41_val_read' <Predicate = true> <Delay = 0.00>
ST_2 : Operation 127 [1/1] (0.00ns)   --->   "%stats_40_val_read = read i32 @_ssdm_op_Read.ap_auto.float, i32 %stats_40_val"   --->   Operation 127 'read' 'stats_40_val_read' <Predicate = true> <Delay = 0.00>
ST_2 : Operation 128 [1/1] (0.00ns)   --->   "%stats_39_val_read = read i32 @_ssdm_op_Read.ap_auto.float, i32 %stats_39_val"   --->   Operation 128 'read' 'stats_39_val_read' <Predicate = true> <Delay = 0.00>
ST_2 : Operation 129 [1/1] (0.00ns)   --->   "%stats_38_val_read = read i32 @_ssdm_op_Read.ap_auto.float, i32 %stats_38_val"   --->   Operation 129 'read' 'stats_38_val_read' <Predicate = true> <Delay = 0.00>
ST_2 : Operation 130 [1/1] (0.00ns)   --->   "%stats_37_val_read = read i32 @_ssdm_op_Read.ap_auto.float, i32 %stats_37_val"   --->   Operation 130 'read' 'stats_37_val_read' <Predicate = true> <Delay = 0.00>
ST_2 : Operation 131 [1/1] (0.00ns)   --->   "%stats_36_val_read = read i32 @_ssdm_op_Read.ap_auto.float, i32 %stats_36_val"   --->   Operation 131 'read' 'stats_36_val_read' <Predicate = true> <Delay = 0.00>
ST_2 : Operation 132 [1/1] (0.00ns)   --->   "%stats_35_val_read = read i32 @_ssdm_op_Read.ap_auto.float, i32 %stats_35_val"   --->   Operation 132 'read' 'stats_35_val_read' <Predicate = true> <Delay = 0.00>
ST_2 : Operation 133 [1/1] (0.00ns)   --->   "%stats_34_val_read = read i32 @_ssdm_op_Read.ap_auto.float, i32 %stats_34_val"   --->   Operation 133 'read' 'stats_34_val_read' <Predicate = true> <Delay = 0.00>
ST_2 : Operation 134 [1/1] (0.00ns)   --->   "%stats_33_val_read = read i32 @_ssdm_op_Read.ap_auto.float, i32 %stats_33_val"   --->   Operation 134 'read' 'stats_33_val_read' <Predicate = true> <Delay = 0.00>
ST_2 : Operation 135 [1/1] (0.00ns)   --->   "%stats_32_val_read = read i32 @_ssdm_op_Read.ap_auto.float, i32 %stats_32_val"   --->   Operation 135 'read' 'stats_32_val_read' <Predicate = true> <Delay = 0.00>
ST_2 : Operation 136 [1/1] (0.00ns)   --->   "%stats_31_val_read = read i32 @_ssdm_op_Read.ap_auto.float, i32 %stats_31_val"   --->   Operation 136 'read' 'stats_31_val_read' <Predicate = true> <Delay = 0.00>
ST_2 : Operation 137 [1/1] (0.00ns)   --->   "%stats_30_val_read = read i32 @_ssdm_op_Read.ap_auto.float, i32 %stats_30_val"   --->   Operation 137 'read' 'stats_30_val_read' <Predicate = true> <Delay = 0.00>
ST_2 : Operation 138 [1/1] (0.00ns)   --->   "%stats_29_val_read = read i32 @_ssdm_op_Read.ap_auto.float, i32 %stats_29_val"   --->   Operation 138 'read' 'stats_29_val_read' <Predicate = true> <Delay = 0.00>
ST_2 : Operation 139 [1/1] (0.00ns)   --->   "%stats_28_val_read = read i32 @_ssdm_op_Read.ap_auto.float, i32 %stats_28_val"   --->   Operation 139 'read' 'stats_28_val_read' <Predicate = true> <Delay = 0.00>
ST_2 : Operation 140 [1/1] (0.00ns)   --->   "%stats_27_val_read = read i32 @_ssdm_op_Read.ap_auto.float, i32 %stats_27_val"   --->   Operation 140 'read' 'stats_27_val_read' <Predicate = true> <Delay = 0.00>
ST_2 : Operation 141 [1/1] (0.00ns)   --->   "%stats_26_val_read = read i32 @_ssdm_op_Read.ap_auto.float, i32 %stats_26_val"   --->   Operation 141 'read' 'stats_26_val_read' <Predicate = true> <Delay = 0.00>
ST_2 : Operation 142 [1/1] (0.00ns)   --->   "%stats_25_val_read = read i32 @_ssdm_op_Read.ap_auto.float, i32 %stats_25_val"   --->   Operation 142 'read' 'stats_25_val_read' <Predicate = true> <Delay = 0.00>
ST_2 : Operation 143 [1/1] (0.00ns)   --->   "%stats_24_val_read = read i32 @_ssdm_op_Read.ap_auto.float, i32 %stats_24_val"   --->   Operation 143 'read' 'stats_24_val_read' <Predicate = true> <Delay = 0.00>
ST_2 : Operation 144 [1/1] (0.00ns)   --->   "%stats_23_val_read = read i32 @_ssdm_op_Read.ap_auto.float, i32 %stats_23_val"   --->   Operation 144 'read' 'stats_23_val_read' <Predicate = true> <Delay = 0.00>
ST_2 : Operation 145 [1/1] (0.00ns)   --->   "%stats_22_val_read = read i32 @_ssdm_op_Read.ap_auto.float, i32 %stats_22_val"   --->   Operation 145 'read' 'stats_22_val_read' <Predicate = true> <Delay = 0.00>
ST_2 : Operation 146 [1/1] (0.00ns)   --->   "%stats_21_val_read = read i32 @_ssdm_op_Read.ap_auto.float, i32 %stats_21_val"   --->   Operation 146 'read' 'stats_21_val_read' <Predicate = true> <Delay = 0.00>
ST_2 : Operation 147 [1/1] (0.00ns)   --->   "%stats_20_val_read = read i32 @_ssdm_op_Read.ap_auto.float, i32 %stats_20_val"   --->   Operation 147 'read' 'stats_20_val_read' <Predicate = true> <Delay = 0.00>
ST_2 : Operation 148 [1/1] (0.00ns)   --->   "%stats_19_val_read = read i32 @_ssdm_op_Read.ap_auto.float, i32 %stats_19_val"   --->   Operation 148 'read' 'stats_19_val_read' <Predicate = true> <Delay = 0.00>
ST_2 : Operation 149 [1/1] (0.00ns)   --->   "%stats_18_val_read = read i32 @_ssdm_op_Read.ap_auto.float, i32 %stats_18_val"   --->   Operation 149 'read' 'stats_18_val_read' <Predicate = true> <Delay = 0.00>
ST_2 : Operation 150 [1/1] (0.00ns)   --->   "%stats_17_val_read = read i32 @_ssdm_op_Read.ap_auto.float, i32 %stats_17_val"   --->   Operation 150 'read' 'stats_17_val_read' <Predicate = true> <Delay = 0.00>
ST_2 : Operation 151 [1/1] (0.00ns)   --->   "%stats_16_val_read = read i32 @_ssdm_op_Read.ap_auto.float, i32 %stats_16_val"   --->   Operation 151 'read' 'stats_16_val_read' <Predicate = true> <Delay = 0.00>
ST_2 : Operation 152 [1/1] (0.00ns)   --->   "%stats_15_val_read = read i32 @_ssdm_op_Read.ap_auto.float, i32 %stats_15_val"   --->   Operation 152 'read' 'stats_15_val_read' <Predicate = true> <Delay = 0.00>
ST_2 : Operation 153 [1/1] (0.00ns)   --->   "%stats_14_val_read = read i32 @_ssdm_op_Read.ap_auto.float, i32 %stats_14_val"   --->   Operation 153 'read' 'stats_14_val_read' <Predicate = true> <Delay = 0.00>
ST_2 : Operation 154 [1/1] (0.00ns)   --->   "%stats_13_val_read = read i32 @_ssdm_op_Read.ap_auto.float, i32 %stats_13_val"   --->   Operation 154 'read' 'stats_13_val_read' <Predicate = true> <Delay = 0.00>
ST_2 : Operation 155 [1/1] (0.00ns)   --->   "%stats_12_val_read = read i32 @_ssdm_op_Read.ap_auto.float, i32 %stats_12_val"   --->   Operation 155 'read' 'stats_12_val_read' <Predicate = true> <Delay = 0.00>
ST_2 : Operation 156 [1/1] (0.00ns)   --->   "%stats_11_val_read = read i32 @_ssdm_op_Read.ap_auto.float, i32 %stats_11_val"   --->   Operation 156 'read' 'stats_11_val_read' <Predicate = true> <Delay = 0.00>
ST_2 : Operation 157 [1/1] (0.00ns)   --->   "%stats_10_val_read = read i32 @_ssdm_op_Read.ap_auto.float, i32 %stats_10_val"   --->   Operation 157 'read' 'stats_10_val_read' <Predicate = true> <Delay = 0.00>
ST_2 : Operation 158 [1/1] (0.00ns)   --->   "%stats_9_val_read = read i32 @_ssdm_op_Read.ap_auto.float, i32 %stats_9_val"   --->   Operation 158 'read' 'stats_9_val_read' <Predicate = true> <Delay = 0.00>
ST_2 : Operation 159 [1/1] (0.00ns)   --->   "%stats_8_val_read = read i32 @_ssdm_op_Read.ap_auto.float, i32 %stats_8_val"   --->   Operation 159 'read' 'stats_8_val_read' <Predicate = true> <Delay = 0.00>
ST_2 : Operation 160 [1/1] (0.00ns)   --->   "%stats_7_val_read = read i32 @_ssdm_op_Read.ap_auto.float, i32 %stats_7_val"   --->   Operation 160 'read' 'stats_7_val_read' <Predicate = true> <Delay = 0.00>
ST_2 : Operation 161 [1/1] (0.00ns)   --->   "%stats_6_val_read = read i32 @_ssdm_op_Read.ap_auto.float, i32 %stats_6_val"   --->   Operation 161 'read' 'stats_6_val_read' <Predicate = true> <Delay = 0.00>
ST_2 : Operation 162 [1/1] (0.00ns)   --->   "%stats_5_val_read = read i32 @_ssdm_op_Read.ap_auto.float, i32 %stats_5_val"   --->   Operation 162 'read' 'stats_5_val_read' <Predicate = true> <Delay = 0.00>
ST_2 : Operation 163 [1/1] (0.00ns)   --->   "%stats_4_val_read = read i32 @_ssdm_op_Read.ap_auto.float, i32 %stats_4_val"   --->   Operation 163 'read' 'stats_4_val_read' <Predicate = true> <Delay = 0.00>
ST_2 : Operation 164 [1/1] (0.00ns)   --->   "%stats_3_val_read = read i32 @_ssdm_op_Read.ap_auto.float, i32 %stats_3_val"   --->   Operation 164 'read' 'stats_3_val_read' <Predicate = true> <Delay = 0.00>
ST_2 : Operation 165 [1/1] (0.00ns)   --->   "%stats_2_val_read = read i32 @_ssdm_op_Read.ap_auto.float, i32 %stats_2_val"   --->   Operation 165 'read' 'stats_2_val_read' <Predicate = true> <Delay = 0.00>
ST_2 : Operation 166 [1/1] (0.00ns)   --->   "%stats_1_val_read = read i32 @_ssdm_op_Read.ap_auto.float, i32 %stats_1_val"   --->   Operation 166 'read' 'stats_1_val_read' <Predicate = true> <Delay = 0.00>
ST_2 : Operation 167 [1/1] (0.00ns)   --->   "%stats_0_val_read = read i32 @_ssdm_op_Read.ap_auto.float, i32 %stats_0_val"   --->   Operation 167 'read' 'stats_0_val_read' <Predicate = true> <Delay = 0.00>
ST_2 : Operation 168 [2/2] (1.10ns)   --->   "%call_ln268 = call void @store_stats_fp32_Pipeline_STORE_STATS, i32 %num_elements_read, i29 %total_beats, i512 %gmem_l, i58 %trunc_ln3, i32 %stats_0_val_read, i32 %stats_16_val_read, i32 %stats_32_val_read, i32 %stats_48_val_read, i32 %stats_1_val_read, i32 %stats_17_val_read, i32 %stats_33_val_read, i32 %stats_49_val_read, i32 %stats_2_val_read, i32 %stats_18_val_read, i32 %stats_34_val_read, i32 %stats_50_val_read, i32 %stats_3_val_read, i32 %stats_19_val_read, i32 %stats_35_val_read, i32 %stats_51_val_read, i32 %stats_4_val_read, i32 %stats_20_val_read, i32 %stats_36_val_read, i32 %stats_52_val_read, i32 %stats_5_val_read, i32 %stats_21_val_read, i32 %stats_37_val_read, i32 %stats_53_val_read, i32 %stats_6_val_read, i32 %stats_22_val_read, i32 %stats_38_val_read, i32 %stats_54_val_read, i32 %stats_7_val_read, i32 %stats_23_val_read, i32 %stats_39_val_read, i32 %stats_55_val_read, i32 %stats_8_val_read, i32 %stats_24_val_read, i32 %stats_40_val_read, i32 %stats_56_val_read, i32 %stats_9_val_read, i32 %stats_25_val_read, i32 %stats_41_val_read, i32 %stats_57_val_read, i32 %stats_10_val_read, i32 %stats_26_val_read, i32 %stats_42_val_read, i32 %stats_58_val_read, i32 %stats_11_val_read, i32 %stats_27_val_read, i32 %stats_43_val_read, i32 %stats_59_val_read, i32 %stats_12_val_read, i32 %stats_28_val_read, i32 %stats_44_val_read, i32 %stats_60_val_read, i32 %stats_13_val_read, i32 %stats_29_val_read, i32 %stats_45_val_read, i32 %stats_61_val_read, i32 %stats_14_val_read, i32 %stats_30_val_read, i32 %stats_46_val_read, i32 %stats_62_val_read, i32 %stats_15_val_read, i32 %stats_31_val_read, i32 %stats_47_val_read, i32 %stats_63_val_read" [./flashattentionmemory.h:268]   --->   Operation 168 'call' 'call_ln268' <Predicate = true> <Delay = 1.10> <CoreType = "Generic">   --->   Generic Core

State 3 <SV = 2> <Delay = 1.39>
ST_3 : Operation 169 [1/2] (1.39ns)   --->   "%call_ln268 = call void @store_stats_fp32_Pipeline_STORE_STATS, i32 %num_elements_read, i29 %total_beats, i512 %gmem_l, i58 %trunc_ln3, i32 %stats_0_val_read, i32 %stats_16_val_read, i32 %stats_32_val_read, i32 %stats_48_val_read, i32 %stats_1_val_read, i32 %stats_17_val_read, i32 %stats_33_val_read, i32 %stats_49_val_read, i32 %stats_2_val_read, i32 %stats_18_val_read, i32 %stats_34_val_read, i32 %stats_50_val_read, i32 %stats_3_val_read, i32 %stats_19_val_read, i32 %stats_35_val_read, i32 %stats_51_val_read, i32 %stats_4_val_read, i32 %stats_20_val_read, i32 %stats_36_val_read, i32 %stats_52_val_read, i32 %stats_5_val_read, i32 %stats_21_val_read, i32 %stats_37_val_read, i32 %stats_53_val_read, i32 %stats_6_val_read, i32 %stats_22_val_read, i32 %stats_38_val_read, i32 %stats_54_val_read, i32 %stats_7_val_read, i32 %stats_23_val_read, i32 %stats_39_val_read, i32 %stats_55_val_read, i32 %stats_8_val_read, i32 %stats_24_val_read, i32 %stats_40_val_read, i32 %stats_56_val_read, i32 %stats_9_val_read, i32 %stats_25_val_read, i32 %stats_41_val_read, i32 %stats_57_val_read, i32 %stats_10_val_read, i32 %stats_26_val_read, i32 %stats_42_val_read, i32 %stats_58_val_read, i32 %stats_11_val_read, i32 %stats_27_val_read, i32 %stats_43_val_read, i32 %stats_59_val_read, i32 %stats_12_val_read, i32 %stats_28_val_read, i32 %stats_44_val_read, i32 %stats_60_val_read, i32 %stats_13_val_read, i32 %stats_29_val_read, i32 %stats_45_val_read, i32 %stats_61_val_read, i32 %stats_14_val_read, i32 %stats_30_val_read, i32 %stats_46_val_read, i32 %stats_62_val_read, i32 %stats_15_val_read, i32 %stats_31_val_read, i32 %stats_47_val_read, i32 %stats_63_val_read" [./flashattentionmemory.h:268]   --->   Operation 169 'call' 'call_ln268' <Predicate = true> <Delay = 1.39> <CoreType = "Generic">   --->   Generic Core

State 4 <SV = 3> <Delay = 1.03>
ST_4 : Operation 170 [1/1] (0.00ns)   --->   "%muxLogicAXIMCE_to_empty_74 = muxlogic"   --->   Operation 170 'muxlogic' 'muxLogicAXIMCE_to_empty_74' <Predicate = true> <Delay = 0.00>
ST_4 : Operation 171 [74/74] (1.03ns)   --->   "%empty_74 = writeresp i1 @_ssdm_op_WriteResp.m_axi.p1i512, i512 %gmem_l_addr" [./flashattentionmemory.h:284]   --->   Operation 171 'writeresp' 'empty_74' <Predicate = true> <Delay = 1.03> <CoreInst = "m_axi">   --->   Core 123 'm_axi' <Latency = 9> <II = 1> <Delay = 1.76> <Adapter> <Opcode : 'read' 'write' 'readreq' 'writereq' 'writeresp'>

State 5 <SV = 4> <Delay = 7.30>
ST_5 : Operation 172 [73/74] (7.30ns)   --->   "%empty_74 = writeresp i1 @_ssdm_op_WriteResp.m_axi.p1i512, i512 %gmem_l_addr" [./flashattentionmemory.h:284]   --->   Operation 172 'writeresp' 'empty_74' <Predicate = true> <Delay = 7.30> <CoreInst = "m_axi">   --->   Core 123 'm_axi' <Latency = 9> <II = 1> <Delay = 1.76> <Adapter> <Opcode : 'read' 'write' 'readreq' 'writereq' 'writeresp'>

State 6 <SV = 5> <Delay = 7.30>
ST_6 : Operation 173 [72/74] (7.30ns)   --->   "%empty_74 = writeresp i1 @_ssdm_op_WriteResp.m_axi.p1i512, i512 %gmem_l_addr" [./flashattentionmemory.h:284]   --->   Operation 173 'writeresp' 'empty_74' <Predicate = true> <Delay = 7.30> <CoreInst = "m_axi">   --->   Core 123 'm_axi' <Latency = 9> <II = 1> <Delay = 1.76> <Adapter> <Opcode : 'read' 'write' 'readreq' 'writereq' 'writeresp'>

State 7 <SV = 6> <Delay = 7.30>
ST_7 : Operation 174 [71/74] (7.30ns)   --->   "%empty_74 = writeresp i1 @_ssdm_op_WriteResp.m_axi.p1i512, i512 %gmem_l_addr" [./flashattentionmemory.h:284]   --->   Operation 174 'writeresp' 'empty_74' <Predicate = true> <Delay = 7.30> <CoreInst = "m_axi">   --->   Core 123 'm_axi' <Latency = 9> <II = 1> <Delay = 1.76> <Adapter> <Opcode : 'read' 'write' 'readreq' 'writereq' 'writeresp'>

State 8 <SV = 7> <Delay = 7.30>
ST_8 : Operation 175 [70/74] (7.30ns)   --->   "%empty_74 = writeresp i1 @_ssdm_op_WriteResp.m_axi.p1i512, i512 %gmem_l_addr" [./flashattentionmemory.h:284]   --->   Operation 175 'writeresp' 'empty_74' <Predicate = true> <Delay = 7.30> <CoreInst = "m_axi">   --->   Core 123 'm_axi' <Latency = 9> <II = 1> <Delay = 1.76> <Adapter> <Opcode : 'read' 'write' 'readreq' 'writereq' 'writeresp'>

State 9 <SV = 8> <Delay = 7.30>
ST_9 : Operation 176 [69/74] (7.30ns)   --->   "%empty_74 = writeresp i1 @_ssdm_op_WriteResp.m_axi.p1i512, i512 %gmem_l_addr" [./flashattentionmemory.h:284]   --->   Operation 176 'writeresp' 'empty_74' <Predicate = true> <Delay = 7.30> <CoreInst = "m_axi">   --->   Core 123 'm_axi' <Latency = 9> <II = 1> <Delay = 1.76> <Adapter> <Opcode : 'read' 'write' 'readreq' 'writereq' 'writeresp'>

State 10 <SV = 9> <Delay = 7.30>
ST_10 : Operation 177 [68/74] (7.30ns)   --->   "%empty_74 = writeresp i1 @_ssdm_op_WriteResp.m_axi.p1i512, i512 %gmem_l_addr" [./flashattentionmemory.h:284]   --->   Operation 177 'writeresp' 'empty_74' <Predicate = true> <Delay = 7.30> <CoreInst = "m_axi">   --->   Core 123 'm_axi' <Latency = 9> <II = 1> <Delay = 1.76> <Adapter> <Opcode : 'read' 'write' 'readreq' 'writereq' 'writeresp'>

State 11 <SV = 10> <Delay = 7.30>
ST_11 : Operation 178 [67/74] (7.30ns)   --->   "%empty_74 = writeresp i1 @_ssdm_op_WriteResp.m_axi.p1i512, i512 %gmem_l_addr" [./flashattentionmemory.h:284]   --->   Operation 178 'writeresp' 'empty_74' <Predicate = true> <Delay = 7.30> <CoreInst = "m_axi">   --->   Core 123 'm_axi' <Latency = 9> <II = 1> <Delay = 1.76> <Adapter> <Opcode : 'read' 'write' 'readreq' 'writereq' 'writeresp'>

State 12 <SV = 11> <Delay = 7.30>
ST_12 : Operation 179 [66/74] (7.30ns)   --->   "%empty_74 = writeresp i1 @_ssdm_op_WriteResp.m_axi.p1i512, i512 %gmem_l_addr" [./flashattentionmemory.h:284]   --->   Operation 179 'writeresp' 'empty_74' <Predicate = true> <Delay = 7.30> <CoreInst = "m_axi">   --->   Core 123 'm_axi' <Latency = 9> <II = 1> <Delay = 1.76> <Adapter> <Opcode : 'read' 'write' 'readreq' 'writereq' 'writeresp'>

State 13 <SV = 12> <Delay = 7.30>
ST_13 : Operation 180 [65/74] (7.30ns)   --->   "%empty_74 = writeresp i1 @_ssdm_op_WriteResp.m_axi.p1i512, i512 %gmem_l_addr" [./flashattentionmemory.h:284]   --->   Operation 180 'writeresp' 'empty_74' <Predicate = true> <Delay = 7.30> <CoreInst = "m_axi">   --->   Core 123 'm_axi' <Latency = 9> <II = 1> <Delay = 1.76> <Adapter> <Opcode : 'read' 'write' 'readreq' 'writereq' 'writeresp'>

State 14 <SV = 13> <Delay = 7.30>
ST_14 : Operation 181 [64/74] (7.30ns)   --->   "%empty_74 = writeresp i1 @_ssdm_op_WriteResp.m_axi.p1i512, i512 %gmem_l_addr" [./flashattentionmemory.h:284]   --->   Operation 181 'writeresp' 'empty_74' <Predicate = true> <Delay = 7.30> <CoreInst = "m_axi">   --->   Core 123 'm_axi' <Latency = 9> <II = 1> <Delay = 1.76> <Adapter> <Opcode : 'read' 'write' 'readreq' 'writereq' 'writeresp'>

State 15 <SV = 14> <Delay = 7.30>
ST_15 : Operation 182 [63/74] (7.30ns)   --->   "%empty_74 = writeresp i1 @_ssdm_op_WriteResp.m_axi.p1i512, i512 %gmem_l_addr" [./flashattentionmemory.h:284]   --->   Operation 182 'writeresp' 'empty_74' <Predicate = true> <Delay = 7.30> <CoreInst = "m_axi">   --->   Core 123 'm_axi' <Latency = 9> <II = 1> <Delay = 1.76> <Adapter> <Opcode : 'read' 'write' 'readreq' 'writereq' 'writeresp'>

State 16 <SV = 15> <Delay = 7.30>
ST_16 : Operation 183 [62/74] (7.30ns)   --->   "%empty_74 = writeresp i1 @_ssdm_op_WriteResp.m_axi.p1i512, i512 %gmem_l_addr" [./flashattentionmemory.h:284]   --->   Operation 183 'writeresp' 'empty_74' <Predicate = true> <Delay = 7.30> <CoreInst = "m_axi">   --->   Core 123 'm_axi' <Latency = 9> <II = 1> <Delay = 1.76> <Adapter> <Opcode : 'read' 'write' 'readreq' 'writereq' 'writeresp'>

State 17 <SV = 16> <Delay = 7.30>
ST_17 : Operation 184 [61/74] (7.30ns)   --->   "%empty_74 = writeresp i1 @_ssdm_op_WriteResp.m_axi.p1i512, i512 %gmem_l_addr" [./flashattentionmemory.h:284]   --->   Operation 184 'writeresp' 'empty_74' <Predicate = true> <Delay = 7.30> <CoreInst = "m_axi">   --->   Core 123 'm_axi' <Latency = 9> <II = 1> <Delay = 1.76> <Adapter> <Opcode : 'read' 'write' 'readreq' 'writereq' 'writeresp'>

State 18 <SV = 17> <Delay = 7.30>
ST_18 : Operation 185 [60/74] (7.30ns)   --->   "%empty_74 = writeresp i1 @_ssdm_op_WriteResp.m_axi.p1i512, i512 %gmem_l_addr" [./flashattentionmemory.h:284]   --->   Operation 185 'writeresp' 'empty_74' <Predicate = true> <Delay = 7.30> <CoreInst = "m_axi">   --->   Core 123 'm_axi' <Latency = 9> <II = 1> <Delay = 1.76> <Adapter> <Opcode : 'read' 'write' 'readreq' 'writereq' 'writeresp'>

State 19 <SV = 18> <Delay = 7.30>
ST_19 : Operation 186 [59/74] (7.30ns)   --->   "%empty_74 = writeresp i1 @_ssdm_op_WriteResp.m_axi.p1i512, i512 %gmem_l_addr" [./flashattentionmemory.h:284]   --->   Operation 186 'writeresp' 'empty_74' <Predicate = true> <Delay = 7.30> <CoreInst = "m_axi">   --->   Core 123 'm_axi' <Latency = 9> <II = 1> <Delay = 1.76> <Adapter> <Opcode : 'read' 'write' 'readreq' 'writereq' 'writeresp'>

State 20 <SV = 19> <Delay = 7.30>
ST_20 : Operation 187 [58/74] (7.30ns)   --->   "%empty_74 = writeresp i1 @_ssdm_op_WriteResp.m_axi.p1i512, i512 %gmem_l_addr" [./flashattentionmemory.h:284]   --->   Operation 187 'writeresp' 'empty_74' <Predicate = true> <Delay = 7.30> <CoreInst = "m_axi">   --->   Core 123 'm_axi' <Latency = 9> <II = 1> <Delay = 1.76> <Adapter> <Opcode : 'read' 'write' 'readreq' 'writereq' 'writeresp'>

State 21 <SV = 20> <Delay = 7.30>
ST_21 : Operation 188 [57/74] (7.30ns)   --->   "%empty_74 = writeresp i1 @_ssdm_op_WriteResp.m_axi.p1i512, i512 %gmem_l_addr" [./flashattentionmemory.h:284]   --->   Operation 188 'writeresp' 'empty_74' <Predicate = true> <Delay = 7.30> <CoreInst = "m_axi">   --->   Core 123 'm_axi' <Latency = 9> <II = 1> <Delay = 1.76> <Adapter> <Opcode : 'read' 'write' 'readreq' 'writereq' 'writeresp'>

State 22 <SV = 21> <Delay = 7.30>
ST_22 : Operation 189 [56/74] (7.30ns)   --->   "%empty_74 = writeresp i1 @_ssdm_op_WriteResp.m_axi.p1i512, i512 %gmem_l_addr" [./flashattentionmemory.h:284]   --->   Operation 189 'writeresp' 'empty_74' <Predicate = true> <Delay = 7.30> <CoreInst = "m_axi">   --->   Core 123 'm_axi' <Latency = 9> <II = 1> <Delay = 1.76> <Adapter> <Opcode : 'read' 'write' 'readreq' 'writereq' 'writeresp'>

State 23 <SV = 22> <Delay = 7.30>
ST_23 : Operation 190 [55/74] (7.30ns)   --->   "%empty_74 = writeresp i1 @_ssdm_op_WriteResp.m_axi.p1i512, i512 %gmem_l_addr" [./flashattentionmemory.h:284]   --->   Operation 190 'writeresp' 'empty_74' <Predicate = true> <Delay = 7.30> <CoreInst = "m_axi">   --->   Core 123 'm_axi' <Latency = 9> <II = 1> <Delay = 1.76> <Adapter> <Opcode : 'read' 'write' 'readreq' 'writereq' 'writeresp'>

State 24 <SV = 23> <Delay = 7.30>
ST_24 : Operation 191 [54/74] (7.30ns)   --->   "%empty_74 = writeresp i1 @_ssdm_op_WriteResp.m_axi.p1i512, i512 %gmem_l_addr" [./flashattentionmemory.h:284]   --->   Operation 191 'writeresp' 'empty_74' <Predicate = true> <Delay = 7.30> <CoreInst = "m_axi">   --->   Core 123 'm_axi' <Latency = 9> <II = 1> <Delay = 1.76> <Adapter> <Opcode : 'read' 'write' 'readreq' 'writereq' 'writeresp'>

State 25 <SV = 24> <Delay = 7.30>
ST_25 : Operation 192 [53/74] (7.30ns)   --->   "%empty_74 = writeresp i1 @_ssdm_op_WriteResp.m_axi.p1i512, i512 %gmem_l_addr" [./flashattentionmemory.h:284]   --->   Operation 192 'writeresp' 'empty_74' <Predicate = true> <Delay = 7.30> <CoreInst = "m_axi">   --->   Core 123 'm_axi' <Latency = 9> <II = 1> <Delay = 1.76> <Adapter> <Opcode : 'read' 'write' 'readreq' 'writereq' 'writeresp'>

State 26 <SV = 25> <Delay = 7.30>
ST_26 : Operation 193 [52/74] (7.30ns)   --->   "%empty_74 = writeresp i1 @_ssdm_op_WriteResp.m_axi.p1i512, i512 %gmem_l_addr" [./flashattentionmemory.h:284]   --->   Operation 193 'writeresp' 'empty_74' <Predicate = true> <Delay = 7.30> <CoreInst = "m_axi">   --->   Core 123 'm_axi' <Latency = 9> <II = 1> <Delay = 1.76> <Adapter> <Opcode : 'read' 'write' 'readreq' 'writereq' 'writeresp'>

State 27 <SV = 26> <Delay = 7.30>
ST_27 : Operation 194 [51/74] (7.30ns)   --->   "%empty_74 = writeresp i1 @_ssdm_op_WriteResp.m_axi.p1i512, i512 %gmem_l_addr" [./flashattentionmemory.h:284]   --->   Operation 194 'writeresp' 'empty_74' <Predicate = true> <Delay = 7.30> <CoreInst = "m_axi">   --->   Core 123 'm_axi' <Latency = 9> <II = 1> <Delay = 1.76> <Adapter> <Opcode : 'read' 'write' 'readreq' 'writereq' 'writeresp'>

State 28 <SV = 27> <Delay = 7.30>
ST_28 : Operation 195 [50/74] (7.30ns)   --->   "%empty_74 = writeresp i1 @_ssdm_op_WriteResp.m_axi.p1i512, i512 %gmem_l_addr" [./flashattentionmemory.h:284]   --->   Operation 195 'writeresp' 'empty_74' <Predicate = true> <Delay = 7.30> <CoreInst = "m_axi">   --->   Core 123 'm_axi' <Latency = 9> <II = 1> <Delay = 1.76> <Adapter> <Opcode : 'read' 'write' 'readreq' 'writereq' 'writeresp'>

State 29 <SV = 28> <Delay = 7.30>
ST_29 : Operation 196 [49/74] (7.30ns)   --->   "%empty_74 = writeresp i1 @_ssdm_op_WriteResp.m_axi.p1i512, i512 %gmem_l_addr" [./flashattentionmemory.h:284]   --->   Operation 196 'writeresp' 'empty_74' <Predicate = true> <Delay = 7.30> <CoreInst = "m_axi">   --->   Core 123 'm_axi' <Latency = 9> <II = 1> <Delay = 1.76> <Adapter> <Opcode : 'read' 'write' 'readreq' 'writereq' 'writeresp'>

State 30 <SV = 29> <Delay = 7.30>
ST_30 : Operation 197 [48/74] (7.30ns)   --->   "%empty_74 = writeresp i1 @_ssdm_op_WriteResp.m_axi.p1i512, i512 %gmem_l_addr" [./flashattentionmemory.h:284]   --->   Operation 197 'writeresp' 'empty_74' <Predicate = true> <Delay = 7.30> <CoreInst = "m_axi">   --->   Core 123 'm_axi' <Latency = 9> <II = 1> <Delay = 1.76> <Adapter> <Opcode : 'read' 'write' 'readreq' 'writereq' 'writeresp'>

State 31 <SV = 30> <Delay = 7.30>
ST_31 : Operation 198 [47/74] (7.30ns)   --->   "%empty_74 = writeresp i1 @_ssdm_op_WriteResp.m_axi.p1i512, i512 %gmem_l_addr" [./flashattentionmemory.h:284]   --->   Operation 198 'writeresp' 'empty_74' <Predicate = true> <Delay = 7.30> <CoreInst = "m_axi">   --->   Core 123 'm_axi' <Latency = 9> <II = 1> <Delay = 1.76> <Adapter> <Opcode : 'read' 'write' 'readreq' 'writereq' 'writeresp'>

State 32 <SV = 31> <Delay = 7.30>
ST_32 : Operation 199 [46/74] (7.30ns)   --->   "%empty_74 = writeresp i1 @_ssdm_op_WriteResp.m_axi.p1i512, i512 %gmem_l_addr" [./flashattentionmemory.h:284]   --->   Operation 199 'writeresp' 'empty_74' <Predicate = true> <Delay = 7.30> <CoreInst = "m_axi">   --->   Core 123 'm_axi' <Latency = 9> <II = 1> <Delay = 1.76> <Adapter> <Opcode : 'read' 'write' 'readreq' 'writereq' 'writeresp'>

State 33 <SV = 32> <Delay = 7.30>
ST_33 : Operation 200 [45/74] (7.30ns)   --->   "%empty_74 = writeresp i1 @_ssdm_op_WriteResp.m_axi.p1i512, i512 %gmem_l_addr" [./flashattentionmemory.h:284]   --->   Operation 200 'writeresp' 'empty_74' <Predicate = true> <Delay = 7.30> <CoreInst = "m_axi">   --->   Core 123 'm_axi' <Latency = 9> <II = 1> <Delay = 1.76> <Adapter> <Opcode : 'read' 'write' 'readreq' 'writereq' 'writeresp'>

State 34 <SV = 33> <Delay = 7.30>
ST_34 : Operation 201 [44/74] (7.30ns)   --->   "%empty_74 = writeresp i1 @_ssdm_op_WriteResp.m_axi.p1i512, i512 %gmem_l_addr" [./flashattentionmemory.h:284]   --->   Operation 201 'writeresp' 'empty_74' <Predicate = true> <Delay = 7.30> <CoreInst = "m_axi">   --->   Core 123 'm_axi' <Latency = 9> <II = 1> <Delay = 1.76> <Adapter> <Opcode : 'read' 'write' 'readreq' 'writereq' 'writeresp'>

State 35 <SV = 34> <Delay = 7.30>
ST_35 : Operation 202 [43/74] (7.30ns)   --->   "%empty_74 = writeresp i1 @_ssdm_op_WriteResp.m_axi.p1i512, i512 %gmem_l_addr" [./flashattentionmemory.h:284]   --->   Operation 202 'writeresp' 'empty_74' <Predicate = true> <Delay = 7.30> <CoreInst = "m_axi">   --->   Core 123 'm_axi' <Latency = 9> <II = 1> <Delay = 1.76> <Adapter> <Opcode : 'read' 'write' 'readreq' 'writereq' 'writeresp'>

State 36 <SV = 35> <Delay = 7.30>
ST_36 : Operation 203 [42/74] (7.30ns)   --->   "%empty_74 = writeresp i1 @_ssdm_op_WriteResp.m_axi.p1i512, i512 %gmem_l_addr" [./flashattentionmemory.h:284]   --->   Operation 203 'writeresp' 'empty_74' <Predicate = true> <Delay = 7.30> <CoreInst = "m_axi">   --->   Core 123 'm_axi' <Latency = 9> <II = 1> <Delay = 1.76> <Adapter> <Opcode : 'read' 'write' 'readreq' 'writereq' 'writeresp'>

State 37 <SV = 36> <Delay = 7.30>
ST_37 : Operation 204 [41/74] (7.30ns)   --->   "%empty_74 = writeresp i1 @_ssdm_op_WriteResp.m_axi.p1i512, i512 %gmem_l_addr" [./flashattentionmemory.h:284]   --->   Operation 204 'writeresp' 'empty_74' <Predicate = true> <Delay = 7.30> <CoreInst = "m_axi">   --->   Core 123 'm_axi' <Latency = 9> <II = 1> <Delay = 1.76> <Adapter> <Opcode : 'read' 'write' 'readreq' 'writereq' 'writeresp'>

State 38 <SV = 37> <Delay = 7.30>
ST_38 : Operation 205 [40/74] (7.30ns)   --->   "%empty_74 = writeresp i1 @_ssdm_op_WriteResp.m_axi.p1i512, i512 %gmem_l_addr" [./flashattentionmemory.h:284]   --->   Operation 205 'writeresp' 'empty_74' <Predicate = true> <Delay = 7.30> <CoreInst = "m_axi">   --->   Core 123 'm_axi' <Latency = 9> <II = 1> <Delay = 1.76> <Adapter> <Opcode : 'read' 'write' 'readreq' 'writereq' 'writeresp'>

State 39 <SV = 38> <Delay = 7.30>
ST_39 : Operation 206 [39/74] (7.30ns)   --->   "%empty_74 = writeresp i1 @_ssdm_op_WriteResp.m_axi.p1i512, i512 %gmem_l_addr" [./flashattentionmemory.h:284]   --->   Operation 206 'writeresp' 'empty_74' <Predicate = true> <Delay = 7.30> <CoreInst = "m_axi">   --->   Core 123 'm_axi' <Latency = 9> <II = 1> <Delay = 1.76> <Adapter> <Opcode : 'read' 'write' 'readreq' 'writereq' 'writeresp'>

State 40 <SV = 39> <Delay = 7.30>
ST_40 : Operation 207 [38/74] (7.30ns)   --->   "%empty_74 = writeresp i1 @_ssdm_op_WriteResp.m_axi.p1i512, i512 %gmem_l_addr" [./flashattentionmemory.h:284]   --->   Operation 207 'writeresp' 'empty_74' <Predicate = true> <Delay = 7.30> <CoreInst = "m_axi">   --->   Core 123 'm_axi' <Latency = 9> <II = 1> <Delay = 1.76> <Adapter> <Opcode : 'read' 'write' 'readreq' 'writereq' 'writeresp'>

State 41 <SV = 40> <Delay = 7.30>
ST_41 : Operation 208 [37/74] (7.30ns)   --->   "%empty_74 = writeresp i1 @_ssdm_op_WriteResp.m_axi.p1i512, i512 %gmem_l_addr" [./flashattentionmemory.h:284]   --->   Operation 208 'writeresp' 'empty_74' <Predicate = true> <Delay = 7.30> <CoreInst = "m_axi">   --->   Core 123 'm_axi' <Latency = 9> <II = 1> <Delay = 1.76> <Adapter> <Opcode : 'read' 'write' 'readreq' 'writereq' 'writeresp'>

State 42 <SV = 41> <Delay = 7.30>
ST_42 : Operation 209 [36/74] (7.30ns)   --->   "%empty_74 = writeresp i1 @_ssdm_op_WriteResp.m_axi.p1i512, i512 %gmem_l_addr" [./flashattentionmemory.h:284]   --->   Operation 209 'writeresp' 'empty_74' <Predicate = true> <Delay = 7.30> <CoreInst = "m_axi">   --->   Core 123 'm_axi' <Latency = 9> <II = 1> <Delay = 1.76> <Adapter> <Opcode : 'read' 'write' 'readreq' 'writereq' 'writeresp'>

State 43 <SV = 42> <Delay = 7.30>
ST_43 : Operation 210 [35/74] (7.30ns)   --->   "%empty_74 = writeresp i1 @_ssdm_op_WriteResp.m_axi.p1i512, i512 %gmem_l_addr" [./flashattentionmemory.h:284]   --->   Operation 210 'writeresp' 'empty_74' <Predicate = true> <Delay = 7.30> <CoreInst = "m_axi">   --->   Core 123 'm_axi' <Latency = 9> <II = 1> <Delay = 1.76> <Adapter> <Opcode : 'read' 'write' 'readreq' 'writereq' 'writeresp'>

State 44 <SV = 43> <Delay = 7.30>
ST_44 : Operation 211 [34/74] (7.30ns)   --->   "%empty_74 = writeresp i1 @_ssdm_op_WriteResp.m_axi.p1i512, i512 %gmem_l_addr" [./flashattentionmemory.h:284]   --->   Operation 211 'writeresp' 'empty_74' <Predicate = true> <Delay = 7.30> <CoreInst = "m_axi">   --->   Core 123 'm_axi' <Latency = 9> <II = 1> <Delay = 1.76> <Adapter> <Opcode : 'read' 'write' 'readreq' 'writereq' 'writeresp'>

State 45 <SV = 44> <Delay = 7.30>
ST_45 : Operation 212 [33/74] (7.30ns)   --->   "%empty_74 = writeresp i1 @_ssdm_op_WriteResp.m_axi.p1i512, i512 %gmem_l_addr" [./flashattentionmemory.h:284]   --->   Operation 212 'writeresp' 'empty_74' <Predicate = true> <Delay = 7.30> <CoreInst = "m_axi">   --->   Core 123 'm_axi' <Latency = 9> <II = 1> <Delay = 1.76> <Adapter> <Opcode : 'read' 'write' 'readreq' 'writereq' 'writeresp'>

State 46 <SV = 45> <Delay = 7.30>
ST_46 : Operation 213 [32/74] (7.30ns)   --->   "%empty_74 = writeresp i1 @_ssdm_op_WriteResp.m_axi.p1i512, i512 %gmem_l_addr" [./flashattentionmemory.h:284]   --->   Operation 213 'writeresp' 'empty_74' <Predicate = true> <Delay = 7.30> <CoreInst = "m_axi">   --->   Core 123 'm_axi' <Latency = 9> <II = 1> <Delay = 1.76> <Adapter> <Opcode : 'read' 'write' 'readreq' 'writereq' 'writeresp'>

State 47 <SV = 46> <Delay = 7.30>
ST_47 : Operation 214 [31/74] (7.30ns)   --->   "%empty_74 = writeresp i1 @_ssdm_op_WriteResp.m_axi.p1i512, i512 %gmem_l_addr" [./flashattentionmemory.h:284]   --->   Operation 214 'writeresp' 'empty_74' <Predicate = true> <Delay = 7.30> <CoreInst = "m_axi">   --->   Core 123 'm_axi' <Latency = 9> <II = 1> <Delay = 1.76> <Adapter> <Opcode : 'read' 'write' 'readreq' 'writereq' 'writeresp'>

State 48 <SV = 47> <Delay = 7.30>
ST_48 : Operation 215 [30/74] (7.30ns)   --->   "%empty_74 = writeresp i1 @_ssdm_op_WriteResp.m_axi.p1i512, i512 %gmem_l_addr" [./flashattentionmemory.h:284]   --->   Operation 215 'writeresp' 'empty_74' <Predicate = true> <Delay = 7.30> <CoreInst = "m_axi">   --->   Core 123 'm_axi' <Latency = 9> <II = 1> <Delay = 1.76> <Adapter> <Opcode : 'read' 'write' 'readreq' 'writereq' 'writeresp'>

State 49 <SV = 48> <Delay = 7.30>
ST_49 : Operation 216 [29/74] (7.30ns)   --->   "%empty_74 = writeresp i1 @_ssdm_op_WriteResp.m_axi.p1i512, i512 %gmem_l_addr" [./flashattentionmemory.h:284]   --->   Operation 216 'writeresp' 'empty_74' <Predicate = true> <Delay = 7.30> <CoreInst = "m_axi">   --->   Core 123 'm_axi' <Latency = 9> <II = 1> <Delay = 1.76> <Adapter> <Opcode : 'read' 'write' 'readreq' 'writereq' 'writeresp'>

State 50 <SV = 49> <Delay = 7.30>
ST_50 : Operation 217 [28/74] (7.30ns)   --->   "%empty_74 = writeresp i1 @_ssdm_op_WriteResp.m_axi.p1i512, i512 %gmem_l_addr" [./flashattentionmemory.h:284]   --->   Operation 217 'writeresp' 'empty_74' <Predicate = true> <Delay = 7.30> <CoreInst = "m_axi">   --->   Core 123 'm_axi' <Latency = 9> <II = 1> <Delay = 1.76> <Adapter> <Opcode : 'read' 'write' 'readreq' 'writereq' 'writeresp'>

State 51 <SV = 50> <Delay = 7.30>
ST_51 : Operation 218 [27/74] (7.30ns)   --->   "%empty_74 = writeresp i1 @_ssdm_op_WriteResp.m_axi.p1i512, i512 %gmem_l_addr" [./flashattentionmemory.h:284]   --->   Operation 218 'writeresp' 'empty_74' <Predicate = true> <Delay = 7.30> <CoreInst = "m_axi">   --->   Core 123 'm_axi' <Latency = 9> <II = 1> <Delay = 1.76> <Adapter> <Opcode : 'read' 'write' 'readreq' 'writereq' 'writeresp'>

State 52 <SV = 51> <Delay = 7.30>
ST_52 : Operation 219 [26/74] (7.30ns)   --->   "%empty_74 = writeresp i1 @_ssdm_op_WriteResp.m_axi.p1i512, i512 %gmem_l_addr" [./flashattentionmemory.h:284]   --->   Operation 219 'writeresp' 'empty_74' <Predicate = true> <Delay = 7.30> <CoreInst = "m_axi">   --->   Core 123 'm_axi' <Latency = 9> <II = 1> <Delay = 1.76> <Adapter> <Opcode : 'read' 'write' 'readreq' 'writereq' 'writeresp'>

State 53 <SV = 52> <Delay = 7.30>
ST_53 : Operation 220 [25/74] (7.30ns)   --->   "%empty_74 = writeresp i1 @_ssdm_op_WriteResp.m_axi.p1i512, i512 %gmem_l_addr" [./flashattentionmemory.h:284]   --->   Operation 220 'writeresp' 'empty_74' <Predicate = true> <Delay = 7.30> <CoreInst = "m_axi">   --->   Core 123 'm_axi' <Latency = 9> <II = 1> <Delay = 1.76> <Adapter> <Opcode : 'read' 'write' 'readreq' 'writereq' 'writeresp'>

State 54 <SV = 53> <Delay = 7.30>
ST_54 : Operation 221 [24/74] (7.30ns)   --->   "%empty_74 = writeresp i1 @_ssdm_op_WriteResp.m_axi.p1i512, i512 %gmem_l_addr" [./flashattentionmemory.h:284]   --->   Operation 221 'writeresp' 'empty_74' <Predicate = true> <Delay = 7.30> <CoreInst = "m_axi">   --->   Core 123 'm_axi' <Latency = 9> <II = 1> <Delay = 1.76> <Adapter> <Opcode : 'read' 'write' 'readreq' 'writereq' 'writeresp'>

State 55 <SV = 54> <Delay = 7.30>
ST_55 : Operation 222 [23/74] (7.30ns)   --->   "%empty_74 = writeresp i1 @_ssdm_op_WriteResp.m_axi.p1i512, i512 %gmem_l_addr" [./flashattentionmemory.h:284]   --->   Operation 222 'writeresp' 'empty_74' <Predicate = true> <Delay = 7.30> <CoreInst = "m_axi">   --->   Core 123 'm_axi' <Latency = 9> <II = 1> <Delay = 1.76> <Adapter> <Opcode : 'read' 'write' 'readreq' 'writereq' 'writeresp'>

State 56 <SV = 55> <Delay = 7.30>
ST_56 : Operation 223 [22/74] (7.30ns)   --->   "%empty_74 = writeresp i1 @_ssdm_op_WriteResp.m_axi.p1i512, i512 %gmem_l_addr" [./flashattentionmemory.h:284]   --->   Operation 223 'writeresp' 'empty_74' <Predicate = true> <Delay = 7.30> <CoreInst = "m_axi">   --->   Core 123 'm_axi' <Latency = 9> <II = 1> <Delay = 1.76> <Adapter> <Opcode : 'read' 'write' 'readreq' 'writereq' 'writeresp'>

State 57 <SV = 56> <Delay = 7.30>
ST_57 : Operation 224 [21/74] (7.30ns)   --->   "%empty_74 = writeresp i1 @_ssdm_op_WriteResp.m_axi.p1i512, i512 %gmem_l_addr" [./flashattentionmemory.h:284]   --->   Operation 224 'writeresp' 'empty_74' <Predicate = true> <Delay = 7.30> <CoreInst = "m_axi">   --->   Core 123 'm_axi' <Latency = 9> <II = 1> <Delay = 1.76> <Adapter> <Opcode : 'read' 'write' 'readreq' 'writereq' 'writeresp'>

State 58 <SV = 57> <Delay = 7.30>
ST_58 : Operation 225 [20/74] (7.30ns)   --->   "%empty_74 = writeresp i1 @_ssdm_op_WriteResp.m_axi.p1i512, i512 %gmem_l_addr" [./flashattentionmemory.h:284]   --->   Operation 225 'writeresp' 'empty_74' <Predicate = true> <Delay = 7.30> <CoreInst = "m_axi">   --->   Core 123 'm_axi' <Latency = 9> <II = 1> <Delay = 1.76> <Adapter> <Opcode : 'read' 'write' 'readreq' 'writereq' 'writeresp'>

State 59 <SV = 58> <Delay = 7.30>
ST_59 : Operation 226 [19/74] (7.30ns)   --->   "%empty_74 = writeresp i1 @_ssdm_op_WriteResp.m_axi.p1i512, i512 %gmem_l_addr" [./flashattentionmemory.h:284]   --->   Operation 226 'writeresp' 'empty_74' <Predicate = true> <Delay = 7.30> <CoreInst = "m_axi">   --->   Core 123 'm_axi' <Latency = 9> <II = 1> <Delay = 1.76> <Adapter> <Opcode : 'read' 'write' 'readreq' 'writereq' 'writeresp'>

State 60 <SV = 59> <Delay = 7.30>
ST_60 : Operation 227 [18/74] (7.30ns)   --->   "%empty_74 = writeresp i1 @_ssdm_op_WriteResp.m_axi.p1i512, i512 %gmem_l_addr" [./flashattentionmemory.h:284]   --->   Operation 227 'writeresp' 'empty_74' <Predicate = true> <Delay = 7.30> <CoreInst = "m_axi">   --->   Core 123 'm_axi' <Latency = 9> <II = 1> <Delay = 1.76> <Adapter> <Opcode : 'read' 'write' 'readreq' 'writereq' 'writeresp'>

State 61 <SV = 60> <Delay = 7.30>
ST_61 : Operation 228 [17/74] (7.30ns)   --->   "%empty_74 = writeresp i1 @_ssdm_op_WriteResp.m_axi.p1i512, i512 %gmem_l_addr" [./flashattentionmemory.h:284]   --->   Operation 228 'writeresp' 'empty_74' <Predicate = true> <Delay = 7.30> <CoreInst = "m_axi">   --->   Core 123 'm_axi' <Latency = 9> <II = 1> <Delay = 1.76> <Adapter> <Opcode : 'read' 'write' 'readreq' 'writereq' 'writeresp'>

State 62 <SV = 61> <Delay = 7.30>
ST_62 : Operation 229 [16/74] (7.30ns)   --->   "%empty_74 = writeresp i1 @_ssdm_op_WriteResp.m_axi.p1i512, i512 %gmem_l_addr" [./flashattentionmemory.h:284]   --->   Operation 229 'writeresp' 'empty_74' <Predicate = true> <Delay = 7.30> <CoreInst = "m_axi">   --->   Core 123 'm_axi' <Latency = 9> <II = 1> <Delay = 1.76> <Adapter> <Opcode : 'read' 'write' 'readreq' 'writereq' 'writeresp'>

State 63 <SV = 62> <Delay = 7.30>
ST_63 : Operation 230 [15/74] (7.30ns)   --->   "%empty_74 = writeresp i1 @_ssdm_op_WriteResp.m_axi.p1i512, i512 %gmem_l_addr" [./flashattentionmemory.h:284]   --->   Operation 230 'writeresp' 'empty_74' <Predicate = true> <Delay = 7.30> <CoreInst = "m_axi">   --->   Core 123 'm_axi' <Latency = 9> <II = 1> <Delay = 1.76> <Adapter> <Opcode : 'read' 'write' 'readreq' 'writereq' 'writeresp'>

State 64 <SV = 63> <Delay = 7.30>
ST_64 : Operation 231 [14/74] (7.30ns)   --->   "%empty_74 = writeresp i1 @_ssdm_op_WriteResp.m_axi.p1i512, i512 %gmem_l_addr" [./flashattentionmemory.h:284]   --->   Operation 231 'writeresp' 'empty_74' <Predicate = true> <Delay = 7.30> <CoreInst = "m_axi">   --->   Core 123 'm_axi' <Latency = 9> <II = 1> <Delay = 1.76> <Adapter> <Opcode : 'read' 'write' 'readreq' 'writereq' 'writeresp'>

State 65 <SV = 64> <Delay = 7.30>
ST_65 : Operation 232 [13/74] (7.30ns)   --->   "%empty_74 = writeresp i1 @_ssdm_op_WriteResp.m_axi.p1i512, i512 %gmem_l_addr" [./flashattentionmemory.h:284]   --->   Operation 232 'writeresp' 'empty_74' <Predicate = true> <Delay = 7.30> <CoreInst = "m_axi">   --->   Core 123 'm_axi' <Latency = 9> <II = 1> <Delay = 1.76> <Adapter> <Opcode : 'read' 'write' 'readreq' 'writereq' 'writeresp'>

State 66 <SV = 65> <Delay = 7.30>
ST_66 : Operation 233 [12/74] (7.30ns)   --->   "%empty_74 = writeresp i1 @_ssdm_op_WriteResp.m_axi.p1i512, i512 %gmem_l_addr" [./flashattentionmemory.h:284]   --->   Operation 233 'writeresp' 'empty_74' <Predicate = true> <Delay = 7.30> <CoreInst = "m_axi">   --->   Core 123 'm_axi' <Latency = 9> <II = 1> <Delay = 1.76> <Adapter> <Opcode : 'read' 'write' 'readreq' 'writereq' 'writeresp'>

State 67 <SV = 66> <Delay = 7.30>
ST_67 : Operation 234 [11/74] (7.30ns)   --->   "%empty_74 = writeresp i1 @_ssdm_op_WriteResp.m_axi.p1i512, i512 %gmem_l_addr" [./flashattentionmemory.h:284]   --->   Operation 234 'writeresp' 'empty_74' <Predicate = true> <Delay = 7.30> <CoreInst = "m_axi">   --->   Core 123 'm_axi' <Latency = 9> <II = 1> <Delay = 1.76> <Adapter> <Opcode : 'read' 'write' 'readreq' 'writereq' 'writeresp'>

State 68 <SV = 67> <Delay = 7.30>
ST_68 : Operation 235 [10/74] (7.30ns)   --->   "%empty_74 = writeresp i1 @_ssdm_op_WriteResp.m_axi.p1i512, i512 %gmem_l_addr" [./flashattentionmemory.h:284]   --->   Operation 235 'writeresp' 'empty_74' <Predicate = true> <Delay = 7.30> <CoreInst = "m_axi">   --->   Core 123 'm_axi' <Latency = 9> <II = 1> <Delay = 1.76> <Adapter> <Opcode : 'read' 'write' 'readreq' 'writereq' 'writeresp'>

State 69 <SV = 68> <Delay = 7.30>
ST_69 : Operation 236 [9/74] (7.30ns)   --->   "%empty_74 = writeresp i1 @_ssdm_op_WriteResp.m_axi.p1i512, i512 %gmem_l_addr" [./flashattentionmemory.h:284]   --->   Operation 236 'writeresp' 'empty_74' <Predicate = true> <Delay = 7.30> <CoreInst = "m_axi">   --->   Core 123 'm_axi' <Latency = 9> <II = 1> <Delay = 1.76> <Adapter> <Opcode : 'read' 'write' 'readreq' 'writereq' 'writeresp'>

State 70 <SV = 69> <Delay = 7.30>
ST_70 : Operation 237 [8/74] (7.30ns)   --->   "%empty_74 = writeresp i1 @_ssdm_op_WriteResp.m_axi.p1i512, i512 %gmem_l_addr" [./flashattentionmemory.h:284]   --->   Operation 237 'writeresp' 'empty_74' <Predicate = true> <Delay = 7.30> <CoreInst = "m_axi">   --->   Core 123 'm_axi' <Latency = 9> <II = 1> <Delay = 1.76> <Adapter> <Opcode : 'read' 'write' 'readreq' 'writereq' 'writeresp'>

State 71 <SV = 70> <Delay = 7.30>
ST_71 : Operation 238 [7/74] (7.30ns)   --->   "%empty_74 = writeresp i1 @_ssdm_op_WriteResp.m_axi.p1i512, i512 %gmem_l_addr" [./flashattentionmemory.h:284]   --->   Operation 238 'writeresp' 'empty_74' <Predicate = true> <Delay = 7.30> <CoreInst = "m_axi">   --->   Core 123 'm_axi' <Latency = 9> <II = 1> <Delay = 1.76> <Adapter> <Opcode : 'read' 'write' 'readreq' 'writereq' 'writeresp'>

State 72 <SV = 71> <Delay = 7.30>
ST_72 : Operation 239 [6/74] (7.30ns)   --->   "%empty_74 = writeresp i1 @_ssdm_op_WriteResp.m_axi.p1i512, i512 %gmem_l_addr" [./flashattentionmemory.h:284]   --->   Operation 239 'writeresp' 'empty_74' <Predicate = true> <Delay = 7.30> <CoreInst = "m_axi">   --->   Core 123 'm_axi' <Latency = 9> <II = 1> <Delay = 1.76> <Adapter> <Opcode : 'read' 'write' 'readreq' 'writereq' 'writeresp'>

State 73 <SV = 72> <Delay = 7.30>
ST_73 : Operation 240 [5/74] (7.30ns)   --->   "%empty_74 = writeresp i1 @_ssdm_op_WriteResp.m_axi.p1i512, i512 %gmem_l_addr" [./flashattentionmemory.h:284]   --->   Operation 240 'writeresp' 'empty_74' <Predicate = true> <Delay = 7.30> <CoreInst = "m_axi">   --->   Core 123 'm_axi' <Latency = 9> <II = 1> <Delay = 1.76> <Adapter> <Opcode : 'read' 'write' 'readreq' 'writereq' 'writeresp'>

State 74 <SV = 73> <Delay = 7.30>
ST_74 : Operation 241 [4/74] (7.30ns)   --->   "%empty_74 = writeresp i1 @_ssdm_op_WriteResp.m_axi.p1i512, i512 %gmem_l_addr" [./flashattentionmemory.h:284]   --->   Operation 241 'writeresp' 'empty_74' <Predicate = true> <Delay = 7.30> <CoreInst = "m_axi">   --->   Core 123 'm_axi' <Latency = 9> <II = 1> <Delay = 1.76> <Adapter> <Opcode : 'read' 'write' 'readreq' 'writereq' 'writeresp'>

State 75 <SV = 74> <Delay = 7.30>
ST_75 : Operation 242 [3/74] (7.30ns)   --->   "%empty_74 = writeresp i1 @_ssdm_op_WriteResp.m_axi.p1i512, i512 %gmem_l_addr" [./flashattentionmemory.h:284]   --->   Operation 242 'writeresp' 'empty_74' <Predicate = true> <Delay = 7.30> <CoreInst = "m_axi">   --->   Core 123 'm_axi' <Latency = 9> <II = 1> <Delay = 1.76> <Adapter> <Opcode : 'read' 'write' 'readreq' 'writereq' 'writeresp'>

State 76 <SV = 75> <Delay = 7.30>
ST_76 : Operation 243 [2/74] (7.30ns)   --->   "%empty_74 = writeresp i1 @_ssdm_op_WriteResp.m_axi.p1i512, i512 %gmem_l_addr" [./flashattentionmemory.h:284]   --->   Operation 243 'writeresp' 'empty_74' <Predicate = true> <Delay = 7.30> <CoreInst = "m_axi">   --->   Core 123 'm_axi' <Latency = 9> <II = 1> <Delay = 1.76> <Adapter> <Opcode : 'read' 'write' 'readreq' 'writereq' 'writeresp'>

State 77 <SV = 76> <Delay = 1.03>
ST_77 : Operation 244 [1/1] (0.00ns)   --->   "%specinterface_ln0 = specinterface void @_ssdm_op_SpecInterface, i512 %gmem_l, void @empty_21, i32 0, i32 0, void @empty_27, i32 64, i32 4096, void @empty_33, void @empty_28, void @empty_27, i32 16, i32 4, i32 16, i32 16, void @empty_27, void @empty_27, i32 4294967295, i32 0, i32 0"   --->   Operation 244 'specinterface' 'specinterface_ln0' <Predicate = true> <Delay = 0.00>
ST_77 : Operation 245 [1/74] (1.03ns)   --->   "%empty_74 = writeresp i1 @_ssdm_op_WriteResp.m_axi.p1i512, i512 %gmem_l_addr" [./flashattentionmemory.h:284]   --->   Operation 245 'writeresp' 'empty_74' <Predicate = true> <Delay = 1.03> <CoreInst = "m_axi">   --->   Core 123 'm_axi' <Latency = 9> <II = 1> <Delay = 1.76> <Adapter> <Opcode : 'read' 'write' 'readreq' 'writereq' 'writeresp'>
ST_77 : Operation 246 [1/1] (0.00ns)   --->   "%ret_ln284 = ret" [./flashattentionmemory.h:284]   --->   Operation 246 'ret' 'ret_ln284' <Predicate = true> <Delay = 0.00>


============================================================
+ Verbose Summary: Timing violations
============================================================
Target clock period: 10.000ns, clock uncertainty: 2.700ns.

 <State 1>: 3.563ns
The critical path consists of the following:
	wire read operation ('num_elements_read') on port 'num_elements' [69]  (0.000 ns)
	'sub' operation 32 bit ('sub_ln268', ./flashattentionmemory.h:268) [139]  (0.850 ns)
	'sub' operation 29 bit ('sub_ln268_1', ./flashattentionmemory.h:268) [142]  (0.854 ns)
	'select' operation 29 bit ('total_beats', ./flashattentionmemory.h:268) [145]  (0.410 ns)
	'select' operation 29 bit ('empty', ./flashattentionmemory.h:272) [154]  (0.410 ns)
	'muxlogic' operation 1 bit ('muxLogicAXIMBurst_to_empty_73') [158]  (0.000 ns)
	bus request operation ('empty_73', ./flashattentionmemory.h:272) on port 'gmem_l' (./flashattentionmemory.h:272) [159]  (1.039 ns)

 <State 2>: 1.108ns
The critical path consists of the following:
	wire read operation ('stats_63_val_read') on port 'stats_63_val' [71]  (0.000 ns)
	'call' operation 0 bit ('call_ln268', ./flashattentionmemory.h:268) to 'store_stats_fp32_Pipeline_STORE_STATS' [160]  (1.108 ns)

 <State 3>: 1.392ns
The critical path consists of the following:
	'call' operation 0 bit ('call_ln268', ./flashattentionmemory.h:268) to 'store_stats_fp32_Pipeline_STORE_STATS' [160]  (1.392 ns)

 <State 4>: 1.039ns
The critical path consists of the following:
	'muxlogic' operation 1 bit ('muxLogicAXIMCE_to_empty_74') [161]  (0.000 ns)
	bus response operation ('empty_74', ./flashattentionmemory.h:284) on port 'gmem_l' (./flashattentionmemory.h:284) [162]  (1.039 ns)

 <State 5>: 7.300ns
The critical path consists of the following:
	bus response operation ('empty_74', ./flashattentionmemory.h:284) on port 'gmem_l' (./flashattentionmemory.h:284) [162]  (7.300 ns)

 <State 6>: 7.300ns
The critical path consists of the following:
	bus response operation ('empty_74', ./flashattentionmemory.h:284) on port 'gmem_l' (./flashattentionmemory.h:284) [162]  (7.300 ns)

 <State 7>: 7.300ns
The critical path consists of the following:
	bus response operation ('empty_74', ./flashattentionmemory.h:284) on port 'gmem_l' (./flashattentionmemory.h:284) [162]  (7.300 ns)

 <State 8>: 7.300ns
The critical path consists of the following:
	bus response operation ('empty_74', ./flashattentionmemory.h:284) on port 'gmem_l' (./flashattentionmemory.h:284) [162]  (7.300 ns)

 <State 9>: 7.300ns
The critical path consists of the following:
	bus response operation ('empty_74', ./flashattentionmemory.h:284) on port 'gmem_l' (./flashattentionmemory.h:284) [162]  (7.300 ns)

 <State 10>: 7.300ns
The critical path consists of the following:
	bus response operation ('empty_74', ./flashattentionmemory.h:284) on port 'gmem_l' (./flashattentionmemory.h:284) [162]  (7.300 ns)

 <State 11>: 7.300ns
The critical path consists of the following:
	bus response operation ('empty_74', ./flashattentionmemory.h:284) on port 'gmem_l' (./flashattentionmemory.h:284) [162]  (7.300 ns)

 <State 12>: 7.300ns
The critical path consists of the following:
	bus response operation ('empty_74', ./flashattentionmemory.h:284) on port 'gmem_l' (./flashattentionmemory.h:284) [162]  (7.300 ns)

 <State 13>: 7.300ns
The critical path consists of the following:
	bus response operation ('empty_74', ./flashattentionmemory.h:284) on port 'gmem_l' (./flashattentionmemory.h:284) [162]  (7.300 ns)

 <State 14>: 7.300ns
The critical path consists of the following:
	bus response operation ('empty_74', ./flashattentionmemory.h:284) on port 'gmem_l' (./flashattentionmemory.h:284) [162]  (7.300 ns)

 <State 15>: 7.300ns
The critical path consists of the following:
	bus response operation ('empty_74', ./flashattentionmemory.h:284) on port 'gmem_l' (./flashattentionmemory.h:284) [162]  (7.300 ns)

 <State 16>: 7.300ns
The critical path consists of the following:
	bus response operation ('empty_74', ./flashattentionmemory.h:284) on port 'gmem_l' (./flashattentionmemory.h:284) [162]  (7.300 ns)

 <State 17>: 7.300ns
The critical path consists of the following:
	bus response operation ('empty_74', ./flashattentionmemory.h:284) on port 'gmem_l' (./flashattentionmemory.h:284) [162]  (7.300 ns)

 <State 18>: 7.300ns
The critical path consists of the following:
	bus response operation ('empty_74', ./flashattentionmemory.h:284) on port 'gmem_l' (./flashattentionmemory.h:284) [162]  (7.300 ns)

 <State 19>: 7.300ns
The critical path consists of the following:
	bus response operation ('empty_74', ./flashattentionmemory.h:284) on port 'gmem_l' (./flashattentionmemory.h:284) [162]  (7.300 ns)

 <State 20>: 7.300ns
The critical path consists of the following:
	bus response operation ('empty_74', ./flashattentionmemory.h:284) on port 'gmem_l' (./flashattentionmemory.h:284) [162]  (7.300 ns)

 <State 21>: 7.300ns
The critical path consists of the following:
	bus response operation ('empty_74', ./flashattentionmemory.h:284) on port 'gmem_l' (./flashattentionmemory.h:284) [162]  (7.300 ns)

 <State 22>: 7.300ns
The critical path consists of the following:
	bus response operation ('empty_74', ./flashattentionmemory.h:284) on port 'gmem_l' (./flashattentionmemory.h:284) [162]  (7.300 ns)

 <State 23>: 7.300ns
The critical path consists of the following:
	bus response operation ('empty_74', ./flashattentionmemory.h:284) on port 'gmem_l' (./flashattentionmemory.h:284) [162]  (7.300 ns)

 <State 24>: 7.300ns
The critical path consists of the following:
	bus response operation ('empty_74', ./flashattentionmemory.h:284) on port 'gmem_l' (./flashattentionmemory.h:284) [162]  (7.300 ns)

 <State 25>: 7.300ns
The critical path consists of the following:
	bus response operation ('empty_74', ./flashattentionmemory.h:284) on port 'gmem_l' (./flashattentionmemory.h:284) [162]  (7.300 ns)

 <State 26>: 7.300ns
The critical path consists of the following:
	bus response operation ('empty_74', ./flashattentionmemory.h:284) on port 'gmem_l' (./flashattentionmemory.h:284) [162]  (7.300 ns)

 <State 27>: 7.300ns
The critical path consists of the following:
	bus response operation ('empty_74', ./flashattentionmemory.h:284) on port 'gmem_l' (./flashattentionmemory.h:284) [162]  (7.300 ns)

 <State 28>: 7.300ns
The critical path consists of the following:
	bus response operation ('empty_74', ./flashattentionmemory.h:284) on port 'gmem_l' (./flashattentionmemory.h:284) [162]  (7.300 ns)

 <State 29>: 7.300ns
The critical path consists of the following:
	bus response operation ('empty_74', ./flashattentionmemory.h:284) on port 'gmem_l' (./flashattentionmemory.h:284) [162]  (7.300 ns)

 <State 30>: 7.300ns
The critical path consists of the following:
	bus response operation ('empty_74', ./flashattentionmemory.h:284) on port 'gmem_l' (./flashattentionmemory.h:284) [162]  (7.300 ns)

 <State 31>: 7.300ns
The critical path consists of the following:
	bus response operation ('empty_74', ./flashattentionmemory.h:284) on port 'gmem_l' (./flashattentionmemory.h:284) [162]  (7.300 ns)

 <State 32>: 7.300ns
The critical path consists of the following:
	bus response operation ('empty_74', ./flashattentionmemory.h:284) on port 'gmem_l' (./flashattentionmemory.h:284) [162]  (7.300 ns)

 <State 33>: 7.300ns
The critical path consists of the following:
	bus response operation ('empty_74', ./flashattentionmemory.h:284) on port 'gmem_l' (./flashattentionmemory.h:284) [162]  (7.300 ns)

 <State 34>: 7.300ns
The critical path consists of the following:
	bus response operation ('empty_74', ./flashattentionmemory.h:284) on port 'gmem_l' (./flashattentionmemory.h:284) [162]  (7.300 ns)

 <State 35>: 7.300ns
The critical path consists of the following:
	bus response operation ('empty_74', ./flashattentionmemory.h:284) on port 'gmem_l' (./flashattentionmemory.h:284) [162]  (7.300 ns)

 <State 36>: 7.300ns
The critical path consists of the following:
	bus response operation ('empty_74', ./flashattentionmemory.h:284) on port 'gmem_l' (./flashattentionmemory.h:284) [162]  (7.300 ns)

 <State 37>: 7.300ns
The critical path consists of the following:
	bus response operation ('empty_74', ./flashattentionmemory.h:284) on port 'gmem_l' (./flashattentionmemory.h:284) [162]  (7.300 ns)

 <State 38>: 7.300ns
The critical path consists of the following:
	bus response operation ('empty_74', ./flashattentionmemory.h:284) on port 'gmem_l' (./flashattentionmemory.h:284) [162]  (7.300 ns)

 <State 39>: 7.300ns
The critical path consists of the following:
	bus response operation ('empty_74', ./flashattentionmemory.h:284) on port 'gmem_l' (./flashattentionmemory.h:284) [162]  (7.300 ns)

 <State 40>: 7.300ns
The critical path consists of the following:
	bus response operation ('empty_74', ./flashattentionmemory.h:284) on port 'gmem_l' (./flashattentionmemory.h:284) [162]  (7.300 ns)

 <State 41>: 7.300ns
The critical path consists of the following:
	bus response operation ('empty_74', ./flashattentionmemory.h:284) on port 'gmem_l' (./flashattentionmemory.h:284) [162]  (7.300 ns)

 <State 42>: 7.300ns
The critical path consists of the following:
	bus response operation ('empty_74', ./flashattentionmemory.h:284) on port 'gmem_l' (./flashattentionmemory.h:284) [162]  (7.300 ns)

 <State 43>: 7.300ns
The critical path consists of the following:
	bus response operation ('empty_74', ./flashattentionmemory.h:284) on port 'gmem_l' (./flashattentionmemory.h:284) [162]  (7.300 ns)

 <State 44>: 7.300ns
The critical path consists of the following:
	bus response operation ('empty_74', ./flashattentionmemory.h:284) on port 'gmem_l' (./flashattentionmemory.h:284) [162]  (7.300 ns)

 <State 45>: 7.300ns
The critical path consists of the following:
	bus response operation ('empty_74', ./flashattentionmemory.h:284) on port 'gmem_l' (./flashattentionmemory.h:284) [162]  (7.300 ns)

 <State 46>: 7.300ns
The critical path consists of the following:
	bus response operation ('empty_74', ./flashattentionmemory.h:284) on port 'gmem_l' (./flashattentionmemory.h:284) [162]  (7.300 ns)

 <State 47>: 7.300ns
The critical path consists of the following:
	bus response operation ('empty_74', ./flashattentionmemory.h:284) on port 'gmem_l' (./flashattentionmemory.h:284) [162]  (7.300 ns)

 <State 48>: 7.300ns
The critical path consists of the following:
	bus response operation ('empty_74', ./flashattentionmemory.h:284) on port 'gmem_l' (./flashattentionmemory.h:284) [162]  (7.300 ns)

 <State 49>: 7.300ns
The critical path consists of the following:
	bus response operation ('empty_74', ./flashattentionmemory.h:284) on port 'gmem_l' (./flashattentionmemory.h:284) [162]  (7.300 ns)

 <State 50>: 7.300ns
The critical path consists of the following:
	bus response operation ('empty_74', ./flashattentionmemory.h:284) on port 'gmem_l' (./flashattentionmemory.h:284) [162]  (7.300 ns)

 <State 51>: 7.300ns
The critical path consists of the following:
	bus response operation ('empty_74', ./flashattentionmemory.h:284) on port 'gmem_l' (./flashattentionmemory.h:284) [162]  (7.300 ns)

 <State 52>: 7.300ns
The critical path consists of the following:
	bus response operation ('empty_74', ./flashattentionmemory.h:284) on port 'gmem_l' (./flashattentionmemory.h:284) [162]  (7.300 ns)

 <State 53>: 7.300ns
The critical path consists of the following:
	bus response operation ('empty_74', ./flashattentionmemory.h:284) on port 'gmem_l' (./flashattentionmemory.h:284) [162]  (7.300 ns)

 <State 54>: 7.300ns
The critical path consists of the following:
	bus response operation ('empty_74', ./flashattentionmemory.h:284) on port 'gmem_l' (./flashattentionmemory.h:284) [162]  (7.300 ns)

 <State 55>: 7.300ns
The critical path consists of the following:
	bus response operation ('empty_74', ./flashattentionmemory.h:284) on port 'gmem_l' (./flashattentionmemory.h:284) [162]  (7.300 ns)

 <State 56>: 7.300ns
The critical path consists of the following:
	bus response operation ('empty_74', ./flashattentionmemory.h:284) on port 'gmem_l' (./flashattentionmemory.h:284) [162]  (7.300 ns)

 <State 57>: 7.300ns
The critical path consists of the following:
	bus response operation ('empty_74', ./flashattentionmemory.h:284) on port 'gmem_l' (./flashattentionmemory.h:284) [162]  (7.300 ns)

 <State 58>: 7.300ns
The critical path consists of the following:
	bus response operation ('empty_74', ./flashattentionmemory.h:284) on port 'gmem_l' (./flashattentionmemory.h:284) [162]  (7.300 ns)

 <State 59>: 7.300ns
The critical path consists of the following:
	bus response operation ('empty_74', ./flashattentionmemory.h:284) on port 'gmem_l' (./flashattentionmemory.h:284) [162]  (7.300 ns)

 <State 60>: 7.300ns
The critical path consists of the following:
	bus response operation ('empty_74', ./flashattentionmemory.h:284) on port 'gmem_l' (./flashattentionmemory.h:284) [162]  (7.300 ns)

 <State 61>: 7.300ns
The critical path consists of the following:
	bus response operation ('empty_74', ./flashattentionmemory.h:284) on port 'gmem_l' (./flashattentionmemory.h:284) [162]  (7.300 ns)

 <State 62>: 7.300ns
The critical path consists of the following:
	bus response operation ('empty_74', ./flashattentionmemory.h:284) on port 'gmem_l' (./flashattentionmemory.h:284) [162]  (7.300 ns)

 <State 63>: 7.300ns
The critical path consists of the following:
	bus response operation ('empty_74', ./flashattentionmemory.h:284) on port 'gmem_l' (./flashattentionmemory.h:284) [162]  (7.300 ns)

 <State 64>: 7.300ns
The critical path consists of the following:
	bus response operation ('empty_74', ./flashattentionmemory.h:284) on port 'gmem_l' (./flashattentionmemory.h:284) [162]  (7.300 ns)

 <State 65>: 7.300ns
The critical path consists of the following:
	bus response operation ('empty_74', ./flashattentionmemory.h:284) on port 'gmem_l' (./flashattentionmemory.h:284) [162]  (7.300 ns)

 <State 66>: 7.300ns
The critical path consists of the following:
	bus response operation ('empty_74', ./flashattentionmemory.h:284) on port 'gmem_l' (./flashattentionmemory.h:284) [162]  (7.300 ns)

 <State 67>: 7.300ns
The critical path consists of the following:
	bus response operation ('empty_74', ./flashattentionmemory.h:284) on port 'gmem_l' (./flashattentionmemory.h:284) [162]  (7.300 ns)

 <State 68>: 7.300ns
The critical path consists of the following:
	bus response operation ('empty_74', ./flashattentionmemory.h:284) on port 'gmem_l' (./flashattentionmemory.h:284) [162]  (7.300 ns)

 <State 69>: 7.300ns
The critical path consists of the following:
	bus response operation ('empty_74', ./flashattentionmemory.h:284) on port 'gmem_l' (./flashattentionmemory.h:284) [162]  (7.300 ns)

 <State 70>: 7.300ns
The critical path consists of the following:
	bus response operation ('empty_74', ./flashattentionmemory.h:284) on port 'gmem_l' (./flashattentionmemory.h:284) [162]  (7.300 ns)

 <State 71>: 7.300ns
The critical path consists of the following:
	bus response operation ('empty_74', ./flashattentionmemory.h:284) on port 'gmem_l' (./flashattentionmemory.h:284) [162]  (7.300 ns)

 <State 72>: 7.300ns
The critical path consists of the following:
	bus response operation ('empty_74', ./flashattentionmemory.h:284) on port 'gmem_l' (./flashattentionmemory.h:284) [162]  (7.300 ns)

 <State 73>: 7.300ns
The critical path consists of the following:
	bus response operation ('empty_74', ./flashattentionmemory.h:284) on port 'gmem_l' (./flashattentionmemory.h:284) [162]  (7.300 ns)

 <State 74>: 7.300ns
The critical path consists of the following:
	bus response operation ('empty_74', ./flashattentionmemory.h:284) on port 'gmem_l' (./flashattentionmemory.h:284) [162]  (7.300 ns)

 <State 75>: 7.300ns
The critical path consists of the following:
	bus response operation ('empty_74', ./flashattentionmemory.h:284) on port 'gmem_l' (./flashattentionmemory.h:284) [162]  (7.300 ns)

 <State 76>: 7.300ns
The critical path consists of the following:
	bus response operation ('empty_74', ./flashattentionmemory.h:284) on port 'gmem_l' (./flashattentionmemory.h:284) [162]  (7.300 ns)

 <State 77>: 1.031ns
The critical path consists of the following:
	bus response operation ('empty_74', ./flashattentionmemory.h:284) on port 'gmem_l' (./flashattentionmemory.h:284) [162]  (1.031 ns)


============================================================
+ Verbose Summary: Binding
============================================================
N/A
* FSMD analyzer results:
  - Output states:
 - Input state : 
  - Chain level:
	State 1
	State 2
	State 3
	State 4
	State 5
	State 6
	State 7
	State 8
	State 9
	State 10
	State 11
	State 12
	State 13
	State 14
	State 15
	State 16
	State 17
	State 18
	State 19
	State 20
	State 21
	State 22
	State 23
	State 24
	State 25
	State 26
	State 27
	State 28
	State 29
	State 30
	State 31
	State 32
	State 33
	State 34
	State 35
	State 36
	State 37
	State 38
	State 39
	State 40
	State 41
	State 42
	State 43
	State 44
	State 45
	State 46
	State 47
	State 48
	State 49
	State 50
	State 51
	State 52
	State 53
	State 54
	State 55
	State 56
	State 57
	State 58
	State 59
	State 60
	State 61
	State 62
	State 63
	State 64
	State 65
	State 66
	State 67
	State 68
	State 69
	State 70
	State 71
	State 72
	State 73
	State 74
	State 75
	State 76
	State 77


============================================================
+ Verbose Summary: Datapath Resource usage 
============================================================
N/A
